 engine

 Timestamp is 6109a470 (Tue Aug  3 23:17:52 2021)

 Preferred load address is 0000000180000000

 Start         Length     Name                   Class
 0001:00000000 00068de0H .text$mn                CODE
 0001:00068de0 00001040H .text$mn$00             CODE
 0001:00069e20 00001c65H .text$x                 CODE
 0002:00000000 00000110H .CRT$XCA                DATA
 0002:00000110 00000110H .CRT$XCZ                DATA
 0002:00000220 00000110H .CRT$XIA                DATA
 0002:00000330 00000130H .CRT$XIC                DATA
 0002:00000460 00000110H .CRT$XIZ                DATA
 0002:00000570 00000110H .CRT$XPA                DATA
 0002:00000680 00000120H .CRT$XPX                DATA
 0002:000007a0 00000110H .CRT$XPXA               DATA
 0002:000008b0 00000110H .CRT$XPZ                DATA
 0002:000009c0 00000110H .CRT$XTA                DATA
 0002:00000ad0 00000110H .CRT$XTZ                DATA
 0002:00000be0 0000d220H .rdata                  DATA
 0002:0000de00 00000110H .rdata$CastGuardVftablesA DATA
 0002:0000df10 00000110H .rdata$CastGuardVftablesC DATA
 0002:0000e020 0000060cH .rdata$r                DATA
 0002:0000e62c 0000014cH .rdata$zzzdbg           DATA
 0002:0000e778 00000110H .rtc$IAA                DATA
 0002:0000e888 00000110H .rtc$IZZ                DATA
 0002:0000e998 00000110H .rtc$TAA                DATA
 0002:0000eaa8 00000110H .rtc$TZZ                DATA
 0002:0000ebb8 000063f0H .xdata                  DATA
 0002:00014fa8 00000198H .xdata$x                DATA
 0002:00015140 00000185H .edata                  DATA
 0003:00000000 00000da0H .data                   DATA
 0003:00000da0 00000190H .data$r                 DATA
 0003:00000f30 00000230H .data$rs                DATA
 0003:00001160 00002049H .bss                    DATA
 0004:00000000 00004eb4H .pdata                  DATA
 0005:00000000 00000378H .idata$5                DATA
 0005:00000378 00000014H .idata$2                DATA
 0005:0000038c 00000014H .idata$3                DATA
 0005:000003a0 00000378H .idata$4                DATA
 0005:00000718 000007e0H .idata$6                DATA
 0006:00000000 00000151H .00cfg                  DATA
 0007:00000000 00000232H _RDATA                  DATA

  Address         Publics by Value              Rva+Base               Lib:Object

 0000:00000000       __arm64x_redirection_metadata 0000000000000000     <absolute>
 0000:00000000       __guard_eh_cont_count      0000000000000000     <absolute>
 0000:00000000       __arm64x_extra_rfe_table   0000000000000000     <absolute>
 0000:00000000       __arm64x_native_entrypoint 0000000000000000     <absolute>
 0000:00000000       __dynamic_value_reloc_table 0000000000000000     <absolute>
 0000:00000000       __guard_iat_count          0000000000000000     <absolute>
 0000:00000000       __arm64x_extra_rfe_table_size 0000000000000000     <absolute>
 0000:00000000       ___safe_se_handler_count   0000000000000000     <absolute>
 0000:00000000       __enclave_config           0000000000000000     <absolute>
 0000:00000000       ___safe_se_handler_table   0000000000000000     <absolute>
 0000:00000000       __hybrid_auxiliary_iat     0000000000000000     <absolute>
 0000:00000000       __guard_longjmp_count      0000000000000000     <absolute>
 0000:00000000       __AbsoluteZero             0000000000000000     <absolute>
 0000:00000000       __x64_code_ranges_to_entry_points 0000000000000000     <absolute>
 0000:00000000       __guard_check_icall_a64n_fptr 0000000000000000     <absolute>
 0000:00000000       __guard_eh_cont_table      0000000000000000     <absolute>
 0000:00000000       __guard_fids_table         0000000000000000     <absolute>
 0000:00000000       __arm64x_redirection_metadata_count 0000000000000000     <absolute>
 0000:00000000       __hybrid_code_map          0000000000000000     <absolute>
 0000:00000000       __hybrid_auxiliary_iat_copy 0000000000000000     <absolute>
 0000:00000000       __guard_iat_table          0000000000000000     <absolute>
 0000:00000000       __x64_code_ranges_to_entry_points_count 0000000000000000     <absolute>
 0000:00000000       __volatile_metadata        0000000000000000     <absolute>
 0000:00000000       __hybrid_code_map_count    0000000000000000     <absolute>
 0000:00000000       __guard_longjmp_table      0000000000000000     <absolute>
 0000:00000000       __guard_fids_count         0000000000000000     <absolute>
 0000:00000100       __guard_flags              0000000000000100     <absolute>
 0000:00000000       __ImageBase                0000000180000000     <linker-defined>
 0001:00005e10       ?GameUpdateAndRenderStub@@YAXPEAUgame_memory@@PEAUgame_input@@PEAUgame_offscreen_buffer@@@Z 0000000180006e10 f   engine.obj
 0001:00005e30       ?GameGetSoundSamplesStub@@YAXPEAUgame_memory@@PEAUgame_sound_output_buffer@@@Z 0000000180006e30 f   engine.obj
 0001:00006070       GameUpdateAndRender        0000000180007070 f   engine.obj
 0001:000062d0       GameGetSoundSamples        00000001800072d0 f   engine.obj
 0001:00006450       ?GetController@@YAPEAUgame_controller_input@@PEAUgame_input@@I@Z 0000000180007450 f i engine.obj
 0001:000068ac       _CRT_INIT                  00000001800078ac f   LIBCMT:dll_dllmain.obj
 0001:000068b4       _DllMainCRTStartup         00000001800078b4 f   LIBCMT:dll_dllmain.obj
 0001:00006988       __security_init_cookie     0000000180007988 f   LIBCMT:gs_support.obj
 0001:00006a60       DllMain                    0000000180007a60 f   LIBCMT:dll_dllmain_stub.obj
 0001:00006a68       ?__scrt_initialize_type_info@@YAXXZ 0000000180007a68 f   LIBCMT:tncleanup.obj
 0001:00006a7c       ?__scrt_uninitialize_type_info@@YAXXZ 0000000180007a7c f   LIBCMT:tncleanup.obj
 0001:00006a8c       __local_stdio_printf_options 0000000180007a8c f i LIBCMT:default_local_stdio_options.obj
 0001:00006a98       __local_stdio_scanf_options 0000000180007a98 f i LIBCMT:default_local_stdio_options.obj
 0001:00006aa4       __scrt_initialize_default_local_stdio_options 0000000180007aa4 f   LIBCMT:default_local_stdio_options.obj
 0001:00006ac8       ?configure_argv@__scrt_narrow_argv_policy@@SAHXZ 0000000180007ac8 f i LIBCMT:utility.obj
 0001:00006b40       ?initialize_environment@__scrt_narrow_environment_policy@@SAHXZ 0000000180007b40 f i LIBCMT:utility.obj
 0001:00006b84       NtCurrentTeb               0000000180007b84 f i LIBCMT:utility.obj
 0001:00006b90       __scrt_acquire_startup_lock 0000000180007b90 f   LIBCMT:utility.obj
 0001:00006bd8       __scrt_dllmain_after_initialize_c 0000000180007bd8 f   LIBCMT:utility.obj
 0001:00006c1c       __scrt_dllmain_before_initialize_c 0000000180007c1c f   LIBCMT:utility.obj
 0001:00006c38       __scrt_dllmain_crt_thread_attach 0000000180007c38 f   LIBCMT:utility.obj
 0001:00006c6c       __scrt_dllmain_crt_thread_detach 0000000180007c6c f   LIBCMT:utility.obj
 0001:00006c88       __scrt_dllmain_exception_filter 0000000180007c88 f   LIBCMT:utility.obj
 0001:00006d00       __scrt_dllmain_uninitialize_c 0000000180007d00 f   LIBCMT:utility.obj
 0001:00006d3c       __scrt_dllmain_uninitialize_critical 0000000180007d3c f   LIBCMT:utility.obj
 0001:00006d58       __scrt_initialize_crt      0000000180007d58 f   LIBCMT:utility.obj
 0001:00006db4       __scrt_initialize_onexit_tables 0000000180007db4 f   LIBCMT:utility.obj
 0001:00006e64       __scrt_is_nonwritable_in_current_image 0000000180007e64 f   LIBCMT:utility.obj
 0001:00006f24       __scrt_release_startup_lock 0000000180007f24 f   LIBCMT:utility.obj
 0001:00006f54       __scrt_uninitialize_crt    0000000180007f54 f   LIBCMT:utility.obj
 0001:00006f88       _onexit                    0000000180007f88 f   LIBCMT:utility.obj
 0001:00006fd0       at_quick_exit              0000000180007fd0 f   LIBCMT:utility.obj
 0001:00006ff4       atexit                     0000000180007ff4 f   LIBCMT:utility.obj
 0001:00007010       __scrt_get_dyn_tls_init_callback 0000000180008010 f   LIBCMT:dyn_tls_init.obj
 0001:0000701c       __crt_debugger_hook        000000018000801c f   LIBCMT:utility_desktop.obj
 0001:00007028       __scrt_fastfail            0000000180008028 f   LIBCMT:utility_desktop.obj
 0001:000071c8       __scrt_get_show_window_mode 00000001800081c8 f   LIBCMT:utility_desktop.obj
 0001:00007210       __scrt_initialize_mta      0000000180008210 f   LIBCMT:utility_desktop.obj
 0001:00007218       __scrt_initialize_winrt    0000000180008218 f   LIBCMT:utility_desktop.obj
 0001:0000721c       __scrt_is_managed_app      000000018000821c f   LIBCMT:utility_desktop.obj
 0001:00007284       __scrt_set_unhandled_exception_filter 0000000180008284 f   LIBCMT:utility_desktop.obj
 0001:00007298       __scrt_exe_initialize_mta  0000000180008298 f   LIBCMT:utility_desktop.obj
 0001:00007298       __scrt_stub_for_initialize_mta 0000000180008298 f   LIBCMT:utility_desktop.obj
 0001:0000729c       __scrt_unhandled_exception_filter 000000018000829c f   LIBCMT:utility_desktop.obj
 0001:00007310       _RTC_Initialize            0000000180008310 f   LIBCMT:initsect.obj
 0001:0000735c       _RTC_Terminate             000000018000835c f   LIBCMT:initsect.obj
 0001:000073a8       _guard_check_icall_nop     00000001800083a8 f i LIBCMT:guard_support.obj
 0001:000073ac       ReadNoFence64              00000001800083ac f i LIBCMT:guard_support.obj
 0001:000073b0       ReadPointerNoFence         00000001800083b0 f i LIBCMT:guard_support.obj
 0001:000073b4       __castguard_check_failure_debugbreak 00000001800083b4 f i LIBCMT:guard_support.obj
 0001:000073d8       __castguard_check_failure_fastfail 00000001800083d8 f i LIBCMT:guard_support.obj
 0001:00007404       __castguard_check_failure_nop 0000000180008404 f i LIBCMT:guard_support.obj
 0001:00007408       __castguard_check_failure_os_handled 0000000180008408 f i LIBCMT:guard_support.obj
 0001:0000747c       __castguard_slow_path_check_debugbreak 000000018000847c f i LIBCMT:guard_support.obj
 0001:000074c0       __castguard_slow_path_check_fastfail 00000001800084c0 f i LIBCMT:guard_support.obj
 0001:00007508       __castguard_slow_path_check_nop 0000000180008508 f i LIBCMT:guard_support.obj
 0001:0000750c       __castguard_slow_path_check_os_handled 000000018000850c f i LIBCMT:guard_support.obj
 0001:00007598       _guard_icall_checks_enforced 0000000180008598 f i LIBCMT:guard_support.obj
 0001:000075b4       _guard_rf_checks_enforced  00000001800085b4 f i LIBCMT:guard_support.obj
 0001:000075b8       __isa_available_init       00000001800085b8 f   LIBCMT:cpu_disp.obj
 0001:000077c4       _get_startup_argv_mode     00000001800087c4 f   LIBCMT:argv_mode.obj
 0001:000077cc       __scrt_is_ucrt_dll_in_use  00000001800087cc f   LIBCMT:ucrt_detection.obj
 0001:000077e0       QueryPerformanceCounter    00000001800087e0 f   kernel32:KERNEL32.dll
 0001:000077e6       GetCurrentProcessId        00000001800087e6 f   kernel32:KERNEL32.dll
 0001:000077ec       GetCurrentThreadId         00000001800087ec f   kernel32:KERNEL32.dll
 0001:000077f2       GetSystemTimeAsFileTime    00000001800087f2 f   kernel32:KERNEL32.dll
 0001:000077f8       InitializeSListHead        00000001800087f8 f   kernel32:KERNEL32.dll
 0001:000077fe       RtlCaptureContext          00000001800087fe f   kernel32:KERNEL32.dll
 0001:00007804       RtlLookupFunctionEntry     0000000180008804 f   kernel32:KERNEL32.dll
 0001:0000780a       RtlVirtualUnwind           000000018000880a f   kernel32:KERNEL32.dll
 0001:00007810       IsDebuggerPresent          0000000180008810 f   kernel32:KERNEL32.dll
 0001:00007816       UnhandledExceptionFilter   0000000180008816 f   kernel32:KERNEL32.dll
 0001:0000781c       SetUnhandledExceptionFilter 000000018000881c f   kernel32:KERNEL32.dll
 0001:00007822       GetStartupInfoW            0000000180008822 f   kernel32:KERNEL32.dll
 0001:00007828       IsProcessorFeaturePresent  0000000180008828 f   kernel32:KERNEL32.dll
 0001:0000782e       GetModuleHandleW           000000018000882e f   kernel32:KERNEL32.dll
 0001:00007834       __C_specific_handler       0000000180008834 f   libvcruntime:riscchandler.obj
 0001:00007ad4       ??$?RD@__crt_internal_free_policy@@QEBAXQEBD@Z 0000000180008ad4 f i libvcruntime:std_type_info.obj
 0001:00007ae0       ??$?RX@__crt_internal_free_policy@@QEBAXQEBX@Z 0000000180008ae0 f i libvcruntime:std_type_info.obj
 0001:00007aec       ??$__crt_interlocked_compare_exchange_pointer@$$CBDPEAD$$T@@YAPEBDPEDSEBDQEAD$$T@Z 0000000180008aec f i libvcruntime:std_type_info.obj
 0001:00007af8       ??$__crt_interlocked_read_pointer@$$CBD@@YAPEBDPEDSEBD@Z 0000000180008af8 f i libvcruntime:std_type_info.obj
 0001:00007b00       ??0?$__crt_unique_heap_ptr@DU__crt_internal_free_policy@@@@QEAA@QEAD@Z 0000000180008b00 f i libvcruntime:std_type_info.obj
 0001:00007b08       ??0?$__crt_unique_heap_ptr@XU__crt_internal_free_policy@@@@QEAA@QEAX@Z 0000000180008b08 f i libvcruntime:std_type_info.obj
 0001:00007b10       ??1?$__crt_unique_heap_ptr@DU__crt_internal_free_policy@@@@QEAA@XZ 0000000180008b10 f i libvcruntime:std_type_info.obj
 0001:00007b34       ??1?$__crt_unique_heap_ptr@XU__crt_internal_free_policy@@@@QEAA@XZ 0000000180008b34 f i libvcruntime:std_type_info.obj
 0001:00007b58       ??B?$__crt_unique_heap_ptr@DU__crt_internal_free_policy@@@@QEBA_NXZ 0000000180008b58 f i libvcruntime:std_type_info.obj
 0001:00007b64       ??B?$__crt_unique_heap_ptr@XU__crt_internal_free_policy@@@@QEBA_NXZ 0000000180008b64 f i libvcruntime:std_type_info.obj
 0001:00007ba0       ?__crt_interlocked_read_64@@YA_JPED_J@Z 0000000180008ba0 f i libvcruntime:std_type_info.obj
 0001:00007ba8       ?detach@?$__crt_unique_heap_ptr@XU__crt_internal_free_policy@@@@QEAAPEAXXZ 0000000180008ba8 f i libvcruntime:std_type_info.obj
 0001:00007bb4       ?get@?$__crt_unique_heap_ptr@DU__crt_internal_free_policy@@@@QEBAPEADXZ 0000000180008bb4 f i libvcruntime:std_type_info.obj
 0001:00007bb8       ?get@?$__crt_unique_heap_ptr@XU__crt_internal_free_policy@@@@QEBAPEAXXZ 0000000180008bb8 f i libvcruntime:std_type_info.obj
 0001:00007bbc       ?is_valid@?$__crt_unique_heap_ptr@DU__crt_internal_free_policy@@@@QEBA_NXZ 0000000180008bbc f i libvcruntime:std_type_info.obj
 0001:00007bc8       ?is_valid@?$__crt_unique_heap_ptr@XU__crt_internal_free_policy@@@@QEBA_NXZ 0000000180008bc8 f i libvcruntime:std_type_info.obj
 0001:00007bd4       ?release@?$__crt_unique_heap_ptr@DU__crt_internal_free_policy@@@@QEAAXXZ 0000000180008bd4 f i libvcruntime:std_type_info.obj
 0001:00007bf8       ?release@?$__crt_unique_heap_ptr@XU__crt_internal_free_policy@@@@QEAAXXZ 0000000180008bf8 f i libvcruntime:std_type_info.obj
 0001:00007c1c       __std_type_info_compare    0000000180008c1c f   libvcruntime:std_type_info.obj
 0001:00007c4c       __std_type_info_destroy_list 0000000180008c4c f   libvcruntime:std_type_info.obj
 0001:00007c80       __std_type_info_hash       0000000180008c80 f   libvcruntime:std_type_info.obj
 0001:00007cc8       __std_type_info_name       0000000180008cc8 f   libvcruntime:std_type_info.obj
 0001:00007e28       __vcrt_initialize          0000000180008e28 f   libvcruntime:initialization.obj
 0001:00007e5c       __vcrt_thread_attach       0000000180008e5c f   libvcruntime:initialization.obj
 0001:00007e78       __vcrt_thread_detach       0000000180008e78 f   libvcruntime:initialization.obj
 0001:00007e90       __vcrt_uninitialize        0000000180008e90 f   libvcruntime:initialization.obj
 0001:00007eb0       __vcrt_uninitialize_critical 0000000180008eb0 f   libvcruntime:initialization.obj
 0001:00007ec8       __DestructExceptionObject  0000000180008ec8 f   libvcruntime:ehhelpers.obj
 0001:00007f50       ?_CallMemberFunction0@@YAXQEAX0@Z 0000000180008f50 f i libvcruntime:ehhelpers.obj
 0001:00007fc4       ?raw_name@type_info@@QEBAPEBDXZ 0000000180008fc4 f i libvcruntime:ehhelpers.obj
 0001:00007fcc       _IsExceptionObjectToBeDestroyed 0000000180008fcc f   libvcruntime:ehhelpers.obj
 0001:00008008       _SetWinRTOutOfMemoryExceptionCallback 0000000180009008 f   libvcruntime:ehhelpers.obj
 0001:00008014       __AdjustPointer            0000000180009014 f   libvcruntime:ehhelpers.obj
 0001:00008040       __FrameUnwindFilter        0000000180009040 f   libvcruntime:ehhelpers.obj
 0001:000080c0       __GetPlatformExceptionInfo 00000001800090c0 f   libvcruntime:ehhelpers.obj
 0001:00008134       __current_exception        0000000180009134 f   libvcruntime:ehhelpers.obj
 0001:0000814c       __current_exception_context 000000018000914c f   libvcruntime:ehhelpers.obj
 0001:00008164       __processing_throw         0000000180009164 f   libvcruntime:ehhelpers.obj
 0001:0000817c       __std_terminate            000000018000917c f   libvcruntime:ehhelpers.obj
 0001:00008188       _is_exception_typeof       0000000180009188 f   libvcruntime:ehhelpers.obj
 0001:00008270       memset_repmovs             0000000180009270 f   libvcruntime:memset.obj
 0001:00008290       memset                     0000000180009290 f   libvcruntime:memset.obj
 0001:000084a0       _NLG_Notify                00000001800094a0 f   libvcruntime:notify.obj
 0001:000084c0       __NLG_Dispatch2            00000001800094c0 f   libvcruntime:notify.obj
 0001:000084d0       __NLG_Return2              00000001800094d0 f   libvcruntime:notify.obj
 0001:000084ec       __except_validate_context_record 00000001800094ec f   libvcruntime:jbcxrval.obj
 0001:00008530       __except_validate_jump_buffer 0000000180009530 f   libvcruntime:jbcxrval.obj
 0001:00008580       __except_validate_jump_buffer_common 0000000180009580 f i libvcruntime:jbcxrval.obj
 0001:000085f4       ??$?0$00@DName@@QEAA@PEBDU?$StringLifeSelector@$00@@@Z 00000001800095f4 f i libvcruntime:undname.obj
 0001:00008644       ??$?0$00@pcharNode@@QEAA@PEBDHU?$StringLifeSelector@$00@@@Z 0000000180009644 f i libvcruntime:undname.obj
 0001:00008660       ??$?0$01@DName@@QEAA@PEBDU?$StringLifeSelector@$01@@@Z 0000000180009660 f i libvcruntime:undname.obj
 0001:000086b0       ??$?0$01@pcharNode@@QEAA@PEBDHU?$StringLifeSelector@$01@@@Z 00000001800096b0 f i libvcruntime:undname.obj
 0001:00008740       ??$?0$0A@@DName@@QEAA@PEBDU?$StringLifeSelector@$0A@@@@Z 0000000180009740 f i libvcruntime:undname.obj
 0001:00008790       ??$?0$0A@@pcharNode@@QEAA@PEBDHU?$StringLifeSelector@$0A@@@@Z 0000000180009790 f i libvcruntime:undname.obj
 0001:00008820       ??$?0_K$0A@@?$optional@_K@std@@QEAA@$$QEA_K@Z 0000000180009820 f i libvcruntime:undname.obj
 0001:00008834       ??$?0_K@?$_Optional_construct_base@_K@std@@QEAA@Uin_place_t@1@$$QEA_K@Z 0000000180009834 f i libvcruntime:undname.obj
 0001:00008848       ??$?0_K@?$_Optional_destruct_base@_K$00@std@@QEAA@Uin_place_t@1@$$QEA_K@Z 0000000180009848 f i libvcruntime:undname.obj
 0001:0000885c       ??$append@VDNameNode@@@DName@@AEAAXPEBVDNameNode@@@Z 000000018000985c f i libvcruntime:undname.obj
 0001:000088d8       ??$append@VDNameStatusNode@@@DName@@AEAAXPEBVDNameStatusNode@@@Z 00000001800098d8 f i libvcruntime:undname.obj
 0001:00008954       ??$append@VcharNode@@@DName@@AEAAXPEBVcharNode@@@Z 0000000180009954 f i libvcruntime:undname.obj
 0001:000089d0       ??$append@VpDNameNode@@@DName@@AEAAXPEBVpDNameNode@@@Z 00000001800099d0 f i libvcruntime:undname.obj
 0001:00008a4c       ??$append@VpcharNode@@@DName@@AEAAXPEBVpcharNode@@@Z 0000000180009a4c f i libvcruntime:undname.obj
 0001:00008ac8       ??$doPchar@$00@DName@@AEAAXPEBDH@Z 0000000180009ac8 f i libvcruntime:undname.obj
 0001:00008b94       ??$doPchar@$01@DName@@AEAAXPEBDH@Z 0000000180009b94 f i libvcruntime:undname.obj
 0001:00008c50       ??$doPchar@$0A@@DName@@AEAAXPEBDH@Z 0000000180009c50 f i libvcruntime:undname.obj
 0001:00008d0c       ??$forward@_K@std@@YA$$QEA_KAEA_K@Z 0000000180009d0c f i libvcruntime:undname.obj
 0001:00008d10       ??$size@D$04@std@@YA_KAEAY04$$CBD@Z 0000000180009d10 f i libvcruntime:undname.obj
 0001:00008d18       ??$size@D$0EB@@std@@YA_KAEAY0EB@$$CBD@Z 0000000180009d18 f i libvcruntime:undname.obj
 0001:00008d20       ??0?$_Optional_construct_base@_K@std@@QEAA@XZ 0000000180009d20 f i libvcruntime:undname.obj
 0001:00008d2c       ??0?$_Optional_destruct_base@_K$00@std@@QEAA@XZ 0000000180009d2c f i libvcruntime:undname.obj
 0001:00008d38       ??0?$optional@_K@std@@QEAA@XZ 0000000180009d38 f i libvcruntime:undname.obj
 0001:00008d44       ??0Block@_HeapManager@@QEAA@XZ 0000000180009d44 f i libvcruntime:undname.obj
 0001:00008d50       ??0DName@@QEAA@AEAPEBDD@Z  0000000180009d50 f   libvcruntime:undname.obj
 0001:00008e2c       ??0DName@@QEAA@AEBUStringLiteral@@@Z 0000000180009e2c f   libvcruntime:undname.obj
 0001:00008e64       ??0DName@@QEAA@AEBV0@@Z    0000000180009e64 f i libvcruntime:undname.obj
 0001:00008e78       ??0DName@@QEAA@D@Z         0000000180009e78 f   libvcruntime:undname.obj
 0001:00008ea0       ??0DName@@QEAA@PEAV0@@Z    0000000180009ea0 f   libvcruntime:undname.obj
 0001:00008f44       ??0DName@@QEAA@W4DNameStatus@@@Z 0000000180009f44 f   libvcruntime:undname.obj
 0001:00008f7c       ??0DName@@QEAA@XZ          0000000180009f7c f i libvcruntime:undname.obj
 0001:00008f8c       ??0DName@@QEAA@_J@Z        0000000180009f8c f   libvcruntime:undname.obj
 0001:0000905c       ??0DName@@QEAA@_K@Z        000000018000a05c f   libvcruntime:undname.obj
 0001:00009108       ??0DNameNode@@IEAA@XZ      000000018000a108 f i libvcruntime:undname.obj
 0001:0000911c       ??0Replicator@@QEAA@XZ     000000018000a11c f i libvcruntime:undname.obj
 0001:00009130       ??0UnDecorator@@QEAA@PEBDP6APEADJ@ZK@Z 000000018000a130 f i libvcruntime:undname.obj
 0001:00009194       ??0_Nontrivial_dummy_type@std@@QEAA@XZ 000000018000a194 f i libvcruntime:undname.obj
 0001:00009198       ??0charNode@@QEAA@D@Z      000000018000a198 f i libvcruntime:undname.obj
 0001:000091b0       ??0pDNameNode@@QEAA@PEAVDName@@@Z 000000018000a1b0 f   libvcruntime:undname.obj
 0001:000091e0       ??0pairNode@@QEAA@PEBVDNameNode@@0@Z 000000018000a1e0 f i libvcruntime:undname.obj
 0001:00009208       ??2@YAPEAX_KAEAV_HeapManager@@H@Z 000000018000a208 f   libvcruntime:undname.obj
 0001:0000923c       ??4DName@@QEAAAEAV0@AEBUStringLiteral@@@Z 000000018000a23c f   libvcruntime:undname.obj
 0001:0000926c       ??4DName@@QEAAAEAV0@AEBV0@@Z 000000018000a26c f   libvcruntime:undname.obj
 0001:00009280       ??4DName@@QEAAAEAV0@D@Z    000000018000a280 f i libvcruntime:undname.obj
 0001:000092a8       ??4DName@@QEAAAEAV0@PEAV0@@Z 000000018000a2a8 f   libvcruntime:undname.obj
 0001:0000933c       ??4DName@@QEAAAEAV0@W4DNameStatus@@@Z 000000018000a33c f   libvcruntime:undname.obj
 0001:00009364       ??AReplicator@@QEBA?AVDName@@H@Z 000000018000a364 f   libvcruntime:undname.obj
 0001:000093b4       ??B?$optional@_K@std@@QEBA_NXZ 000000018000a3b4 f i libvcruntime:undname.obj
 0001:000093b8       ??D?$optional@_K@std@@QEGAAAEA_KXZ 000000018000a3b8 f i libvcruntime:undname.obj
 0001:000093bc       ??H@YA?AVDName@@AEBUStringLiteral@@AEBV0@@Z 000000018000a3bc f i libvcruntime:undname.obj
 0001:00009400       ??H@YA?AVDName@@DAEBV0@@Z  000000018000a400 f i libvcruntime:undname.obj
 0001:00009454       ??H@YA?AVDName@@W4DNameStatus@@AEBV0@@Z 000000018000a454 f i libvcruntime:undname.obj
 0001:000094b0       ??HDName@@QEBA?AV0@AEBUStringLiteral@@@Z 000000018000a4b0 f   libvcruntime:undname.obj
 0001:000094e4       ??HDName@@QEBA?AV0@AEBV0@@Z 000000018000a4e4 f   libvcruntime:undname.obj
 0001:00009518       ??HDName@@QEBA?AV0@D@Z     000000018000a518 f   libvcruntime:undname.obj
 0001:0000954c       ??HDName@@QEBA?AV0@PEAV0@@Z 000000018000a54c f   libvcruntime:undname.obj
 0001:00009580       ??HDName@@QEBA?AV0@W4DNameStatus@@@Z 000000018000a580 f   libvcruntime:undname.obj
 0001:000095b4       ??HStringLiteral@@QEBA?AU0@H@Z 000000018000a5b4 f i libvcruntime:undname.obj
 0001:000095d0       ??YDName@@QEAAAEAV0@AEBUStringLiteral@@@Z 000000018000a5d0 f   libvcruntime:undname.obj
 0001:00009670       ??YDName@@QEAAAEAV0@AEBV0@@Z 000000018000a670 f   libvcruntime:undname.obj
 0001:00009750       ??YDName@@QEAAAEAV0@D@Z    000000018000a750 f   libvcruntime:undname.obj
 0001:000097d8       ??YDName@@QEAAAEAV0@PEAV0@@Z 000000018000a7d8 f   libvcruntime:undname.obj
 0001:00009890       ??YDName@@QEAAAEAV0@W4DNameStatus@@@Z 000000018000a890 f   libvcruntime:undname.obj
 0001:00009918       ??YReplicator@@QEAAAEAV0@AEBVDName@@@Z 000000018000a918 f   libvcruntime:undname.obj
 0001:00009988       ??_5DName@@QEAAAEAV0@AEBV0@@Z 000000018000a988 f   libvcruntime:undname.obj
 0001:000099a4       ??__K_l@@YA?AUStringLiteral@@PEBD_K@Z 000000018000a9a4 f i libvcruntime:undname.obj
 0001:000099b4       ?Constructor@_HeapManager@@QEAAXP6APEAX_K@ZP6AXPEAX@Z@Z 000000018000a9b4 f i libvcruntime:undname.obj
 0001:000099d0       ?Destructor@_HeapManager@@QEAAXXZ 000000018000a9d0 f i libvcruntime:undname.obj
 0001:00009a38       ?UScore@UnDecorator@@SA?AUStringLiteral@@W4Tokens@@@Z 000000018000aa38 f   libvcruntime:undname.obj
 0001:00009a98       ?composeDeclaration@UnDecorator@@CA?AVDName@@AEBV2@@Z 000000018000aa98 f i libvcruntime:undname.obj
 0001:0000ace8       ?doAccessSpecifiers@UnDecorator@@SAHXZ 000000018000bce8 f i libvcruntime:undname.obj
 0001:0000acfc       ?doAllocationLanguage@UnDecorator@@SAHXZ 000000018000bcfc f i libvcruntime:undname.obj
 0001:0000ad10       ?doAllocationModel@UnDecorator@@SAHXZ 000000018000bd10 f i libvcruntime:undname.obj
 0001:0000ad24       ?doEcsu@UnDecorator@@SAHXZ 000000018000bd24 f i libvcruntime:undname.obj
 0001:0000ad38       ?doEllipsis@UnDecorator@@SAHXZ 000000018000bd38 f i libvcruntime:undname.obj
 0001:0000ad4c       ?doFunctionReturns@UnDecorator@@SAHXZ 000000018000bd4c f i libvcruntime:undname.obj
 0001:0000ad60       ?doMSKeywords@UnDecorator@@SAHXZ 000000018000bd60 f i libvcruntime:undname.obj
 0001:0000ad74       ?doMemberTypes@UnDecorator@@SAHXZ 000000018000bd74 f i libvcruntime:undname.obj
 0001:0000ad88       ?doNameOnly@UnDecorator@@SAHXZ 000000018000bd88 f i libvcruntime:undname.obj
 0001:0000ad98       ?doNoIdentCharCheck@UnDecorator@@SAHXZ 000000018000bd98 f i libvcruntime:undname.obj
 0001:0000ada8       ?doPchar@DName@@AEAAXD@Z   000000018000bda8 f   libvcruntime:undname.obj
 0001:0000ae0c       ?doPtr64@UnDecorator@@SAHXZ 000000018000be0c f i libvcruntime:undname.obj
 0001:0000ae20       ?doRestrictionSpec@UnDecorator@@SAHXZ 000000018000be20 f i libvcruntime:undname.obj
 0001:0000ae34       ?doThisTypes@UnDecorator@@SAHXZ 000000018000be34 f i libvcruntime:undname.obj
 0001:0000ae4c       ?doThrowTypes@UnDecorator@@SAHXZ 000000018000be4c f i libvcruntime:undname.obj
 0001:0000ae60       ?doTypeOnly@UnDecorator@@SAHXZ 000000018000be60 f i libvcruntime:undname.obj
 0001:0000ae70       ?doUnderScore@UnDecorator@@SAHXZ 000000018000be70 f i libvcruntime:undname.obj
 0001:0000ae80       ?getAddressOf@UnDecorator@@CA?AVDName@@XZ 000000018000be80 f   libvcruntime:undname.obj
 0001:0000af34       ?getArgumentList@UnDecorator@@CA?AVDName@@XZ 000000018000bf34 f   libvcruntime:undname.obj
 0001:0000b12c       ?getArgumentTypes@UnDecorator@@CA?AVDName@@XZ 000000018000c12c f   libvcruntime:undname.obj
 0001:0000b2e0       ?getArrayAccess@UnDecorator@@CA?AVDName@@XZ 000000018000c2e0 f   libvcruntime:undname.obj
 0001:0000b3a0       ?getArrayObject@UnDecorator@@CA?AVDName@@XZ 000000018000c3a0 f   libvcruntime:undname.obj
 0001:0000b498       ?getArrayType@UnDecorator@@CA?AVDName@@AEBV2@@Z 000000018000c498 f i libvcruntime:undname.obj
 0001:0000b770       ?getBasedType@UnDecorator@@CA?AVDName@@XZ 000000018000c770 f   libvcruntime:undname.obj
 0001:0000b8a4       ?getBasicDataType@UnDecorator@@CA?AVDName@@AEBV2@@Z 000000018000c8a4 f   libvcruntime:undname.obj
 0001:0000bfbc       ?getCHPEName@UnDecorator@@QEAAPEADPEADH@Z 000000018000cfbc f i libvcruntime:undname.obj
 0001:0000c120       ?getCallIndex@UnDecorator@@CA?AVDName@@XZ 000000018000d120 f i libvcruntime:undname.obj
 0001:0000c140       ?getCallingConvention@UnDecorator@@CA?AVDName@@XZ 000000018000d140 f   libvcruntime:undname.obj
 0001:0000c2d0       ?getDataIndirectType@UnDecorator@@CA?AVDName@@AEBV2@W4IndirectionKind@@0H@Z 000000018000d2d0 f   libvcruntime:undname.obj
 0001:0000cd8c       ?getDataIndirectType@UnDecorator@@CA?AVDName@@XZ 000000018000dd8c f i libvcruntime:undname.obj
 0001:0000cdd4       ?getDataType@UnDecorator@@CA?AVDName@@PEAV2@@Z 000000018000ddd4 f   libvcruntime:undname.obj
 0001:0000cf2c       ?getDecoratedName@UnDecorator@@CA?AVDName@@XZ 000000018000df2c f   libvcruntime:undname.obj
 0001:0000d2cc       ?getDimension@UnDecorator@@CA?AVDName@@_N@Z 000000018000e2cc f   libvcruntime:undname.obj
 0001:0000d468       ?getDispatchTarget@UnDecorator@@CA?AVDName@@XZ 000000018000e468 f   libvcruntime:undname.obj
 0001:0000d4c8       ?getDisplacement@UnDecorator@@CA?AVDName@@XZ 000000018000e4c8 f i libvcruntime:undname.obj
 0001:0000d4e8       ?getECSUDataType@UnDecorator@@CA?AVDName@@XZ 000000018000e4e8 f   libvcruntime:undname.obj
 0001:0000d740       ?getECSUName@UnDecorator@@CA?AVDName@@XZ 000000018000e740 f i libvcruntime:undname.obj
 0001:0000d75c       ?getEnumType@UnDecorator@@CA?AVDName@@XZ 000000018000e75c f i libvcruntime:undname.obj
 0001:0000d8d8       ?getExtendedDataIndirectType@UnDecorator@@CA?AVDName@@AEAW4IndirectionKind@@AEA_NH@Z 000000018000e8d8 f   libvcruntime:undname.obj
 0001:0000db60       ?getExternalDataType@UnDecorator@@CA?AVDName@@AEBV2@@Z 000000018000eb60 f i libvcruntime:undname.obj
 0001:0000dc50       ?getFloatingPoint@UnDecorator@@CA?AVDName@@H@Z 000000018000ec50 f   libvcruntime:undname.obj
 0001:0000ddc0       ?getFunctionIndirectType@UnDecorator@@CA?AVDName@@AEBV2@@Z 000000018000edc0 f   libvcruntime:undname.obj
 0001:0000e444       ?getGuardNumber@UnDecorator@@CA?AVDName@@XZ 000000018000f444 f i libvcruntime:undname.obj
 0001:0000e464       ?getLastChar@DName@@QEBADXZ 000000018000f464 f i libvcruntime:undname.obj
 0001:0000e484       ?getLastChar@DNameStatusNode@@UEBADXZ 000000018000f484 f i libvcruntime:undname.obj
 0001:0000e494       ?getLastChar@charNode@@UEBADXZ 000000018000f494 f i libvcruntime:undname.obj
 0001:0000e498       ?getLastChar@pDNameNode@@UEBADXZ 000000018000f498 f i libvcruntime:undname.obj
 0001:0000e4cc       ?getLastChar@pairNode@@UEBADXZ 000000018000f4cc f i libvcruntime:undname.obj
 0001:0000e510       ?getLastChar@pcharNode@@UEBADXZ 000000018000f510 f i libvcruntime:undname.obj
 0001:0000e52c       ?getLexicalFrame@UnDecorator@@CA?AVDName@@XZ 000000018000f52c f i libvcruntime:undname.obj
 0001:0000e5a8       ?getMemberAccess@UnDecorator@@CA?AVDName@@XZ 000000018000f5a8 f   libvcruntime:undname.obj
 0001:0000e660       ?getMemoryWithBuffer@_HeapManager@@QEAAPEAX_K@Z 000000018000f660 f   libvcruntime:undname.obj
 0001:0000e714       ?getMemoryWithoutBuffer@_HeapManager@@QEAAPEAX_K@Z 000000018000f714 f   libvcruntime:undname.obj
 0001:0000e72c       ?getNoexcept@UnDecorator@@CA?AVDName@@XZ 000000018000f72c f   libvcruntime:undname.obj
 0001:0000e7a8       ?getNumberOfDimensions@UnDecorator@@CAHXZ 000000018000f7a8 f   libvcruntime:undname.obj
 0001:0000e838       ?getOperatorName@UnDecorator@@CA?AVDName@@_NPEA_N@Z 000000018000f838 f i libvcruntime:undname.obj
 0001:0000f4a8       ?getPointerToMember@UnDecorator@@CA?AVDName@@XZ 00000001800104a8 f   libvcruntime:undname.obj
 0001:0000f5dc       ?getPointerType@UnDecorator@@CA?AVDName@@AEBV2@0@Z 00000001800105dc f i libvcruntime:undname.obj
 0001:0000f600       ?getPointerTypeArray@UnDecorator@@CA?AVDName@@AEBV2@0@Z 0000000180010600 f i libvcruntime:undname.obj
 0001:0000f620       ?getPrimaryDataType@UnDecorator@@CA?AVDName@@AEBV2@@Z 0000000180010620 f   libvcruntime:undname.obj
 0001:0000f980       ?getPtrRefDataType@UnDecorator@@CA?AVDName@@AEBV2@H@Z 0000000180010980 f   libvcruntime:undname.obj
 0001:0000fbc0       ?getPtrRefType@UnDecorator@@CA?AVDName@@AEBV2@0W4IndirectionKind@@@Z 0000000180010bc0 f   libvcruntime:undname.obj
 0001:0000fe0c       ?getReferenceType@UnDecorator@@CA?AVDName@@AEBV2@0W4IndirectionKind@@@Z 0000000180010e0c f i libvcruntime:undname.obj
 0001:0000fe28       ?getRestrictionSpec@UnDecorator@@CA?AVDName@@XZ 0000000180010e28 f   libvcruntime:undname.obj
 0001:00010064       ?getReturnType@UnDecorator@@CA?AVDName@@PEAV2@@Z 0000000180011064 f   libvcruntime:undname.obj
 0001:000100a8       ?getScope@UnDecorator@@CA?AVDName@@XZ 00000001800110a8 f   libvcruntime:undname.obj
 0001:00010688       ?getScopedName@UnDecorator@@CA?AVDName@@XZ 0000000180011688 f   libvcruntime:undname.obj
 0001:00010810       ?getSignedDimension@UnDecorator@@CA?AVDName@@XZ 0000000180011810 f   libvcruntime:undname.obj
 0001:000108b8       ?getStorageConvention@UnDecorator@@CA?AVDName@@XZ 00000001800118b8 f i libvcruntime:undname.obj
 0001:00010900       ?getString@DName@@QEBAPEADPEAD0@Z 0000000180011900 f i libvcruntime:undname.obj
 0001:00010920       ?getString@DName@@QEBAPEADPEADH@Z 0000000180011920 f i libvcruntime:undname.obj
 0001:000109d8       ?getString@DNameStatusNode@@UEBAPEADPEAD0@Z 00000001800119d8 f i libvcruntime:undname.obj
 0001:00010a30       ?getString@charNode@@UEBAPEADPEAD0@Z 0000000180011a30 f i libvcruntime:undname.obj
 0001:00010a48       ?getString@pDNameNode@@UEBAPEADPEAD0@Z 0000000180011a48 f i libvcruntime:undname.obj
 0001:00010a80       ?getString@pairNode@@UEBAPEADPEAD0@Z 0000000180011a80 f i libvcruntime:undname.obj
 0001:00010ae0       ?getString@pcharNode@@UEBAPEADPEAD0@Z 0000000180011ae0 f i libvcruntime:undname.obj
 0001:00010b24       ?getStringEncoding@UnDecorator@@CA?AVDName@@W4PrefixKind@@H@Z 0000000180011b24 f   libvcruntime:undname.obj
 0001:00010c40       ?getStringHelper@@YAPEADPEADPEBD1H@Z 0000000180011c40 f i libvcruntime:undname.obj
 0001:00010c78       ?getStringObject@UnDecorator@@CA?AVDName@@XZ 0000000180011c78 f   libvcruntime:undname.obj
 0001:00010cfc       ?getSymbolName@UnDecorator@@CA?AVDName@@XZ 0000000180011cfc f i libvcruntime:undname.obj
 0001:00010d5c       ?getTemplateArgumentList@UnDecorator@@CA?AVDName@@XZ 0000000180011d5c f   libvcruntime:undname.obj
 0001:0001106c       ?getTemplateName@UnDecorator@@CA?AVDName@@_N@Z 000000018001206c f   libvcruntime:undname.obj
 0001:000113a4       ?getTemplateNonTypeArgument@UnDecorator@@CA?AVDName@@XZ 00000001800123a4 f   libvcruntime:undname.obj
 0001:00011a24       ?getTemplateTypeArgument@UnDecorator@@CA?AVDName@@XZ 0000000180012a24 f   libvcruntime:undname.obj
 0001:00011be4       ?getThisType@UnDecorator@@CA?AVDName@@XZ 0000000180012be4 f i libvcruntime:undname.obj
 0001:00011c34       ?getThrowTypes@UnDecorator@@CA?AVDName@@XZ 0000000180012c34 f   libvcruntime:undname.obj
 0001:00011c60       ?getTypeEncoding@UnDecorator@@CAHXZ 0000000180012c60 f i libvcruntime:undname.obj
 0001:000120d4       ?getUndecoratedName@UnDecorator@@QEAAPEADPEADH@Z 00000001800130d4 f i libvcruntime:undname.obj
 0001:0001227c       ?getUnionObject@UnDecorator@@CA?AVDName@@XZ 000000018001327c f   libvcruntime:undname.obj
 0001:00012388       ?getVCallThunkType@UnDecorator@@CA?AVDName@@XZ 0000000180013388 f i libvcruntime:undname.obj
 0001:0001241c       ?getValue@UnDecorator@@CA?AV?$optional@_K@std@@XZ 000000018001341c f   libvcruntime:undname.obj
 0001:000124ac       ?getValueObject@UnDecorator@@CA?AVDName@@XZ 00000001800134ac f   libvcruntime:undname.obj
 0001:00012658       ?getVbTableType@UnDecorator@@CA?AVDName@@AEBV2@@Z 0000000180013658 f i libvcruntime:undname.obj
 0001:00012674       ?getVdispMapType@UnDecorator@@CA?AVDName@@AEBV2@@Z 0000000180013674 f i libvcruntime:undname.obj
 0001:00012710       ?getVfTableType@UnDecorator@@CA?AVDName@@AEBV2@@Z 0000000180013710 f i libvcruntime:undname.obj
 0001:00012998       ?getZName@UnDecorator@@CA?AVDName@@_N0@Z 0000000180013998 f   libvcruntime:undname.obj
 0001:00012d38       ?haveTemplateParameters@UnDecorator@@SAHXZ 0000000180013d38 f i libvcruntime:undname.obj
 0001:00012d48       ?isArray@DName@@QEBAHXZ    0000000180013d48 f i libvcruntime:undname.obj
 0001:00012d54       ?isComArray@DName@@QEBAHXZ 0000000180013d54 f i libvcruntime:undname.obj
 0001:00012d60       ?isEmpty@DName@@QEBAHXZ    0000000180013d60 f i libvcruntime:undname.obj
 0001:00012d6c       ?isFull@Replicator@@QEBAHXZ 0000000180013d6c f i libvcruntime:undname.obj
 0001:00012d78       ?isNoTE@DName@@QEBAHXZ     0000000180013d78 f i libvcruntime:undname.obj
 0001:00012d84       ?isPinPtr@DName@@QEBAHXZ   0000000180013d84 f i libvcruntime:undname.obj
 0001:00012d90       ?isPtrRef@DName@@QEBAHXZ   0000000180013d90 f i libvcruntime:undname.obj
 0001:00012d9c       ?isUDC@DName@@QEBAHXZ      0000000180013d9c f i libvcruntime:undname.obj
 0001:00012db8       ?isUDTThunk@DName@@QEBAHXZ 0000000180013db8 f i libvcruntime:undname.obj
 0001:00012dd4       ?isVCallThunk@DName@@QEBAHXZ 0000000180013dd4 f i libvcruntime:undname.obj
 0001:00012de0       ?isValid@DName@@QEBAHXZ    0000000180013de0 f i libvcruntime:undname.obj
 0001:00012dec       ?length@DName@@QEBAHXZ     0000000180013dec f i libvcruntime:undname.obj
 0001:00012e0c       ?length@DNameStatusNode@@UEBAHXZ 0000000180013e0c f i libvcruntime:undname.obj
 0001:00012e10       ?length@charNode@@UEBAHXZ  0000000180013e10 f i libvcruntime:undname.obj
 0001:00012e18       ?length@pDNameNode@@UEBAHXZ 0000000180013e18 f i libvcruntime:undname.obj
 0001:00012e4c       ?length@pairNode@@UEBAHXZ  0000000180013e4c f i libvcruntime:undname.obj
 0001:00012ea4       ?length@pcharNode@@UEBAHXZ 0000000180013ea4 f i libvcruntime:undname.obj
 0001:00012ea8       ?make@DNameStatusNode@@SAPEBV1@W4DNameStatus@@@Z 0000000180013ea8 f i libvcruntime:undname.obj
 0001:00012ed0       ?parseDecoratedName@UnDecorator@@CA?AVDName@@XZ 0000000180013ed0 f   libvcruntime:undname.obj
 0001:00013028       ?raw_length@DNameStatusNode@@UEBAHXZ 0000000180014028 f i libvcruntime:undname.obj
 0001:0001302c       ?raw_length@charNode@@UEBAHXZ 000000018001402c f i libvcruntime:undname.obj
 0001:00013034       ?raw_length@pDNameNode@@UEBAHXZ 0000000180014034 f i libvcruntime:undname.obj
 0001:00013038       ?raw_length@pairNode@@UEBAHXZ 0000000180014038 f i libvcruntime:undname.obj
 0001:0001303c       ?raw_length@pcharNode@@UEBAHXZ 000000018001403c f i libvcruntime:undname.obj
 0001:00013040       ?setIsArray@DName@@QEAAXXZ 0000000180014040 f i libvcruntime:undname.obj
 0001:00013048       ?setIsComArray@DName@@QEAAXXZ 0000000180014048 f i libvcruntime:undname.obj
 0001:00013050       ?setIsNoTE@DName@@QEAAXXZ  0000000180014050 f i libvcruntime:undname.obj
 0001:00013058       ?setIsPinPtr@DName@@QEAAXXZ 0000000180014058 f i libvcruntime:undname.obj
 0001:00013060       ?setIsUDC@DName@@QEAAXXZ   0000000180014060 f i libvcruntime:undname.obj
 0001:00013070       ?setIsVCallThunk@DName@@QEAAXXZ 0000000180014070 f i libvcruntime:undname.obj
 0001:00013078       ?setPtrRef@DName@@QEAAAEAV1@XZ 0000000180014078 f i libvcruntime:undname.obj
 0001:00013084       ?status@DName@@QEBA?AW4DNameStatus@@XZ 0000000180014084 f i libvcruntime:undname.obj
 0001:000130fc       __unDName                  00000001800140fc f   libvcruntime:undname.obj
 0001:0001312c       __unDNameEx                000000018001412c f   libvcruntime:undname.obj
 0001:000132ac       _vsprintf_s_l              00000001800142ac f i libvcruntime:undname.obj
 0001:00013328       sprintf_s                  0000000180014328 f i libvcruntime:undname.obj
 0001:00013390       unDNameGenerateCHPE        0000000180014390 f   libvcruntime:undname.obj
 0001:000134d8       ??$?RU__vcrt_ptd@@@__crt_internal_free_policy@@QEBAXQEBU__vcrt_ptd@@@Z 00000001800144d8 f i libvcruntime:per_thread_data.obj
 0001:000134e4       ??0?$__crt_unique_heap_ptr@U__vcrt_ptd@@U__crt_internal_free_policy@@@@QEAA@QEAU__vcrt_ptd@@@Z 00000001800144e4 f i libvcruntime:per_thread_data.obj
 0001:0001350c       ??1?$__crt_unique_heap_ptr@U__vcrt_ptd@@U__crt_internal_free_policy@@@@QEAA@XZ 000000018001450c f i libvcruntime:per_thread_data.obj
 0001:0001353c       ??B?$__crt_unique_heap_ptr@U__vcrt_ptd@@U__crt_internal_free_policy@@@@QEBA_NXZ 000000018001453c f i libvcruntime:per_thread_data.obj
 0001:00013548       ?detach@?$__crt_unique_heap_ptr@U__vcrt_ptd@@U__crt_internal_free_policy@@@@QEAAPEAU__vcrt_ptd@@XZ 0000000180014548 f i libvcruntime:per_thread_data.obj
 0001:00013554       ?get@?$__crt_unique_heap_ptr@U__vcrt_ptd@@U__crt_internal_free_policy@@@@QEBAPEAU__vcrt_ptd@@XZ 0000000180014554 f i libvcruntime:per_thread_data.obj
 0001:00013558       ?is_valid@?$__crt_unique_heap_ptr@U__vcrt_ptd@@U__crt_internal_free_policy@@@@QEBA_NXZ 0000000180014558 f i libvcruntime:per_thread_data.obj
 0001:00013564       ?release@?$__crt_unique_heap_ptr@U__vcrt_ptd@@U__crt_internal_free_policy@@@@QEAAXXZ 0000000180014564 f i libvcruntime:per_thread_data.obj
 0001:000135bc       __vcrt_freefls             00000001800145bc f   libvcruntime:per_thread_data.obj
 0001:000135e4       __vcrt_freeptd             00000001800145e4 f   libvcruntime:per_thread_data.obj
 0001:00013644       __vcrt_getptd              0000000180014644 f   libvcruntime:per_thread_data.obj
 0001:00013664       __vcrt_getptd_noexit       0000000180014664 f   libvcruntime:per_thread_data.obj
 0001:00013754       __vcrt_getptd_noinit       0000000180014754 f   libvcruntime:per_thread_data.obj
 0001:000137b4       __vcrt_initialize_ptd      00000001800147b4 f   libvcruntime:per_thread_data.obj
 0001:0001380c       __vcrt_uninitialize_ptd    000000018001480c f   libvcruntime:per_thread_data.obj
 0001:00013838       __vcrt_initialize_locks    0000000180014838 f   libvcruntime:locks.obj
 0001:00013878       __vcrt_lock                0000000180014878 f   libvcruntime:locks.obj
 0001:00013898       __vcrt_uninitialize_locks  0000000180014898 f   libvcruntime:locks.obj
 0001:000138dc       __vcrt_unlock              00000001800148dc f   libvcruntime:locks.obj
 0001:000138fc       ??$__crt_interlocked_exchange_pointer@$$A6AXXZP6AXXZ@@YAP6AXXZPEDS6AXXZQ6AXXZ@Z 00000001800148fc f i libvcruntime:purevirt.obj
 0001:00013904       ??$__crt_interlocked_read_pointer@$$A6AXXZ@@YAP6AXXZPEDS6AXXZ@Z 0000000180014904 f i libvcruntime:purevirt.obj
 0001:0001390c       _get_purecall_handler      000000018001490c f   libvcruntime:purevirt.obj
 0001:00013918       _purecall                  0000000180014918 f   libvcruntime:purevirt.obj
 0001:00013938       _set_purecall_handler      0000000180014938 f   libvcruntime:purevirt.obj
 0001:00013948       ??$?0AEAViterator@TryBlockMap4@FH4@@AEAV012@$0A@@?$pair@Viterator@TryBlockMap4@FH4@@V123@@std@@QEAA@AEAViterator@TryBlockMap4@FH4@@0@Z 0000000180014948 f i libvcruntime:risctrnsctrl.obj
 0001:00013964       ??$?0AEAViterator@TryBlockMap@__FrameHandler3@@AEAV012@$0A@@?$pair@Viterator@TryBlockMap@__FrameHandler3@@V123@@std@@QEAA@AEAViterator@TryBlockMap@__FrameHandler3@@0@Z 0000000180014964 f i libvcruntime:risctrnsctrl.obj
 0001:00013b0c       ??$_CallSETranslator@V__FrameHandler3@@@@YAHPEAUEHExceptionRecord@@PEA_KPEAU_CONTEXT@@PEAU_xDISPATCHER_CONTEXT@@PEBU_s_FuncInfo@@K1H@Z 0000000180014b0c f i libvcruntime:risctrnsctrl.obj
 0001:00013b74       ??$_CallSETranslator@V__FrameHandler4@@@@YAHPEAUEHExceptionRecord@@PEA_KPEAU_CONTEXT@@PEAU_xDISPATCHER_CONTEXT@@PEAUFuncInfo4@FH4@@K1H@Z 0000000180014b74 f i libvcruntime:risctrnsctrl.obj
 0001:00013bdc       ??$forward@AEAViterator@TryBlockMap4@FH4@@@std@@YAAEAViterator@TryBlockMap4@FH4@@AEAV123@@Z 0000000180014bdc f i libvcruntime:risctrnsctrl.obj
 0001:00013be0       ??$forward@AEAViterator@TryBlockMap@__FrameHandler3@@@std@@YAAEAViterator@TryBlockMap@__FrameHandler3@@AEAV123@@Z 0000000180014be0 f i libvcruntime:risctrnsctrl.obj
 0001:00013be4       ??0FuncInfo4@FH4@@QEAA@XZ  0000000180014be4 f i libvcruntime:risctrnsctrl.obj
 0001:00013bfc       ??0FuncInfoHeader@FH4@@QEAA@XZ 0000000180014bfc f i libvcruntime:risctrnsctrl.obj
 0001:00013c04       ??0iterator@TryBlockMap4@FH4@@QEAA@AEAV12@I@Z 0000000180014c04 f i libvcruntime:risctrnsctrl.obj
 0001:00013c14       ??0iterator@TryBlockMap@__FrameHandler3@@QEAA@AEAV12@I@Z 0000000180014c14 f i libvcruntime:risctrnsctrl.obj
 0001:00013c24       ??4iterator@TryBlockMap4@FH4@@QEAAAEAV012@AEBV012@@Z 0000000180014c24 f i libvcruntime:risctrnsctrl.obj
 0001:00013c30       ??9iterator@TryBlockMap4@FH4@@QEBA_NAEBV012@@Z 0000000180014c30 f i libvcruntime:risctrnsctrl.obj
 0001:00013c3c       ??Diterator@TryBlockMap4@FH4@@QEAA?AUTryBlockMapEntry4@2@XZ 0000000180014c3c f i libvcruntime:risctrnsctrl.obj
 0001:00013c50       ??Eiterator@TryBlockMap4@FH4@@QEAAAEAV012@XZ 0000000180014c50 f i libvcruntime:risctrnsctrl.obj
 0001:00013d14       ?CatchTryBlock@__FrameHandler3@@SAPEBU_s_TryBlockMapEntry@@PEBU_s_FuncInfo@@H@Z 0000000180014d14 f   libvcruntime:risctrnsctrl.obj
 0001:00013d7c       ?DecompFuncInfo@FH4@@YA_JPEAEAEAUFuncInfo4@1@_KH@Z 0000000180014d7c f i libvcruntime:risctrnsctrl.obj
 0001:00013d94       ?DecompFuncInfo@FH4@@YA_JPEAEAEAUFuncInfo4@1@_KH_N@Z 0000000180014d94 f i libvcruntime:risctrnsctrl.obj
 0001:00013f00       ?DecompTryBlock@TryBlockMap4@FH4@@AEAAXXZ 0000000180014f00 f i libvcruntime:risctrnsctrl.obj
 0001:00013fb8       ?ExecutionInCatch@__FrameHandler3@@SA_NPEAU_xDISPATCHER_CONTEXT@@PEBU_s_FuncInfo@@@Z 0000000180014fb8 f   libvcruntime:risctrnsctrl.obj
 0001:00013fec       ?ExecutionInCatch@__FrameHandler4@@SA_NPEAU_xDISPATCHER_CONTEXT@@PEAUFuncInfo4@FH4@@@Z 0000000180014fec f   libvcruntime:risctrnsctrl.obj
 0001:00013ff4       ?FrameUnwindToEmptyState@__FrameHandler3@@SAXPEA_KPEAU_xDISPATCHER_CONTEXT@@PEBU_s_FuncInfo@@@Z 0000000180014ff4 f   libvcruntime:risctrnsctrl.obj
 0001:00014074       ?FrameUnwindToEmptyState@__FrameHandler4@@SAXPEA_KPEAU_xDISPATCHER_CONTEXT@@PEAUFuncInfo4@FH4@@@Z 0000000180015074 f   libvcruntime:risctrnsctrl.obj
 0001:000140b4       ?GetEstablisherFrame@__FrameHandler3@@SAPEA_KPEA_KPEAU_xDISPATCHER_CONTEXT@@PEBU_s_FuncInfo@@0@Z 00000001800150b4 f   libvcruntime:risctrnsctrl.obj
 0001:000141b0       ?GetEstablisherFrame@__FrameHandler4@@SAPEA_KPEA_KPEAU_xDISPATCHER_CONTEXT@@PEAUFuncInfo4@FH4@@0@Z 00000001800151b0 f   libvcruntime:risctrnsctrl.obj
 0001:000141dc       ?GetRangeOfTrysToCheck@__FrameHandler3@@SA?AU?$pair@Viterator@TryBlockMap@__FrameHandler3@@V123@@std@@AEAVTryBlockMap@1@HPEAU_xDISPATCHER_CONTEXT@@PEBU_s_FuncInfo@@H@Z 00000001800151dc f   libvcruntime:risctrnsctrl.obj
 0001:0001436c       ?GetRangeOfTrysToCheck@__FrameHandler4@@SA?AU?$pair@Viterator@TryBlockMap4@FH4@@V123@@std@@AEAVTryBlockMap4@FH4@@HPEAU_xDISPATCHER_CONTEXT@@PEAUFuncInfo4@5@H@Z 000000018001536c f   libvcruntime:risctrnsctrl.obj
 0001:0001452c       ?ReadInt@FH4@@YAHPEAPEAE@Z 000000018001552c f i libvcruntime:risctrnsctrl.obj
 0001:0001453c       ?ReadUnsigned@FH4@@YAIPEAPEAE@Z 000000018001553c f i libvcruntime:risctrnsctrl.obj
 0001:00014578       ?UnwindNestedFrames@__FrameHandler3@@SAXPEA_KPEAUEHExceptionRecord@@PEAU_CONTEXT@@0PEAXPEBU_s_FuncInfo@@HHPEBU_s_HandlerType@@PEAU_xDISPATCHER_CONTEXT@@E@Z 0000000180015578 f   libvcruntime:risctrnsctrl.obj
 0001:000146bc       ?UnwindNestedFrames@__FrameHandler4@@SAXPEA_KPEAUEHExceptionRecord@@PEAU_CONTEXT@@0PEAXPEAUFuncInfo4@FH4@@HHPEAUHandlerType4@5@PEAU_xDISPATCHER_CONTEXT@@E@Z 00000001800156bc f   libvcruntime:risctrnsctrl.obj
 0001:00014824       ?begin@TryBlockMap4@FH4@@QEAA?AViterator@12@XZ 0000000180015824 f i libvcruntime:risctrnsctrl.obj
 0001:00014834       ?end@TryBlockMap4@FH4@@QEAA?AViterator@12@XZ 0000000180015834 f i libvcruntime:risctrnsctrl.obj
 0001:00014844       ?imageRelToByteBuffer@FH4@@YAPEAE_KH@Z 0000000180015844 f i libvcruntime:risctrnsctrl.obj
 0001:0001484c       ?incrementToSentinel@iterator@TryBlockMap4@FH4@@QEAAXXZ 000000018001584c f i libvcruntime:risctrnsctrl.obj
 0001:00014850       ?setBuffer@TryBlockMap4@FH4@@QEAAXViterator@12@@Z 0000000180015850 f i libvcruntime:risctrnsctrl.obj
 0001:00014a80       _CreateFrameInfo           0000000180015a80 f   libvcruntime:risctrnsctrl.obj
 0001:00014ac8       _FindAndUnlinkFrame        0000000180015ac8 f   libvcruntime:risctrnsctrl.obj
 0001:00014b30       _GetImageBase              0000000180015b30 f   libvcruntime:risctrnsctrl.obj
 0001:00014b48       _GetThrowImageBase         0000000180015b48 f   libvcruntime:risctrnsctrl.obj
 0001:00014b60       _SetImageBase              0000000180015b60 f   libvcruntime:risctrnsctrl.obj
 0001:00014b80       _SetThrowImageBase         0000000180015b80 f   libvcruntime:risctrnsctrl.obj
 0001:00014ba0       __CxxFrameHandler          0000000180015ba0 f   libvcruntime:risctrnsctrl.obj
 0001:00014ba8       __CxxFrameHandler2         0000000180015ba8 f   libvcruntime:risctrnsctrl.obj
 0001:00014bb0       __CxxFrameHandler3         0000000180015bb0 f   libvcruntime:risctrnsctrl.obj
 0001:00014c58       __CxxFrameHandler4         0000000180015c58 f   libvcruntime:risctrnsctrl.obj
 0001:00014d60       memcpy_repmovs             0000000180015d60 f   libvcruntime:memcpy.obj
 0001:00014d80       memmove                    0000000180015d80 f   libvcruntime:memcpy.obj
 0001:00014d80       memcpy                     0000000180015d80 f   libvcruntime:memcpy.obj
 0001:000155a0       ??$__crt_interlocked_exchange_pointer@UHINSTANCE__@@PEAU1@@@YAPEAUHINSTANCE__@@PEDSEAU0@QEAU0@@Z 00000001800165a0 f i libvcruntime:winapi_downlevel.obj
 0001:000155a8       ??$__crt_interlocked_exchange_pointer@UHINSTANCE__@@PEAX@@YAPEAUHINSTANCE__@@PEDSEAU0@QEAX@Z 00000001800165a8 f i libvcruntime:winapi_downlevel.obj
 0001:000155b0       ??$__crt_interlocked_exchange_pointer@XPEAX@@YAPEAXPEDSEAXQEAX@Z 00000001800165b0 f i libvcruntime:winapi_downlevel.obj
 0001:000155b8       ??$__crt_interlocked_read_pointer@UHINSTANCE__@@@@YAPEAUHINSTANCE__@@PEDSEAU0@@Z 00000001800165b8 f i libvcruntime:winapi_downlevel.obj
 0001:000155c0       ??$__crt_interlocked_read_pointer@X@@YAPEAXPEDSEAX@Z 00000001800165c0 f i libvcruntime:winapi_downlevel.obj
 0001:00015c48       __vcrt_FlsAlloc            0000000180016c48 f   libvcruntime:winapi_downlevel.obj
 0001:00015ca0       __vcrt_FlsFree             0000000180016ca0 f   libvcruntime:winapi_downlevel.obj
 0001:00015cf8       __vcrt_FlsGetValue         0000000180016cf8 f   libvcruntime:winapi_downlevel.obj
 0001:00015d50       __vcrt_FlsSetValue         0000000180016d50 f   libvcruntime:winapi_downlevel.obj
 0001:00015db8       __vcrt_InitializeCriticalSectionEx 0000000180016db8 f   libvcruntime:winapi_downlevel.obj
 0001:00015e34       ?GetCurrentState@__FrameHandler3@@SAHPEA_KPEAU_xDISPATCHER_CONTEXT@@PEBU_s_FuncInfo@@@Z 0000000180016e34 f   libvcruntime:ehstate.obj
 0001:00015e64       ?GetUnwindTryBlock@__FrameHandler3@@SAHPEA_KPEAU_xDISPATCHER_CONTEXT@@PEBU_s_FuncInfo@@@Z 0000000180016e64 f   libvcruntime:ehstate.obj
 0001:00015e98       ?SetState@__FrameHandler3@@SAXPEA_KPEBU_s_FuncInfo@@H@Z 0000000180016e98 f   libvcruntime:ehstate.obj
 0001:00015ea8       ?SetUnwindTryBlock@__FrameHandler3@@SAXPEA_KPEAU_xDISPATCHER_CONTEXT@@PEBU_s_FuncInfo@@H@Z 0000000180016ea8 f   libvcruntime:ehstate.obj
 0001:00015ef4       ?StateFromControlPc@__FrameHandler3@@SAHPEBU_s_FuncInfo@@PEAU_xDISPATCHER_CONTEXT@@@Z 0000000180016ef4 f   libvcruntime:ehstate.obj
 0001:00015f00       ?StateFromControlPc@__FrameHandler4@@SAHPEAUFuncInfo4@FH4@@PEAU_xDISPATCHER_CONTEXT@@@Z 0000000180016f00 f   libvcruntime:ehstate.obj
 0001:00015f0c       ?StateFromIp@__FrameHandler3@@SAHPEBU_s_FuncInfo@@PEAU_xDISPATCHER_CONTEXT@@_K@Z 0000000180016f0c f   libvcruntime:ehstate.obj
 0001:00015f8c       ?StateFromIp@__FrameHandler4@@SAHPEAUFuncInfo4@FH4@@PEAU_xDISPATCHER_CONTEXT@@_K@Z 0000000180016f8c f   libvcruntime:ehstate.obj
 0001:000160ac       ?__FuncRelToRealOffset@@YA_KPEAU_xDISPATCHER_CONTEXT@@I@Z 00000001800170ac f i libvcruntime:ehstate.obj
 0001:000160c0       ?__RVAtoRealOffset@@YA_KPEAU_xDISPATCHER_CONTEXT@@H@Z 00000001800170c0 f i libvcruntime:ehstate.obj
 0001:00017c44       ??$TypeMatchHelper@V__FrameHandler3@@@@YAHPEBU_s_HandlerType@@PEBU_s_CatchableType@@PEBU_s_ThrowInfo@@@Z 0000000180018c44 f i libvcruntime:frame.obj
 0001:00017dd0       ??$TypeMatchHelper@V__FrameHandler4@@@@YAHPEAUHandlerType4@FH4@@PEBU_s_CatchableType@@PEBU_s_ThrowInfo@@@Z 0000000180018dd0 f i libvcruntime:frame.obj
 0001:00017f64       ??$__InternalCxxFrameHandler@V__FrameHandler3@@@@YA?AW4_EXCEPTION_DISPOSITION@@PEAUEHExceptionRecord@@PEA_KPEAU_CONTEXT@@PEAU_xDISPATCHER_CONTEXT@@PEBU_s_FuncInfo@@H1E@Z 0000000180018f64 f i libvcruntime:frame.obj
 0001:00018228       ??$__InternalCxxFrameHandler@V__FrameHandler4@@@@YA?AW4_EXCEPTION_DISPOSITION@@PEAUEHExceptionRecord@@PEA_KPEAU_CONTEXT@@PEAU_xDISPATCHER_CONTEXT@@PEAUFuncInfo4@FH4@@H1E@Z 0000000180019228 f i libvcruntime:frame.obj
 0001:00018564       ??0HandlerMap4@FH4@@QEAA@PEBUTryBlockMapEntry4@1@_KH@Z 0000000180019564 f i libvcruntime:frame.obj
 0001:000185fc       ??0HandlerMap@__FrameHandler3@@QEAA@PEBU_s_TryBlockMapEntry@@_KI@Z 00000001800195fc f i libvcruntime:frame.obj
 0001:00018618       ??0HandlerType4@FH4@@QEAA@XZ 0000000180019618 f i libvcruntime:frame.obj
 0001:00018634       ??0TryBlockMap4@FH4@@QEAA@PEBUFuncInfo4@1@_K@Z 0000000180019634 f i libvcruntime:frame.obj
 0001:00018740       ??0TryBlockMap@__FrameHandler3@@QEAA@PEBU_s_FuncInfo@@_K@Z 0000000180019740 f i libvcruntime:frame.obj
 0001:00018750       ??0UWMap4@FH4@@QEAA@PEBUFuncInfo4@1@_K@Z 0000000180019750 f i libvcruntime:frame.obj
 0001:000187a4       ??0bad_exception@std@@QEAA@AEBV01@@Z 00000001800197a4 f i libvcruntime:frame.obj
 0001:000187f0       ??0bad_exception@std@@QEAA@XZ 00000001800197f0 f i libvcruntime:frame.obj
 0001:00018818       ??0exception@std@@QEAA@AEBV01@@Z 0000000180019818 f i libvcruntime:frame.obj
 0001:00018858       ??0exception@std@@QEAA@QEBDH@Z 0000000180019858 f i libvcruntime:frame.obj
 0001:00018874       ??0iterator@HandlerMap4@FH4@@QEAA@AEAV12@I@Z 0000000180019874 f i libvcruntime:frame.obj
 0001:00018884       ??0iterator@HandlerMap@__FrameHandler3@@QEAA@AEAV12@I@Z 0000000180019884 f i libvcruntime:frame.obj
 0001:00018894       ??0iterator@UWMap4@FH4@@QEAA@AEAV12@PEAE@Z 0000000180019894 f i libvcruntime:frame.obj
 0001:000188a4       ??1bad_exception@std@@UEAA@XZ 00000001800198a4 f i libvcruntime:frame.obj
 0001:000188bc       ??1exception@std@@UEAA@XZ  00000001800198bc f i libvcruntime:frame.obj
 0001:000188d4       ??4iterator@UWMap4@FH4@@QEAAAEAV012@AEBV012@@Z 00000001800198d4 f i libvcruntime:frame.obj
 0001:000188fc       ??8iterator@HandlerMap4@FH4@@QEBA_NAEBV012@@Z 00000001800198fc f i libvcruntime:frame.obj
 0001:00018908       ??8iterator@HandlerMap@__FrameHandler3@@QEBA_NAEBV012@@Z 0000000180019908 f i libvcruntime:frame.obj
 0001:00018914       ??8type_info@@QEBA_NAEBV0@@Z 0000000180019914 f i libvcruntime:frame.obj
 0001:00018938       ??9iterator@HandlerMap4@FH4@@QEBA_NAEBV012@@Z 0000000180019938 f i libvcruntime:frame.obj
 0001:00018944       ??9iterator@HandlerMap@__FrameHandler3@@QEBA_NAEBV012@@Z 0000000180019944 f i libvcruntime:frame.obj
 0001:00018950       ??Diterator@HandlerMap4@FH4@@QEAA?AUHandlerType4@2@XZ 0000000180019950 f i libvcruntime:frame.obj
 0001:00018978       ??Diterator@HandlerMap@__FrameHandler3@@QEAA?BU_s_HandlerType@@XZ 0000000180019978 f i libvcruntime:frame.obj
 0001:000189a4       ??Diterator@TryBlockMap@__FrameHandler3@@QEAA?BU_s_TryBlockMapEntry@@XZ 00000001800199a4 f i libvcruntime:frame.obj
 0001:000189dc       ??Diterator@UWMap4@FH4@@QEAA?AUUnwindMapEntry4@2@XZ 00000001800199dc f i libvcruntime:frame.obj
 0001:00018a44       ??Eiterator@HandlerMap4@FH4@@QEAAAEAV012@XZ 0000000180019a44 f i libvcruntime:frame.obj
 0001:00018a68       ??Eiterator@HandlerMap@__FrameHandler3@@QEAAAEAV012@XZ 0000000180019a68 f i libvcruntime:frame.obj
 0001:00018a70       ??Eiterator@TryBlockMap@__FrameHandler3@@QEAAAEAV012@XZ 0000000180019a70 f i libvcruntime:frame.obj
 0001:00018a78       ??Eiterator@UWMap4@FH4@@QEAAAEAV012@XZ 0000000180019a78 f i libvcruntime:frame.obj
 0001:00018aa0       ??Giterator@UWMap4@FH4@@QEBA_JAEBV012@@Z 0000000180019aa0 f i libvcruntime:frame.obj
 0001:00018aac       ??Miterator@TryBlockMap4@FH4@@QEBA_NAEBV012@@Z 0000000180019aac f i libvcruntime:frame.obj
 0001:00018ab8       ??Miterator@TryBlockMap@__FrameHandler3@@QEBA_NAEBV012@@Z 0000000180019ab8 f i libvcruntime:frame.obj
 0001:00018ac4       ??Oiterator@UWMap4@FH4@@QEBA_NAEBV012@@Z 0000000180019ac4 f i libvcruntime:frame.obj
 0001:00018ad4       ??Piterator@UWMap4@FH4@@QEBA_NAEBV012@@Z 0000000180019ad4 f i libvcruntime:frame.obj
 0001:00018ae4       ??_Ebad_exception@std@@UEAAPEAXI@Z 0000000180019ae4 f i libvcruntime:frame.obj
 0001:00018ae4       ??_Gbad_exception@std@@UEAAPEAXI@Z 0000000180019ae4 f i libvcruntime:frame.obj
 0001:00018b38       ??_Eexception@std@@UEAAPEAXI@Z 0000000180019b38 f i libvcruntime:frame.obj
 0001:00018b38       ??_Gexception@std@@UEAAPEAXI@Z 0000000180019b38 f i libvcruntime:frame.obj
 0001:00018b8c       ?BuildCatchObject@__FrameHandler3@@SAXPEAUEHExceptionRecord@@PEAXPEBU_s_HandlerType@@PEBU_s_CatchableType@@@Z 0000000180019b8c f   libvcruntime:frame.obj
 0001:00018b94       ?BuildCatchObject@__FrameHandler4@@SAXPEAUEHExceptionRecord@@PEAXPEAUHandlerType4@FH4@@PEBU_s_CatchableType@@@Z 0000000180019b94 f   libvcruntime:frame.obj
 0001:00018b9c       ?BuildCatchObjectHelper@__FrameHandler3@@SAHPEAUEHExceptionRecord@@PEAXPEBU_s_HandlerType@@PEBU_s_CatchableType@@@Z 0000000180019b9c f   libvcruntime:frame.obj
 0001:00018ba4       ?BuildCatchObjectHelper@__FrameHandler4@@SAHPEAUEHExceptionRecord@@PEAXPEAUHandlerType4@FH4@@PEBU_s_CatchableType@@@Z 0000000180019ba4 f   libvcruntime:frame.obj
 0001:00018bac       ?CxxCallCatchBlock@__FrameHandler3@@SAPEAXPEAU_EXCEPTION_RECORD@@@Z 0000000180019bac f   libvcruntime:frame.obj
 0001:00018e10       ?CxxCallCatchBlock@__FrameHandler4@@SAPEAXPEAU_EXCEPTION_RECORD@@@Z 0000000180019e10 f   libvcruntime:frame.obj
 0001:000190f4       ?DecompHandler@HandlerMap4@FH4@@AEAAXXZ 000000018001a0f4 f i libvcruntime:frame.obj
 0001:000193c4       ?FrameUnwindToState@__FrameHandler3@@SAXPEA_KPEAU_xDISPATCHER_CONTEXT@@PEBU_s_FuncInfo@@H@Z 000000018001a3c4 f   libvcruntime:frame.obj
 0001:000195b0       ?FrameUnwindToState@__FrameHandler4@@SAXPEA_KPEAU_xDISPATCHER_CONTEXT@@PEAUFuncInfo4@FH4@@H@Z 000000018001a5b0 f   libvcruntime:frame.obj
 0001:00019950       ?GetHandlerSearchState@__FrameHandler3@@SAHPEA_KPEAU_xDISPATCHER_CONTEXT@@PEBU_s_FuncInfo@@@Z 000000018001a950 f i libvcruntime:frame.obj
 0001:00019a0c       ?GetHandlerSearchState@__FrameHandler4@@SAHPEA_KPEAU_xDISPATCHER_CONTEXT@@PEAUFuncInfo4@FH4@@@Z 000000018001aa0c f i libvcruntime:frame.obj
 0001:00019a88       ?GetMaxState@__FrameHandler3@@SAHPEAU_xDISPATCHER_CONTEXT@@PEBU_s_FuncInfo@@@Z 000000018001aa88 f i libvcruntime:frame.obj
 0001:00019a8c       ?GetMaxState@__FrameHandler4@@SAHPEAU_xDISPATCHER_CONTEXT@@PEAUFuncInfo4@FH4@@@Z 000000018001aa8c f i libvcruntime:frame.obj
 0001:00019ca8       ?ReadEntry@UWMap4@FH4@@AEAAXPEAPEAE@Z 000000018001aca8 f i libvcruntime:frame.obj
 0001:00019d70       ?TypeMatch@__FrameHandler3@@SAHPEBU_s_HandlerType@@PEBU_s_CatchableType@@PEBU_s_ThrowInfo@@@Z 000000018001ad70 f   libvcruntime:frame.obj
 0001:00019d78       ?TypeMatch@__FrameHandler4@@SAHPEAUHandlerType4@FH4@@PEBU_s_CatchableType@@PEBU_s_ThrowInfo@@@Z 000000018001ad78 f   libvcruntime:frame.obj
 0001:00019d80       ?WalkBack@UWMap4@FH4@@AEAAXPEAPEAE@Z 000000018001ad80 f i libvcruntime:frame.obj
 0001:00019dc4       ?WalkBack@iterator@UWMap4@FH4@@QEAAXXZ 000000018001adc4 f i libvcruntime:frame.obj
 0001:00019e10       ?WalkForward@UWMap4@FH4@@AEAAXPEAPEAE@Z 000000018001ae10 f i libvcruntime:frame.obj
 0001:00019e18       ?_CallMemberFunction1@@YAXQEAX00@Z 000000018001ae18 f i libvcruntime:frame.obj
 0001:00019e24       ?_CallMemberFunction2@@YAXQEAX00H@Z 000000018001ae24 f i libvcruntime:frame.obj
 0001:00019e54       ?begin@HandlerMap4@FH4@@QEAA?AViterator@12@XZ 000000018001ae54 f i libvcruntime:frame.obj
 0001:00019e64       ?begin@HandlerMap@__FrameHandler3@@QEAA?AViterator@12@XZ 000000018001ae64 f i libvcruntime:frame.obj
 0001:00019e74       ?begin@UWMap4@FH4@@QEAA?AViterator@12@XZ 000000018001ae74 f i libvcruntime:frame.obj
 0001:00019e88       ?end@HandlerMap4@FH4@@QEAA?AViterator@12@XZ 000000018001ae88 f i libvcruntime:frame.obj
 0001:00019e98       ?end@HandlerMap@__FrameHandler3@@QEAA?AViterator@12@XZ 000000018001ae98 f i libvcruntime:frame.obj
 0001:00019ea8       ?getESTypes@__FrameHandler3@@SAPEBU_s_ESTypeList@@PEBU_s_FuncInfo@@@Z 000000018001aea8 f i libvcruntime:frame.obj
 0001:00019edc       ?getESTypes@__FrameHandler4@@SAPEBU_s_ESTypeList@@PEAUFuncInfo4@FH4@@@Z 000000018001aedc f i libvcruntime:frame.obj
 0001:00019ee0       ?getLastEntry@HandlerMap4@FH4@@QEAAPEAUHandlerType4@2@XZ 000000018001aee0 f i libvcruntime:frame.obj
 0001:00019f44       ?getLastEntry@HandlerMap@__FrameHandler3@@QEAAPEBU_s_HandlerType@@XZ 000000018001af44 f i libvcruntime:frame.obj
 0001:00019f5c       ?getMagicNum@__FrameHandler3@@SAIPEBU_s_FuncInfo@@@Z 000000018001af5c f i libvcruntime:frame.obj
 0001:00019f68       ?getMagicNum@__FrameHandler4@@SAIPEAUFuncInfo4@FH4@@@Z 000000018001af68 f i libvcruntime:frame.obj
 0001:00019f70       ?getNumTryBlocks@TryBlockMap4@FH4@@QEAAIXZ 000000018001af70 f i libvcruntime:frame.obj
 0001:00019f74       ?getNumTryBlocks@TryBlockMap@__FrameHandler3@@QEAAIXZ 000000018001af74 f i libvcruntime:frame.obj
 0001:00019f7c       ?getStartStop@UWMap4@FH4@@QEAAXHHAEAViterator@12@0@Z 000000018001af7c f i libvcruntime:frame.obj
 0001:0001a080       ?getStateFromIterators@UWMap4@FH4@@SAHAEBViterator@12@H0H0@Z 000000018001b080 f i libvcruntime:frame.obj
 0001:0001a178       ?isEHs@__FrameHandler3@@SA_NPEBU_s_FuncInfo@@@Z 000000018001b178 f i libvcruntime:frame.obj
 0001:0001a180       ?isEHs@__FrameHandler4@@SA_NPEAUFuncInfo4@FH4@@@Z 000000018001b180 f i libvcruntime:frame.obj
 0001:0001a18c       ?isNoExcept@__FrameHandler3@@SA_NPEBU_s_FuncInfo@@@Z 000000018001b18c f i libvcruntime:frame.obj
 0001:0001a198       ?isNoExcept@__FrameHandler4@@SA_NPEAUFuncInfo4@FH4@@@Z 000000018001b198 f i libvcruntime:frame.obj
 0001:0001a1a4       ?reset@HandlerType4@FH4@@QEAAXXZ 000000018001b1a4 f i libvcruntime:frame.obj
 0001:0001a1c0       ?resetBuffer@HandlerMap4@FH4@@QEAAXXZ 000000018001b1c0 f i libvcruntime:frame.obj
 0001:0001a1d0       ?setBuffer@HandlerMap4@FH4@@QEAAXI@Z 000000018001b1d0 f i libvcruntime:frame.obj
 0001:0001a218       ?what@exception@std@@UEBAPEBDXZ 000000018001b218 f i libvcruntime:frame.obj
 0001:0001a230       __BuildCatchObject         000000018001b230 f   libvcruntime:frame.obj
 0001:0001a238       __BuildCatchObjectHelper   000000018001b238 f   libvcruntime:frame.obj
 0001:0001a240       __TypeMatch                000000018001b240 f   libvcruntime:frame.obj
 0001:0001a248       __vcrt_EncodePointer       000000018001b248 f i libvcruntime:frame.obj
 0001:0001a260       _CallSettingFrame          000000018001b260 f   libvcruntime:handlers.obj
 0001:0001a2b0       _CallSettingFrame_LookupContinuationIndex 000000018001b2b0 f   libvcruntime:handlers.obj
 0001:0001a2e0       _CallSettingFrame_NotifyContinuationAddr 000000018001b2e0 f   libvcruntime:handlers.obj
 0001:0001a310       _CallSettingFrameEncoded   000000018001b310 f   libvcruntime:handlers.obj
 0001:0001a398       ??$?RD@__crt_public_free_policy@@QEBAXQEBD@Z 000000018001b398 f i libvcruntime:std_exception.obj
 0001:0001a3a4       ??0?$__crt_unique_heap_ptr@DU__crt_public_free_policy@@@@QEAA@QEAD@Z 000000018001b3a4 f i libvcruntime:std_exception.obj
 0001:0001a3ac       ??1?$__crt_unique_heap_ptr@DU__crt_public_free_policy@@@@QEAA@XZ 000000018001b3ac f i libvcruntime:std_exception.obj
 0001:0001a3d0       ??B?$__crt_unique_heap_ptr@DU__crt_public_free_policy@@@@QEBA_NXZ 000000018001b3d0 f i libvcruntime:std_exception.obj
 0001:0001a3dc       ?detach@?$__crt_unique_heap_ptr@DU__crt_public_free_policy@@@@QEAAPEADXZ 000000018001b3dc f i libvcruntime:std_exception.obj
 0001:0001a3e8       ?get@?$__crt_unique_heap_ptr@DU__crt_public_free_policy@@@@QEBAPEADXZ 000000018001b3e8 f i libvcruntime:std_exception.obj
 0001:0001a3ec       ?is_valid@?$__crt_unique_heap_ptr@DU__crt_public_free_policy@@@@QEBA_NXZ 000000018001b3ec f i libvcruntime:std_exception.obj
 0001:0001a3f8       ?release@?$__crt_unique_heap_ptr@DU__crt_public_free_policy@@@@QEAAXXZ 000000018001b3f8 f i libvcruntime:std_exception.obj
 0001:0001a41c       __std_exception_copy       000000018001b41c f   libvcruntime:std_exception.obj
 0001:0001a4cc       __std_exception_destroy    000000018001b4cc f   libvcruntime:std_exception.obj
 0001:0001a4fc       _CxxThrowException         000000018001b4fc f   libvcruntime:throw.obj
 0001:0001a5d0       sinf                       000000018001b5d0 f   libucrt:sinf.obj
 0001:0001ae84       _initterm                  000000018001be84 f   libucrt:initterm.obj
 0001:0001af04       _initterm_e                000000018001bf04 f   libucrt:initterm.obj
 0001:0001af74       _seh_filter_dll            000000018001bf74 f   libucrt:exception_filter.obj
 0001:0001af8c       _seh_filter_exe            000000018001bf8c f   libucrt:exception_filter.obj
 0001:0001b170       ??$?B$$A6AXPEAXK0@Z@__crt_fast_encoded_nullptr_t@@QEBAP6AXPEAXK0@ZXZ 000000018001c170 f i libucrt:exit.obj
 0001:0001b1f4       ??$__crt_fast_decode_pointer@P6AXPEAXK0@Z@@YAP6AXPEAXK0@ZQ6AX0K0@Z@Z 000000018001c1f4 f i libucrt:exit.obj
 0001:0001b210       ??$__crt_fast_encode_pointer@P6AXPEAXK0@Z@@YAP6AXPEAXK0@ZQ6AX0K0@Z@Z 000000018001c210 f i libucrt:exit.obj
 0001:0001b238       ??$__crt_get_proc_address@P6AXI@Z@@YAP6AXI@ZQEAUHINSTANCE__@@QEBD@Z 000000018001c238 f i libucrt:exit.obj
 0001:0001b240       ??$__crt_interlocked_read@J@@YAJPEDJ@Z 000000018001c240 f i libucrt:exit.obj
 0001:0001b270       ??0?$__crt_unique_handle_t@U__crt_hmodule_traits@@@@QEAA@QEAUHINSTANCE__@@@Z 000000018001c270 f i libucrt:exit.obj
 0001:0001b278       ??1?$__crt_unique_handle_t@U__crt_hmodule_traits@@@@QEAA@XZ 000000018001c278 f i libucrt:exit.obj
 0001:0001b3a8       ?__acrt_select_exit_lock@@YA?AW4__acrt_lock_id@@XZ 000000018001c3a8 f i libucrt:exit.obj
 0001:0001b3b0       ?__crt_fast_encode_pointer@@YA?AU__crt_fast_encoded_nullptr_t@@$$T@Z 000000018001c3b0 f i libucrt:exit.obj
 0001:0001b3b8       ?__crt_interlocked_read_32@@YAHPEDH@Z 000000018001c3b8 f i libucrt:exit.obj
 0001:0001b3bc       ?__crt_rotate_pointer_value@@YA_K_KH@Z 000000018001c3bc f i libucrt:exit.obj
 0001:0001b3d8       ?close@?$__crt_unique_handle_t@U__crt_hmodule_traits@@@@QEAAXXZ 000000018001c3d8 f i libucrt:exit.obj
 0001:0001b404       ?close@__crt_hmodule_traits@@SA_NPEAUHINSTANCE__@@@Z 000000018001c404 f i libucrt:exit.obj
 0001:0001b568       ?get@?$__crt_unique_handle_t@U__crt_hmodule_traits@@@@QEBAPEAUHINSTANCE__@@XZ 000000018001c568 f i libucrt:exit.obj
 0001:0001b56c       ?get_address_of@?$__crt_unique_handle_t@U__crt_hmodule_traits@@@@QEAAPEAPEAUHINSTANCE__@@XZ 000000018001c56c f i libucrt:exit.obj
 0001:0001b570       ?get_invalid_value@__crt_hmodule_traits@@SAPEAUHINSTANCE__@@XZ 000000018001c570 f i libucrt:exit.obj
 0001:0001b68c       _Exit                      000000018001c68c f   libucrt:exit.obj
 0001:0001b69c       __acrt_initialize_thread_local_exit_callback 000000018001c69c f   libucrt:exit.obj
 0001:0001b6a8       _c_exit                    000000018001c6a8 f   libucrt:exit.obj
 0001:0001b6bc       _cexit                     000000018001c6bc f   libucrt:exit.obj
 0001:0001b6cc       _exit                      000000018001c6cc f   libucrt:exit.obj
 0001:0001b6dc       _is_c_termination_complete 000000018001c6dc f   libucrt:exit.obj
 0001:0001b6e4       _register_thread_local_exe_atexit_callback 000000018001c6e4 f   libucrt:exit.obj
 0001:0001b730       exit                       000000018001c730 f   libucrt:exit.obj
 0001:0001b73c       quick_exit                 000000018001c73c f   libucrt:exit.obj
 0001:0001b74c       ??$?RE@__crt_internal_free_policy@@QEBAXQEBE@Z 000000018001c74c f i libucrt:argv_parsing.obj
 0001:0001b758       ??$?RPEAD@__crt_internal_free_policy@@QEBAXQEBQEAD@Z 000000018001c758 f i libucrt:argv_parsing.obj
 0001:0001b764       ??$?RPEA_W@__crt_internal_free_policy@@QEBAXQEBQEA_W@Z 000000018001c764 f i libucrt:argv_parsing.obj
 0001:0001bb14       ??$get_module_file_name@$$TAEAY0BAF@DH@?$__crt_char_traits@D@@SAK$$QEA$$TAEAY0BAF@D$$QEAH@Z 000000018001cb14 f i libucrt:argv_parsing.obj
 0001:0001bb24       ??$get_module_file_name@$$TAEAY0BAF@_WH@?$__crt_char_traits@_W@@SAK$$QEA$$TAEAY0BAF@_W$$QEAH@Z 000000018001cb24 f i libucrt:argv_parsing.obj
 0001:0001bf6c       ??$set_program_name@PEAD@?$__crt_char_traits@D@@SAX$$QEAPEAD@Z 000000018001cf6c f i libucrt:argv_parsing.obj
 0001:0001bf7c       ??$set_program_name@PEA_W@?$__crt_char_traits@_W@@SAX$$QEAPEA_W@Z 000000018001cf7c f i libucrt:argv_parsing.obj
 0001:0001bf9c       ??0?$__crt_unique_heap_ptr@EU__crt_internal_free_policy@@@@QEAA@QEAE@Z 000000018001cf9c f i libucrt:argv_parsing.obj
 0001:0001bfa4       ??0?$__crt_unique_heap_ptr@PEADU__crt_internal_free_policy@@@@QEAA@QEAPEAD@Z 000000018001cfa4 f i libucrt:argv_parsing.obj
 0001:0001bfac       ??0?$__crt_unique_heap_ptr@PEA_WU__crt_internal_free_policy@@@@QEAA@QEAPEA_W@Z 000000018001cfac f i libucrt:argv_parsing.obj
 0001:0001bfb4       ??1?$__crt_unique_heap_ptr@EU__crt_internal_free_policy@@@@QEAA@XZ 000000018001cfb4 f i libucrt:argv_parsing.obj
 0001:0001bfd8       ??1?$__crt_unique_heap_ptr@PEADU__crt_internal_free_policy@@@@QEAA@XZ 000000018001cfd8 f i libucrt:argv_parsing.obj
 0001:0001bffc       ??1?$__crt_unique_heap_ptr@PEA_WU__crt_internal_free_policy@@@@QEAA@XZ 000000018001cffc f i libucrt:argv_parsing.obj
 0001:0001c020       ??B?$__crt_unique_heap_ptr@EU__crt_internal_free_policy@@@@QEBA_NXZ 000000018001d020 f i libucrt:argv_parsing.obj
 0001:0001c074       ?detach@?$__crt_unique_heap_ptr@EU__crt_internal_free_policy@@@@QEAAPEAEXZ 000000018001d074 f i libucrt:argv_parsing.obj
 0001:0001c080       ?detach@?$__crt_unique_heap_ptr@PEADU__crt_internal_free_policy@@@@QEAAPEAPEADXZ 000000018001d080 f i libucrt:argv_parsing.obj
 0001:0001c08c       ?detach@?$__crt_unique_heap_ptr@PEA_WU__crt_internal_free_policy@@@@QEAAPEAPEA_WXZ 000000018001d08c f i libucrt:argv_parsing.obj
 0001:0001c0b4       ?get@?$__crt_unique_heap_ptr@EU__crt_internal_free_policy@@@@QEBAPEAEXZ 000000018001d0b4 f i libucrt:argv_parsing.obj
 0001:0001c0b8       ?get@?$__crt_unique_heap_ptr@PEADU__crt_internal_free_policy@@@@QEBAPEAPEADXZ 000000018001d0b8 f i libucrt:argv_parsing.obj
 0001:0001c0bc       ?get@?$__crt_unique_heap_ptr@PEA_WU__crt_internal_free_policy@@@@QEBAPEAPEA_WXZ 000000018001d0bc f i libucrt:argv_parsing.obj
 0001:0001c0c0       ?get_address_of@?$__crt_unique_heap_ptr@PEADU__crt_internal_free_policy@@@@QEAAPEAPEAPEADXZ 000000018001d0c0 f i libucrt:argv_parsing.obj
 0001:0001c0c4       ?get_address_of@?$__crt_unique_heap_ptr@PEA_WU__crt_internal_free_policy@@@@QEAAPEAPEAPEA_WXZ 000000018001d0c4 f i libucrt:argv_parsing.obj
 0001:0001c0f8       ?is_valid@?$__crt_unique_heap_ptr@EU__crt_internal_free_policy@@@@QEBA_NXZ 000000018001d0f8 f i libucrt:argv_parsing.obj
 0001:0001c104       ?release@?$__crt_unique_heap_ptr@EU__crt_internal_free_policy@@@@QEAAXXZ 000000018001d104 f i libucrt:argv_parsing.obj
 0001:0001c128       ?release@?$__crt_unique_heap_ptr@PEADU__crt_internal_free_policy@@@@QEAAXXZ 000000018001d128 f i libucrt:argv_parsing.obj
 0001:0001c14c       ?release@?$__crt_unique_heap_ptr@PEA_WU__crt_internal_free_policy@@@@QEAAXXZ 000000018001d14c f i libucrt:argv_parsing.obj
 0001:0001c190       __acrt_allocate_buffer_for_argv 000000018001d190 f   libucrt:argv_parsing.obj
 0001:0001c204       _configure_narrow_argv     000000018001d204 f   libucrt:argv_parsing.obj
 0001:0001c3ec       _configure_wide_argv       000000018001d3ec f   libucrt:argv_parsing.obj
 0001:0001c5d0       _set_pgmptr                000000018001d5d0 f i libucrt:argv_parsing.obj
 0001:0001c5dc       _set_wpgmptr               000000018001d5dc f i libucrt:argv_parsing.obj
 0001:0001c5e8       ??$?R_W@__crt_internal_free_policy@@QEBAXQEB_W@Z 000000018001d5e8 f i libucrt:environment_initialization.obj
 0001:0001cc30       ??$get_environment_from_os@$$V@?$__crt_char_traits@D@@SAPEADXZ 000000018001dc30 f i libucrt:environment_initialization.obj
 0001:0001cc38       ??$get_environment_from_os@$$V@?$__crt_char_traits@_W@@SAPEA_WXZ 000000018001dc38 f i libucrt:environment_initialization.obj
 0001:0001ce28       ??$set_variable_in_environment_nolock@PEADH@?$__crt_char_traits@D@@SAH$$QEAPEAD$$QEAH@Z 000000018001de28 f i libucrt:environment_initialization.obj
 0001:0001ce34       ??$set_variable_in_environment_nolock@PEA_WH@?$__crt_char_traits@_W@@SAH$$QEAPEA_W$$QEAH@Z 000000018001de34 f i libucrt:environment_initialization.obj
 0001:0001ce40       ??$tcscpy_s@PEADAEB_KAEAPEAD@?$__crt_char_traits@D@@SAH$$QEAPEADAEB_KAEAPEAD@Z 000000018001de40 f i libucrt:environment_initialization.obj
 0001:0001ce54       ??$tcscpy_s@PEA_WAEB_KAEAPEA_W@?$__crt_char_traits@_W@@SAH$$QEAPEA_WAEB_KAEAPEA_W@Z 000000018001de54 f i libucrt:environment_initialization.obj
 0001:0001ce68       ??$tcslen@AEAPEAD@?$__crt_char_traits@D@@SA_KAEAPEAD@Z 000000018001de68 f i libucrt:environment_initialization.obj
 0001:0001ce80       ??$tcslen@AEAPEA_W@?$__crt_char_traits@_W@@SA_KAEAPEA_W@Z 000000018001de80 f i libucrt:environment_initialization.obj
 0001:0001ce98       ??$uninitialize@A6AXAEAPEAPEAD@Z@?$dual_state_global@PEAPEAD@__crt_state_management@@QEAAXA6AXAEAPEAPEAD@Z@Z 000000018001de98 f i libucrt:environment_initialization.obj
 0001:0001ceec       ??$uninitialize@A6AXAEAPEAPEA_W@Z@?$dual_state_global@PEAPEA_W@__crt_state_management@@QEAAXA6AXAEAPEAPEA_W@Z@Z 000000018001deec f i libucrt:environment_initialization.obj
 0001:0001cf80       ??0?$__crt_unique_heap_ptr@_WU__crt_internal_free_policy@@@@QEAA@QEA_W@Z 000000018001df80 f i libucrt:environment_initialization.obj
 0001:0001cf88       ??1?$__crt_unique_heap_ptr@_WU__crt_internal_free_policy@@@@QEAA@XZ 000000018001df88 f i libucrt:environment_initialization.obj
 0001:0001cfac       ??B?$__crt_unique_heap_ptr@PEADU__crt_internal_free_policy@@@@QEBA_NXZ 000000018001dfac f i libucrt:environment_initialization.obj
 0001:0001cfb8       ??B?$__crt_unique_heap_ptr@PEA_WU__crt_internal_free_policy@@@@QEBA_NXZ 000000018001dfb8 f i libucrt:environment_initialization.obj
 0001:0001cfc4       ??B?$__crt_unique_heap_ptr@_WU__crt_internal_free_policy@@@@QEBA_NXZ 000000018001dfc4 f i libucrt:environment_initialization.obj
 0001:0001cfd0       ?__crt_compute_required_transform_buffer_count@@YA_KIQEBD@Z 000000018001dfd0 f i libucrt:environment_initialization.obj
 0001:0001d000       ?__crt_compute_required_transform_buffer_count@@YA_KIQEB_W@Z 000000018001e000 f i libucrt:environment_initialization.obj
 0001:0001d03c       ?__crt_transform_string@@YA_KIQEBDQEA_W_K@Z 000000018001e03c f i libucrt:environment_initialization.obj
 0001:0001d068       ?__crt_transform_string@@YA_KIQEB_WQEAD_K@Z 000000018001e068 f i libucrt:environment_initialization.obj
 0001:0001d0a4       ?detach@?$__crt_unique_heap_ptr@DU__crt_internal_free_policy@@@@QEAAPEADXZ 000000018001e0a4 f i libucrt:environment_initialization.obj
 0001:0001d0b0       ?detach@?$__crt_unique_heap_ptr@_WU__crt_internal_free_policy@@@@QEAAPEA_WXZ 000000018001e0b0 f i libucrt:environment_initialization.obj
 0001:0001d0bc       ?get@?$__crt_unique_heap_ptr@_WU__crt_internal_free_policy@@@@QEBAPEA_WXZ 000000018001e0bc f i libucrt:environment_initialization.obj
 0001:0001d0c0       ?get_current_state_index@__crt_state_management@@YA_KXZ 000000018001e0c0 f i libucrt:environment_initialization.obj
 0001:0001d10c       ?initialize@?$dual_state_global@PEAPEAD@__crt_state_management@@QEAAXQEAPEAD@Z 000000018001e10c f i libucrt:environment_initialization.obj
 0001:0001d13c       ?initialize@?$dual_state_global@PEAPEA_W@__crt_state_management@@QEAAXQEAPEA_W@Z 000000018001e13c f i libucrt:environment_initialization.obj
 0001:0001d16c       ?is_valid@?$__crt_unique_heap_ptr@PEADU__crt_internal_free_policy@@@@QEBA_NXZ 000000018001e16c f i libucrt:environment_initialization.obj
 0001:0001d178       ?is_valid@?$__crt_unique_heap_ptr@PEA_WU__crt_internal_free_policy@@@@QEBA_NXZ 000000018001e178 f i libucrt:environment_initialization.obj
 0001:0001d184       ?is_valid@?$__crt_unique_heap_ptr@_WU__crt_internal_free_policy@@@@QEBA_NXZ 000000018001e184 f i libucrt:environment_initialization.obj
 0001:0001d19c       ?release@?$__crt_unique_heap_ptr@_WU__crt_internal_free_policy@@@@QEAAXXZ 000000018001e19c f i libucrt:environment_initialization.obj
 0001:0001d1c0       ?value@?$dual_state_global@PEAPEAD@__crt_state_management@@QEAAAEAPEAPEADXZ 000000018001e1c0 f i libucrt:environment_initialization.obj
 0001:0001d1c4       ?value@?$dual_state_global@PEAPEA_W@__crt_state_management@@QEAAAEAPEAPEA_WXZ 000000018001e1c4 f i libucrt:environment_initialization.obj
 0001:0001d1c8       __dcrt_get_or_create_narrow_environment_nolock 000000018001e1c8 f   libucrt:environment_initialization.obj
 0001:0001d214       __dcrt_get_or_create_wide_environment_nolock 000000018001e214 f   libucrt:environment_initialization.obj
 0001:0001d260       __dcrt_uninitialize_environments_nolock 000000018001e260 f   libucrt:environment_initialization.obj
 0001:0001d2a8       __p__environ               000000018001e2a8 f   libucrt:environment_initialization.obj
 0001:0001d2b4       __p__wenviron              000000018001e2b4 f   libucrt:environment_initialization.obj
 0001:0001d2c0       _get_initial_narrow_environment 000000018001e2c0 f   libucrt:environment_initialization.obj
 0001:0001d324       _get_initial_wide_environment 000000018001e324 f   libucrt:environment_initialization.obj
 0001:0001d388       _initialize_narrow_environment 000000018001e388 f   libucrt:environment_initialization.obj
 0001:0001d390       _initialize_wide_environment 000000018001e390 f   libucrt:environment_initialization.obj
 0001:0001d398       _invoke_watson_if_error    000000018001e398 f i libucrt:environment_initialization.obj
 0001:0001d3d8       ??$?B$$A6AXXZ@__crt_fast_encoded_nullptr_t@@QEBAP6AXXZXZ 000000018001e3d8 f i libucrt:onexit.obj
 0001:0001d3e4       ??$?BP6AXXZ@__crt_fast_encoded_nullptr_t@@QEBAPEAP6AXXZXZ 000000018001e3e4 f i libucrt:onexit.obj
 0001:0001d3f0       ??$?RP6AXXZ@__crt_internal_free_policy@@QEBAXQEBQ6AXXZ@Z 000000018001e3f0 f i libucrt:onexit.obj
 0001:0001d4f4       ??$__crt_fast_decode_pointer@P6AXXZ@@YAP6AXXZQ6AXXZ@Z 000000018001e4f4 f i libucrt:onexit.obj
 0001:0001d510       ??$__crt_fast_decode_pointer@PEAP6AXXZ@@YAPEAP6AXXZQEAP6AXXZ@Z 000000018001e510 f i libucrt:onexit.obj
 0001:0001d52c       ??$__crt_fast_encode_pointer@P6AHXZ@@YAP6AHXZQ6AHXZ@Z 000000018001e52c f i libucrt:onexit.obj
 0001:0001d554       ??$__crt_fast_encode_pointer@P6AXXZ@@YAP6AXXZQ6AXXZ@Z 000000018001e554 f i libucrt:onexit.obj
 0001:0001d57c       ??$__crt_fast_encode_pointer@PEAP6AXXZ@@YAPEAP6AXXZQEAP6AXXZ@Z 000000018001e57c f i libucrt:onexit.obj
 0001:0001d5ec       ??0?$__crt_unique_heap_ptr@P6AXXZU__crt_internal_free_policy@@@@QEAA@QEAP6AXXZ@Z 000000018001e5ec f i libucrt:onexit.obj
 0001:0001d5f4       ??1?$__crt_unique_heap_ptr@P6AXXZU__crt_internal_free_policy@@@@QEAA@XZ 000000018001e5f4 f i libucrt:onexit.obj
 0001:0001d618       ??1scoped_global_state_reset@__crt_state_management@@QEAA@XZ 000000018001e618 f i libucrt:onexit.obj
 0001:0001d9b4       ?detach@?$__crt_unique_heap_ptr@P6AXXZU__crt_internal_free_policy@@@@QEAAPEAP6AXXZXZ 000000018001e9b4 f i libucrt:onexit.obj
 0001:0001d9c0       ?release@?$__crt_unique_heap_ptr@P6AXXZU__crt_internal_free_policy@@@@QEAAXXZ 000000018001e9c0 f i libucrt:onexit.obj
 0001:0001d9e4       _crt_at_quick_exit         000000018001e9e4 f   libucrt:onexit.obj
 0001:0001d9f8       _crt_atexit                000000018001e9f8 f   libucrt:onexit.obj
 0001:0001da0c       _execute_onexit_table      000000018001ea0c f   libucrt:onexit.obj
 0001:0001da54       _initialize_onexit_table   000000018001ea54 f   libucrt:onexit.obj
 0001:0001da84       _register_onexit_function  000000018001ea84 f   libucrt:onexit.obj
[...]
 0002:00014328       $unwind$_read              0000000180081328     libucrt:read.obj
 0002:0001435c       $unwind$_read$fin$0        000000018008135c     libucrt:read.obj
 0002:00014364       $unwind$_read_nolock       0000000180081364     libucrt:read.obj
 0002:00014380       $unwind$?translate_utf16_from_console_nolock@@YAHHQEA_W_K@Z 0000000180081380     libucrt:read.obj
 0002:00014388       $unwind$?translate_ansi_or_utf8_nolock@@YAHHQEAD_KQEA_W1@Z 0000000180081388     libucrt:read.obj
 0002:000143a4       $unwind$??$translate_text_mode_nolock@D@@YAHHQEAD_K@Z 00000001800813a4     libucrt:read.obj
 0002:000143c0       $unwind$??$translate_text_mode_nolock@_W@@YAHHQEA_W_K@Z 00000001800813c0     libucrt:read.obj
 0002:000143dc       $unwind$fclose             00000001800813dc     libucrt:fclose.obj
 0002:00014404       $unwind$fclose$fin$0       0000000180081404     libucrt:fclose.obj
 0002:0001440c       $unwind$_fclose_nolock     000000018008140c     libucrt:fclose.obj
 0002:0001441c       $unwind$?__mbrtoc32_utf8@__crt_mbstring@@YA_KPEA_UPEBD_KPEAU_Mbstatet@@@Z 000000018008141c     libucrt:mbrtoc32.obj
 0002:0001443c       $unwind$__acrt_GetLocaleInfoA 000000018008143c     libucrt:getlocaleinfoa.obj
 0002:00014460       $unwind$?InternalGetLocaleInfoA@@YAHQEAU__crt_locale_pointers@@QEB_WKQEADH@Z 0000000180081460     libucrt:getlocaleinfoa.obj
 0002:0001448c       $unwind$_controlfp_s       000000018008148c     libucrt:contrlfp.obj
 0002:00014494       $unwind$fegetenv           0000000180081494     libucrt:fegetenv.obj
 0002:0001449c       $unwind$fesetenv           000000018008149c     libucrt:fesetenv.obj
 0002:000144a4       $unwind$feholdexcept       00000001800814a4     libucrt:feholdexcept.obj
 0002:000144b0       $xdatasym                  00000001800814b0     libucrt:log10.obj
 0002:000144c0       $unwind$__acrt_fenv_set_control 00000001800814c0     libucrt:_fenvutils.obj
 0002:000144d4       $unwind$?to_machine_sse_control@@YA?AW4__acrt_fenv_machine_sse_control@@W4__acrt_fenv_abstract_control@@@Z 00000001800814d4     libucrt:_fenvutils.obj
 0002:000144e8       $unwind$__acrt_stdio_allocate_buffer_nolock 00000001800814e8     libucrt:_getbuf.obj
 0002:000144f8       $unwind$_itow_s            00000001800814f8     libucrt:xtoa.obj
 0002:00014500       $unwind$_itow              0000000180081500     libucrt:xtoa.obj
 0002:00014508       $unwind$_ltow_s            0000000180081508     libucrt:xtoa.obj
 0002:00014510       $unwind$_ltow              0000000180081510     libucrt:xtoa.obj
 0002:00014518       $unwind$_ultow_s           0000000180081518     libucrt:xtoa.obj
 0002:00014520       $unwind$_ultow             0000000180081520     libucrt:xtoa.obj
 0002:00014528       $unwind$_i64tow_s          0000000180081528     libucrt:xtoa.obj
 0002:00014530       $unwind$_i64tow            0000000180081530     libucrt:xtoa.obj
 0002:00014538       $unwind$_ui64tow_s         0000000180081538     libucrt:xtoa.obj
 0002:00014540       $unwind$_ui64tow           0000000180081540     libucrt:xtoa.obj
 0002:00014548       $unwind$_itoa_s            0000000180081548     libucrt:xtoa.obj
 0002:00014550       $unwind$_itoa              0000000180081550     libucrt:xtoa.obj
 0002:00014558       $unwind$_ltoa_s            0000000180081558     libucrt:xtoa.obj
 0002:00014560       $unwind$_ltoa              0000000180081560     libucrt:xtoa.obj
 0002:00014568       $unwind$_ultoa_s           0000000180081568     libucrt:xtoa.obj
 0002:00014570       $unwind$_ultoa             0000000180081570     libucrt:xtoa.obj
 0002:00014578       $unwind$_i64toa_s          0000000180081578     libucrt:xtoa.obj
 0002:00014580       $unwind$_i64toa            0000000180081580     libucrt:xtoa.obj
 0002:00014588       $unwind$_ui64toa_s         0000000180081588     libucrt:xtoa.obj
 0002:00014590       $unwind$_ui64toa           0000000180081590     libucrt:xtoa.obj
 0002:00014598       $unwind$??$common_xtox_s@KD@@YAHKQEAD_KI_N@Z 0000000180081598     libucrt:xtoa.obj
 0002:000145a0       $unwind$??$common_xtox@KD@@YAHKQEAD_KI_N@Z 00000001800815a0     libucrt:xtoa.obj
 0002:000145bc       $unwind$??$common_xtox_s@_KD@@YAH_KQEAD0I_N@Z 00000001800815bc     libucrt:xtoa.obj
 0002:000145c4       $unwind$??$common_xtox@_KD@@YAH_KQEAD0I_N@Z 00000001800815c4     libucrt:xtoa.obj
 0002:000145e0       $unwind$??$common_xtox_s@K_W@@YAHKQEA_W_KI_N@Z 00000001800815e0     libucrt:xtoa.obj
 0002:000145e8       $unwind$??$common_xtox@K_W@@YAHKQEA_W_KI_N@Z 00000001800815e8     libucrt:xtoa.obj
 0002:00014604       $unwind$??$common_xtox_s@_K_W@@YAH_KQEA_W0I_N@Z 0000000180081604     libucrt:xtoa.obj
 0002:0001460c       $unwind$??$common_xtox@_K_W@@YAH_KQEA_W0I_N@Z 000000018008160c     libucrt:xtoa.obj
 0002:00014628       $unwind$_wcsicmp           0000000180081628     libucrt:wcsicmp.obj
 0002:00014630       $unwind$_wcsicmp_l         0000000180081630     libucrt:wcsicmp.obj
 0002:00014650       $xdatasym                  0000000180081650     libucrt:fpsr.obj
 0002:00014658       $unwind$_towlower_l        0000000180081658     libucrt:towlower.obj
 0002:00014660       $unwind$_set_error_mode    0000000180081660     libucrt:set_error_mode.obj
 0002:00014668       $unwind$__acrt_show_narrow_message_box 0000000180081668     libucrt:crtmbox.obj
 0002:00014680       $unwind$__acrt_show_wide_message_box 0000000180081680     libucrt:crtmbox.obj
 0002:00014698       $unwind$??$common_show_message_box@D@@YAHQEBD0I@Z 0000000180081698     libucrt:crtmbox.obj
 0002:000146b0       $unwind$??$common_show_message_box@_W@@YAHQEB_W0I@Z 00000001800816b0     libucrt:crtmbox.obj
 0002:000146c8       $unwind$__dcrt_lowio_ensure_console_output_initialized 00000001800816c8     libucrt:initcon.obj
 0002:000146d0       $unwind$__dcrt_write_console 00000001800816d0     libucrt:initcon.obj
 0002:000146e8       $unwind$?__dcrt_lowio_initialize_console_output@@YAXXZ 00000001800816e8     libucrt:initcon.obj
 0002:000146f0       $unwind$__dcrt_terminate_console_output 00000001800816f0     libucrt:initcon.obj
 0002:000146f8       $unwind$??R<lambda_61c1b8a38cedca4df5fdc542e6ccae6d>@@QEBAHXZ 00000001800816f8     libucrt:initcon.obj
 0002:00014700       $unwind$??$console_output_reopen_and_retry@V<lambda_61c1b8a38cedca4df5fdc542e6ccae6d>@@@@YAHAEBV<lambda_61c1b8a38cedca4df5fdc542e6ccae6d>@@@Z 0000000180081700     libucrt:initcon.obj
 0002:00014710       $unwind$_close             0000000180081710     libucrt:close.obj
 0002:00014718       $unwind$_close_nolock      0000000180081718     libucrt:close.obj
 0002:00014728       $unwind$?close_os_handle_nolock@@YAKH@Z 0000000180081728     libucrt:close.obj
 0002:00014738       $unwind$??R<lambda_628dfdc04ba53c8bfc02c9951375f3f5>@@QEBAHXZ 0000000180081738     libucrt:close.obj
 0002:00014740       $unwind$??$__acrt_lowio_lock_fh_and_call@V<lambda_628dfdc04ba53c8bfc02c9951375f3f5>@@@@YAHH$$QEAV<lambda_628dfdc04ba53c8bfc02c9951375f3f5>@@@Z 0000000180081740     libucrt:close.obj
 0002:00014748       $unwind$??$?RV<lambda_751a882b2c74d4b022dec766aa51a29a>@@AEAV<lambda_628dfdc04ba53c8bfc02c9951375f3f5>@@V<lambda_f6c7be5f7998530c34de24c7437d6b54>@@@?$__crt_seh_guarded_call@H@@QEAAH$$QEAV<lambda_751a882b2c74d4b022dec766aa51a29a>@@AEAV<lambda_628dfdc04ba53c8bfc02c9951375f3f5>@@$$QEAV<lambda_f6c7be5f7998530c34de24c7437d6b54>@@@Z 0000000180081748     libucrt:close.obj
 0002:00014770       $unwind$?fin$0@?0???$?RV<lambda_751a882b2c74d4b022dec766aa51a29a>@@AEAV<lambda_628dfdc04ba53c8bfc02c9951375f3f5>@@V<lambda_f6c7be5f7998530c34de24c7437d6b54>@@@?$__crt_seh_guarded_call@H@@QEAAH$$QEAV<lambda_751a882b2c74d4b022dec766aa51a29a>@@AEAV<lambda_628dfdc04ba53c8bfc02c9951375f3f5>@@$$QEAV<lambda_f6c7be5f7998530c34de24c7437d6b54>@@@Z@4HA 0000000180081770     libucrt:close.obj
 0002:00014778       $unwind$?__acrt_stdio_allocate_stream@@YA?AV__crt_stdio_stream@@XZ 0000000180081778     libucrt:stream.obj
 0002:0001479c       $unwind$?fin$0@?0??__acrt_stdio_allocate_stream@@YA?AV__crt_stdio_stream@@XZ@4HA 000000018008179c     libucrt:stream.obj
 0002:000147a4       $unwind$?find_or_allocate_unused_stream_nolock@@YA?AV__crt_stdio_stream@@XZ 00000001800817a4     libucrt:stream.obj
 0002:000147bc       $unwind$??1?$__crt_unique_heap_ptr@U__crt_stdio_stream_data@@U__crt_internal_free_policy@@@@QEAA@XZ 00000001800817bc     libucrt:stream.obj
 0002:000147c4       $unwind$?release@?$__crt_unique_heap_ptr@U__crt_stdio_stream_data@@U__crt_internal_free_policy@@@@QEAAXXZ 00000001800817c4     libucrt:stream.obj
 0002:000147cc       $unwind$_clearfp           00000001800817cc     libucrt:ieee.obj
 0002:000147d4       $unwind$_set_controlfp     00000001800817d4     libucrt:ieee.obj
 0002:000147dc       $unwind$common_control87   00000001800817dc     libucrt:ieee.obj
 0002:0001480c       $unwind$common_control87$filt$0 000000018008180c     libucrt:ieee.obj
 0002:00014814       $unwind$_logf_special_common 0000000180081814     libucrt:log_special.obj
 0002:00014824       $unwind$_logf_special      0000000180081824     libucrt:log_special.obj
 0002:0001482c       $unwind$_log10f_special    000000018008182c     libucrt:log_special.obj
 0002:00014834       $unwind$_log_special_common 0000000180081834     libucrt:log_special.obj
 0002:00014844       $unwind$_log_special       0000000180081844     libucrt:log_special.obj
 0002:0001484c       $unwind$_log10_special     000000018008184c     libucrt:log_special.obj
 0002:00014854       $unwind$__acrt_LCMapStringW 0000000180081854     libucrt:lcmapstringw.obj
 0002:0001486c       $unwind$__acrt_OutputDebugStringA 000000018008186c     libucrt:outputdebugstringa.obj
 0002:00014888       $unwind$mbstowcs_s         0000000180081888     libucrt:mbstowcs.obj
 0002:00014890       $unwind$_mbstowcs_s_l      0000000180081890     libucrt:mbstowcs.obj
 0002:000148ac       $unwind$?_mbstowcs_l_helper@@YA_KPEA_WPEBD_KPEAU__crt_locale_pointers@@@Z 00000001800818ac     libucrt:mbstowcs.obj
 0002:000148c8       $unwind$_IsNonwritableInCurrentImage 00000001800818c8     LIBCMT:pesect.obj
 0002:000148f0       $unwind$_IsNonwritableInCurrentImage$filt$0 00000001800818f0     LIBCMT:pesect.obj
 0002:000148f8       $unwind$??_Gtype_info@@UEAAPEAXI@Z 00000001800818f8     LIBCMT:std_type_info_static.obj
 0002:00014900       $unwind$__GSHandlerCheckCommon 0000000180081900     LIBCMT:gshandler.obj
 0002:00014908       $unwind$__GSHandlerCheck   0000000180081908     LIBCMT:gshandler.obj
 0002:00014910       $xdatasym                  0000000180081910     LIBCMT:amdsecgs.obj
 0002:00014914       $unwind$__GSHandlerCheck_SEH 0000000180081914     LIBCMT:gshandlerseh.obj
 0002:00014930       $unwind$__report_securityfailure 0000000180081930     LIBCMT:gs_report.obj
 0002:00014938       $unwind$__report_securityfailureEx 0000000180081938     LIBCMT:gs_report.obj
 0002:00014940       $unwind$__report_rangecheckfailure 0000000180081940     LIBCMT:gs_report.obj
 0002:00014948       $unwind$__report_gsfailure 0000000180081948     LIBCMT:gs_report.obj
 0002:00014950       $unwind$capture_current_context 0000000180081950     LIBCMT:gs_report.obj
 0002:00014960       $unwind$capture_previous_context 0000000180081960     LIBCMT:gs_report.obj
 0002:00014970       $unwind$__raise_securityfailure 0000000180081970     LIBCMT:gs_report.obj
 0002:00014978       $xdatasym                  0000000180081978     LIBCMT:chkstk.obj
 0002:00014980       $unwind$_local_unwind      0000000180081980     libvcruntime:jmpuwind.obj
 0002:00014988       $xdatasym                  0000000180081988     libvcruntime:memcmp.obj
 0002:00015140       .edata                     0000000180082140     engine.exp
 0002:00015168       rgpv                       0000000180082168     engine.exp
 0002:00015170       rgszName                   0000000180082170     engine.exp
 0002:00015178       rgwOrd                     0000000180082178     engine.exp
 0002:0001517c       szName                     000000018008217c     engine.exp
 0002:00015187       $N00001                    0000000180082187     engine.exp
 0002:0001519b       $N00002                    000000018008219b     engine.exp
 0003:00000040       ?prefix@?1??getDimension@UnDecorator@@CA?AVDName@@_N@Z@4UStringLiteral@@A 0000000180083040     libvcruntime:undname.obj
 0003:00000054       ?__vcrt_flsindex@@3KA      0000000180083054     libvcruntime:per_thread_data.obj
 0003:00000070       ?__acrt_flsindex@@3KA      0000000180083070     libucrt:per_thread_data.obj
 0003:00000074       ?errno_no_memory@@3HA      0000000180083074     libucrt:errno.obj
 0003:00000078       ?doserrno_no_memory@@3KA   0000000180083078     libucrt:errno.obj
 0003:00000320       _mbctypes                  0000000180083320     libucrt:mbctype.obj
 0003:00000460       _mbcasemaps                0000000180083460     libucrt:mbctype.obj
 0003:00000594       ?__rgctypeflag@@3PADA      0000000180083594     libucrt:mbctype.obj
 0003:000005a0       ?__rgcode_page_info@@3PAUcode_page_info@@A 00000001800835a0     libucrt:mbctype.obj
 0003:00000a20       _ctype_loc_style           0000000180083a20     libucrt:wsetlocale.obj
 0003:00000b1c       ?dazSupported@?1??_ctrlfp@@9@9 0000000180083b1c     libucrt:fpctrl.obj
 0003:00000c60       ?__dcrt_lowio_console_output_handle@@3PEAXEA 0000000180083c60     libucrt:initcon.obj
 0003:00000c69       ?dazSupported@?1??common_control87@@9@9 0000000180083c69     libucrt:ieee.obj
 0003:00001160       ?__proc_attached@@3HA      0000000180084160     LIBCMT:dll_dllmain.obj
 0003:000011b8       ?is_initialized_as_dll@@3_NA 00000001800841b8     LIBCMT:utility.obj
 0003:000011b9       ?module_local_atexit_table_initialized@@3_NA 00000001800841b9     LIBCMT:utility.obj
 0003:000011c0       ?module_local_atexit_table@@3U_onexit_table_t@@A 00000001800841c0     LIBCMT:utility.obj
 0003:000011d8       ?module_local_at_quick_exit_table@@3U_onexit_table_t@@A 00000001800841d8     LIBCMT:utility.obj
 0003:00001268       ?heap@@3V_HeapManager@@A   0000000180084268     libvcruntime:undname.obj
 0003:000012b0       ?__vcrt_startup_thread_ptd@@3U__vcrt_ptd@@A 00000001800842b0     libvcruntime:per_thread_data.obj
 0003:00001350       __vcrt_lock_table          0000000180084350     libvcruntime:locks.obj
 0003:00001378       __vcrt_locks_initialized   0000000180084378     libvcruntime:locks.obj
 0003:00001388       ?module_handles@@3PAPEAUHINSTANCE__@@A 0000000180084388     libvcruntime:winapi_downlevel.obj
 0003:000013a0       ?function_pointers@@3PAPEAXA 00000001800843a0     libvcruntime:winapi_downlevel.obj
 0003:000013e4       ?c_termination_complete@@3JA 00000001800843e4     libucrt:exit.obj
 0003:000013e8       ?thread_local_exit_callback_func@@3P6AXPEAXK0@ZEA 00000001800843e8     libucrt:exit.obj
 0003:00001400       ?program_name@?1???$common_configure_argv@D@@YAHW4_crt_argv_mode@@@Z@4PADA 0000000180084400     libucrt:argv_parsing.obj
 0003:00001540       ?program_name@?1???$common_configure_argv@_W@@YAHW4_crt_argv_mode@@@Z@4PA_WA 0000000180084540     libucrt:argv_parsing.obj
 0003:00001840       ?__acrt_lock_table@@3PAU_RTL_CRITICAL_SECTION@@A 0000000180084840     libucrt:locks.obj
 0003:00001a70       ?__acrt_locks_initialized@@3IA 0000000180084a70     libucrt:locks.obj
 0003:00001ae4       ?state_cache@?1???$get_cached_win_policy@Ubegin_thread_init_policy_properties@?1??__acrt_get_begin_thread_init_policy@@YA?AW4begin_thread_init_policy@@XZ@@@YA?AW4begin_thread_init_policy@@W4AppPolicyThreadInitializationType@@@Z@4JA 0000000180084ae4     libucrt:win_policies.obj
 0003:00001ae8       ?state_cache@?1???$get_cached_win_policy@Udeveloper_information_policy_properties@?1??__acrt_get_developer_information_policy@@YA?AW4developer_information_policy@@XZ@@@YA?AW4developer_information_policy@@W4AppPolicyShowDeveloperDiagnostic@@@Z@4JA 0000000180084ae8     libucrt:win_policies.obj
 0003:00001aec       ?state_cache@?1???$get_cached_win_policy@Uwindowing_model_policy_properties@?1??__acrt_get_windowing_model_policy@@YA?AW4windowing_model_policy@@XZ@@@YA?AW4windowing_model_policy@@W4AppPolicyWindowingModel@@@Z@4JA 0000000180084aec     libucrt:win_policies.obj
 0003:00001af0       ?__acrt_invalid_parameter_handler@@3V?$dual_state_global@P6AXPEB_W00I_K@Z@__crt_state_management@@A 0000000180084af0     libucrt:invalid_parameter.obj
 0003:00001b18       ?fSystemSet@@3HA           0000000180084b18     libucrt:mbctype.obj
 0003:00001b21       ?initialized@?1??__acrt_initialize_multibyte@@9@4_NA 0000000180084b21     libucrt:mbctype.obj
 0003:00001b90       ?module_handles@@3PAPEAUHINSTANCE__@@A 0000000180084b90     libucrt:winapi_thunks.obj
 0003:00001c30       ?encoded_function_pointers@@3PAPEAXA 0000000180084c30     libucrt:winapi_thunks.obj
 0003:00001d98       ?static_enum_proc@?1??enum_system_locales_ex_nolock@@YAHQ6AHPEA_WK_J@Z@Z@4P6AH0K1@ZEA 0000000180084d98     libucrt:winapi_thunks.obj
 0003:00002290       ?__acrt_new_handler@@3V?$dual_state_global@P6AH_K@Z@__crt_state_management@@A 0000000180085290     libucrt:new_handler.obj
 0003:00002299       ?console_ctrl_handler_installed@@3_NA 0000000180085299     libucrt:signal.obj
 0003:000022a0       ?ctrlc_action@@3V?$dual_state_global@P6AXH@Z@__crt_state_management@@A 00000001800852a0     libucrt:signal.obj
 0003:000022a8       ?ctrlbreak_action@@3V?$dual_state_global@P6AXH@Z@__crt_state_management@@A 00000001800852a8     libucrt:signal.obj
 0003:000022b0       ?abort_action@@3V?$dual_state_global@P6AXH@Z@__crt_state_management@@A 00000001800852b0     libucrt:signal.obj
 0003:000022b8       ?term_action@@3V?$dual_state_global@P6AXH@Z@__crt_state_management@@A 00000001800852b8     libucrt:signal.obj
 0003:000022c8       ?user_matherr@@3V?$dual_state_global@P6AHPEAU_exception@@@Z@__crt_state_management@@A 00000001800852c8     libucrt:matherr.obj
 0003:00002320       ?internal_state@?1??_mbtowc_l@@9@4U_Mbstatet@@A 0000000180085320     libucrt:mbtowc.obj
 0003:00002330       ?enable_percent_n@@3_KA    0000000180085330     libucrt:printf_count_output.obj
 0003:00002340       ?__acrt_global_new_mode@@3V?$dual_state_global@J@__crt_state_management@@A 0000000180085340     libucrt:new_mode.obj
 0003:00002350       ?mbst@?1??mbrlen@@9@4U_Mbstatet@@A 0000000180085350     libucrt:mbrtowc.obj
 0003:00002360       ?mbst@?1??mbrtowc@@9@4U_Mbstatet@@A 0000000180085360     libucrt:mbrtowc.obj
 0003:00002370       ?mbst@?1??_mbsrtowcs_helper@@YA_KPEA_WPEAPEBD_KPEAU_Mbstatet@@@Z@4U2@A 0000000180085370     libucrt:mbrtowc.obj
 0003:0000237c       ?__acrt_app_type@@3W4_crt_app_type@@A 000000018008537c     libucrt:report_runtime_error.obj
 0003:00002380       ?outmsg@?9??__acrt_report_runtime_error@@9@4PA_WA 0000000180085380     libucrt:report_runtime_error.obj
 0003:00002ae8       ?internal_pst@?1??__mbrtoc32_utf8@__crt_mbstring@@YA_KPEA_UPEBD_KPEAU_Mbstatet@@@Z@4U3@A 0000000180085ae8     libucrt:mbrtoc32.obj
 0003:00002af4       __acrt_error_mode          0000000180085af4     libucrt:set_error_mode.obj
 0003:00002b00       GS_ExceptionRecord         0000000180085b00     LIBCMT:gs_report.obj
 0003:00002ba0       GS_ContextRecord           0000000180085ba0     LIBCMT:gs_report.obj
 0005:00000860       .idata$6                   000000018008c860     kernel32:KERNEL32.dll
 0007:00000000       MsetTab                    000000018008e000     libvcruntime:memset.obj
 0007:00000060       MoveSmall                  000000018008e060     libvcruntime:memcpy.obj
 0007:000000a0       MoveSmallYmm               000000018008e0a0     libvcruntime:memcpy.obj
 0007:000000c4       MoveSmallYmmNT             000000018008e0c4     libvcruntime:memcpy.obj
 0007:000000e8       MoveSmallXmm               000000018008e0e8     libvcruntime:memcpy.obj
