 engine

 Timestamp is 610aaefa (Wed Aug  4 18:15:06 2021)

 Preferred load address is 0000000180000000

 Start         Length     Name                   Class
 0001:00000000 0004d180H .text$mn                CODE
 0001:0004d180 00000040H .text$mn$00             CODE
 0001:0004d1c0 000009f0H .text$x                 CODE
 0002:00000000 000002a8H .idata$5                DATA
 0002:000002a8 00000028H .00cfg                  DATA
 0002:000002d0 00000008H .CRT$XCA                DATA
 0002:000002d8 00000008H .CRT$XCZ                DATA
 0002:000002e0 00000008H .CRT$XIA                DATA
 0002:000002e8 00000018H .CRT$XIC                DATA
 0002:00000300 00000008H .CRT$XIZ                DATA
 0002:00000308 00000008H .CRT$XPA                DATA
 0002:00000310 00000010H .CRT$XPX                DATA
 0002:00000320 00000008H .CRT$XPXA               DATA
 0002:00000328 00000008H .CRT$XPZ                DATA
 0002:00000330 00000008H .CRT$XTA                DATA
 0002:00000338 00000008H .CRT$XTZ                DATA
 0002:00000340 00000000H .gehcont$y              DATA
 0002:00000340 00000000H .gfids$y                DATA
 0002:00000340 0000ae40H .rdata                  DATA
 0002:0000b180 00000008H .rdata$CastGuardVftablesA DATA
 0002:0000b188 00000008H .rdata$CastGuardVftablesC DATA
 0002:0000b190 00000464H .rdata$r                DATA
 0002:0000b5f4 000001b0H .rdata$voltmd           DATA
 0002:0000b7a4 00000364H .rdata$zzzdbg           DATA
 0002:0000bb08 00000008H .rtc$IAA                DATA
 0002:0000bb10 00000008H .rtc$IZZ                DATA
 0002:0000bb18 00000008H .rtc$TAA                DATA
 0002:0000bb20 00000008H .rtc$TZZ                DATA
 0002:0000bb28 00005378H .xdata                  DATA
 0002:00010ea0 00000090H .xdata$x                DATA
 0002:00010f30 00000070H .edata                  DATA
 0002:00010fa0 00000014H .idata$2                DATA
 0002:00010fb4 00000014H .idata$3                DATA
 0002:00010fc8 000002a8H .idata$4                DATA
 0002:00011270 00000640H .idata$6                DATA
 0003:00000000 00000a60H .data                   DATA
 0003:00000a60 00000078H .data$r                 DATA
 0003:00000ad8 000000f8H .data$rs                DATA
 0003:00000bd0 00001a60H .bss                    DATA
 0004:00000000 00004680H .pdata                  DATA
 0005:00000000 000000fcH _RDATA                  DATA

  Address         Publics by Value              Rva+Base               Lib:Object

 0000:00000000       __guard_iat_table          0000000000000000     <absolute>
 0000:00000000       __arm64x_extra_rfe_table_size 0000000000000000     <absolute>
 0000:00000000       __dynamic_value_reloc_table 0000000000000000     <absolute>
 0000:00000000       __arm64x_extra_rfe_table   0000000000000000     <absolute>
 0000:00000000       __x64_code_ranges_to_entry_points 0000000000000000     <absolute>
 0000:00000000       __guard_fids_count         0000000000000000     <absolute>
 0000:00000000       __guard_fids_table         0000000000000000     <absolute>
 0000:00000000       __hybrid_code_map_count    0000000000000000     <absolute>
 0000:00000000       __x64_code_ranges_to_entry_points_count 0000000000000000     <absolute>
 0000:00000000       __guard_check_icall_a64n_fptr 0000000000000000     <absolute>
 0000:00000000       ___safe_se_handler_table   0000000000000000     <absolute>
 0000:00000000       __hybrid_auxiliary_iat     0000000000000000     <absolute>
 0000:00000000       __hybrid_code_map          0000000000000000     <absolute>
 0000:00000000       __arm64x_redirection_metadata_count 0000000000000000     <absolute>
 0000:00000000       __guard_eh_cont_count      0000000000000000     <absolute>
 0000:00000000       __guard_longjmp_count      0000000000000000     <absolute>
 0000:00000000       ___safe_se_handler_count   0000000000000000     <absolute>
 0000:00000000       __guard_iat_count          0000000000000000     <absolute>
 0000:00000000       __arm64x_native_entrypoint 0000000000000000     <absolute>
 0000:00000000       __enclave_config           0000000000000000     <absolute>
 0000:00000000       __AbsoluteZero             0000000000000000     <absolute>
 0000:00000000       __hybrid_auxiliary_iat_copy 0000000000000000     <absolute>
 0000:00000000       __arm64x_redirection_metadata 0000000000000000     <absolute>
 0000:00000000       __guard_longjmp_table      0000000000000000     <absolute>
 0000:00000000       __guard_eh_cont_table      0000000000000000     <absolute>
 0000:00000100       __guard_flags              0000000000000100     <absolute>
 0000:00000000       __ImageBase                0000000180000000     <linker-defined>
 0001:00000000       ?GameUpdateAndRenderStub@@YAXPEAUgame_memory@@PEAUgame_input@@PEAUgame_offscreen_buffer@@@Z 0000000180001000 f   engine.obj
 0001:00000020       ?GameGetSoundSamplesStub@@YAXPEAUgame_memory@@PEAUgame_sound_output_buffer@@@Z 0000000180001020 f   engine.obj
 0001:00000260       GameUpdateAndRender        0000000180001260 f   engine.obj
 0001:000004c0       GameGetSoundSamples        00000001800014c0 f   engine.obj
 0001:00000500       ?GetController@@YAPEAUgame_controller_input@@PEAUgame_input@@I@Z 0000000180001500 f i engine.obj
 0001:00000880       _CRT_INIT                  0000000180001880 f   LIBCMT:dll_dllmain.obj
 0001:00000888       _DllMainCRTStartup         0000000180001888 f   LIBCMT:dll_dllmain.obj
 0001:00000934       __security_init_cookie     0000000180001934 f   LIBCMT:gs_support.obj
 0001:000009e0       DllMain                    00000001800019e0 f   LIBCMT:dll_dllmain_stub.obj
 0001:000009e8       ?__scrt_initialize_type_info@@YAXXZ 00000001800019e8 f   LIBCMT:tncleanup.obj
 0001:000009f8       ?__scrt_uninitialize_type_info@@YAXXZ 00000001800019f8 f   LIBCMT:tncleanup.obj
 0001:00000a04       __local_stdio_printf_options 0000000180001a04 f i LIBCMT:default_local_stdio_options.obj
 0001:00000a0c       __local_stdio_scanf_options 0000000180001a0c f i LIBCMT:default_local_stdio_options.obj
 0001:00000a14       __scrt_initialize_default_local_stdio_options 0000000180001a14 f   LIBCMT:default_local_stdio_options.obj
 0001:00000a30       ?configure_argv@__scrt_narrow_argv_policy@@SAHXZ 0000000180001a30 f i LIBCMT:utility.obj
 0001:00000a90       ?initialize_environment@__scrt_narrow_environment_policy@@SAHXZ 0000000180001a90 f i LIBCMT:utility.obj
 0001:00000ac8       NtCurrentTeb               0000000180001ac8 f i LIBCMT:utility.obj
 0001:00000ad4       __scrt_acquire_startup_lock 0000000180001ad4 f   LIBCMT:utility.obj
 0001:00000b10       __scrt_dllmain_after_initialize_c 0000000180001b10 f   LIBCMT:utility.obj
 0001:00000b44       __scrt_dllmain_before_initialize_c 0000000180001b44 f   LIBCMT:utility.obj
 0001:00000b5c       __scrt_dllmain_crt_thread_attach 0000000180001b5c f   LIBCMT:utility.obj
 0001:00000b84       __scrt_dllmain_crt_thread_detach 0000000180001b84 f   LIBCMT:utility.obj
 0001:00000b9c       __scrt_dllmain_exception_filter 0000000180001b9c f   LIBCMT:utility.obj
 0001:00000bfc       __scrt_dllmain_uninitialize_c 0000000180001bfc f   LIBCMT:utility.obj
 0001:00000c2c       __scrt_dllmain_uninitialize_critical 0000000180001c2c f   LIBCMT:utility.obj
 0001:00000c40       __scrt_initialize_crt      0000000180001c40 f   LIBCMT:utility.obj
 0001:00000c8c       __scrt_initialize_onexit_tables 0000000180001c8c f   LIBCMT:utility.obj
 0001:00000d18       __scrt_is_nonwritable_in_current_image 0000000180001d18 f   LIBCMT:utility.obj
 0001:00000db0       __scrt_release_startup_lock 0000000180001db0 f   LIBCMT:utility.obj
 0001:00000dd4       __scrt_uninitialize_crt    0000000180001dd4 f   LIBCMT:utility.obj
 0001:00000e00       _onexit                    0000000180001e00 f   LIBCMT:utility.obj
 0001:00000e3c       at_quick_exit              0000000180001e3c f   LIBCMT:utility.obj
 0001:00000e5c       atexit                     0000000180001e5c f   LIBCMT:utility.obj
 0001:00000e74       __scrt_get_dyn_tls_init_callback 0000000180001e74 f   LIBCMT:dyn_tls_init.obj
 0001:00000e7c       __crt_debugger_hook        0000000180001e7c f   LIBCMT:utility_desktop.obj
 0001:00000e84       __scrt_fastfail            0000000180001e84 f   LIBCMT:utility_desktop.obj
 0001:00000fd0       __scrt_get_show_window_mode 0000000180001fd0 f   LIBCMT:utility_desktop.obj
 0001:0000100c       __scrt_initialize_mta      000000018000200c f   LIBCMT:utility_desktop.obj
 0001:00001014       __scrt_initialize_winrt    0000000180002014 f   LIBCMT:utility_desktop.obj
 0001:00001018       __scrt_is_managed_app      0000000180002018 f   LIBCMT:utility_desktop.obj
 0001:0000106c       __scrt_set_unhandled_exception_filter 000000018000206c f   LIBCMT:utility_desktop.obj
 0001:0000107c       __scrt_exe_initialize_mta  000000018000207c f   LIBCMT:utility_desktop.obj
 0001:0000107c       __scrt_stub_for_initialize_mta 000000018000207c f   LIBCMT:utility_desktop.obj
 0001:00001080       __scrt_unhandled_exception_filter 0000000180002080 f   LIBCMT:utility_desktop.obj
 0001:000010dc       _RTC_Initialize            00000001800020dc f   LIBCMT:initsect.obj
 0001:00001118       _RTC_Terminate             0000000180002118 f   LIBCMT:initsect.obj
 0001:00001154       _guard_check_icall_nop     0000000180002154 f i LIBCMT:guard_support.obj
 0001:00001158       ReadNoFence64              0000000180002158 f i LIBCMT:guard_support.obj
 0001:0000115c       ReadPointerNoFence         000000018000215c f i LIBCMT:guard_support.obj
 0001:00001160       __castguard_check_failure_debugbreak 0000000180002160 f i LIBCMT:guard_support.obj
 0001:0000117c       __castguard_check_failure_fastfail 000000018000217c f i LIBCMT:guard_support.obj
 0001:000011a0       __castguard_check_failure_nop 00000001800021a0 f i LIBCMT:guard_support.obj
 0001:000011a4       __castguard_check_failure_os_handled 00000001800021a4 f i LIBCMT:guard_support.obj
 0001:00001204       __castguard_slow_path_check_debugbreak 0000000180002204 f i LIBCMT:guard_support.obj
 0001:00001238       __castguard_slow_path_check_fastfail 0000000180002238 f i LIBCMT:guard_support.obj
 0001:00001274       __castguard_slow_path_check_nop 0000000180002274 f i LIBCMT:guard_support.obj
 0001:00001278       __castguard_slow_path_check_os_handled 0000000180002278 f i LIBCMT:guard_support.obj
 0001:000012ec       _guard_icall_checks_enforced 00000001800022ec f i LIBCMT:guard_support.obj
 0001:00001304       _guard_rf_checks_enforced  0000000180002304 f i LIBCMT:guard_support.obj
 0001:00001308       __isa_available_init       0000000180002308 f   LIBCMT:cpu_disp.obj
 0001:000014ac       _get_startup_argv_mode     00000001800024ac f   LIBCMT:argv_mode.obj
 0001:000014b4       __scrt_is_ucrt_dll_in_use  00000001800024b4 f   LIBCMT:ucrt_detection.obj
 0001:000014c0       QueryPerformanceCounter    00000001800024c0 f   kernel32:KERNEL32.dll
 0001:000014c6       GetCurrentProcessId        00000001800024c6 f   kernel32:KERNEL32.dll
 0001:000014cc       GetCurrentThreadId         00000001800024cc f   kernel32:KERNEL32.dll
 0001:000014d2       GetSystemTimeAsFileTime    00000001800024d2 f   kernel32:KERNEL32.dll
 0001:000014d8       InitializeSListHead        00000001800024d8 f   kernel32:KERNEL32.dll
 0001:000014de       RtlCaptureContext          00000001800024de f   kernel32:KERNEL32.dll
 0001:000014e4       RtlLookupFunctionEntry     00000001800024e4 f   kernel32:KERNEL32.dll
 0001:000014ea       RtlVirtualUnwind           00000001800024ea f   kernel32:KERNEL32.dll
 0001:000014f0       IsDebuggerPresent          00000001800024f0 f   kernel32:KERNEL32.dll
 0001:000014f6       UnhandledExceptionFilter   00000001800024f6 f   kernel32:KERNEL32.dll
 0001:000014fc       SetUnhandledExceptionFilter 00000001800024fc f   kernel32:KERNEL32.dll
 0001:00001502       GetStartupInfoW            0000000180002502 f   kernel32:KERNEL32.dll
 0001:00001508       IsProcessorFeaturePresent  0000000180002508 f   kernel32:KERNEL32.dll
 0001:0000150e       GetModuleHandleW           000000018000250e f   kernel32:KERNEL32.dll
 0001:00001514       __C_specific_handler       0000000180002514 f   libvcruntime:riscchandler.obj
 0001:00001730       ??$?RD@__crt_internal_free_policy@@QEBAXQEBD@Z 0000000180002730 f i libvcruntime:std_type_info.obj
 0001:00001738       ??$?RX@__crt_internal_free_policy@@QEBAXQEBX@Z 0000000180002738 f i libvcruntime:std_type_info.obj
 0001:00001740       ??$__crt_interlocked_compare_exchange_pointer@$$CBDPEAD$$T@@YAPEBDPEDSEBDQEAD$$T@Z 0000000180002740 f i libvcruntime:std_type_info.obj
 0001:0000174c       ??$__crt_interlocked_read_pointer@$$CBD@@YAPEBDPEDSEBD@Z 000000018000274c f i libvcruntime:std_type_info.obj
 0001:00001754       ??0?$__crt_unique_heap_ptr@DU__crt_internal_free_policy@@@@QEAA@QEAD@Z 0000000180002754 f i libvcruntime:std_type_info.obj
 0001:0000175c       ??0?$__crt_unique_heap_ptr@XU__crt_internal_free_policy@@@@QEAA@QEAX@Z 000000018000275c f i libvcruntime:std_type_info.obj
 0001:00001764       ??1?$__crt_unique_heap_ptr@DU__crt_internal_free_policy@@@@QEAA@XZ 0000000180002764 f i libvcruntime:std_type_info.obj
 0001:00001780       ??1?$__crt_unique_heap_ptr@XU__crt_internal_free_policy@@@@QEAA@XZ 0000000180002780 f i libvcruntime:std_type_info.obj
 0001:0000179c       ??B?$__crt_unique_heap_ptr@DU__crt_internal_free_policy@@@@QEBA_NXZ 000000018000279c f i libvcruntime:std_type_info.obj
 0001:000017a4       ??B?$__crt_unique_heap_ptr@XU__crt_internal_free_policy@@@@QEBA_NXZ 00000001800027a4 f i libvcruntime:std_type_info.obj
 0001:000017cc       ?__crt_interlocked_read_64@@YA_JPED_J@Z 00000001800027cc f i libvcruntime:std_type_info.obj
 0001:000017d4       ?detach@?$__crt_unique_heap_ptr@XU__crt_internal_free_policy@@@@QEAAPEAXXZ 00000001800027d4 f i libvcruntime:std_type_info.obj
 0001:000017dc       ?get@?$__crt_unique_heap_ptr@DU__crt_internal_free_policy@@@@QEBAPEADXZ 00000001800027dc f i libvcruntime:std_type_info.obj
 0001:000017e0       ?get@?$__crt_unique_heap_ptr@XU__crt_internal_free_policy@@@@QEBAPEAXXZ 00000001800027e0 f i libvcruntime:std_type_info.obj
 0001:000017e4       ?is_valid@?$__crt_unique_heap_ptr@DU__crt_internal_free_policy@@@@QEBA_NXZ 00000001800027e4 f i libvcruntime:std_type_info.obj
 0001:000017ec       ?is_valid@?$__crt_unique_heap_ptr@XU__crt_internal_free_policy@@@@QEBA_NXZ 00000001800027ec f i libvcruntime:std_type_info.obj
 0001:000017f4       ?release@?$__crt_unique_heap_ptr@DU__crt_internal_free_policy@@@@QEAAXXZ 00000001800027f4 f i libvcruntime:std_type_info.obj
 0001:00001810       ?release@?$__crt_unique_heap_ptr@XU__crt_internal_free_policy@@@@QEAAXXZ 0000000180002810 f i libvcruntime:std_type_info.obj
 0001:0000182c       __std_type_info_compare    000000018000282c f   libvcruntime:std_type_info.obj
 0001:00001854       __std_type_info_destroy_list 0000000180002854 f   libvcruntime:std_type_info.obj
 0001:00001880       __std_type_info_hash       0000000180002880 f   libvcruntime:std_type_info.obj
 0001:000018b8       __std_type_info_name       00000001800028b8 f   libvcruntime:std_type_info.obj
 0001:000019d0       __vcrt_initialize          00000001800029d0 f   libvcruntime:initialization.obj
 0001:000019f8       __vcrt_thread_attach       00000001800029f8 f   libvcruntime:initialization.obj
 0001:00001a0c       __vcrt_thread_detach       0000000180002a0c f   libvcruntime:initialization.obj
 0001:00001a20       __vcrt_uninitialize        0000000180002a20 f   libvcruntime:initialization.obj
 0001:00001a3c       __vcrt_uninitialize_critical 0000000180002a3c f   libvcruntime:initialization.obj
 0001:00001a50       __DestructExceptionObject  0000000180002a50 f   libvcruntime:ehhelpers.obj
 0001:00001ac0       ?_CallMemberFunction0@@YAXQEAX0@Z 0000000180002ac0 f i libvcruntime:ehhelpers.obj
 0001:00001b1c       ?raw_name@type_info@@QEBAPEBDXZ 0000000180002b1c f i libvcruntime:ehhelpers.obj
 0001:00001b24       _IsExceptionObjectToBeDestroyed 0000000180002b24 f   libvcruntime:ehhelpers.obj
 0001:00001b54       _SetWinRTOutOfMemoryExceptionCallback 0000000180002b54 f   libvcruntime:ehhelpers.obj
 0001:00001b5c       __AdjustPointer            0000000180002b5c f   libvcruntime:ehhelpers.obj
 0001:00001b80       __FrameUnwindFilter        0000000180002b80 f   libvcruntime:ehhelpers.obj
 0001:00001be8       __GetPlatformExceptionInfo 0000000180002be8 f   libvcruntime:ehhelpers.obj
 0001:00001c44       __current_exception        0000000180002c44 f   libvcruntime:ehhelpers.obj
 0001:00001c58       __current_exception_context 0000000180002c58 f   libvcruntime:ehhelpers.obj
 0001:00001c6c       __processing_throw         0000000180002c6c f   libvcruntime:ehhelpers.obj
 0001:00001c80       __std_terminate            0000000180002c80 f   libvcruntime:ehhelpers.obj
 0001:00001c8c       _is_exception_typeof       0000000180002c8c f   libvcruntime:ehhelpers.obj
 0001:00001d50       memset_repmovs             0000000180002d50 f   libvcruntime:memset.obj
 0001:00001d70       memset                     0000000180002d70 f   libvcruntime:memset.obj
 0001:00001f10       _NLG_Notify                0000000180002f10 f   libvcruntime:notify.obj
 0001:00001f30       __NLG_Dispatch2            0000000180002f30 f   libvcruntime:notify.obj
 0001:00001f40       __NLG_Return2              0000000180002f40 f   libvcruntime:notify.obj
 0001:00001f4c       __except_validate_context_record 0000000180002f4c f   libvcruntime:jbcxrval.obj
 0001:00001f84       __except_validate_jump_buffer 0000000180002f84 f   libvcruntime:jbcxrval.obj
 0001:00001fc4       __except_validate_jump_buffer_common 0000000180002fc4 f i libvcruntime:jbcxrval.obj
 0001:00002020       ??$?0$00@DName@@QEAA@PEBDU?$StringLifeSelector@$00@@@Z 0000000180003020 f i libvcruntime:undname.obj
 0001:00002060       ??$?0$00@pcharNode@@QEAA@PEBDHU?$StringLifeSelector@$00@@@Z 0000000180003060 f i libvcruntime:undname.obj
 0001:00002078       ??$?0$01@DName@@QEAA@PEBDU?$StringLifeSelector@$01@@@Z 0000000180003078 f i libvcruntime:undname.obj
 0001:000020b8       ??$?0$01@pcharNode@@QEAA@PEBDHU?$StringLifeSelector@$01@@@Z 00000001800030b8 f i libvcruntime:undname.obj
 0001:0000212c       ??$?0$0A@@DName@@QEAA@PEBDU?$StringLifeSelector@$0A@@@@Z 000000018000312c f i libvcruntime:undname.obj
 0001:0000216c       ??$?0$0A@@pcharNode@@QEAA@PEBDHU?$StringLifeSelector@$0A@@@@Z 000000018000316c f i libvcruntime:undname.obj
 0001:000021e0       ??$?0_K$0A@@?$optional@_K@std@@QEAA@$$QEA_K@Z 00000001800031e0 f i libvcruntime:undname.obj
 0001:000021f0       ??$?0_K@?$_Optional_construct_base@_K@std@@QEAA@Uin_place_t@1@$$QEA_K@Z 00000001800031f0 f i libvcruntime:undname.obj
 0001:00002200       ??$?0_K@?$_Optional_destruct_base@_K$00@std@@QEAA@Uin_place_t@1@$$QEA_K@Z 0000000180003200 f i libvcruntime:undname.obj
 0001:00002210       ??$append@VDNameNode@@@DName@@AEAAXPEBVDNameNode@@@Z 0000000180003210 f i libvcruntime:undname.obj
 0001:00002274       ??$append@VDNameStatusNode@@@DName@@AEAAXPEBVDNameStatusNode@@@Z 0000000180003274 f i libvcruntime:undname.obj
 0001:000022d8       ??$append@VcharNode@@@DName@@AEAAXPEBVcharNode@@@Z 00000001800032d8 f i libvcruntime:undname.obj
 0001:0000233c       ??$append@VpDNameNode@@@DName@@AEAAXPEBVpDNameNode@@@Z 000000018000333c f i libvcruntime:undname.obj
 0001:000023a0       ??$append@VpcharNode@@@DName@@AEAAXPEBVpcharNode@@@Z 00000001800033a0 f i libvcruntime:undname.obj
 0001:00002404       ??$doPchar@$00@DName@@AEAAXPEBDH@Z 0000000180003404 f i libvcruntime:undname.obj
 0001:000024a8       ??$doPchar@$01@DName@@AEAAXPEBDH@Z 00000001800034a8 f i libvcruntime:undname.obj
 0001:00002540       ??$doPchar@$0A@@DName@@AEAAXPEBDH@Z 0000000180003540 f i libvcruntime:undname.obj
 0001:000025d8       ??$forward@_K@std@@YA$$QEA_KAEA_K@Z 00000001800035d8 f i libvcruntime:undname.obj
 0001:000025dc       ??$size@D$04@std@@YA_KAEAY04$$CBD@Z 00000001800035dc f i libvcruntime:undname.obj
 0001:000025e4       ??$size@D$0EB@@std@@YA_KAEAY0EB@$$CBD@Z 00000001800035e4 f i libvcruntime:undname.obj
 0001:000025ec       ??0?$_Optional_construct_base@_K@std@@QEAA@XZ 00000001800035ec f i libvcruntime:undname.obj
 0001:000025f4       ??0?$_Optional_destruct_base@_K$00@std@@QEAA@XZ 00000001800035f4 f i libvcruntime:undname.obj
 0001:000025fc       ??0?$optional@_K@std@@QEAA@XZ 00000001800035fc f i libvcruntime:undname.obj
 0001:00002604       ??0Block@_HeapManager@@QEAA@XZ 0000000180003604 f i libvcruntime:undname.obj
 0001:0000260c       ??0DName@@QEAA@AEAPEBDD@Z  000000018000360c f   libvcruntime:undname.obj
 0001:000026bc       ??0DName@@QEAA@AEBUStringLiteral@@@Z 00000001800036bc f   libvcruntime:undname.obj
 0001:000026e8       ??0DName@@QEAA@AEBV0@@Z    00000001800036e8 f i libvcruntime:undname.obj
 0001:000026f8       ??0DName@@QEAA@D@Z         00000001800036f8 f   libvcruntime:undname.obj
 0001:00002718       ??0DName@@QEAA@PEAV0@@Z    0000000180003718 f   libvcruntime:undname.obj
 0001:0000279c       ??0DName@@QEAA@W4DNameStatus@@@Z 000000018000379c f   libvcruntime:undname.obj
 0001:000027cc       ??0DName@@QEAA@XZ          00000001800037cc f i libvcruntime:undname.obj
 0001:000027d8       ??0DName@@QEAA@_J@Z        00000001800037d8 f   libvcruntime:undname.obj
 0001:00002880       ??0DName@@QEAA@_K@Z        0000000180003880 f   libvcruntime:undname.obj
 0001:00002908       ??0DNameNode@@IEAA@XZ      0000000180003908 f i libvcruntime:undname.obj
 0001:00002918       ??0Replicator@@QEAA@XZ     0000000180003918 f i libvcruntime:undname.obj
 0001:0000292c       ??0UnDecorator@@QEAA@PEBDP6APEADJ@ZK@Z 000000018000392c f i libvcruntime:undname.obj
 0001:0000297c       ??0_Nontrivial_dummy_type@std@@QEAA@XZ 000000018000397c f i libvcruntime:undname.obj
 0001:00002980       ??0charNode@@QEAA@D@Z      0000000180003980 f i libvcruntime:undname.obj
 0001:00002994       ??0pDNameNode@@QEAA@PEAVDName@@@Z 0000000180003994 f   libvcruntime:undname.obj
 0001:000029bc       ??0pairNode@@QEAA@PEBVDNameNode@@0@Z 00000001800039bc f i libvcruntime:undname.obj
 0001:000029e0       ??2@YAPEAX_KAEAV_HeapManager@@H@Z 00000001800039e0 f   libvcruntime:undname.obj
 0001:00002a0c       ??4DName@@QEAAAEAV0@AEBUStringLiteral@@@Z 0000000180003a0c f   libvcruntime:undname.obj
 0001:00002a34       ??4DName@@QEAAAEAV0@AEBV0@@Z 0000000180003a34 f   libvcruntime:undname.obj
 0001:00002a44       ??4DName@@QEAAAEAV0@D@Z    0000000180003a44 f i libvcruntime:undname.obj
 0001:00002a64       ??4DName@@QEAAAEAV0@PEAV0@@Z 0000000180003a64 f   libvcruntime:undname.obj
 0001:00002adc       ??4DName@@QEAAAEAV0@W4DNameStatus@@@Z 0000000180003adc f   libvcruntime:undname.obj
 0001:00002afc       ??AReplicator@@QEBA?AVDName@@H@Z 0000000180003afc f   libvcruntime:undname.obj
 0001:00002b3c       ??B?$optional@_K@std@@QEBA_NXZ 0000000180003b3c f i libvcruntime:undname.obj
 0001:00002b40       ??D?$optional@_K@std@@QEGAAAEA_KXZ 0000000180003b40 f i libvcruntime:undname.obj
 0001:00002b44       ??H@YA?AVDName@@AEBUStringLiteral@@AEBV0@@Z 0000000180003b44 f i libvcruntime:undname.obj
 0001:00002b7c       ??H@YA?AVDName@@DAEBV0@@Z  0000000180003b7c f i libvcruntime:undname.obj
 0001:00002bc0       ??H@YA?AVDName@@W4DNameStatus@@AEBV0@@Z 0000000180003bc0 f i libvcruntime:undname.obj
 0001:00002c0c       ??HDName@@QEBA?AV0@AEBUStringLiteral@@@Z 0000000180003c0c f   libvcruntime:undname.obj
 0001:00002c38       ??HDName@@QEBA?AV0@AEBV0@@Z 0000000180003c38 f   libvcruntime:undname.obj
 0001:00002c64       ??HDName@@QEBA?AV0@D@Z     0000000180003c64 f   libvcruntime:undname.obj
 0001:00002c90       ??HDName@@QEBA?AV0@PEAV0@@Z 0000000180003c90 f   libvcruntime:undname.obj
 0001:00002cbc       ??HDName@@QEBA?AV0@W4DNameStatus@@@Z 0000000180003cbc f   libvcruntime:undname.obj
 0001:00002ce8       ??HStringLiteral@@QEBA?AU0@H@Z 0000000180003ce8 f i libvcruntime:undname.obj
 0001:00002d00       ??YDName@@QEAAAEAV0@AEBUStringLiteral@@@Z 0000000180003d00 f   libvcruntime:undname.obj
 0001:00002d80       ??YDName@@QEAAAEAV0@AEBV0@@Z 0000000180003d80 f   libvcruntime:undname.obj
 0001:00002e34       ??YDName@@QEAAAEAV0@D@Z    0000000180003e34 f   libvcruntime:undname.obj
 0001:00002ea0       ??YDName@@QEAAAEAV0@PEAV0@@Z 0000000180003ea0 f   libvcruntime:undname.obj
 0001:00002f34       ??YDName@@QEAAAEAV0@W4DNameStatus@@@Z 0000000180003f34 f   libvcruntime:undname.obj
 0001:00002fa0       ??YReplicator@@QEAAAEAV0@AEBVDName@@@Z 0000000180003fa0 f   libvcruntime:undname.obj
 0001:00002ff8       ??_5DName@@QEAAAEAV0@AEBV0@@Z 0000000180003ff8 f   libvcruntime:undname.obj
 0001:0000300c       ??__K_l@@YA?AUStringLiteral@@PEBD_K@Z 000000018000400c f i libvcruntime:undname.obj
 0001:00003018       ?Constructor@_HeapManager@@QEAAXP6APEAX_K@ZP6AXPEAX@Z@Z 0000000180004018 f i libvcruntime:undname.obj
 0001:00003030       ?Destructor@_HeapManager@@QEAAXXZ 0000000180004030 f i libvcruntime:undname.obj
 0001:00003084       ?UScore@UnDecorator@@SA?AUStringLiteral@@W4Tokens@@@Z 0000000180004084 f   libvcruntime:undname.obj
 0001:000030d0       ?composeDeclaration@UnDecorator@@CA?AVDName@@AEBV2@@Z 00000001800040d0 f i libvcruntime:undname.obj
 0001:00003f78       ?doAccessSpecifiers@UnDecorator@@SAHXZ 0000000180004f78 f i libvcruntime:undname.obj
 0001:00003f88       ?doAllocationLanguage@UnDecorator@@SAHXZ 0000000180004f88 f i libvcruntime:undname.obj
 0001:00003f98       ?doAllocationModel@UnDecorator@@SAHXZ 0000000180004f98 f i libvcruntime:undname.obj
 0001:00003fa8       ?doEcsu@UnDecorator@@SAHXZ 0000000180004fa8 f i libvcruntime:undname.obj
 0001:00003fb8       ?doEllipsis@UnDecorator@@SAHXZ 0000000180004fb8 f i libvcruntime:undname.obj
 0001:00003fc8       ?doFunctionReturns@UnDecorator@@SAHXZ 0000000180004fc8 f i libvcruntime:undname.obj
 0001:00003fd8       ?doMSKeywords@UnDecorator@@SAHXZ 0000000180004fd8 f i libvcruntime:undname.obj
 0001:00003fe8       ?doMemberTypes@UnDecorator@@SAHXZ 0000000180004fe8 f i libvcruntime:undname.obj
 0001:00003ff8       ?doNameOnly@UnDecorator@@SAHXZ 0000000180004ff8 f i libvcruntime:undname.obj
 0001:00004004       ?doNoIdentCharCheck@UnDecorator@@SAHXZ 0000000180005004 f i libvcruntime:undname.obj
 0001:00004010       ?doPchar@DName@@AEAAXD@Z   0000000180005010 f   libvcruntime:undname.obj
 0001:00004060       ?doPtr64@UnDecorator@@SAHXZ 0000000180005060 f i libvcruntime:undname.obj
 0001:00004070       ?doRestrictionSpec@UnDecorator@@SAHXZ 0000000180005070 f i libvcruntime:undname.obj
 0001:00004080       ?doThisTypes@UnDecorator@@SAHXZ 0000000180005080 f i libvcruntime:undname.obj
 0001:00004094       ?doThrowTypes@UnDecorator@@SAHXZ 0000000180005094 f i libvcruntime:undname.obj
 0001:000040a4       ?doTypeOnly@UnDecorator@@SAHXZ 00000001800050a4 f i libvcruntime:undname.obj
 0001:000040b0       ?doUnderScore@UnDecorator@@SAHXZ 00000001800050b0 f i libvcruntime:undname.obj
 0001:000040bc       ?getAddressOf@UnDecorator@@CA?AVDName@@XZ 00000001800050bc f   libvcruntime:undname.obj
 0001:0000414c       ?getArgumentList@UnDecorator@@CA?AVDName@@XZ 000000018000514c f   libvcruntime:undname.obj
 0001:000042e0       ?getArgumentTypes@UnDecorator@@CA?AVDName@@XZ 00000001800052e0 f   libvcruntime:undname.obj
 0001:0000443c       ?getArrayAccess@UnDecorator@@CA?AVDName@@XZ 000000018000543c f   libvcruntime:undname.obj
 0001:000044d8       ?getArrayObject@UnDecorator@@CA?AVDName@@XZ 00000001800054d8 f   libvcruntime:undname.obj
 0001:000045a0       ?getArrayType@UnDecorator@@CA?AVDName@@AEBV2@@Z 00000001800055a0 f i libvcruntime:undname.obj
 0001:000047e8       ?getBasedType@UnDecorator@@CA?AVDName@@XZ 00000001800057e8 f   libvcruntime:undname.obj
 0001:000048e0       ?getBasicDataType@UnDecorator@@CA?AVDName@@AEBV2@@Z 00000001800058e0 f   libvcruntime:undname.obj
 0001:00004e90       ?getCHPEName@UnDecorator@@QEAAPEADPEADH@Z 0000000180005e90 f i libvcruntime:undname.obj
 0001:00004fb0       ?getCallIndex@UnDecorator@@CA?AVDName@@XZ 0000000180005fb0 f i libvcruntime:undname.obj
 0001:00004fcc       ?getCallingConvention@UnDecorator@@CA?AVDName@@XZ 0000000180005fcc f   libvcruntime:undname.obj
 0001:0000510c       ?getDataIndirectType@UnDecorator@@CA?AVDName@@AEBV2@W4IndirectionKind@@0H@Z 000000018000610c f   libvcruntime:undname.obj
 0001:000059a4       ?getDataIndirectType@UnDecorator@@CA?AVDName@@XZ 00000001800069a4 f i libvcruntime:undname.obj
 0001:000059e0       ?getDataType@UnDecorator@@CA?AVDName@@PEAV2@@Z 00000001800069e0 f   libvcruntime:undname.obj
 0001:00005af4       ?getDecoratedName@UnDecorator@@CA?AVDName@@XZ 0000000180006af4 f   libvcruntime:undname.obj
 0001:00005dd8       ?getDimension@UnDecorator@@CA?AVDName@@_N@Z 0000000180006dd8 f   libvcruntime:undname.obj
 0001:00005f24       ?getDispatchTarget@UnDecorator@@CA?AVDName@@XZ 0000000180006f24 f   libvcruntime:undname.obj
 0001:00005f70       ?getDisplacement@UnDecorator@@CA?AVDName@@XZ 0000000180006f70 f i libvcruntime:undname.obj
 0001:00005f8c       ?getECSUDataType@UnDecorator@@CA?AVDName@@XZ 0000000180006f8c f   libvcruntime:undname.obj
 0001:0000616c       ?getECSUName@UnDecorator@@CA?AVDName@@XZ 000000018000716c f i libvcruntime:undname.obj
 0001:00006184       ?getEnumType@UnDecorator@@CA?AVDName@@XZ 0000000180007184 f i libvcruntime:undname.obj
 0001:000062b4       ?getExtendedDataIndirectType@UnDecorator@@CA?AVDName@@AEAW4IndirectionKind@@AEA_NH@Z 00000001800072b4 f   libvcruntime:undname.obj
 0001:000064bc       ?getExternalDataType@UnDecorator@@CA?AVDName@@AEBV2@@Z 00000001800074bc f i libvcruntime:undname.obj
 0001:0000657c       ?getFloatingPoint@UnDecorator@@CA?AVDName@@H@Z 000000018000757c f   libvcruntime:undname.obj
 0001:000066a4       ?getFunctionIndirectType@UnDecorator@@CA?AVDName@@AEBV2@@Z 00000001800076a4 f   libvcruntime:undname.obj
 0001:00006bdc       ?getGuardNumber@UnDecorator@@CA?AVDName@@XZ 0000000180007bdc f i libvcruntime:undname.obj
 0001:00006bf8       ?getLastChar@DName@@QEBADXZ 0000000180007bf8 f i libvcruntime:undname.obj
 0001:00006c14       ?getLastChar@DNameStatusNode@@UEBADXZ 0000000180007c14 f i libvcruntime:undname.obj
 0001:00006c20       ?getLastChar@charNode@@UEBADXZ 0000000180007c20 f i libvcruntime:undname.obj
 0001:00006c24       ?getLastChar@pDNameNode@@UEBADXZ 0000000180007c24 f i libvcruntime:undname.obj
 0001:00006c50       ?getLastChar@pairNode@@UEBADXZ 0000000180007c50 f i libvcruntime:undname.obj
 0001:00006c88       ?getLastChar@pcharNode@@UEBADXZ 0000000180007c88 f i libvcruntime:undname.obj
 0001:00006c9c       ?getLexicalFrame@UnDecorator@@CA?AVDName@@XZ 0000000180007c9c f i libvcruntime:undname.obj
 0001:00006d00       ?getMemberAccess@UnDecorator@@CA?AVDName@@XZ 0000000180007d00 f   libvcruntime:undname.obj
 0001:00006d94       ?getMemoryWithBuffer@_HeapManager@@QEAAPEAX_K@Z 0000000180007d94 f   libvcruntime:undname.obj
 0001:00006e24       ?getMemoryWithoutBuffer@_HeapManager@@QEAAPEAX_K@Z 0000000180007e24 f   libvcruntime:undname.obj
 0001:00006e38       ?getNoexcept@UnDecorator@@CA?AVDName@@XZ 0000000180007e38 f   libvcruntime:undname.obj
 0001:00006e9c       ?getNumberOfDimensions@UnDecorator@@CAHXZ 0000000180007e9c f   libvcruntime:undname.obj
 0001:00006f10       ?getOperatorName@UnDecorator@@CA?AVDName@@_NPEA_N@Z 0000000180007f10 f i libvcruntime:undname.obj
 0001:00007904       ?getPointerToMember@UnDecorator@@CA?AVDName@@XZ 0000000180008904 f   libvcruntime:undname.obj
 0001:000079fc       ?getPointerType@UnDecorator@@CA?AVDName@@AEBV2@0@Z 00000001800089fc f i libvcruntime:undname.obj
 0001:00007a1c       ?getPointerTypeArray@UnDecorator@@CA?AVDName@@AEBV2@0@Z 0000000180008a1c f i libvcruntime:undname.obj
 0001:00007a38       ?getPrimaryDataType@UnDecorator@@CA?AVDName@@AEBV2@@Z 0000000180008a38 f   libvcruntime:undname.obj
 0001:00007cec       ?getPtrRefDataType@UnDecorator@@CA?AVDName@@AEBV2@H@Z 0000000180008cec f   libvcruntime:undname.obj
 0001:00007eb8       ?getPtrRefType@UnDecorator@@CA?AVDName@@AEBV2@0W4IndirectionKind@@@Z 0000000180008eb8 f   libvcruntime:undname.obj
 0001:00008090       ?getReferenceType@UnDecorator@@CA?AVDName@@AEBV2@0W4IndirectionKind@@@Z 0000000180009090 f i libvcruntime:undname.obj
 0001:000080a8       ?getRestrictionSpec@UnDecorator@@CA?AVDName@@XZ 00000001800090a8 f   libvcruntime:undname.obj
 0001:00008274       ?getReturnType@UnDecorator@@CA?AVDName@@PEAV2@@Z 0000000180009274 f   libvcruntime:undname.obj
 0001:000082a8       ?getScope@UnDecorator@@CA?AVDName@@XZ 00000001800092a8 f   libvcruntime:undname.obj
 0001:0000875c       ?getScopedName@UnDecorator@@CA?AVDName@@XZ 000000018000975c f   libvcruntime:undname.obj
 0001:00008898       ?getSignedDimension@UnDecorator@@CA?AVDName@@XZ 0000000180009898 f   libvcruntime:undname.obj
 0001:00008920       ?getStorageConvention@UnDecorator@@CA?AVDName@@XZ 0000000180009920 f i libvcruntime:undname.obj
 0001:0000895c       ?getString@DName@@QEBAPEADPEAD0@Z 000000018000995c f i libvcruntime:undname.obj
 0001:00008978       ?getString@DName@@QEBAPEADPEADH@Z 0000000180009978 f i libvcruntime:undname.obj
 0001:00008a0c       ?getString@DNameStatusNode@@UEBAPEADPEAD0@Z 0000000180009a0c f i libvcruntime:undname.obj
 0001:00008a54       ?getString@charNode@@UEBAPEADPEAD0@Z 0000000180009a54 f i libvcruntime:undname.obj
 0001:00008a68       ?getString@pDNameNode@@UEBAPEADPEAD0@Z 0000000180009a68 f i libvcruntime:undname.obj
 0001:00008a98       ?getString@pairNode@@UEBAPEADPEAD0@Z 0000000180009a98 f i libvcruntime:undname.obj
 0001:00008ae4       ?getString@pcharNode@@UEBAPEADPEAD0@Z 0000000180009ae4 f i libvcruntime:undname.obj
 0001:00008b1c       ?getStringEncoding@UnDecorator@@CA?AVDName@@W4PrefixKind@@H@Z 0000000180009b1c f   libvcruntime:undname.obj
 0001:00008c00       ?getStringHelper@@YAPEADPEADPEBD1H@Z 0000000180009c00 f i libvcruntime:undname.obj
 0001:00008c30       ?getStringObject@UnDecorator@@CA?AVDName@@XZ 0000000180009c30 f   libvcruntime:undname.obj
 0001:00008c98       ?getSymbolName@UnDecorator@@CA?AVDName@@XZ 0000000180009c98 f i libvcruntime:undname.obj
 0001:00008ce4       ?getTemplateArgumentList@UnDecorator@@CA?AVDName@@XZ 0000000180009ce4 f   libvcruntime:undname.obj
 0001:00008f58       ?getTemplateName@UnDecorator@@CA?AVDName@@_N@Z 0000000180009f58 f   libvcruntime:undname.obj
 0001:000091ec       ?getTemplateNonTypeArgument@UnDecorator@@CA?AVDName@@XZ 000000018000a1ec f   libvcruntime:undname.obj
 0001:00009720       ?getTemplateTypeArgument@UnDecorator@@CA?AVDName@@XZ 000000018000a720 f   libvcruntime:undname.obj
 0001:00009888       ?getThisType@UnDecorator@@CA?AVDName@@XZ 000000018000a888 f i libvcruntime:undname.obj
 0001:000098c8       ?getThrowTypes@UnDecorator@@CA?AVDName@@XZ 000000018000a8c8 f   libvcruntime:undname.obj
 0001:000098ec       ?getTypeEncoding@UnDecorator@@CAHXZ 000000018000a8ec f i libvcruntime:undname.obj
 0001:00009c7c       ?getUndecoratedName@UnDecorator@@QEAAPEADPEADH@Z 000000018000ac7c f i libvcruntime:undname.obj
 0001:00009dd0       ?getUnionObject@UnDecorator@@CA?AVDName@@XZ 000000018000add0 f   libvcruntime:undname.obj
 0001:00009ea8       ?getVCallThunkType@UnDecorator@@CA?AVDName@@XZ 000000018000aea8 f i libvcruntime:undname.obj
 0001:00009f20       ?getValue@UnDecorator@@CA?AV?$optional@_K@std@@XZ 000000018000af20 f   libvcruntime:undname.obj
 0001:00009f94       ?getValueObject@UnDecorator@@CA?AVDName@@XZ 000000018000af94 f   libvcruntime:undname.obj
 0001:0000a0ec       ?getVbTableType@UnDecorator@@CA?AVDName@@AEBV2@@Z 000000018000b0ec f i libvcruntime:undname.obj
 0001:0000a104       ?getVdispMapType@UnDecorator@@CA?AVDName@@AEBV2@@Z 000000018000b104 f i libvcruntime:undname.obj
 0001:0000a180       ?getVfTableType@UnDecorator@@CA?AVDName@@AEBV2@@Z 000000018000b180 f i libvcruntime:undname.obj
 0001:0000a388       ?getZName@UnDecorator@@CA?AVDName@@_N0@Z 000000018000b388 f   libvcruntime:undname.obj
 0001:0000a670       ?haveTemplateParameters@UnDecorator@@SAHXZ 000000018000b670 f i libvcruntime:undname.obj
 0001:0000a67c       ?isArray@DName@@QEBAHXZ    000000018000b67c f i libvcruntime:undname.obj
 0001:0000a688       ?isComArray@DName@@QEBAHXZ 000000018000b688 f i libvcruntime:undname.obj
 0001:0000a694       ?isEmpty@DName@@QEBAHXZ    000000018000b694 f i libvcruntime:undname.obj
 0001:0000a6a0       ?isFull@Replicator@@QEBAHXZ 000000018000b6a0 f i libvcruntime:undname.obj
 0001:0000a6ac       ?isNoTE@DName@@QEBAHXZ     000000018000b6ac f i libvcruntime:undname.obj
 0001:0000a6b8       ?isPinPtr@DName@@QEBAHXZ   000000018000b6b8 f i libvcruntime:undname.obj
 0001:0000a6c4       ?isPtrRef@DName@@QEBAHXZ   000000018000b6c4 f i libvcruntime:undname.obj
 0001:0000a6d0       ?isUDC@DName@@QEBAHXZ      000000018000b6d0 f i libvcruntime:undname.obj
 0001:0000a6e8       ?isUDTThunk@DName@@QEBAHXZ 000000018000b6e8 f i libvcruntime:undname.obj
 0001:0000a700       ?isVCallThunk@DName@@QEBAHXZ 000000018000b700 f i libvcruntime:undname.obj
 0001:0000a70c       ?isValid@DName@@QEBAHXZ    000000018000b70c f i libvcruntime:undname.obj
 0001:0000a718       ?length@DName@@QEBAHXZ     000000018000b718 f i libvcruntime:undname.obj
 0001:0000a730       ?length@DNameStatusNode@@UEBAHXZ 000000018000b730 f i libvcruntime:undname.obj
 0001:0000a734       ?length@charNode@@UEBAHXZ  000000018000b734 f i libvcruntime:undname.obj
 0001:0000a73c       ?length@pDNameNode@@UEBAHXZ 000000018000b73c f i libvcruntime:undname.obj
 0001:0000a764       ?length@pairNode@@UEBAHXZ  000000018000b764 f i libvcruntime:undname.obj
 0001:0000a7ac       ?length@pcharNode@@UEBAHXZ 000000018000b7ac f i libvcruntime:undname.obj
 0001:0000a7b0       ?make@DNameStatusNode@@SAPEBV1@W4DNameStatus@@@Z 000000018000b7b0 f i libvcruntime:undname.obj
 0001:0000a7d0       ?parseDecoratedName@UnDecorator@@CA?AVDName@@XZ 000000018000b7d0 f   libvcruntime:undname.obj
 0001:0000a8e4       ?raw_length@DNameStatusNode@@UEBAHXZ 000000018000b8e4 f i libvcruntime:undname.obj
 0001:0000a8e8       ?raw_length@charNode@@UEBAHXZ 000000018000b8e8 f i libvcruntime:undname.obj
 0001:0000a8f0       ?raw_length@pDNameNode@@UEBAHXZ 000000018000b8f0 f i libvcruntime:undname.obj
 0001:0000a8f4       ?raw_length@pairNode@@UEBAHXZ 000000018000b8f4 f i libvcruntime:undname.obj
 0001:0000a8f8       ?raw_length@pcharNode@@UEBAHXZ 000000018000b8f8 f i libvcruntime:undname.obj
 0001:0000a8fc       ?setIsArray@DName@@QEAAXXZ 000000018000b8fc f i libvcruntime:undname.obj
 0001:0000a904       ?setIsComArray@DName@@QEAAXXZ 000000018000b904 f i libvcruntime:undname.obj
 0001:0000a90c       ?setIsNoTE@DName@@QEAAXXZ  000000018000b90c f i libvcruntime:undname.obj
 0001:0000a914       ?setIsPinPtr@DName@@QEAAXXZ 000000018000b914 f i libvcruntime:undname.obj
 0001:0000a91c       ?setIsUDC@DName@@QEAAXXZ   000000018000b91c f i libvcruntime:undname.obj
 0001:0000a928       ?setIsVCallThunk@DName@@QEAAXXZ 000000018000b928 f i libvcruntime:undname.obj
 0001:0000a930       ?setPtrRef@DName@@QEAAAEAV1@XZ 000000018000b930 f i libvcruntime:undname.obj
 0001:0000a93c       ?status@DName@@QEBA?AW4DNameStatus@@XZ 000000018000b93c f i libvcruntime:undname.obj
 0001:0000a9a0       __unDName                  000000018000b9a0 f   libvcruntime:undname.obj
 0001:0000a9c8       __unDNameEx                000000018000b9c8 f   libvcruntime:undname.obj
 0001:0000aafc       _vsprintf_s_l              000000018000bafc f i libvcruntime:undname.obj
 0001:0000ab60       sprintf_s                  000000018000bb60 f i libvcruntime:undname.obj
 0001:0000abb4       unDNameGenerateCHPE        000000018000bbb4 f   libvcruntime:undname.obj
 0001:0000acbc       ??$?RU__vcrt_ptd@@@__crt_internal_free_policy@@QEBAXQEBU__vcrt_ptd@@@Z 000000018000bcbc f i libvcruntime:per_thread_data.obj
 0001:0000acc4       ??0?$__crt_unique_heap_ptr@U__vcrt_ptd@@U__crt_internal_free_policy@@@@QEAA@QEAU__vcrt_ptd@@@Z 000000018000bcc4 f i libvcruntime:per_thread_data.obj
 0001:0000ace8       ??1?$__crt_unique_heap_ptr@U__vcrt_ptd@@U__crt_internal_free_policy@@@@QEAA@XZ 000000018000bce8 f i libvcruntime:per_thread_data.obj
 0001:0000ad10       ??B?$__crt_unique_heap_ptr@U__vcrt_ptd@@U__crt_internal_free_policy@@@@QEBA_NXZ 000000018000bd10 f i libvcruntime:per_thread_data.obj
 0001:0000ad18       ?detach@?$__crt_unique_heap_ptr@U__vcrt_ptd@@U__crt_internal_free_policy@@@@QEAAPEAU__vcrt_ptd@@XZ 000000018000bd18 f i libvcruntime:per_thread_data.obj
 0001:0000ad20       ?get@?$__crt_unique_heap_ptr@U__vcrt_ptd@@U__crt_internal_free_policy@@@@QEBAPEAU__vcrt_ptd@@XZ 000000018000bd20 f i libvcruntime:per_thread_data.obj
 0001:0000ad24       ?is_valid@?$__crt_unique_heap_ptr@U__vcrt_ptd@@U__crt_internal_free_policy@@@@QEBA_NXZ 000000018000bd24 f i libvcruntime:per_thread_data.obj
 0001:0000ad2c       ?release@?$__crt_unique_heap_ptr@U__vcrt_ptd@@U__crt_internal_free_policy@@@@QEAAXXZ 000000018000bd2c f i libvcruntime:per_thread_data.obj
 0001:0000ad74       __vcrt_freefls             000000018000bd74 f   libvcruntime:per_thread_data.obj
 0001:0000ad94       __vcrt_freeptd             000000018000bd94 f   libvcruntime:per_thread_data.obj
 0001:0000ade4       __vcrt_getptd              000000018000bde4 f   libvcruntime:per_thread_data.obj
 0001:0000ae00       __vcrt_getptd_noexit       000000018000be00 f   libvcruntime:per_thread_data.obj
 0001:0000aec0       __vcrt_getptd_noinit       000000018000bec0 f   libvcruntime:per_thread_data.obj
 0001:0000af10       __vcrt_initialize_ptd      000000018000bf10 f   libvcruntime:per_thread_data.obj
 0001:0000af58       __vcrt_uninitialize_ptd    000000018000bf58 f   libvcruntime:per_thread_data.obj
 0001:0000af7c       __vcrt_initialize_locks    000000018000bf7c f   libvcruntime:locks.obj
 0001:0000afb0       __vcrt_lock                000000018000bfb0 f   libvcruntime:locks.obj
 0001:0000afcc       __vcrt_uninitialize_locks  000000018000bfcc f   libvcruntime:locks.obj
 0001:0000b004       __vcrt_unlock              000000018000c004 f   libvcruntime:locks.obj
 0001:0000b020       ??$__crt_interlocked_exchange_pointer@$$A6AXXZP6AXXZ@@YAP6AXXZPEDS6AXXZQ6AXXZ@Z 000000018000c020 f i libvcruntime:purevirt.obj
 0001:0000b028       ??$__crt_interlocked_read_pointer@$$A6AXXZ@@YAP6AXXZPEDS6AXXZ@Z 000000018000c028 f i libvcruntime:purevirt.obj
 0001:0000b030       _get_purecall_handler      000000018000c030 f   libvcruntime:purevirt.obj
 0001:0000b03c       _purecall                  000000018000c03c f   libvcruntime:purevirt.obj
 0001:0000b058       _set_purecall_handler      000000018000c058 f   libvcruntime:purevirt.obj
 0001:0000b064       ??$?0AEAViterator@TryBlockMap4@FH4@@AEAV012@$0A@@?$pair@Viterator@TryBlockMap4@FH4@@V123@@std@@QEAA@AEAViterator@TryBlockMap4@FH4@@0@Z 000000018000c064 f i libvcruntime:risctrnsctrl.obj
 0001:0000b078       ??$?0AEAViterator@TryBlockMap@__FrameHandler3@@AEAV012@$0A@@?$pair@Viterator@TryBlockMap@__FrameHandler3@@V123@@std@@QEAA@AEAViterator@TryBlockMap@__FrameHandler3@@0@Z 000000018000c078 f i libvcruntime:risctrnsctrl.obj
 0001:0000b1c8       ??$_CallSETranslator@V__FrameHandler3@@@@YAHPEAUEHExceptionRecord@@PEA_KPEAU_CONTEXT@@PEAU_xDISPATCHER_CONTEXT@@PEBU_s_FuncInfo@@K1H@Z 000000018000c1c8 f i libvcruntime:risctrnsctrl.obj
 0001:0000b21c       ??$_CallSETranslator@V__FrameHandler4@@@@YAHPEAUEHExceptionRecord@@PEA_KPEAU_CONTEXT@@PEAU_xDISPATCHER_CONTEXT@@PEAUFuncInfo4@FH4@@K1H@Z 000000018000c21c f i libvcruntime:risctrnsctrl.obj
 0001:0000b270       ??$forward@AEAViterator@TryBlockMap4@FH4@@@std@@YAAEAViterator@TryBlockMap4@FH4@@AEAV123@@Z 000000018000c270 f i libvcruntime:risctrnsctrl.obj
 0001:0000b274       ??$forward@AEAViterator@TryBlockMap@__FrameHandler3@@@std@@YAAEAViterator@TryBlockMap@__FrameHandler3@@AEAV123@@Z 000000018000c274 f i libvcruntime:risctrnsctrl.obj
 0001:0000b278       ??0FuncInfo4@FH4@@QEAA@XZ  000000018000c278 f i libvcruntime:risctrnsctrl.obj
 0001:0000b28c       ??0FuncInfoHeader@FH4@@QEAA@XZ 000000018000c28c f i libvcruntime:risctrnsctrl.obj
 0001:0000b294       ??0iterator@TryBlockMap4@FH4@@QEAA@AEAV12@I@Z 000000018000c294 f i libvcruntime:risctrnsctrl.obj
 0001:0000b2a0       ??0iterator@TryBlockMap@__FrameHandler3@@QEAA@AEAV12@I@Z 000000018000c2a0 f i libvcruntime:risctrnsctrl.obj
 0001:0000b2ac       ??4iterator@TryBlockMap4@FH4@@QEAAAEAV012@AEBV012@@Z 000000018000c2ac f i libvcruntime:risctrnsctrl.obj
 0001:0000b2b8       ??9iterator@TryBlockMap4@FH4@@QEBA_NAEBV012@@Z 000000018000c2b8 f i libvcruntime:risctrnsctrl.obj
 0001:0000b2c4       ??Diterator@TryBlockMap4@FH4@@QEAA?AUTryBlockMapEntry4@2@XZ 000000018000c2c4 f i libvcruntime:risctrnsctrl.obj
 0001:0000b2d4       ??Eiterator@TryBlockMap4@FH4@@QEAAAEAV012@XZ 000000018000c2d4 f i libvcruntime:risctrnsctrl.obj
 0001:0000b370       ?CatchTryBlock@__FrameHandler3@@SAPEBU_s_TryBlockMapEntry@@PEBU_s_FuncInfo@@H@Z 000000018000c370 f   libvcruntime:risctrnsctrl.obj
 0001:0000b3c4       ?DecompFuncInfo@FH4@@YA_JPEAEAEAUFuncInfo4@1@_KH@Z 000000018000c3c4 f i libvcruntime:risctrnsctrl.obj
 0001:0000b3d8       ?DecompFuncInfo@FH4@@YA_JPEAEAEAUFuncInfo4@1@_KH_N@Z 000000018000c3d8 f i libvcruntime:risctrnsctrl.obj
 0001:0000b4fc       ?DecompTryBlock@TryBlockMap4@FH4@@AEAAXXZ 000000018000c4fc f i libvcruntime:risctrnsctrl.obj
 0001:0000b590       ?ExecutionInCatch@__FrameHandler3@@SA_NPEAU_xDISPATCHER_CONTEXT@@PEBU_s_FuncInfo@@@Z 000000018000c590 f   libvcruntime:risctrnsctrl.obj
 0001:0000b5bc       ?ExecutionInCatch@__FrameHandler4@@SA_NPEAU_xDISPATCHER_CONTEXT@@PEAUFuncInfo4@FH4@@@Z 000000018000c5bc f   libvcruntime:risctrnsctrl.obj
 0001:0000b5c4       ?FrameUnwindToEmptyState@__FrameHandler3@@SAXPEA_KPEAU_xDISPATCHER_CONTEXT@@PEBU_s_FuncInfo@@@Z 000000018000c5c4 f   libvcruntime:risctrnsctrl.obj
 0001:0000b628       ?FrameUnwindToEmptyState@__FrameHandler4@@SAXPEA_KPEAU_xDISPATCHER_CONTEXT@@PEAUFuncInfo4@FH4@@@Z 000000018000c628 f   libvcruntime:risctrnsctrl.obj
 0001:0000b65c       ?GetEstablisherFrame@__FrameHandler3@@SAPEA_KPEA_KPEAU_xDISPATCHER_CONTEXT@@PEBU_s_FuncInfo@@0@Z 000000018000c65c f   libvcruntime:risctrnsctrl.obj
 0001:0000b728       ?GetEstablisherFrame@__FrameHandler4@@SAPEA_KPEA_KPEAU_xDISPATCHER_CONTEXT@@PEAUFuncInfo4@FH4@@0@Z 000000018000c728 f   libvcruntime:risctrnsctrl.obj
 0001:0000b74c       ?GetRangeOfTrysToCheck@__FrameHandler3@@SA?AU?$pair@Viterator@TryBlockMap@__FrameHandler3@@V123@@std@@AEAVTryBlockMap@1@HPEAU_xDISPATCHER_CONTEXT@@PEBU_s_FuncInfo@@H@Z 000000018000c74c f   libvcruntime:risctrnsctrl.obj
 0001:0000b88c       ?GetRangeOfTrysToCheck@__FrameHandler4@@SA?AU?$pair@Viterator@TryBlockMap4@FH4@@V123@@std@@AEAVTryBlockMap4@FH4@@HPEAU_xDISPATCHER_CONTEXT@@PEAUFuncInfo4@5@H@Z 000000018000c88c f   libvcruntime:risctrnsctrl.obj
 0001:0000b9f4       ?ReadInt@FH4@@YAHPEAPEAE@Z 000000018000c9f4 f i libvcruntime:risctrnsctrl.obj
 0001:0000ba04       ?ReadUnsigned@FH4@@YAIPEAPEAE@Z 000000018000ca04 f i libvcruntime:risctrnsctrl.obj
 0001:0000ba34       ?UnwindNestedFrames@__FrameHandler3@@SAXPEA_KPEAUEHExceptionRecord@@PEAU_CONTEXT@@0PEAXPEBU_s_FuncInfo@@HHPEBU_s_HandlerType@@PEAU_xDISPATCHER_CONTEXT@@E@Z 000000018000ca34 f   libvcruntime:risctrnsctrl.obj
 0001:0000bb38       ?UnwindNestedFrames@__FrameHandler4@@SAXPEA_KPEAUEHExceptionRecord@@PEAU_CONTEXT@@0PEAXPEAUFuncInfo4@FH4@@HHPEAUHandlerType4@5@PEAU_xDISPATCHER_CONTEXT@@E@Z 000000018000cb38 f   libvcruntime:risctrnsctrl.obj
 0001:0000bc58       ?begin@TryBlockMap4@FH4@@QEAA?AViterator@12@XZ 000000018000cc58 f i libvcruntime:risctrnsctrl.obj
 0001:0000bc64       ?end@TryBlockMap4@FH4@@QEAA?AViterator@12@XZ 000000018000cc64 f i libvcruntime:risctrnsctrl.obj
 0001:0000bc70       ?imageRelToByteBuffer@FH4@@YAPEAE_KH@Z 000000018000cc70 f i libvcruntime:risctrnsctrl.obj
 0001:0000bc78       ?incrementToSentinel@iterator@TryBlockMap4@FH4@@QEAAXXZ 000000018000cc78 f i libvcruntime:risctrnsctrl.obj
 0001:0000bc7c       ?setBuffer@TryBlockMap4@FH4@@QEAAXViterator@12@@Z 000000018000cc7c f i libvcruntime:risctrnsctrl.obj
 0001:0000be3c       _CreateFrameInfo           000000018000ce3c f   libvcruntime:risctrnsctrl.obj
 0001:0000be78       _FindAndUnlinkFrame        000000018000ce78 f   libvcruntime:risctrnsctrl.obj
 0001:0000becc       _GetImageBase              000000018000cecc f   libvcruntime:risctrnsctrl.obj
 0001:0000bee0       _GetThrowImageBase         000000018000cee0 f   libvcruntime:risctrnsctrl.obj
 0001:0000bef4       _SetImageBase              000000018000cef4 f   libvcruntime:risctrnsctrl.obj
 0001:0000bf0c       _SetThrowImageBase         000000018000cf0c f   libvcruntime:risctrnsctrl.obj
 0001:0000bf24       __CxxFrameHandler          000000018000cf24 f   libvcruntime:risctrnsctrl.obj
 0001:0000bf2c       __CxxFrameHandler2         000000018000cf2c f   libvcruntime:risctrnsctrl.obj
 0001:0000bf34       __CxxFrameHandler3         000000018000cf34 f   libvcruntime:risctrnsctrl.obj
 0001:0000bfbc       __CxxFrameHandler4         000000018000cfbc f   libvcruntime:risctrnsctrl.obj
 0001:0000c090       memcpy_repmovs             000000018000d090 f   libvcruntime:memcpy.obj
 0001:0000c0b0       memcpy                     000000018000d0b0 f   libvcruntime:memcpy.obj
 0001:0000c0b0       memmove                    000000018000d0b0 f   libvcruntime:memcpy.obj
 0001:0000c728       ??$__crt_interlocked_exchange_pointer@UHINSTANCE__@@PEAU1@@@YAPEAUHINSTANCE__@@PEDSEAU0@QEAU0@@Z 000000018000d728 f i libvcruntime:winapi_downlevel.obj
 0001:0000c730       ??$__crt_interlocked_exchange_pointer@UHINSTANCE__@@PEAX@@YAPEAUHINSTANCE__@@PEDSEAU0@QEAX@Z 000000018000d730 f i libvcruntime:winapi_downlevel.obj
 0001:0000c738       ??$__crt_interlocked_exchange_pointer@XPEAX@@YAPEAXPEDSEAXQEAX@Z 000000018000d738 f i libvcruntime:winapi_downlevel.obj
 0001:0000c740       ??$__crt_interlocked_read_pointer@UHINSTANCE__@@@@YAPEAUHINSTANCE__@@PEDSEAU0@@Z 000000018000d740 f i libvcruntime:winapi_downlevel.obj
 0001:0000c748       ??$__crt_interlocked_read_pointer@X@@YAPEAXPEDSEAX@Z 000000018000d748 f i libvcruntime:winapi_downlevel.obj
 0001:0000cc88       __vcrt_FlsAlloc            000000018000dc88 f   libvcruntime:winapi_downlevel.obj
 0001:0000ccd0       __vcrt_FlsFree             000000018000dcd0 f   libvcruntime:winapi_downlevel.obj
 0001:0000cd18       __vcrt_FlsGetValue         000000018000dd18 f   libvcruntime:winapi_downlevel.obj
 0001:0000cd60       __vcrt_FlsSetValue         000000018000dd60 f   libvcruntime:winapi_downlevel.obj
 0001:0000cdb4       __vcrt_InitializeCriticalSectionEx 000000018000ddb4 f   libvcruntime:winapi_downlevel.obj
 0001:0000ce18       ?GetCurrentState@__FrameHandler3@@SAHPEA_KPEAU_xDISPATCHER_CONTEXT@@PEBU_s_FuncInfo@@@Z 000000018000de18 f   libvcruntime:ehstate.obj
 0001:0000ce40       ?GetUnwindTryBlock@__FrameHandler3@@SAHPEA_KPEAU_xDISPATCHER_CONTEXT@@PEBU_s_FuncInfo@@@Z 000000018000de40 f   libvcruntime:ehstate.obj
 0001:0000ce6c       ?SetState@__FrameHandler3@@SAXPEA_KPEBU_s_FuncInfo@@H@Z 000000018000de6c f   libvcruntime:ehstate.obj
 0001:0000ce78       ?SetUnwindTryBlock@__FrameHandler3@@SAXPEA_KPEAU_xDISPATCHER_CONTEXT@@PEBU_s_FuncInfo@@H@Z 000000018000de78 f   libvcruntime:ehstate.obj
 0001:0000ceb4       ?StateFromControlPc@__FrameHandler3@@SAHPEBU_s_FuncInfo@@PEAU_xDISPATCHER_CONTEXT@@@Z 000000018000deb4 f   libvcruntime:ehstate.obj
 0001:0000cebc       ?StateFromControlPc@__FrameHandler4@@SAHPEAUFuncInfo4@FH4@@PEAU_xDISPATCHER_CONTEXT@@@Z 000000018000debc f   libvcruntime:ehstate.obj
 0001:0000cec4       ?StateFromIp@__FrameHandler3@@SAHPEBU_s_FuncInfo@@PEAU_xDISPATCHER_CONTEXT@@_K@Z 000000018000dec4 f   libvcruntime:ehstate.obj
 0001:0000cf2c       ?StateFromIp@__FrameHandler4@@SAHPEAUFuncInfo4@FH4@@PEAU_xDISPATCHER_CONTEXT@@_K@Z 000000018000df2c f   libvcruntime:ehstate.obj
 0001:0000d014       ?__FuncRelToRealOffset@@YA_KPEAU_xDISPATCHER_CONTEXT@@I@Z 000000018000e014 f i libvcruntime:ehstate.obj
 0001:0000d024       ?__RVAtoRealOffset@@YA_KPEAU_xDISPATCHER_CONTEXT@@H@Z 000000018000e024 f i libvcruntime:ehstate.obj
 0001:0000e62c       ??$TypeMatchHelper@V__FrameHandler3@@@@YAHPEBU_s_HandlerType@@PEBU_s_CatchableType@@PEBU_s_ThrowInfo@@@Z 000000018000f62c f i libvcruntime:frame.obj
 0001:0000e76c       ??$TypeMatchHelper@V__FrameHandler4@@@@YAHPEAUHandlerType4@FH4@@PEBU_s_CatchableType@@PEBU_s_ThrowInfo@@@Z 000000018000f76c f i libvcruntime:frame.obj
 0001:0000e8b0       ??$__InternalCxxFrameHandler@V__FrameHandler3@@@@YA?AW4_EXCEPTION_DISPOSITION@@PEAUEHExceptionRecord@@PEA_KPEAU_CONTEXT@@PEAU_xDISPATCHER_CONTEXT@@PEBU_s_FuncInfo@@H1E@Z 000000018000f8b0 f i libvcruntime:frame.obj
 0001:0000eae8       ??$__InternalCxxFrameHandler@V__FrameHandler4@@@@YA?AW4_EXCEPTION_DISPOSITION@@PEAUEHExceptionRecord@@PEA_KPEAU_CONTEXT@@PEAU_xDISPATCHER_CONTEXT@@PEAUFuncInfo4@FH4@@H1E@Z 000000018000fae8 f i libvcruntime:frame.obj
 0001:0000ed7c       ??0HandlerMap4@FH4@@QEAA@PEBUTryBlockMapEntry4@1@_KH@Z 000000018000fd7c f i libvcruntime:frame.obj
 0001:0000edf8       ??0HandlerMap@__FrameHandler3@@QEAA@PEBU_s_TryBlockMapEntry@@_KI@Z 000000018000fdf8 f i libvcruntime:frame.obj
 0001:0000ee0c       ??0HandlerType4@FH4@@QEAA@XZ 000000018000fe0c f i libvcruntime:frame.obj
 0001:0000ee24       ??0TryBlockMap4@FH4@@QEAA@PEBUFuncInfo4@1@_K@Z 000000018000fe24 f i libvcruntime:frame.obj
 0001:0000eefc       ??0TryBlockMap@__FrameHandler3@@QEAA@PEBU_s_FuncInfo@@_K@Z 000000018000fefc f i libvcruntime:frame.obj
 0001:0000ef08       ??0UWMap4@FH4@@QEAA@PEBUFuncInfo4@1@_K@Z 000000018000ff08 f i libvcruntime:frame.obj
 0001:0000ef4c       ??0bad_exception@std@@QEAA@AEBV01@@Z 000000018000ff4c f i libvcruntime:frame.obj
 0001:0000ef88       ??0bad_exception@std@@QEAA@XZ 000000018000ff88 f i libvcruntime:frame.obj
 0001:0000efa8       ??0exception@std@@QEAA@AEBV01@@Z 000000018000ffa8 f i libvcruntime:frame.obj
 0001:0000efdc       ??0exception@std@@QEAA@QEBDH@Z 000000018000ffdc f i libvcruntime:frame.obj
 0001:0000eff4       ??0iterator@HandlerMap4@FH4@@QEAA@AEAV12@I@Z 000000018000fff4 f i libvcruntime:frame.obj
 0001:0000f000       ??0iterator@HandlerMap@__FrameHandler3@@QEAA@AEAV12@I@Z 0000000180010000 f i libvcruntime:frame.obj
 0001:0000f00c       ??0iterator@UWMap4@FH4@@QEAA@AEAV12@PEAE@Z 000000018001000c f i libvcruntime:frame.obj
 0001:0000f018       ??1bad_exception@std@@UEAA@XZ 0000000180010018 f i libvcruntime:frame.obj
 0001:0000f02c       ??1exception@std@@UEAA@XZ  000000018001002c f i libvcruntime:frame.obj
 0001:0000f040       ??4iterator@UWMap4@FH4@@QEAAAEAV012@AEBV012@@Z 0000000180010040 f i libvcruntime:frame.obj
 0001:0000f060       ??8iterator@HandlerMap4@FH4@@QEBA_NAEBV012@@Z 0000000180010060 f i libvcruntime:frame.obj
 0001:0000f06c       ??8iterator@HandlerMap@__FrameHandler3@@QEBA_NAEBV012@@Z 000000018001006c f i libvcruntime:frame.obj
 0001:0000f078       ??8type_info@@QEBA_NAEBV0@@Z 0000000180010078 f i libvcruntime:frame.obj
 0001:0000f094       ??9iterator@HandlerMap4@FH4@@QEBA_NAEBV012@@Z 0000000180010094 f i libvcruntime:frame.obj
 0001:0000f0a0       ??9iterator@HandlerMap@__FrameHandler3@@QEBA_NAEBV012@@Z 00000001800100a0 f i libvcruntime:frame.obj
 0001:0000f0ac       ??Diterator@HandlerMap4@FH4@@QEAA?AUHandlerType4@2@XZ 00000001800100ac f i libvcruntime:frame.obj
 0001:0000f0cc       ??Diterator@HandlerMap@__FrameHandler3@@QEAA?BU_s_HandlerType@@XZ 00000001800100cc f i libvcruntime:frame.obj
 0001:0000f0f0       ??Diterator@TryBlockMap@__FrameHandler3@@QEAA?BU_s_TryBlockMapEntry@@XZ 00000001800100f0 f i libvcruntime:frame.obj
 0001:0000f120       ??Diterator@UWMap4@FH4@@QEAA?AUUnwindMapEntry4@2@XZ 0000000180010120 f i libvcruntime:frame.obj
 0001:0000f174       ??Eiterator@HandlerMap4@FH4@@QEAAAEAV012@XZ 0000000180010174 f i libvcruntime:frame.obj
 0001:0000f194       ??Eiterator@HandlerMap@__FrameHandler3@@QEAAAEAV012@XZ 0000000180010194 f i libvcruntime:frame.obj
 0001:0000f19c       ??Eiterator@TryBlockMap@__FrameHandler3@@QEAAAEAV012@XZ 000000018001019c f i libvcruntime:frame.obj
 0001:0000f1a4       ??Eiterator@UWMap4@FH4@@QEAAAEAV012@XZ 00000001800101a4 f i libvcruntime:frame.obj
 0001:0000f1c4       ??Giterator@UWMap4@FH4@@QEBA_JAEBV012@@Z 00000001800101c4 f i libvcruntime:frame.obj
 0001:0000f1d0       ??Miterator@TryBlockMap4@FH4@@QEBA_NAEBV012@@Z 00000001800101d0 f i libvcruntime:frame.obj
 0001:0000f1dc       ??Miterator@TryBlockMap@__FrameHandler3@@QEBA_NAEBV012@@Z 00000001800101dc f i libvcruntime:frame.obj
 0001:0000f1e8       ??Oiterator@UWMap4@FH4@@QEBA_NAEBV012@@Z 00000001800101e8 f i libvcruntime:frame.obj
 0001:0000f1f4       ??Piterator@UWMap4@FH4@@QEBA_NAEBV012@@Z 00000001800101f4 f i libvcruntime:frame.obj
 0001:0000f200       ??_Ebad_exception@std@@UEAAPEAXI@Z 0000000180010200 f i libvcruntime:frame.obj
 0001:0000f200       ??_Gbad_exception@std@@UEAAPEAXI@Z 0000000180010200 f i libvcruntime:frame.obj
 0001:0000f244       ??_Gexception@std@@UEAAPEAXI@Z 0000000180010244 f i libvcruntime:frame.obj
 0001:0000f244       ??_Eexception@std@@UEAAPEAXI@Z 0000000180010244 f i libvcruntime:frame.obj
 0001:0000f288       ?BuildCatchObject@__FrameHandler3@@SAXPEAUEHExceptionRecord@@PEAXPEBU_s_HandlerType@@PEBU_s_CatchableType@@@Z 0000000180010288 f   libvcruntime:frame.obj
 0001:0000f290       ?BuildCatchObject@__FrameHandler4@@SAXPEAUEHExceptionRecord@@PEAXPEAUHandlerType4@FH4@@PEBU_s_CatchableType@@@Z 0000000180010290 f   libvcruntime:frame.obj
 0001:0000f298       ?BuildCatchObjectHelper@__FrameHandler3@@SAHPEAUEHExceptionRecord@@PEAXPEBU_s_HandlerType@@PEBU_s_CatchableType@@@Z 0000000180010298 f   libvcruntime:frame.obj
 0001:0000f2a0       ?BuildCatchObjectHelper@__FrameHandler4@@SAHPEAUEHExceptionRecord@@PEAXPEAUHandlerType4@FH4@@PEBU_s_CatchableType@@@Z 00000001800102a0 f   libvcruntime:frame.obj
 0001:0000f2a8       ?CxxCallCatchBlock@__FrameHandler3@@SAPEAXPEAU_EXCEPTION_RECORD@@@Z 00000001800102a8 f   libvcruntime:frame.obj
 0001:0000f494       ?CxxCallCatchBlock@__FrameHandler4@@SAPEAXPEAU_EXCEPTION_RECORD@@@Z 0000000180010494 f   libvcruntime:frame.obj
 0001:0000f6e4       ?DecompHandler@HandlerMap4@FH4@@AEAAXXZ 00000001800106e4 f i libvcruntime:frame.obj
 0001:0000f924       ?FrameUnwindToState@__FrameHandler3@@SAXPEA_KPEAU_xDISPATCHER_CONTEXT@@PEBU_s_FuncInfo@@H@Z 0000000180010924 f   libvcruntime:frame.obj
 0001:0000fab0       ?FrameUnwindToState@__FrameHandler4@@SAXPEA_KPEAU_xDISPATCHER_CONTEXT@@PEAUFuncInfo4@FH4@@H@Z 0000000180010ab0 f   libvcruntime:frame.obj
 0001:0000fd98       ?GetHandlerSearchState@__FrameHandler3@@SAHPEA_KPEAU_xDISPATCHER_CONTEXT@@PEBU_s_FuncInfo@@@Z 0000000180010d98 f i libvcruntime:frame.obj
 0001:0000fe30       ?GetHandlerSearchState@__FrameHandler4@@SAHPEA_KPEAU_xDISPATCHER_CONTEXT@@PEAUFuncInfo4@FH4@@@Z 0000000180010e30 f i libvcruntime:frame.obj
 0001:0000fe94       ?GetMaxState@__FrameHandler3@@SAHPEAU_xDISPATCHER_CONTEXT@@PEBU_s_FuncInfo@@@Z 0000000180010e94 f i libvcruntime:frame.obj
 0001:0000fe98       ?GetMaxState@__FrameHandler4@@SAHPEAU_xDISPATCHER_CONTEXT@@PEAUFuncInfo4@FH4@@@Z 0000000180010e98 f i libvcruntime:frame.obj
 0001:00010048       ?ReadEntry@UWMap4@FH4@@AEAAXPEAPEAE@Z 0000000180011048 f i libvcruntime:frame.obj
 0001:000100e8       ?TypeMatch@__FrameHandler3@@SAHPEBU_s_HandlerType@@PEBU_s_CatchableType@@PEBU_s_ThrowInfo@@@Z 00000001800110e8 f   libvcruntime:frame.obj
 0001:000100f0       ?TypeMatch@__FrameHandler4@@SAHPEAUHandlerType4@FH4@@PEBU_s_CatchableType@@PEBU_s_ThrowInfo@@@Z 00000001800110f0 f   libvcruntime:frame.obj
 0001:000100f8       ?WalkBack@UWMap4@FH4@@AEAAXPEAPEAE@Z 00000001800110f8 f i libvcruntime:frame.obj
 0001:00010130       ?WalkBack@iterator@UWMap4@FH4@@QEAAXXZ 0000000180011130 f i libvcruntime:frame.obj
 0001:00010170       ?WalkForward@UWMap4@FH4@@AEAAXPEAPEAE@Z 0000000180011170 f i libvcruntime:frame.obj
 0001:00010178       ?_CallMemberFunction1@@YAXQEAX00@Z 0000000180011178 f i libvcruntime:frame.obj
 0001:00010184       ?_CallMemberFunction2@@YAXQEAX00H@Z 0000000180011184 f i libvcruntime:frame.obj
 0001:000101a8       ?begin@HandlerMap4@FH4@@QEAA?AViterator@12@XZ 00000001800111a8 f i libvcruntime:frame.obj
 0001:000101b4       ?begin@HandlerMap@__FrameHandler3@@QEAA?AViterator@12@XZ 00000001800111b4 f i libvcruntime:frame.obj
 0001:000101c0       ?begin@UWMap4@FH4@@QEAA?AViterator@12@XZ 00000001800111c0 f i libvcruntime:frame.obj
 0001:000101d0       ?end@HandlerMap4@FH4@@QEAA?AViterator@12@XZ 00000001800111d0 f i libvcruntime:frame.obj
 0001:000101dc       ?end@HandlerMap@__FrameHandler3@@QEAA?AViterator@12@XZ 00000001800111dc f i libvcruntime:frame.obj
 0001:000101e8       ?getESTypes@__FrameHandler3@@SAPEBU_s_ESTypeList@@PEBU_s_FuncInfo@@@Z 00000001800111e8 f i libvcruntime:frame.obj
 0001:00010210       ?getESTypes@__FrameHandler4@@SAPEBU_s_ESTypeList@@PEAUFuncInfo4@FH4@@@Z 0000000180011210 f i libvcruntime:frame.obj
 0001:00010214       ?getLastEntry@HandlerMap4@FH4@@QEAAPEAUHandlerType4@2@XZ 0000000180011214 f i libvcruntime:frame.obj
 0001:00010264       ?getLastEntry@HandlerMap@__FrameHandler3@@QEAAPEBU_s_HandlerType@@XZ 0000000180011264 f i libvcruntime:frame.obj
 0001:00010278       ?getMagicNum@__FrameHandler3@@SAIPEBU_s_FuncInfo@@@Z 0000000180011278 f i libvcruntime:frame.obj
 0001:00010280       ?getMagicNum@__FrameHandler4@@SAIPEAUFuncInfo4@FH4@@@Z 0000000180011280 f i libvcruntime:frame.obj
 0001:00010288       ?getNumTryBlocks@TryBlockMap4@FH4@@QEAAIXZ 0000000180011288 f i libvcruntime:frame.obj
 0001:0001028c       ?getNumTryBlocks@TryBlockMap@__FrameHandler3@@QEAAIXZ 000000018001128c f i libvcruntime:frame.obj
 0001:00010294       ?getStartStop@UWMap4@FH4@@QEAAXHHAEAViterator@12@0@Z 0000000180011294 f i libvcruntime:frame.obj
 0001:00010364       ?getStateFromIterators@UWMap4@FH4@@SAHAEBViterator@12@H0H0@Z 0000000180011364 f i libvcruntime:frame.obj
 0001:0001042c       ?isEHs@__FrameHandler3@@SA_NPEBU_s_FuncInfo@@@Z 000000018001142c f i libvcruntime:frame.obj
 0001:00010434       ?isEHs@__FrameHandler4@@SA_NPEAUFuncInfo4@FH4@@@Z 0000000180011434 f i libvcruntime:frame.obj
 0001:0001043c       ?isNoExcept@__FrameHandler3@@SA_NPEBU_s_FuncInfo@@@Z 000000018001143c f i libvcruntime:frame.obj
 0001:00010448       ?isNoExcept@__FrameHandler4@@SA_NPEAUFuncInfo4@FH4@@@Z 0000000180011448 f i libvcruntime:frame.obj
 0001:00010450       ?reset@HandlerType4@FH4@@QEAAXXZ 0000000180011450 f i libvcruntime:frame.obj
 0001:00010464       ?resetBuffer@HandlerMap4@FH4@@QEAAXXZ 0000000180011464 f i libvcruntime:frame.obj
 0001:00010474       ?setBuffer@HandlerMap4@FH4@@QEAAXI@Z 0000000180011474 f i libvcruntime:frame.obj
 0001:000104b0       ?what@exception@std@@UEBAPEBDXZ 00000001800114b0 f i libvcruntime:frame.obj
 0001:000104c4       __BuildCatchObject         00000001800114c4 f   libvcruntime:frame.obj
 0001:000104cc       __BuildCatchObjectHelper   00000001800114cc f   libvcruntime:frame.obj
 0001:000104d4       __TypeMatch                00000001800114d4 f   libvcruntime:frame.obj
 0001:000104dc       __vcrt_EncodePointer       00000001800114dc f i libvcruntime:frame.obj
 0001:00010500       _CallSettingFrame          0000000180011500 f   libvcruntime:handlers.obj
 0001:00010550       _CallSettingFrame_LookupContinuationIndex 0000000180011550 f   libvcruntime:handlers.obj
 0001:00010580       _CallSettingFrame_NotifyContinuationAddr 0000000180011580 f   libvcruntime:handlers.obj
 0001:000105b0       _CallSettingFrameEncoded   00000001800115b0 f   libvcruntime:handlers.obj
 0001:000105f8       ??$?RD@__crt_public_free_policy@@QEBAXQEBD@Z 00000001800115f8 f i libvcruntime:std_exception.obj
 0001:00010600       ??0?$__crt_unique_heap_ptr@DU__crt_public_free_policy@@@@QEAA@QEAD@Z 0000000180011600 f i libvcruntime:std_exception.obj
 0001:00010608       ??1?$__crt_unique_heap_ptr@DU__crt_public_free_policy@@@@QEAA@XZ 0000000180011608 f i libvcruntime:std_exception.obj
 0001:00010624       ??B?$__crt_unique_heap_ptr@DU__crt_public_free_policy@@@@QEBA_NXZ 0000000180011624 f i libvcruntime:std_exception.obj
 0001:0001062c       ?detach@?$__crt_unique_heap_ptr@DU__crt_public_free_policy@@@@QEAAPEADXZ 000000018001162c f i libvcruntime:std_exception.obj
 0001:00010634       ?get@?$__crt_unique_heap_ptr@DU__crt_public_free_policy@@@@QEBAPEADXZ 0000000180011634 f i libvcruntime:std_exception.obj
 0001:00010638       ?is_valid@?$__crt_unique_heap_ptr@DU__crt_public_free_policy@@@@QEBA_NXZ 0000000180011638 f i libvcruntime:std_exception.obj
 0001:00010640       ?release@?$__crt_unique_heap_ptr@DU__crt_public_free_policy@@@@QEAAXXZ 0000000180011640 f i libvcruntime:std_exception.obj
 0001:0001065c       __std_exception_copy       000000018001165c f   libvcruntime:std_exception.obj
 0001:000106ec       __std_exception_destroy    00000001800116ec f   libvcruntime:std_exception.obj
 0001:00010714       _CxxThrowException         0000000180011714 f   libvcruntime:throw.obj
 0001:000107c0       sinf                       00000001800117c0 f   libucrt:sinf.obj
 0001:00010eb8       _initterm                  0000000180011eb8 f   libucrt:initterm.obj
 0001:00010f1c       _initterm_e                0000000180011f1c f   libucrt:initterm.obj
 0001:00010f7c       _seh_filter_dll            0000000180011f7c f   libucrt:exception_filter.obj
 0001:00010f90       _seh_filter_exe            0000000180011f90 f   libucrt:exception_filter.obj
 0001:00011114       ??$?B$$A6AXPEAXK0@Z@__crt_fast_encoded_nullptr_t@@QEBAP6AXPEAXK0@ZXZ 0000000180012114 f i libucrt:exit.obj
 0001:0001117c       ??$__crt_fast_decode_pointer@P6AXPEAXK0@Z@@YAP6AXPEAXK0@ZQ6AX0K0@Z@Z 000000018001217c f i libucrt:exit.obj
 0001:00011194       ??$__crt_fast_encode_pointer@P6AXPEAXK0@Z@@YAP6AXPEAXK0@ZQ6AX0K0@Z@Z 0000000180012194 f i libucrt:exit.obj
 0001:000111b4       ??$__crt_get_proc_address@P6AXI@Z@@YAP6AXI@ZQEAUHINSTANCE__@@QEBD@Z 00000001800121b4 f i libucrt:exit.obj
 0001:000111bc       ??$__crt_interlocked_read@J@@YAJPEDJ@Z 00000001800121bc f i libucrt:exit.obj
 0001:000111e0       ??0?$__crt_unique_handle_t@U__crt_hmodule_traits@@@@QEAA@QEAUHINSTANCE__@@@Z 00000001800121e0 f i libucrt:exit.obj
 0001:000111e8       ??1?$__crt_unique_handle_t@U__crt_hmodule_traits@@@@QEAA@XZ 00000001800121e8 f i libucrt:exit.obj
 0001:000112e0       ?__acrt_select_exit_lock@@YA?AW4__acrt_lock_id@@XZ 00000001800122e0 f i libucrt:exit.obj
 0001:000112e8       ?__crt_fast_encode_pointer@@YA?AU__crt_fast_encoded_nullptr_t@@$$T@Z 00000001800122e8 f i libucrt:exit.obj
 0001:000112f0       ?__crt_interlocked_read_32@@YAHPEDH@Z 00000001800122f0 f i libucrt:exit.obj
 0001:000112f4       ?__crt_rotate_pointer_value@@YA_K_KH@Z 00000001800122f4 f i libucrt:exit.obj
 0001:0001130c       ?close@?$__crt_unique_handle_t@U__crt_hmodule_traits@@@@QEAAXXZ 000000018001230c f i libucrt:exit.obj
 0001:00011330       ?close@__crt_hmodule_traits@@SA_NPEAUHINSTANCE__@@@Z 0000000180012330 f i libucrt:exit.obj
 0001:0001144c       ?get@?$__crt_unique_handle_t@U__crt_hmodule_traits@@@@QEBAPEAUHINSTANCE__@@XZ 000000018001244c f i libucrt:exit.obj
 0001:00011450       ?get_address_of@?$__crt_unique_handle_t@U__crt_hmodule_traits@@@@QEAAPEAPEAUHINSTANCE__@@XZ 0000000180012450 f i libucrt:exit.obj
 0001:00011454       ?get_invalid_value@__crt_hmodule_traits@@SAPEAUHINSTANCE__@@XZ 0000000180012454 f i libucrt:exit.obj
 0001:00011538       _Exit                      0000000180012538 f   libucrt:exit.obj
 0001:00011544       __acrt_initialize_thread_local_exit_callback 0000000180012544 f   libucrt:exit.obj
 0001:0001154c       _c_exit                    000000018001254c f   libucrt:exit.obj
 0001:0001155c       _cexit                     000000018001255c f   libucrt:exit.obj
 0001:0001156c       _exit                      000000018001256c f   libucrt:exit.obj
 0001:00011578       _is_c_termination_complete 0000000180012578 f   libucrt:exit.obj
 0001:00011580       _register_thread_local_exe_atexit_callback 0000000180012580 f   libucrt:exit.obj
 0001:000115bc       exit                       00000001800125bc f   libucrt:exit.obj
 0001:000115c8       quick_exit                 00000001800125c8 f   libucrt:exit.obj
 0001:000115d4       ??$?RE@__crt_internal_free_policy@@QEBAXQEBE@Z 00000001800125d4 f i libucrt:argv_parsing.obj
 0001:000115dc       ??$?RPEAD@__crt_internal_free_policy@@QEBAXQEBQEAD@Z 00000001800125dc f i libucrt:argv_parsing.obj
 0001:000115e4       ??$?RPEA_W@__crt_internal_free_policy@@QEBAXQEBQEA_W@Z 00000001800125e4 f i libucrt:argv_parsing.obj
 0001:000118d8       ??$get_module_file_name@$$TAEAY0BAF@DH@?$__crt_char_traits@D@@SAK$$QEA$$TAEAY0BAF@D$$QEAH@Z 00000001800128d8 f i libucrt:argv_parsing.obj
 0001:000118e4       ??$get_module_file_name@$$TAEAY0BAF@_WH@?$__crt_char_traits@_W@@SAK$$QEA$$TAEAY0BAF@_W$$QEAH@Z 00000001800128e4 f i libucrt:argv_parsing.obj
 0001:00011c54       ??$set_program_name@PEAD@?$__crt_char_traits@D@@SAX$$QEAPEAD@Z 0000000180012c54 f i libucrt:argv_parsing.obj
 0001:00011c60       ??$set_program_name@PEA_W@?$__crt_char_traits@_W@@SAX$$QEAPEA_W@Z 0000000180012c60 f i libucrt:argv_parsing.obj
 0001:00011c7c       ??0?$__crt_unique_heap_ptr@EU__crt_internal_free_policy@@@@QEAA@QEAE@Z 0000000180012c7c f i libucrt:argv_parsing.obj
 0001:00011c84       ??0?$__crt_unique_heap_ptr@PEADU__crt_internal_free_policy@@@@QEAA@QEAPEAD@Z 0000000180012c84 f i libucrt:argv_parsing.obj
 0001:00011c8c       ??0?$__crt_unique_heap_ptr@PEA_WU__crt_internal_free_policy@@@@QEAA@QEAPEA_W@Z 0000000180012c8c f i libucrt:argv_parsing.obj
 0001:00011c94       ??1?$__crt_unique_heap_ptr@EU__crt_internal_free_policy@@@@QEAA@XZ 0000000180012c94 f i libucrt:argv_parsing.obj
 0001:00011cb0       ??1?$__crt_unique_heap_ptr@PEADU__crt_internal_free_policy@@@@QEAA@XZ 0000000180012cb0 f i libucrt:argv_parsing.obj
 0001:00011ccc       ??1?$__crt_unique_heap_ptr@PEA_WU__crt_internal_free_policy@@@@QEAA@XZ 0000000180012ccc f i libucrt:argv_parsing.obj
 0001:00011ce8       ??B?$__crt_unique_heap_ptr@EU__crt_internal_free_policy@@@@QEBA_NXZ 0000000180012ce8 f i libucrt:argv_parsing.obj
 0001:00011d28       ?detach@?$__crt_unique_heap_ptr@EU__crt_internal_free_policy@@@@QEAAPEAEXZ 0000000180012d28 f i libucrt:argv_parsing.obj
 0001:00011d30       ?detach@?$__crt_unique_heap_ptr@PEADU__crt_internal_free_policy@@@@QEAAPEAPEADXZ 0000000180012d30 f i libucrt:argv_parsing.obj
 0001:00011d38       ?detach@?$__crt_unique_heap_ptr@PEA_WU__crt_internal_free_policy@@@@QEAAPEAPEA_WXZ 0000000180012d38 f i libucrt:argv_parsing.obj
 0001:00011d5c       ?get@?$__crt_unique_heap_ptr@EU__crt_internal_free_policy@@@@QEBAPEAEXZ 0000000180012d5c f i libucrt:argv_parsing.obj
 0001:00011d60       ?get@?$__crt_unique_heap_ptr@PEADU__crt_internal_free_policy@@@@QEBAPEAPEADXZ 0000000180012d60 f i libucrt:argv_parsing.obj
 0001:00011d64       ?get@?$__crt_unique_heap_ptr@PEA_WU__crt_internal_free_policy@@@@QEBAPEAPEA_WXZ 0000000180012d64 f i libucrt:argv_parsing.obj
 0001:00011d68       ?get_address_of@?$__crt_unique_heap_ptr@PEADU__crt_internal_free_policy@@@@QEAAPEAPEAPEADXZ 0000000180012d68 f i libucrt:argv_parsing.obj
 0001:00011d6c       ?get_address_of@?$__crt_unique_heap_ptr@PEA_WU__crt_internal_free_policy@@@@QEAAPEAPEAPEA_WXZ 0000000180012d6c f i libucrt:argv_parsing.obj
 0001:00011d90       ?is_valid@?$__crt_unique_heap_ptr@EU__crt_internal_free_policy@@@@QEBA_NXZ 0000000180012d90 f i libucrt:argv_parsing.obj
 0001:00011d98       ?release@?$__crt_unique_heap_ptr@EU__crt_internal_free_policy@@@@QEAAXXZ 0000000180012d98 f i libucrt:argv_parsing.obj
 0001:00011db4       ?release@?$__crt_unique_heap_ptr@PEADU__crt_internal_free_policy@@@@QEAAXXZ 0000000180012db4 f i libucrt:argv_parsing.obj
 0001:00011dd0       ?release@?$__crt_unique_heap_ptr@PEA_WU__crt_internal_free_policy@@@@QEAAXXZ 0000000180012dd0 f i libucrt:argv_parsing.obj
 0001:00011e08       __acrt_allocate_buffer_for_argv 0000000180012e08 f   libucrt:argv_parsing.obj
 0001:00011e68       _configure_narrow_argv     0000000180012e68 f   libucrt:argv_parsing.obj
 0001:00011ff0       _configure_wide_argv       0000000180012ff0 f   libucrt:argv_parsing.obj
 0001:00012174       _set_pgmptr                0000000180013174 f i libucrt:argv_parsing.obj
 0001:0001217c       _set_wpgmptr               000000018001317c f i libucrt:argv_parsing.obj
 0001:00012184       ??$?R_W@__crt_internal_free_policy@@QEBAXQEB_W@Z 0000000180013184 f i libucrt:environment_initialization.obj
 0001:0001268c       ??$get_environment_from_os@$$V@?$__crt_char_traits@D@@SAPEADXZ 000000018001368c f i libucrt:environment_initialization.obj
 0001:00012694       ??$get_environment_from_os@$$V@?$__crt_char_traits@_W@@SAPEA_WXZ 0000000180013694 f i libucrt:environment_initialization.obj
 0001:00012824       ??$set_variable_in_environment_nolock@PEADH@?$__crt_char_traits@D@@SAH$$QEAPEAD$$QEAH@Z 0000000180013824 f i libucrt:environment_initialization.obj
 0001:00012830       ??$set_variable_in_environment_nolock@PEA_WH@?$__crt_char_traits@_W@@SAH$$QEAPEA_W$$QEAH@Z 0000000180013830 f i libucrt:environment_initialization.obj
 0001:0001283c       ??$tcscpy_s@PEADAEB_KAEAPEAD@?$__crt_char_traits@D@@SAH$$QEAPEADAEB_KAEAPEAD@Z 000000018001383c f i libucrt:environment_initialization.obj
 0001:0001284c       ??$tcscpy_s@PEA_WAEB_KAEAPEA_W@?$__crt_char_traits@_W@@SAH$$QEAPEA_WAEB_KAEAPEA_W@Z 000000018001384c f i libucrt:environment_initialization.obj
 0001:0001285c       ??$tcslen@AEAPEAD@?$__crt_char_traits@D@@SA_KAEAPEAD@Z 000000018001385c f i libucrt:environment_initialization.obj
 0001:00012870       ??$tcslen@AEAPEA_W@?$__crt_char_traits@_W@@SA_KAEAPEA_W@Z 0000000180013870 f i libucrt:environment_initialization.obj
 0001:00012884       ??$uninitialize@A6AXAEAPEAPEAD@Z@?$dual_state_global@PEAPEAD@__crt_state_management@@QEAAXA6AXAEAPEAPEAD@Z@Z 0000000180013884 f i libucrt:environment_initialization.obj
 0001:000128c8       ??$uninitialize@A6AXAEAPEAPEA_W@Z@?$dual_state_global@PEAPEA_W@__crt_state_management@@QEAAXA6AXAEAPEAPEA_W@Z@Z 00000001800138c8 f i libucrt:environment_initialization.obj
 0001:00012944       ??0?$__crt_unique_heap_ptr@_WU__crt_internal_free_policy@@@@QEAA@QEA_W@Z 0000000180013944 f i libucrt:environment_initialization.obj
 0001:0001294c       ??1?$__crt_unique_heap_ptr@_WU__crt_internal_free_policy@@@@QEAA@XZ 000000018001394c f i libucrt:environment_initialization.obj
 0001:00012968       ??B?$__crt_unique_heap_ptr@PEADU__crt_internal_free_policy@@@@QEBA_NXZ 0000000180013968 f i libucrt:environment_initialization.obj
 0001:00012970       ??B?$__crt_unique_heap_ptr@PEA_WU__crt_internal_free_policy@@@@QEBA_NXZ 0000000180013970 f i libucrt:environment_initialization.obj
 0001:00012978       ??B?$__crt_unique_heap_ptr@_WU__crt_internal_free_policy@@@@QEBA_NXZ 0000000180013978 f i libucrt:environment_initialization.obj
 0001:00012980       ?__crt_compute_required_transform_buffer_count@@YA_KIQEBD@Z 0000000180013980 f i libucrt:environment_initialization.obj
 0001:000129a4       ?__crt_compute_required_transform_buffer_count@@YA_KIQEB_W@Z 00000001800139a4 f i libucrt:environment_initialization.obj
 0001:000129d4       ?__crt_transform_string@@YA_KIQEBDQEA_W_K@Z 00000001800139d4 f i libucrt:environment_initialization.obj
 0001:000129f8       ?__crt_transform_string@@YA_KIQEB_WQEAD_K@Z 00000001800139f8 f i libucrt:environment_initialization.obj
 0001:00012a28       ?detach@?$__crt_unique_heap_ptr@DU__crt_internal_free_policy@@@@QEAAPEADXZ 0000000180013a28 f i libucrt:environment_initialization.obj
 0001:00012a30       ?detach@?$__crt_unique_heap_ptr@_WU__crt_internal_free_policy@@@@QEAAPEA_WXZ 0000000180013a30 f i libucrt:environment_initialization.obj
 0001:00012a38       ?get@?$__crt_unique_heap_ptr@_WU__crt_internal_free_policy@@@@QEBAPEA_WXZ 0000000180013a38 f i libucrt:environment_initialization.obj
 0001:00012a3c       ?get_current_state_index@__crt_state_management@@YA_KXZ 0000000180013a3c f i libucrt:environment_initialization.obj
 0001:00012a70       ?initialize@?$dual_state_global@PEAPEAD@__crt_state_management@@QEAAXQEAPEAD@Z 0000000180013a70 f i libucrt:environment_initialization.obj
 0001:00012a98       ?initialize@?$dual_state_global@PEAPEA_W@__crt_state_management@@QEAAXQEAPEA_W@Z 0000000180013a98 f i libucrt:environment_initialization.obj
 0001:00012ac0       ?is_valid@?$__crt_unique_heap_ptr@PEADU__crt_internal_free_policy@@@@QEBA_NXZ 0000000180013ac0 f i libucrt:environment_initialization.obj
 0001:00012ac8       ?is_valid@?$__crt_unique_heap_ptr@PEA_WU__crt_internal_free_policy@@@@QEBA_NXZ 0000000180013ac8 f i libucrt:environment_initialization.obj
 0001:00012ad0       ?is_valid@?$__crt_unique_heap_ptr@_WU__crt_internal_free_policy@@@@QEBA_NXZ 0000000180013ad0 f i libucrt:environment_initialization.obj
 0001:00012ae4       ?release@?$__crt_unique_heap_ptr@_WU__crt_internal_free_policy@@@@QEAAXXZ 0000000180013ae4 f i libucrt:environment_initialization.obj
 0001:00012b00       ?value@?$dual_state_global@PEAPEAD@__crt_state_management@@QEAAAEAPEAPEADXZ 0000000180013b00 f i libucrt:environment_initialization.obj
 0001:00012b04       ?value@?$dual_state_global@PEAPEA_W@__crt_state_management@@QEAAAEAPEAPEA_WXZ 0000000180013b04 f i libucrt:environment_initialization.obj
 0001:00012b08       __dcrt_get_or_create_narrow_environment_nolock 0000000180013b08 f   libucrt:environment_initialization.obj
 0001:00012b44       __dcrt_get_or_create_wide_environment_nolock 0000000180013b44 f   libucrt:environment_initialization.obj
 0001:00012b80       __dcrt_uninitialize_environments_nolock 0000000180013b80 f   libucrt:environment_initialization.obj
 0001:00012bb8       __p__environ               0000000180013bb8 f   libucrt:environment_initialization.obj
 0001:00012bc0       __p__wenviron              0000000180013bc0 f   libucrt:environment_initialization.obj
 0001:00012bc8       _get_initial_narrow_environment 0000000180013bc8 f   libucrt:environment_initialization.obj
 0001:00012c18       _get_initial_wide_environment 0000000180013c18 f   libucrt:environment_initialization.obj
 0001:00012c68       _initialize_narrow_environment 0000000180013c68 f   libucrt:environment_initialization.obj
 0001:00012c70       _initialize_wide_environment 0000000180013c70 f   libucrt:environment_initialization.obj
 0001:00012c78       _invoke_watson_if_error    0000000180013c78 f i libucrt:environment_initialization.obj
 0001:00012cac       ??$?B$$A6AXXZ@__crt_fast_encoded_nullptr_t@@QEBAP6AXXZXZ 0000000180013cac f i libucrt:onexit.obj
 0001:00012cb4       ??$?BP6AXXZ@__crt_fast_encoded_nullptr_t@@QEBAPEAP6AXXZXZ 0000000180013cb4 f i libucrt:onexit.obj
 0001:00012cbc       ??$?RP6AXXZ@__crt_internal_free_policy@@QEBAXQEBQ6AXXZ@Z 0000000180013cbc f i libucrt:onexit.obj
 0001:00012d8c       ??$__crt_fast_decode_pointer@P6AXXZ@@YAP6AXXZQ6AXXZ@Z 0000000180013d8c f i libucrt:onexit.obj
 0001:00012da4       ??$__crt_fast_decode_pointer@PEAP6AXXZ@@YAPEAP6AXXZQEAP6AXXZ@Z 0000000180013da4 f i libucrt:onexit.obj
 0001:00012dbc       ??$__crt_fast_encode_pointer@P6AHXZ@@YAP6AHXZQ6AHXZ@Z 0000000180013dbc f i libucrt:onexit.obj
 0001:00012ddc       ??$__crt_fast_encode_pointer@P6AXXZ@@YAP6AXXZQ6AXXZ@Z 0000000180013ddc f i libucrt:onexit.obj
 0001:00012dfc       ??$__crt_fast_encode_pointer@PEAP6AXXZ@@YAPEAP6AXXZQEAP6AXXZ@Z 0000000180013dfc f i libucrt:onexit.obj
 0001:00012e50       ??0?$__crt_unique_heap_ptr@P6AXXZU__crt_internal_free_policy@@@@QEAA@QEAP6AXXZ@Z 0000000180013e50 f i libucrt:onexit.obj
 0001:00012e58       ??1?$__crt_unique_heap_ptr@P6AXXZU__crt_internal_free_policy@@@@QEAA@XZ 0000000180013e58 f i libucrt:onexit.obj
 0001:00012e74       ??1scoped_global_state_reset@__crt_state_management@@QEAA@XZ 0000000180013e74 f i libucrt:onexit.obj
 0001:00013160       ?detach@?$__crt_unique_heap_ptr@P6AXXZU__crt_internal_free_policy@@@@QEAAPEAP6AXXZXZ 0000000180014160 f i libucrt:onexit.obj
 0001:00013168       ?release@?$__crt_unique_heap_ptr@P6AXXZU__crt_internal_free_policy@@@@QEAAXXZ 0000000180014168 f i libucrt:onexit.obj
 0001:00013184       _crt_at_quick_exit         0000000180014184 f   libucrt:onexit.obj
 0001:00013194       _crt_atexit                0000000180014194 f   libucrt:onexit.obj
 0001:000131a4       _execute_onexit_table      00000001800141a4 f   libucrt:onexit.obj
 0001:000131e0       _initialize_onexit_table   00000001800141e0 f   libucrt:onexit.obj
[...]
 0002:000108dc       $unwind$_read              000000018005f8dc     libucrt:read.obj
 0002:0001090c       $unwind$_read$fin$0        000000018005f90c     libucrt:read.obj
 0002:00010914       $unwind$_read_nolock       000000018005f914     libucrt:read.obj
 0002:0001092c       $unwind$?translate_utf16_from_console_nolock@@YAHHQEA_W_K@Z 000000018005f92c     libucrt:read.obj
 0002:00010934       $unwind$?translate_ansi_or_utf8_nolock@@YAHHQEAD_KQEA_W1@Z 000000018005f934     libucrt:read.obj
 0002:0001094c       $unwind$??$translate_text_mode_nolock@D@@YAHHQEAD_K@Z 000000018005f94c     libucrt:read.obj
 0002:00010964       $unwind$??$translate_text_mode_nolock@_W@@YAHHQEA_W_K@Z 000000018005f964     libucrt:read.obj
 0002:0001097c       $unwind$fclose             000000018005f97c     libucrt:fclose.obj
 0002:000109a0       $unwind$fclose$fin$0       000000018005f9a0     libucrt:fclose.obj
 0002:000109a8       $unwind$_fclose_nolock     000000018005f9a8     libucrt:fclose.obj
 0002:000109b4       $unwind$?__mbrtoc32_utf8@__crt_mbstring@@YA_KPEA_UPEBD_KPEAU_Mbstatet@@@Z 000000018005f9b4     libucrt:mbrtoc32.obj
 0002:000109d0       $unwind$__acrt_GetLocaleInfoA 000000018005f9d0     libucrt:getlocaleinfoa.obj
 0002:000109f0       $unwind$?InternalGetLocaleInfoA@@YAHQEAU__crt_locale_pointers@@QEB_WKQEADH@Z 000000018005f9f0     libucrt:getlocaleinfoa.obj
 0002:00010a18       $unwind$_controlfp_s       000000018005fa18     libucrt:contrlfp.obj
 0002:00010a20       $unwind$fegetenv           000000018005fa20     libucrt:fegetenv.obj
 0002:00010a28       $unwind$fesetenv           000000018005fa28     libucrt:fesetenv.obj
 0002:00010a30       $unwind$feholdexcept       000000018005fa30     libucrt:feholdexcept.obj
 0002:00010a38       $xdatasym                  000000018005fa38     libucrt:log10.obj
 0002:00010a44       $unwind$__acrt_fenv_set_control 000000018005fa44     libucrt:_fenvutils.obj
 0002:00010a54       $unwind$?to_machine_sse_control@@YA?AW4__acrt_fenv_machine_sse_control@@W4__acrt_fenv_abstract_control@@@Z 000000018005fa54     libucrt:_fenvutils.obj
 0002:00010a64       $unwind$__acrt_stdio_allocate_buffer_nolock 000000018005fa64     libucrt:_getbuf.obj
 0002:00010a70       $unwind$_itow_s            000000018005fa70     libucrt:xtoa.obj
 0002:00010a78       $unwind$_itow              000000018005fa78     libucrt:xtoa.obj
 0002:00010a80       $unwind$_ltow_s            000000018005fa80     libucrt:xtoa.obj
 0002:00010a88       $unwind$_ltow              000000018005fa88     libucrt:xtoa.obj
 0002:00010a90       $unwind$_ultow_s           000000018005fa90     libucrt:xtoa.obj
 0002:00010a98       $unwind$_ultow             000000018005fa98     libucrt:xtoa.obj
 0002:00010aa0       $unwind$_i64tow_s          000000018005faa0     libucrt:xtoa.obj
 0002:00010aa8       $unwind$_i64tow            000000018005faa8     libucrt:xtoa.obj
 0002:00010ab0       $unwind$_ui64tow_s         000000018005fab0     libucrt:xtoa.obj
 0002:00010ab8       $unwind$_ui64tow           000000018005fab8     libucrt:xtoa.obj
 0002:00010ac0       $unwind$_itoa_s            000000018005fac0     libucrt:xtoa.obj
 0002:00010ac8       $unwind$_itoa              000000018005fac8     libucrt:xtoa.obj
 0002:00010ad0       $unwind$_ltoa_s            000000018005fad0     libucrt:xtoa.obj
 0002:00010ad8       $unwind$_ltoa              000000018005fad8     libucrt:xtoa.obj
 0002:00010ae0       $unwind$_ultoa_s           000000018005fae0     libucrt:xtoa.obj
 0002:00010ae8       $unwind$_ultoa             000000018005fae8     libucrt:xtoa.obj
 0002:00010af0       $unwind$_i64toa_s          000000018005faf0     libucrt:xtoa.obj
 0002:00010af8       $unwind$_i64toa            000000018005faf8     libucrt:xtoa.obj
 0002:00010b00       $unwind$_ui64toa_s         000000018005fb00     libucrt:xtoa.obj
 0002:00010b08       $unwind$_ui64toa           000000018005fb08     libucrt:xtoa.obj
 0002:00010b10       $unwind$??$common_xtox_s@KD@@YAHKQEAD_KI_N@Z 000000018005fb10     libucrt:xtoa.obj
 0002:00010b18       $unwind$??$common_xtox@KD@@YAHKQEAD_KI_N@Z 000000018005fb18     libucrt:xtoa.obj
 0002:00010b30       $unwind$??$common_xtox_s@_KD@@YAH_KQEAD0I_N@Z 000000018005fb30     libucrt:xtoa.obj
 0002:00010b38       $unwind$??$common_xtox@_KD@@YAH_KQEAD0I_N@Z 000000018005fb38     libucrt:xtoa.obj
 0002:00010b50       $unwind$??$common_xtox_s@K_W@@YAHKQEA_W_KI_N@Z 000000018005fb50     libucrt:xtoa.obj
 0002:00010b58       $unwind$??$common_xtox@K_W@@YAHKQEA_W_KI_N@Z 000000018005fb58     libucrt:xtoa.obj
 0002:00010b70       $unwind$??$common_xtox_s@_K_W@@YAH_KQEA_W0I_N@Z 000000018005fb70     libucrt:xtoa.obj
 0002:00010b78       $unwind$??$common_xtox@_K_W@@YAH_KQEA_W0I_N@Z 000000018005fb78     libucrt:xtoa.obj
 0002:00010b90       $unwind$_wcsicmp           000000018005fb90     libucrt:wcsicmp.obj
 0002:00010b98       $unwind$_wcsicmp_l         000000018005fb98     libucrt:wcsicmp.obj
 0002:00010bb0       $xdatasym                  000000018005fbb0     libucrt:fpsr.obj
 0002:00010bb8       $unwind$_towlower_l        000000018005fbb8     libucrt:towlower.obj
 0002:00010bc0       $unwind$_set_error_mode    000000018005fbc0     libucrt:set_error_mode.obj
 0002:00010bc8       $unwind$__acrt_show_narrow_message_box 000000018005fbc8     libucrt:crtmbox.obj
 0002:00010bdc       $unwind$__acrt_show_wide_message_box 000000018005fbdc     libucrt:crtmbox.obj
 0002:00010bf0       $unwind$??$common_show_message_box@D@@YAHQEBD0I@Z 000000018005fbf0     libucrt:crtmbox.obj
 0002:00010c04       $unwind$??$common_show_message_box@_W@@YAHQEB_W0I@Z 000000018005fc04     libucrt:crtmbox.obj
 0002:00010c18       $unwind$__dcrt_lowio_ensure_console_output_initialized 000000018005fc18     libucrt:initcon.obj
 0002:00010c20       $unwind$__dcrt_write_console 000000018005fc20     libucrt:initcon.obj
 0002:00010c34       $unwind$?__dcrt_lowio_initialize_console_output@@YAXXZ 000000018005fc34     libucrt:initcon.obj
 0002:00010c3c       $unwind$__dcrt_terminate_console_output 000000018005fc3c     libucrt:initcon.obj
 0002:00010c44       $unwind$??R<lambda_61c1b8a38cedca4df5fdc542e6ccae6d>@@QEBAHXZ 000000018005fc44     libucrt:initcon.obj
 0002:00010c4c       $unwind$??$console_output_reopen_and_retry@V<lambda_61c1b8a38cedca4df5fdc542e6ccae6d>@@@@YAHAEBV<lambda_61c1b8a38cedca4df5fdc542e6ccae6d>@@@Z 000000018005fc4c     libucrt:initcon.obj
 0002:00010c58       $unwind$_close             000000018005fc58     libucrt:close.obj
 0002:00010c60       $unwind$_close_nolock      000000018005fc60     libucrt:close.obj
 0002:00010c6c       $unwind$?close_os_handle_nolock@@YAKH@Z 000000018005fc6c     libucrt:close.obj
 0002:00010c78       $unwind$??R<lambda_628dfdc04ba53c8bfc02c9951375f3f5>@@QEBAHXZ 000000018005fc78     libucrt:close.obj
 0002:00010c80       $unwind$??$__acrt_lowio_lock_fh_and_call@V<lambda_628dfdc04ba53c8bfc02c9951375f3f5>@@@@YAHH$$QEAV<lambda_628dfdc04ba53c8bfc02c9951375f3f5>@@@Z 000000018005fc80     libucrt:close.obj
 0002:00010c88       $unwind$??$?RV<lambda_751a882b2c74d4b022dec766aa51a29a>@@AEAV<lambda_628dfdc04ba53c8bfc02c9951375f3f5>@@V<lambda_f6c7be5f7998530c34de24c7437d6b54>@@@?$__crt_seh_guarded_call@H@@QEAAH$$QEAV<lambda_751a882b2c74d4b022dec766aa51a29a>@@AEAV<lambda_628dfdc04ba53c8bfc02c9951375f3f5>@@$$QEAV<lambda_f6c7be5f7998530c34de24c7437d6b54>@@@Z 000000018005fc88     libucrt:close.obj
 0002:00010cac       $unwind$?fin$0@?0???$?RV<lambda_751a882b2c74d4b022dec766aa51a29a>@@AEAV<lambda_628dfdc04ba53c8bfc02c9951375f3f5>@@V<lambda_f6c7be5f7998530c34de24c7437d6b54>@@@?$__crt_seh_guarded_call@H@@QEAAH$$QEAV<lambda_751a882b2c74d4b022dec766aa51a29a>@@AEAV<lambda_628dfdc04ba53c8bfc02c9951375f3f5>@@$$QEAV<lambda_f6c7be5f7998530c34de24c7437d6b54>@@@Z@4HA 000000018005fcac     libucrt:close.obj
 0002:00010cb4       $unwind$?__acrt_stdio_allocate_stream@@YA?AV__crt_stdio_stream@@XZ 000000018005fcb4     libucrt:stream.obj
 0002:00010cd4       $unwind$?fin$0@?0??__acrt_stdio_allocate_stream@@YA?AV__crt_stdio_stream@@XZ@4HA 000000018005fcd4     libucrt:stream.obj
 0002:00010cdc       $unwind$?find_or_allocate_unused_stream_nolock@@YA?AV__crt_stdio_stream@@XZ 000000018005fcdc     libucrt:stream.obj
 0002:00010cf0       $unwind$??1?$__crt_unique_heap_ptr@U__crt_stdio_stream_data@@U__crt_internal_free_policy@@@@QEAA@XZ 000000018005fcf0     libucrt:stream.obj
 0002:00010cf8       $unwind$?release@?$__crt_unique_heap_ptr@U__crt_stdio_stream_data@@U__crt_internal_free_policy@@@@QEAAXXZ 000000018005fcf8     libucrt:stream.obj
 0002:00010d00       $unwind$_clearfp           000000018005fd00     libucrt:ieee.obj
 0002:00010d08       $unwind$_set_controlfp     000000018005fd08     libucrt:ieee.obj
 0002:00010d10       $unwind$common_control87   000000018005fd10     libucrt:ieee.obj
 0002:00010d3c       $unwind$common_control87$filt$0 000000018005fd3c     libucrt:ieee.obj
 0002:00010d44       $unwind$_logf_special_common 000000018005fd44     libucrt:log_special.obj
 0002:00010d50       $unwind$_logf_special      000000018005fd50     libucrt:log_special.obj
 0002:00010d58       $unwind$_log10f_special    000000018005fd58     libucrt:log_special.obj
 0002:00010d60       $unwind$_log_special_common 000000018005fd60     libucrt:log_special.obj
 0002:00010d6c       $unwind$_log_special       000000018005fd6c     libucrt:log_special.obj
 0002:00010d74       $unwind$_log10_special     000000018005fd74     libucrt:log_special.obj
 0002:00010d7c       $unwind$__acrt_LCMapStringW 000000018005fd7c     libucrt:lcmapstringw.obj
 0002:00010d90       $unwind$__acrt_OutputDebugStringA 000000018005fd90     libucrt:outputdebugstringa.obj
 0002:00010da8       $unwind$mbstowcs_s         000000018005fda8     libucrt:mbstowcs.obj
 0002:00010db0       $unwind$_mbstowcs_s_l      000000018005fdb0     libucrt:mbstowcs.obj
 0002:00010dc8       $unwind$?_mbstowcs_l_helper@@YA_KPEA_WPEBD_KPEAU__crt_locale_pointers@@@Z 000000018005fdc8     libucrt:mbstowcs.obj
 0002:00010de0       $unwind$_IsNonwritableInCurrentImage 000000018005fde0     LIBCMT:pesect.obj
 0002:00010e04       $unwind$_IsNonwritableInCurrentImage$filt$0 000000018005fe04     LIBCMT:pesect.obj
 0002:00010e0c       $unwind$??_Gtype_info@@UEAAPEAXI@Z 000000018005fe0c     LIBCMT:std_type_info_static.obj
 0002:00010e14       $unwind$__GSHandlerCheckCommon 000000018005fe14     LIBCMT:gshandler.obj
 0002:00010e1c       $unwind$__GSHandlerCheck   000000018005fe1c     LIBCMT:gshandler.obj
 0002:00010e28       $xdatasym                  000000018005fe28     LIBCMT:amdsecgs.obj
 0002:00010e2c       $unwind$__GSHandlerCheck_SEH 000000018005fe2c     LIBCMT:gshandlerseh.obj
 0002:00010e44       $unwind$__report_securityfailure 000000018005fe44     LIBCMT:gs_report.obj
 0002:00010e4c       $unwind$__report_securityfailureEx 000000018005fe4c     LIBCMT:gs_report.obj
 0002:00010e54       $unwind$__report_rangecheckfailure 000000018005fe54     LIBCMT:gs_report.obj
 0002:00010e5c       $unwind$__report_gsfailure 000000018005fe5c     LIBCMT:gs_report.obj
 0002:00010e64       $unwind$capture_current_context 000000018005fe64     LIBCMT:gs_report.obj
 0002:00010e70       $unwind$capture_previous_context 000000018005fe70     LIBCMT:gs_report.obj
 0002:00010e7c       $unwind$__raise_securityfailure 000000018005fe7c     LIBCMT:gs_report.obj
 0002:00010e88       $xdatasym                  000000018005fe88     LIBCMT:chkstk.obj
 0002:00010e90       $unwind$_local_unwind      000000018005fe90     libvcruntime:jmpuwind.obj
 0002:00010e98       $xdatasym                  000000018005fe98     libvcruntime:memcmp.obj
 0002:00010f30       .edata                     000000018005ff30     engine.exp
 0002:00010f58       rgpv                       000000018005ff58     engine.exp
 0002:00010f60       rgszName                   000000018005ff60     engine.exp
 0002:00010f68       rgwOrd                     000000018005ff68     engine.exp
 0002:00010f6c       szName                     000000018005ff6c     engine.exp
 0002:00010f77       $N00001                    000000018005ff77     engine.exp
 0002:00010f8b       $N00002                    000000018005ff8b     engine.exp
 0002:000113b8       .idata$6                   00000001800603b8     kernel32:KERNEL32.dll
 0003:00000030       ?prefix@?1??getDimension@UnDecorator@@CA?AVDName@@_N@Z@4UStringLiteral@@A 0000000180061030     libvcruntime:undname.obj
 0003:00000040       ?__vcrt_flsindex@@3KA      0000000180061040     libvcruntime:per_thread_data.obj
 0003:00000060       ?__acrt_flsindex@@3KA      0000000180061060     libucrt:per_thread_data.obj
 0003:00000064       ?errno_no_memory@@3HA      0000000180061064     libucrt:errno.obj
 0003:00000068       ?doserrno_no_memory@@3KA   0000000180061068     libucrt:errno.obj
 0003:000002a0       _mbctypes                  00000001800612a0     libucrt:mbctype.obj
 0003:000003b0       _mbcasemaps                00000001800613b0     libucrt:mbctype.obj
 0003:000004b0       ?__rgctypeflag@@3PADA      00000001800614b0     libucrt:mbctype.obj
 0003:000004c0       ?__rgcode_page_info@@3PAUcode_page_info@@A 00000001800614c0     libucrt:mbctype.obj
 0003:00000878       _ctype_loc_style           0000000180061878     libucrt:wsetlocale.obj
 0003:00000948       ?dazSupported@?1??_ctrlfp@@9@9 0000000180061948     libucrt:fpctrl.obj
 0003:00000a50       ?__dcrt_lowio_console_output_handle@@3PEAXEA 0000000180061a50     libucrt:initcon.obj
 0003:00000a58       ?dazSupported@?1??common_control87@@9@9 0000000180061a58     libucrt:ieee.obj
 0003:00000bd0       ?__proc_attached@@3HA      0000000180061bd0     LIBCMT:dll_dllmain.obj
 0003:00000c10       ?is_initialized_as_dll@@3_NA 0000000180061c10     LIBCMT:utility.obj
 0003:00000c11       ?module_local_atexit_table_initialized@@3_NA 0000000180061c11     LIBCMT:utility.obj
 0003:00000c18       ?module_local_atexit_table@@3U_onexit_table_t@@A 0000000180061c18     LIBCMT:utility.obj
 0003:00000c30       ?module_local_at_quick_exit_table@@3U_onexit_table_t@@A 0000000180061c30     LIBCMT:utility.obj
 0003:00000ca8       ?heap@@3V_HeapManager@@A   0000000180061ca8     libvcruntime:undname.obj
 0003:00000cd0       ?__vcrt_startup_thread_ptd@@3U__vcrt_ptd@@A 0000000180061cd0     libvcruntime:per_thread_data.obj
 0003:00000d50       __vcrt_lock_table          0000000180061d50     libvcruntime:locks.obj
 0003:00000d78       __vcrt_locks_initialized   0000000180061d78     libvcruntime:locks.obj
 0003:00000d80       ?module_handles@@3PAPEAUHINSTANCE__@@A 0000000180061d80     libvcruntime:winapi_downlevel.obj
 0003:00000d98       ?function_pointers@@3PAPEAXA 0000000180061d98     libvcruntime:winapi_downlevel.obj
 0003:00000dc8       ?c_termination_complete@@3JA 0000000180061dc8     libucrt:exit.obj
 0003:00000dd0       ?thread_local_exit_callback_func@@3P6AXPEAXK0@ZEA 0000000180061dd0     libucrt:exit.obj
 0003:00000de0       ?program_name@?1???$common_configure_argv@D@@YAHW4_crt_argv_mode@@@Z@4PADA 0000000180061de0     libucrt:argv_parsing.obj
 0003:00000ef0       ?program_name@?1???$common_configure_argv@_W@@YAHW4_crt_argv_mode@@@Z@4PA_WA 0000000180061ef0     libucrt:argv_parsing.obj
 0003:00001160       ?__acrt_lock_table@@3PAU_RTL_CRITICAL_SECTION@@A 0000000180062160     libucrt:locks.obj
 0003:00001390       ?__acrt_locks_initialized@@3IA 0000000180062390     libucrt:locks.obj
 0003:00001394       ?state_cache@?1???$get_cached_win_policy@Ubegin_thread_init_policy_properties@?1??__acrt_get_begin_thread_init_policy@@YA?AW4begin_thread_init_policy@@XZ@@@YA?AW4begin_thread_init_policy@@W4AppPolicyThreadInitializationType@@@Z@4JA 0000000180062394     libucrt:win_policies.obj
 0003:00001398       ?state_cache@?1???$get_cached_win_policy@Udeveloper_information_policy_properties@?1??__acrt_get_developer_information_policy@@YA?AW4developer_information_policy@@XZ@@@YA?AW4developer_information_policy@@W4AppPolicyShowDeveloperDiagnostic@@@Z@4JA 0000000180062398     libucrt:win_policies.obj
 0003:0000139c       ?state_cache@?1???$get_cached_win_policy@Uwindowing_model_policy_properties@?1??__acrt_get_windowing_model_policy@@YA?AW4windowing_model_policy@@XZ@@@YA?AW4windowing_model_policy@@W4AppPolicyWindowingModel@@@Z@4JA 000000018006239c     libucrt:win_policies.obj
 0003:000013a0       ?__acrt_invalid_parameter_handler@@3V?$dual_state_global@P6AXPEB_W00I_K@Z@__crt_state_management@@A 00000001800623a0     libucrt:invalid_parameter.obj
 0003:000013c0       ?fSystemSet@@3HA           00000001800623c0     libucrt:mbctype.obj
 0003:000013c4       ?initialized@?1??__acrt_initialize_multibyte@@9@4_NA 00000001800623c4     libucrt:mbctype.obj
 0003:00001400       ?module_handles@@3PAPEAUHINSTANCE__@@A 0000000180062400     libucrt:winapi_thunks.obj
 0003:000014a0       ?encoded_function_pointers@@3PAPEAXA 00000001800624a0     libucrt:winapi_thunks.obj
 0003:000015b0       ?static_enum_proc@?1??enum_system_locales_ex_nolock@@YAHQ6AHPEA_WK_J@Z@Z@4P6AH0K1@ZEA 00000001800625b0     libucrt:winapi_thunks.obj
 0003:000019c8       ?__acrt_new_handler@@3V?$dual_state_global@P6AH_K@Z@__crt_state_management@@A 00000001800629c8     libucrt:new_handler.obj
 0003:000019d0       ?console_ctrl_handler_installed@@3_NA 00000001800629d0     libucrt:signal.obj
 0003:000019d8       ?ctrlc_action@@3V?$dual_state_global@P6AXH@Z@__crt_state_management@@A 00000001800629d8     libucrt:signal.obj
 0003:000019e0       ?ctrlbreak_action@@3V?$dual_state_global@P6AXH@Z@__crt_state_management@@A 00000001800629e0     libucrt:signal.obj
 0003:000019e8       ?abort_action@@3V?$dual_state_global@P6AXH@Z@__crt_state_management@@A 00000001800629e8     libucrt:signal.obj
 0003:000019f0       ?term_action@@3V?$dual_state_global@P6AXH@Z@__crt_state_management@@A 00000001800629f0     libucrt:signal.obj
 0003:000019f8       ?user_matherr@@3V?$dual_state_global@P6AHPEAU_exception@@@Z@__crt_state_management@@A 00000001800629f8     libucrt:matherr.obj
 0003:00001a30       ?internal_state@?1??_mbtowc_l@@9@4U_Mbstatet@@A 0000000180062a30     libucrt:mbtowc.obj
 0003:00001a38       ?enable_percent_n@@3_KA    0000000180062a38     libucrt:printf_count_output.obj
 0003:00001a44       ?__acrt_global_new_mode@@3V?$dual_state_global@J@__crt_state_management@@A 0000000180062a44     libucrt:new_mode.obj
 0003:00001a50       ?mbst@?1??mbrlen@@9@4U_Mbstatet@@A 0000000180062a50     libucrt:mbrtowc.obj
 0003:00001a58       ?mbst@?1??mbrtowc@@9@4U_Mbstatet@@A 0000000180062a58     libucrt:mbrtowc.obj
 0003:00001a60       ?mbst@?1??_mbsrtowcs_helper@@YA_KPEA_WPEAPEBD_KPEAU_Mbstatet@@@Z@4U2@A 0000000180062a60     libucrt:mbrtowc.obj
 0003:00001a68       ?__acrt_app_type@@3W4_crt_app_type@@A 0000000180062a68     libucrt:report_runtime_error.obj
 0003:00001a70       ?outmsg@?9??__acrt_report_runtime_error@@9@4PA_WA 0000000180062a70     libucrt:report_runtime_error.obj
 0003:00002098       ?internal_pst@?1??__mbrtoc32_utf8@__crt_mbstring@@YA_KPEA_UPEBD_KPEAU_Mbstatet@@@Z@4U3@A 0000000180063098     libucrt:mbrtoc32.obj
 0003:000020a0       __acrt_error_mode          00000001800630a0     libucrt:set_error_mode.obj
 0003:000020b0       GS_ExceptionRecord         00000001800630b0     LIBCMT:gs_report.obj
 0003:00002150       GS_ContextRecord           0000000180063150     LIBCMT:gs_report.obj
 0005:00000000       MsetTab                    0000000180069000     libvcruntime:memset.obj
 0005:00000050       MoveSmall                  0000000180069050     libvcruntime:memcpy.obj
 0005:00000090       MoveSmallYmm               0000000180069090     libvcruntime:memcpy.obj
 0005:000000b4       MoveSmallYmmNT             00000001800690b4     libvcruntime:memcpy.obj
 0005:000000d8       MoveSmallXmm               00000001800690d8     libvcruntime:memcpy.obj
