 win32_made

 Timestamp is 6109a4a0 (Tue Aug  3 23:18:40 2021)

 Preferred load address is 0000000140000000

 Start         Length     Name                   Class
 0001:00000000 00012cd0H .text$mn                CODE
 0001:00012cd0 00000040H .text$mn$00             CODE
 0001:00012d10 00000290H .text$x                 CODE
 0002:00000000 000002d0H .idata$5                DATA
 0002:000002d0 00000028H .00cfg                  DATA
 0002:000002f8 00000008H .CRT$XCA                DATA
 0002:00000300 00000008H .CRT$XCAA               DATA
 0002:00000308 00000008H .CRT$XCZ                DATA
 0002:00000310 00000008H .CRT$XIA                DATA
 0002:00000318 00000008H .CRT$XIAA               DATA
 0002:00000320 00000008H .CRT$XIAC               DATA
 0002:00000328 00000020H .CRT$XIC                DATA
 0002:00000348 00000008H .CRT$XIZ                DATA
 0002:00000350 00000008H .CRT$XPA                DATA
 0002:00000358 00000010H .CRT$XPX                DATA
 0002:00000368 00000008H .CRT$XPXA               DATA
 0002:00000370 00000008H .CRT$XPZ                DATA
 0002:00000378 00000008H .CRT$XTA                DATA
 0002:00000380 00000010H .CRT$XTZ                DATA
 0002:00000388 00000000H .gehcont$y              DATA
 0002:00000388 00000000H .gfids$y                DATA
 0002:00000390 000085f0H .rdata                  DATA
 0002:00008980 00000000H .rdata$CastGuardVftablesA DATA
 0002:00008980 00000000H .rdata$CastGuardVftablesC DATA
 0002:00008980 00000000H .rdata$r                DATA
 0002:00008980 00000104H .rdata$voltmd           DATA
 0002:00008a84 000002ecH .rdata$zzzdbg           DATA
 0002:00008d70 00000008H .rtc$IAA                DATA
 0002:00008d78 00000008H .rtc$IZZ                DATA
 0002:00008d80 00000008H .rtc$TAA                DATA
 0002:00008d88 00000008H .rtc$TZZ                DATA
 0002:00008d90 00000da0H .xdata                  DATA
 0002:00009b30 00000000H .xdata$x                DATA
 0002:00009b30 00000000H .edata                  DATA
 0002:00009b30 00000050H .idata$2                DATA
 0002:00009b80 00000018H .idata$3                DATA
 0002:00009b98 000002d0H .idata$4                DATA
 0002:00009e68 00000634H .idata$6                DATA
 0003:00000000 00000a20H .data                   DATA
 0003:00000a20 00000000H .data$r                 DATA
 0003:00000a20 00000000H .data$rs                DATA
 0003:00000a20 00001250H .bss                    DATA
 0004:00000000 00001068H .pdata                  DATA
 0005:00000000 000000fcH _RDATA                  DATA

  Address         Publics by Value              Rva+Base               Lib:Object

 0000:00000000       __guard_longjmp_table      0000000000000000     <absolute>
 0000:00000000       ___safe_se_handler_table   0000000000000000     <absolute>
 0000:00000000       __x64_code_ranges_to_entry_points_count 0000000000000000     <absolute>
 0000:00000000       __guard_fids_count         0000000000000000     <absolute>
 0000:00000000       __arm64x_redirection_metadata 0000000000000000     <absolute>
 0000:00000000       __arm64x_extra_rfe_table   0000000000000000     <absolute>
 0000:00000000       __guard_iat_table          0000000000000000     <absolute>
 0000:00000000       __hybrid_code_map          0000000000000000     <absolute>
 0000:00000000       __guard_iat_count          0000000000000000     <absolute>
 0000:00000000       __guard_longjmp_count      0000000000000000     <absolute>
 0000:00000000       __arm64x_extra_rfe_table_size 0000000000000000     <absolute>
 0000:00000000       __x64_code_ranges_to_entry_points 0000000000000000     <absolute>
 0000:00000000       __dynamic_value_reloc_table 0000000000000000     <absolute>
 0000:00000000       ___safe_se_handler_count   0000000000000000     <absolute>
 0000:00000000       __hybrid_auxiliary_iat     0000000000000000     <absolute>
 0000:00000000       __hybrid_auxiliary_iat_copy 0000000000000000     <absolute>
 0000:00000000       __AbsoluteZero             0000000000000000     <absolute>
 0000:00000000       __guard_check_icall_a64n_fptr 0000000000000000     <absolute>
 0000:00000000       __guard_eh_cont_count      0000000000000000     <absolute>
 0000:00000000       __guard_fids_table         0000000000000000     <absolute>
 0000:00000000       __arm64x_redirection_metadata_count 0000000000000000     <absolute>
 0000:00000000       __enclave_config           0000000000000000     <absolute>
 0000:00000000       __guard_eh_cont_table      0000000000000000     <absolute>
 0000:00000000       __arm64x_native_entrypoint 0000000000000000     <absolute>
 0000:00000000       __hybrid_code_map_count    0000000000000000     <absolute>
 0000:00000100       __guard_flags              0000000000000100     <absolute>
 0000:00000000       __ImageBase                0000000140000000     <linker-defined>
 0001:00000000       WinMain                    0000000140001000 f   win32_made.obj
 0001:00001420       ?GameUpdateAndRenderStub@@YAXPEAUgame_memory@@PEAUgame_input@@PEAUgame_offscreen_buffer@@@Z 0000000140002420 f   win32_made.obj
 0001:00001440       ?GameGetSoundSamplesStub@@YAXPEAUgame_memory@@PEAUgame_sound_output_buffer@@@Z 0000000140002440 f   win32_made.obj
 0001:00001460       ?XInputGetStateStub@@YAKKPEAU_XINPUT_STATE@@@Z 0000000140002460 f   win32_made.obj
 0001:00001480       ?XInputSetStateStub@@YAKKPEAU_XINPUT_VIBRATION@@@Z 0000000140002480 f   win32_made.obj
 0001:000014a0       ?DEBUGPlatformFreeFileMemory@@YAXPEAX@Z 00000001400024a0 f   win32_made.obj
 0001:000014d0       ?DEBUGPlatformReadEntireFile@@YA?AUdebug_read_file_result@@PEAD@Z 00000001400024d0 f   win32_made.obj
 0001:00001620       ?DEBUGPlatformWriteEntireFile@@YAHPEADIPEAX@Z 0000000140002620 f   win32_made.obj
 0001:00001d60       ?Win32MainWindowCallback@@YA_JPEAUHWND__@@I_K_J@Z 0000000140002d60 f   win32_made.obj
 0001:00002c50       ??$_snprintf_s@$0BAA@@@YAHAEAY0BAA@D_KPEBDZZ 0000000140003c50 f i win32_made.obj
 0001:00002ca0       ?GetController@@YAPEAUgame_controller_input@@PEAUgame_input@@I@Z 0000000140003ca0 f i win32_made.obj
 0001:00002cf0       ?SafeTruncateUInt64@@YAI_K@Z 0000000140003cf0 f i win32_made.obj
 0001:00002d20       ?Win32DrawSoundBufferMarker@@YAXPEAUwin32_offscreen_buffer@@PEAUwin32_sound_output@@MHHHKI@Z 0000000140003d20 f i win32_made.obj
 0001:00002da0       ?Win32GetSecondsElapsed@@YAMT_LARGE_INTEGER@@0@Z 0000000140003da0 f i win32_made.obj
 0001:00002de0       ?Win32GetWallClock@@YA?AT_LARGE_INTEGER@@XZ 0000000140003de0 f i win32_made.obj
 0001:00002e00       __local_stdio_printf_options 0000000140003e00 f i win32_made.obj
 0001:00002e10       _vsnprintf_s               0000000140003e10 f i win32_made.obj
 0001:00002e60       _vsnprintf_s_l             0000000140003e60 f i win32_made.obj
 0001:00002ee0       __GSHandlerCheck           0000000140003ee0 f   LIBCMT:gshandler.obj
 0001:00002f00       __GSHandlerCheckCommon     0000000140003f00 f   LIBCMT:gshandler.obj
 0001:00002f70       __security_check_cookie    0000000140003f70 f   LIBCMT:amdsecgs.obj
 0001:000031e8       WinMainCRTStartup          00000001400041e8 f   LIBCMT:exe_winmain.obj
 0001:000031fc       __raise_securityfailure    00000001400041fc f   LIBCMT:gs_report.obj
 0001:00003230       __report_gsfailure         0000000140004230 f   LIBCMT:gs_report.obj
 0001:00003304       __report_rangecheckfailure 0000000140004304 f   LIBCMT:gs_report.obj
 0001:00003318       __report_securityfailure   0000000140004318 f   LIBCMT:gs_report.obj
 0001:00003498       __scrt_acquire_startup_lock 0000000140004498 f   LIBCMT:utility.obj
 0001:000034d4       __scrt_initialize_crt      00000001400044d4 f   LIBCMT:utility.obj
 0001:00003520       __scrt_initialize_onexit_tables 0000000140004520 f   LIBCMT:utility.obj
 0001:000035ac       __scrt_is_nonwritable_in_current_image 00000001400045ac f   LIBCMT:utility.obj
 0001:00003644       __scrt_release_startup_lock 0000000140004644 f   LIBCMT:utility.obj
 0001:00003668       __scrt_uninitialize_crt    0000000140004668 f   LIBCMT:utility.obj
 0001:00003694       _onexit                    0000000140004694 f   LIBCMT:utility.obj
 0001:000036d0       atexit                     00000001400046d0 f   LIBCMT:utility.obj
 0001:000036e8       __security_init_cookie     00000001400046e8 f   LIBCMT:gs_support.obj
 0001:00003794       _get_startup_new_mode      0000000140004794 f   LIBCMT:new_mode.obj
 0001:00003794       _get_startup_thread_locale_mode 0000000140004794 f   LIBCMT:thread_locale.obj
 0001:00003794       __scrt_initialize_winrt    0000000140004794 f   LIBCMT:utility_desktop.obj
 0001:00003794       __scrt_exe_initialize_mta  0000000140004794 f   LIBCMT:utility_desktop.obj
 0001:00003794       _matherr                   0000000140004794 f   LIBCMT:matherr.obj
 0001:00003794       _get_startup_commit_mode   0000000140004794 f   LIBCMT:commit_mode.obj
 0001:00003794       __scrt_stub_for_initialize_mta 0000000140004794 f   LIBCMT:utility_desktop.obj
 0001:00003798       _get_startup_argv_mode     0000000140004798 f   LIBCMT:argv_mode.obj
 0001:000037a0       _get_startup_file_mode     00000001400047a0 f   LIBCMT:file_mode.obj
 0001:000037a8       ?__scrt_initialize_type_info@@YAXXZ 00000001400047a8 f   LIBCMT:tncleanup.obj
 0001:000037b8       _should_initialize_environment 00000001400047b8 f   LIBCMT:env_mode.obj
 0001:000037b8       __acrt_uninitialize_command_line 00000001400047b8 f   libucrt:argv_data.obj
 0001:000037bc       _initialize_invalid_parameter_handler 00000001400047bc f   LIBCMT:invalid_parameter_handler.obj
 0001:000037bc       _guard_check_icall_nop     00000001400047bc f   LIBCMT:guard_support.obj
 0001:000037bc       _initialize_denormal_control 00000001400047bc f   LIBCMT:denormal_control.obj
 0001:000037c0       __local_stdio_scanf_options 00000001400047c0 f i LIBCMT:default_local_stdio_options.obj
 0001:000037c8       __scrt_initialize_default_local_stdio_options 00000001400047c8 f   LIBCMT:default_local_stdio_options.obj
 0001:000037e4       __scrt_is_user_matherr_present 00000001400047e4 f   LIBCMT:matherr_detection.obj
 0001:000037f0       __scrt_get_dyn_tls_init_callback 00000001400047f0 f   LIBCMT:dyn_tls_init.obj
 0001:000037f8       __scrt_get_dyn_tls_dtor_callback 00000001400047f8 f   LIBCMT:dyn_tls_dtor.obj
 0001:00003800       __crt_debugger_hook        0000000140004800 f   LIBCMT:utility_desktop.obj
 0001:00003808       __scrt_fastfail            0000000140004808 f   LIBCMT:utility_desktop.obj
 0001:00003954       __scrt_get_show_window_mode 0000000140004954 f   LIBCMT:utility_desktop.obj
 0001:00003990       __scrt_initialize_mta      0000000140004990 f   LIBCMT:utility_desktop.obj
 0001:00003998       __scrt_is_managed_app      0000000140004998 f   LIBCMT:utility_desktop.obj
 0001:000039ec       __scrt_set_unhandled_exception_filter 00000001400049ec f   LIBCMT:utility_desktop.obj
 0001:000039fc       __scrt_unhandled_exception_filter 00000001400049fc f   LIBCMT:utility_desktop.obj
 0001:00003a58       _RTC_Initialize            0000000140004a58 f   LIBCMT:initsect.obj
 0001:00003a94       _RTC_Terminate             0000000140004a94 f   LIBCMT:initsect.obj
 0001:00003ad0       __isa_available_init       0000000140004ad0 f   LIBCMT:cpu_disp.obj
 0001:00003c74       __scrt_is_ucrt_dll_in_use  0000000140004c74 f   LIBCMT:ucrt_detection.obj
 0001:00003c80       __C_specific_handler       0000000140004c80 f   libvcruntime:riscchandler.obj
 0001:00003e8c       __vcrt_initialize          0000000140004e8c f   libvcruntime:initialization.obj
 0001:00003eb4       __vcrt_uninitialize        0000000140004eb4 f   libvcruntime:initialization.obj
 0001:00003ed0       __DestructExceptionObject  0000000140004ed0 f   libvcruntime:ehhelpers.obj
 0001:00003f40       ?_CallMemberFunction0@@YAXQEAX0@Z 0000000140004f40 f i libvcruntime:ehhelpers.obj
 0001:00003f44       __current_exception        0000000140004f44 f   libvcruntime:ehhelpers.obj
 0001:00003f58       __current_exception_context 0000000140004f58 f   libvcruntime:ehhelpers.obj
 0001:00003f80       memset_repmovs             0000000140004f80 f   libvcruntime:memset.obj
 0001:00003fa0       memset                     0000000140004fa0 f   libvcruntime:memset.obj
 0001:00004140       _NLG_Notify                0000000140005140 f   libvcruntime:notify.obj
 0001:00004160       __NLG_Dispatch2            0000000140005160 f   libvcruntime:notify.obj
 0001:00004170       __NLG_Return2              0000000140005170 f   libvcruntime:notify.obj
 0001:00004174       __except_validate_context_record 0000000140005174 f   libvcruntime:jbcxrval.obj
 0001:000041ac       __vcrt_freefls             00000001400051ac f   libvcruntime:per_thread_data.obj
 0001:000041cc       __vcrt_getptd              00000001400051cc f   libvcruntime:per_thread_data.obj
 0001:000041e8       __vcrt_getptd_noexit       00000001400051e8 f   libvcruntime:per_thread_data.obj
 0001:000042a8       __vcrt_initialize_ptd      00000001400052a8 f   libvcruntime:per_thread_data.obj
 0001:000042f0       __vcrt_uninitialize_ptd    00000001400052f0 f   libvcruntime:per_thread_data.obj
 0001:00004314       __vcrt_initialize_locks    0000000140005314 f   libvcruntime:locks.obj
 0001:00004348       __vcrt_uninitialize_locks  0000000140005348 f   libvcruntime:locks.obj
 0001:000044d0       __vcrt_FlsAlloc            00000001400054d0 f   libvcruntime:winapi_downlevel.obj
 0001:00004518       __vcrt_FlsFree             0000000140005518 f   libvcruntime:winapi_downlevel.obj
 0001:00004560       __vcrt_FlsGetValue         0000000140005560 f   libvcruntime:winapi_downlevel.obj
 0001:000045a8       __vcrt_FlsSetValue         00000001400055a8 f   libvcruntime:winapi_downlevel.obj
 0001:000045fc       __vcrt_InitializeCriticalSectionEx 00000001400055fc f   libvcruntime:winapi_downlevel.obj
 0001:00004670       memcpy_repmovs             0000000140005670 f   libvcruntime:memcpy.obj
 0001:00004690       memcpy                     0000000140005690 f   libvcruntime:memcpy.obj
 0001:00004690       memmove                    0000000140005690 f   libvcruntime:memcpy.obj
 0001:00004d20       _CallSettingFrame          0000000140005d20 f   libvcruntime:handlers.obj
 0001:00004d70       _CallSettingFrame_LookupContinuationIndex 0000000140005d70 f   libvcruntime:handlers.obj
 0001:00004da0       _CallSettingFrame_NotifyContinuationAddr 0000000140005da0 f   libvcruntime:handlers.obj
 0001:00004dd0       _CallSettingFrameEncoded   0000000140005dd0 f   libvcruntime:handlers.obj
 0001:00004fe4       ??$ensure_buffer_is_big_enough@D@formatting_buffer@__crt_stdio_output@@QEAA_N_K@Z 0000000140005fe4 f i libucrt:output.obj
 0001:0000508c       ??$type_case_integer_parse_into_buffer@I@?$output_processor@DV?$string_output_adapter@D@__crt_stdio_output@@V?$format_validation_base@DV?$string_output_adapter@D@__crt_stdio_output@@@2@@__crt_stdio_output@@AEAAXII_N@Z 000000014000608c f i libucrt:output.obj
 0001:00005114       ??$type_case_integer_parse_into_buffer@_K@?$output_processor@DV?$string_output_adapter@D@__crt_stdio_output@@V?$format_validation_base@DV?$string_output_adapter@D@__crt_stdio_output@@@2@@__crt_stdio_output@@AEAAX_KI_N@Z 0000000140006114 f i libucrt:output.obj
 0001:000051a4       ??$write_multiple_characters@V?$string_output_adapter@D@__crt_stdio_output@@D@__crt_stdio_output@@YAXAEBV?$string_output_adapter@D@0@DHQEAH@Z 00000001400061a4 f i libucrt:output.obj
 0001:0000521c       ??0_LocaleUpdate@@QEAA@QEAU__crt_locale_pointers@@@Z 000000014000621c f i libucrt:output.obj
 0001:000052c0       ?crop_zeroes@__crt_stdio_output@@YAXPEADQEAU__crt_locale_pointers@@@Z 00000001400062c0 f i libucrt:output.obj
 0001:00005360       ?force_decimal_point@__crt_stdio_output@@YAXPEADQEAU__crt_locale_pointers@@@Z 0000000140006360 f i libucrt:output.obj
 0001:000053d8       ?parse_int_from_format_string@?$output_processor@DV?$string_output_adapter@D@__crt_stdio_output@@V?$format_validation_base@DV?$string_output_adapter@D@__crt_stdio_output@@@2@@__crt_stdio_output@@AEAA_NQEAH@Z 00000001400063d8 f i libucrt:output.obj
 0001:0000547c       ?process@?$output_processor@DV?$string_output_adapter@D@__crt_stdio_output@@V?$format_validation_base@DV?$string_output_adapter@D@__crt_stdio_output@@@2@@__crt_stdio_output@@QEAAHXZ 000000014000647c f i libucrt:output.obj
 0001:00005690       ?state_case_normal@?$output_processor@DV?$string_output_adapter@D@__crt_stdio_output@@V?$format_validation_base@DV?$string_output_adapter@D@__crt_stdio_output@@@2@@__crt_stdio_output@@AEAA_NXZ 0000000140006690 f i libucrt:output.obj
 0001:00005704       ?state_case_normal_tchar@?$output_processor@DV?$string_output_adapter@D@__crt_stdio_output@@V?$format_validation_base@DV?$string_output_adapter@D@__crt_stdio_output@@@2@@__crt_stdio_output@@AEAA_ND@Z 0000000140006704 f i libucrt:output.obj
 0001:000057ac       ?state_case_size@?$output_processor@DV?$string_output_adapter@D@__crt_stdio_output@@V?$format_validation_base@DV?$string_output_adapter@D@__crt_stdio_output@@@2@@__crt_stdio_output@@AEAA_NXZ 00000001400067ac f i libucrt:output.obj
 0001:0000591c       ?state_case_type@?$output_processor@DV?$string_output_adapter@D@__crt_stdio_output@@V?$format_validation_base@DV?$string_output_adapter@D@__crt_stdio_output@@@2@@__crt_stdio_output@@AEAA_NXZ 000000014000691c f i libucrt:output.obj
 0001:00005b90       ?to_integer_size@__crt_stdio_output@@YA_KW4length_modifier@1@@Z 0000000140006b90 f i libucrt:output.obj
 0001:00005bf8       ?type_case_Z@?$output_processor@DV?$string_output_adapter@D@__crt_stdio_output@@V?$format_validation_base@DV?$string_output_adapter@D@__crt_stdio_output@@@2@@__crt_stdio_output@@AEAA_NXZ 0000000140006bf8 f i libucrt:output.obj
 0001:00005c6c       ?type_case_a@?$output_processor@DV?$string_output_adapter@D@__crt_stdio_output@@V?$format_validation_base@DV?$string_output_adapter@D@__crt_stdio_output@@@2@@__crt_stdio_output@@AEAA_NXZ 0000000140006c6c f i libucrt:output.obj
 0001:00005e28       ?type_case_c_tchar@?$output_processor@DV?$string_output_adapter@D@__crt_stdio_output@@V?$format_validation_base@DV?$string_output_adapter@D@__crt_stdio_output@@@2@@__crt_stdio_output@@AEAA_ND@Z 0000000140006e28 f i libucrt:output.obj
 0001:00005ef0       ?type_case_integer@?$output_processor@DV?$string_output_adapter@D@__crt_stdio_output@@V?$format_validation_base@DV?$string_output_adapter@D@__crt_stdio_output@@@2@@__crt_stdio_output@@AEAA_NI_N@Z 0000000140006ef0 f i libucrt:output.obj
 0001:00006070       ?type_case_n@?$output_processor@DV?$string_output_adapter@D@__crt_stdio_output@@V?$format_validation_base@DV?$string_output_adapter@D@__crt_stdio_output@@@2@@__crt_stdio_output@@AEAA_NXZ 0000000140007070 f i libucrt:output.obj
 0001:000060f8       ?type_case_s@?$output_processor@DV?$string_output_adapter@D@__crt_stdio_output@@V?$format_validation_base@DV?$string_output_adapter@D@__crt_stdio_output@@@2@@__crt_stdio_output@@AEAA_NXZ 00000001400070f8 f i libucrt:output.obj
 0001:00006190       ?write_stored_string_tchar@?$output_processor@DV?$string_output_adapter@D@__crt_stdio_output@@V?$format_validation_base@DV?$string_output_adapter@D@__crt_stdio_output@@@2@@__crt_stdio_output@@AEAA_ND@Z 0000000140007190 f i libucrt:output.obj
 0001:0000626c       ?write_string@?$string_output_adapter@D@__crt_stdio_output@@QEBAXQEBDHQEAHAEAV__crt_deferred_errno_cache@@@Z 000000014000726c f i libucrt:output.obj
 0001:00006310       __stdio_common_vsnprintf_s 0000000140007310 f   libucrt:output.obj
 0001:0000645c       _seh_filter_exe            000000014000745c f   libucrt:exception_filter.obj
 0001:000065e0       _query_app_type            00000001400075e0 f   libucrt:report_runtime_error.obj
 0001:000065e8       _set_app_type              00000001400075e8 f   libucrt:report_runtime_error.obj
 0001:000065f0       __acrt_has_user_matherr    00000001400075f0 f   libucrt:matherr.obj
 0001:00006610       __acrt_initialize_user_matherr 0000000140007610 f   libucrt:matherr.obj
 0001:00006618       __acrt_invoke_user_matherr 0000000140007618 f   libucrt:matherr.obj
 0001:00006648       __setusermatherr           0000000140007648 f   libucrt:matherr.obj
 0001:00006830       __acrt_allocate_buffer_for_argv 0000000140007830 f   libucrt:argv_parsing.obj
 0001:00006890       _configure_narrow_argv     0000000140007890 f   libucrt:argv_parsing.obj
 0001:00006c08       __dcrt_uninitialize_environments_nolock 0000000140007c08 f   libucrt:environment_initialization.obj
 0001:00006c40       _initialize_narrow_environment 0000000140007c40 f   libucrt:environment_initialization.obj
 0001:00006c48       _get_narrow_winmain_command_line 0000000140007c48 f   libucrt:argv_winmain.obj
 0001:00006cb8       _initterm                  0000000140007cb8 f   libucrt:initterm.obj
 0001:00006d1c       _initterm_e                0000000140007d1c f   libucrt:initterm.obj
 0001:00006fc8       __acrt_initialize_thread_local_exit_callback 0000000140007fc8 f   libucrt:exit.obj
 0001:00006fd0       _c_exit                    0000000140007fd0 f   libucrt:exit.obj
 0001:00006fe0       _cexit                     0000000140007fe0 f   libucrt:exit.obj
 0001:00006ff0       _exit                      0000000140007ff0 f   libucrt:exit.obj
 0001:00006ffc       _register_thread_local_exe_atexit_callback 0000000140007ffc f   libucrt:exit.obj
 0001:00007038       exit                       0000000140008038 f   libucrt:exit.obj
 0001:00007044       _set_fmode                 0000000140008044 f   libucrt:setmode.obj
 0001:000070f4       __acrt_set_locale_changed  00000001400080f4 f   libucrt:wsetlocale.obj
 0001:00007100       __acrt_uninitialize_locale 0000000140008100 f   libucrt:wsetlocale.obj
 0001:00007130       _configthreadlocale        0000000140008130 f   libucrt:wsetlocale.obj
 0001:0000719c       _query_new_mode            000000014000819c f   libucrt:new_mode.obj
 0001:000071a4       _set_new_mode              00000001400081a4 f   libucrt:new_mode.obj
 0001:000071d0       __p__commode               00000001400081d0 f   libucrt:ncommode.obj
 0001:00007518       _crt_atexit                0000000140008518 f   libucrt:onexit.obj
 0001:00007528       _execute_onexit_table      0000000140008528 f   libucrt:onexit.obj
 0001:00007564       _initialize_onexit_table   0000000140008564 f   libucrt:onexit.obj
 0001:0000758c       _register_onexit_function  000000014000858c f   libucrt:onexit.obj
 0001:00007700       __acrt_initialize          0000000140008700 f   libucrt:initialization.obj
 0001:00007714       __acrt_uninitialize        0000000140008714 f   libucrt:initialization.obj
 0001:0000774c       terminate                  000000014000874c f   libucrt:terminate.obj
 0001:0000776c       free                       000000014000876c f   libucrt:free.obj
 0001:00007780       strcpy_s                   0000000140008780 f   libucrt:strcpy_s.obj
 0001:000077e0       abort                      00000001400087e0 f   libucrt:abort.obj
 0001:00007838       calloc                     0000000140008838 f   libucrt:calloc.obj
 0001:00007840       ??$parse_integer@KV?$c_string_character_source@D@__crt_strtox@@@__crt_strtox@@YAKQEAU__crt_locale_pointers@@V?$c_string_character_source@D@0@H_N@Z 0000000140008840 f i libucrt:atox.obj
 0001:00007b44       _ischartype_l              0000000140008b44 f i libucrt:atox.obj
 0001:00007bd0       strncmp                    0000000140008bd0 f   libucrt:strncmp.obj
 0001:00007c50       wcsncmp                    0000000140008c50 f   libucrt:wcsncmp.obj
 0001:00007c7c       __acrt_call_reportfault    0000000140008c7c f   libucrt:invalid_parameter.obj
 0001:00007dd8       __acrt_initialize_invalid_parameter_handler 0000000140008dd8 f   libucrt:invalid_parameter.obj
 0001:00007de0       _invalid_parameter         0000000140008de0 f   libucrt:invalid_parameter.obj
 0001:00007e90       _invalid_parameter_noinfo  0000000140008e90 f   libucrt:invalid_parameter.obj
 0001:00007eb0       _invoke_watson             0000000140008eb0 f   libucrt:invalid_parameter.obj
 0001:00007ef8       __acrt_errno_from_os_error 0000000140008ef8 f   libucrt:errno.obj
 0001:00007f40       __acrt_errno_map_os_error  0000000140008f40 f   libucrt:errno.obj
 0001:00007f90       __doserrno                 0000000140008f90 f   libucrt:errno.obj
 0001:00007fb0       _errno                     0000000140008fb0 f   libucrt:errno.obj
 0001:00007fd0       _free_base                 0000000140008fd0 f   libucrt:free_base.obj
 0001:00008010       _malloc_base               0000000140009010 f   libucrt:malloc_base.obj
 0001:00008070       strtol                     0000000140009070 f   libucrt:strtox.obj
 0001:0000809c       _mbtowc_l                  000000014000909c f   libucrt:mbtowc.obj
 0001:0000821c       mbtowc                     000000014000921c f   libucrt:mbtowc.obj
 0001:00008224       _wctomb_s_l                0000000140009224 f   libucrt:wctomb.obj
 0001:000083c0       strnlen                    00000001400093c0 f   libucrt:strnlen.obj
 0001:00008510       wcsnlen                    0000000140009510 f   libucrt:strnlen.obj
 0001:00008a60       __acrt_getptd              0000000140009a60 f   libucrt:per_thread_data.obj
 0001:00008b34       __acrt_getptd_head         0000000140009b34 f   libucrt:per_thread_data.obj
 0001:00008bdc       __acrt_getptd_noexit       0000000140009bdc f   libucrt:per_thread_data.obj
 0001:00008ca8       __acrt_initialize_ptd      0000000140009ca8 f   libucrt:per_thread_data.obj
 0001:00008ce4       __acrt_uninitialize_ptd    0000000140009ce4 f   libucrt:per_thread_data.obj
 0001:00008d08       __acrt_update_locale_info  0000000140009d08 f   libucrt:locale_update.obj
 0001:00008d3c       __acrt_update_multibyte_info 0000000140009d3c f   libucrt:locale_update.obj
 0001:0000977c       __acrt_fp_format           000000014000a77c f   libucrt:cvt.obj
 0001:00009ab4       _fileno                    000000014000aab4 f   libucrt:fileno.obj
 0001:00009adc       __acrt_initialize_stdio    000000014000aadc f   libucrt:_file.obj
 0001:00009bfc       __acrt_uninitialize_stdio  000000014000abfc f   libucrt:_file.obj
 0001:00009c58       _lock_file                 000000014000ac58 f   libucrt:_file.obj
 0001:00009c64       _unlock_file               000000014000ac64 f   libucrt:_file.obj
 0001:00009c70       _get_printf_count_output   000000014000ac70 f   libucrt:printf_count_output.obj
 0001:00009e84       __acrt_initialize_lowio    000000014000ae84 f   libucrt:ioinit.obj
 0001:00009ec0       __acrt_uninitialize_lowio  000000014000aec0 f   libucrt:ioinit.obj
 0001:00009f00       _calloc_base               000000014000af00 f   libucrt:calloc_base.obj
 0001:00009f8c       ??$__acrt_mbs_to_wcs_cp@U__crt_win32_buffer_internal_dynamic_resizing@@@@YAHQEBDAEAV?$__crt_win32_buffer@_WU__crt_win32_buffer_internal_dynamic_resizing@@@@I@Z 000000014000af8c f i libucrt:argv_wildcards.obj
 0001:0000a104       ??$__acrt_wcs_to_mbs_cp@U__crt_win32_buffer_internal_dynamic_resizing@@@@YAHQEB_WAEAV?$__crt_win32_buffer@DU__crt_win32_buffer_internal_dynamic_resizing@@@@I@Z 000000014000b104 f i libucrt:argv_wildcards.obj
 0001:0000a934       __acrt_expand_narrow_argv_wildcards 000000014000b934 f   libucrt:argv_wildcards.obj
 0001:0000a93c       ??$__acrt_wcs_to_mbs_cp@U__crt_win32_buffer_no_resizing@@@@YAHQEB_WAEAV?$__crt_win32_buffer@DU__crt_win32_buffer_no_resizing@@@@I@Z 000000014000b93c f i libucrt:getmodulefilenamea.obj
 0001:0000aa50       __acrt_GetModuleFileNameA  000000014000ba50 f   libucrt:getmodulefilenamea.obj
 0001:0000b298       __acrt_initialize_multibyte 000000014000c298 f   libucrt:mbctype.obj
 0001:0000b2f8       __acrt_update_thread_multibyte_data 000000014000c2f8 f   libucrt:mbctype.obj
 0001:0000b314       _setmbcp_nolock            000000014000c314 f   libucrt:mbctype.obj
 0001:0000b648       _ismbblead                 000000014000c648 f   libucrt:ismbbyte.obj
 0001:0000b65c       __acrt_initialize_command_line 000000014000c65c f   libucrt:argv_data.obj
 0001:0000b684       __acrt_MultiByteToWideChar 000000014000c684 f   libucrt:multibytetowidechar.obj
 0001:0000b6e0       __acrt_WideCharToMultiByte 000000014000c6e0 f   libucrt:widechartomultibyte.obj
 0001:0000b790       __dcrt_get_narrow_environment_from_os 000000014000c790 f   libucrt:get_environment_from_os.obj
 0001:0000b894       __acrt_initialize_locks    000000014000c894 f   libucrt:locks.obj
 0001:0000b8dc       __acrt_lock                000000014000c8dc f   libucrt:locks.obj
 0001:0000b8f8       __acrt_uninitialize_locks  000000014000c8f8 f   libucrt:locks.obj
 0001:0000b930       __acrt_unlock              000000014000c930 f   libucrt:locks.obj
 0001:0000b94c       __acrt_get_process_end_policy 000000014000c94c f   libucrt:win_policies.obj
 0001:0000b988       __acrt_lowio_create_handle_array 000000014000c988 f   libucrt:osfinfo.obj
 0001:0000ba30       __acrt_lowio_destroy_handle_array 000000014000ca30 f   libucrt:osfinfo.obj
 0001:0000ba80       __acrt_lowio_ensure_fh_exists 000000014000ca80 f   libucrt:osfinfo.obj
 0001:0000bb28       __acrt_lowio_lock_fh       000000014000cb28 f   libucrt:osfinfo.obj
 0001:0000bb50       __acrt_lowio_unlock_fh     000000014000cb50 f   libucrt:osfinfo.obj
 0001:0000bb78       _free_osfhnd               000000014000cb78 f   libucrt:osfinfo.obj
 0001:0000bc34       _get_osfhandle             000000014000cc34 f   libucrt:osfinfo.obj
 0001:0000bcac       __acrt_initialize_fmode    000000014000ccac f   libucrt:txtmode.obj
 0001:0000bcc8       __acrt_locale_free_monetary 000000014000ccc8 f   libucrt:initmon.obj
 0001:0000bdd4       __acrt_locale_free_numeric 000000014000cdd4 f   libucrt:initnum.obj
 0001:0000be98       __acrt_locale_free_time    000000014000ce98 f   libucrt:inittime.obj
 0001:0000bfa0       __pctype_func              000000014000cfa0 f   libucrt:ctype.obj
 0001:0000bfd0       __acrt_GetStringTypeA      000000014000cfd0 f   libucrt:getstringtypea.obj
 0001:0000c160       __acrt_add_locale_ref      000000014000d160 f   libucrt:locale_refcounting.obj
 0001:0000c1ec       __acrt_free_locale         000000014000d1ec f   libucrt:locale_refcounting.obj
 0001:0000c364       __acrt_locale_add_lc_time_reference 000000014000d364 f   libucrt:locale_refcounting.obj
 0001:0000c38c       __acrt_locale_free_lc_time_if_unreferenced 000000014000d38c f   libucrt:locale_refcounting.obj
 0001:0000c3c4       __acrt_locale_release_lc_time_reference 000000014000d3c4 f   libucrt:locale_refcounting.obj
 0001:0000c3ec       __acrt_release_locale_ref  000000014000d3ec f   libucrt:locale_refcounting.obj
 0001:0000c494       __acrt_update_thread_locale_data 000000014000d494 f   libucrt:locale_refcounting.obj
 0001:0000c504       _updatetlocinfoEx_nolock   000000014000d504 f   libucrt:locale_refcounting.obj
 0001:0000c744       __acrt_AppPolicyGetProcessTerminationMethodInternal 000000014000d744 f   libucrt:winapi_thunks.obj
 0001:0000c794       __acrt_AreFileApisANSI     000000014000d794 f   libucrt:winapi_thunks.obj
 0001:0000c7d0       __acrt_FlsAlloc            000000014000d7d0 f   libucrt:winapi_thunks.obj
 0001:0000c818       __acrt_FlsFree             000000014000d818 f   libucrt:winapi_thunks.obj
 0001:0000c860       __acrt_FlsGetValue         000000014000d860 f   libucrt:winapi_thunks.obj
 0001:0000c8a8       __acrt_FlsSetValue         000000014000d8a8 f   libucrt:winapi_thunks.obj
 0001:0000c8fc       __acrt_InitializeCriticalSectionEx 000000014000d8fc f   libucrt:winapi_thunks.obj
 0001:0000c960       __acrt_LCMapStringEx       000000014000d960 f   libucrt:winapi_thunks.obj
 0001:0000ca3c       __acrt_LocaleNameToLCID    000000014000da3c f   libucrt:winapi_thunks.obj
 0001:0000ca8c       __acrt_initialize_winapi_thunks 000000014000da8c f   libucrt:winapi_thunks.obj
 0001:0000cac0       __acrt_uninitialize_winapi_thunks 000000014000dac0 f   libucrt:winapi_thunks.obj
 0001:0000cb04       _recalloc_base             000000014000db04 f   libucrt:recalloc.obj
 0001:0000cb9c       __acrt_initialize_heap     000000014000db9c f   libucrt:heap_handle.obj
 0001:0000cbb8       __acrt_uninitialize_heap   000000014000dbb8 f   libucrt:heap_handle.obj
 0001:0000cbc4       __acrt_execute_initializers 000000014000dbc4 f   libucrt:shared_initialization.obj
 0001:0000cc44       __acrt_execute_uninitializers 000000014000dc44 f   libucrt:shared_initialization.obj
 0001:0000cc80       __acrt_initialize_new_handler 000000014000dc80 f   libucrt:new_handler.obj
 0001:0000cc88       _callnewh                  000000014000dc88 f   libucrt:new_handler.obj
 0001:0000ccb8       _query_new_handler         000000014000dcb8 f   libucrt:new_handler.obj
 0001:0000cd34       __acrt_get_sigabrt_handler 000000014000dd34 f   libucrt:signal.obj
 0001:0000cd64       __acrt_initialize_signal_handlers 000000014000dd64 f   libucrt:signal.obj
 0001:0000cd84       raise                      000000014000dd84 f   libucrt:signal.obj
 0001:0000d1cc       __acrt_stdio_flush_nolock  000000014000e1cc f   libucrt:fflush.obj
 0001:0000d248       _fflush_nolock             000000014000e248 f   libucrt:fflush.obj
 0001:0000d294       _flushall                  000000014000e294 f   libucrt:fflush.obj
 0001:0000d29c       _isctype_l                 000000014000e29c f   libucrt:isctype.obj
 0001:0000d3a4       _isleadbyte_l              000000014000e3a4 f i libucrt:_wctype.obj
 0001:0000d3f0       ?__mbrtowc_utf8@__crt_mbstring@@YA_KPEA_WPEBD_KPEAU_Mbstatet@@@Z 000000014000e3f0 f   libucrt:mbrtowc.obj
 0001:0000d42c       ?__mbsrtowcs_utf8@__crt_mbstring@@YA_KPEA_WPEAPEBD_KPEAU_Mbstatet@@@Z 000000014000e42c f   libucrt:mbrtowc.obj
 0001:0000d5a4       ?__c32rtomb_utf8@__crt_mbstring@@YA_KPEAD_UPEAU_Mbstatet@@@Z 000000014000e5a4 f   libucrt:c32rtomb.obj
 0001:0000d658       __acrt_fp_strflt_to_string 000000014000e658 f   libucrt:_fptostr.obj
 0001:0000d7c0       ?divide@__crt_strtox@@YA_KAEAUbig_integer@1@AEBU21@@Z 000000014000e7c0 f i libucrt:cfout.obj
 0001:0000dbec       __acrt_fltout              000000014000ebec f   libucrt:cfout.obj
 0001:0000eeb8       fegetround                 000000014000feb8 f   libucrt:fegetround.obj
 0001:0000eecc       _fcloseall                 000000014000fecc f   libucrt:closeall.obj
 0001:0000ef80       __acrt_stdio_free_buffer_nolock 000000014000ff80 f   libucrt:_freebuf.obj
 0001:0000efc0       _isatty                    000000014000ffc0 f   libucrt:isatty.obj
 0001:0000f020       qsort                      0000000140010020 f   libucrt:qsort.obj
 0001:0000f3c0       strncpy_s                  00000001400103c0 f   libucrt:strncpy_s.obj
 0001:0000f540       strpbrk                    0000000140010540 f   libucrt:strpbrk.obj
 0001:0000f908       _mbsdec                    0000000140010908 f   libucrt:mbsdec.obj
 0001:0000f910       _mbsdec_l                  0000000140010910 f   libucrt:mbsdec.obj
 0001:0000fcbc       __acrt_LCMapStringA        0000000140010cbc f   libucrt:lcmapstringa.obj
 0001:0000fd6c       __ascii_wcsnicmp           0000000140010d6c f   libucrt:wcsnicmp.obj
 0001:0000fdb8       __acrt_DownlevelLocaleNameToLCID 0000000140010db8 f   libucrt:lcidtoname_downlevel.obj
 0001:0000fe68       _msize_base                0000000140010e68 f   libucrt:msize.obj
 0001:0000fea4       _realloc_base              0000000140010ea4 f   libucrt:realloc_base.obj
 0001:0000ffac       _commit                    0000000140010fac f   libucrt:commit.obj
 0001:000108bc       _write                     00000001400118bc f   libucrt:write.obj
 0001:000109a8       _write_nolock              00000001400119a8 f   libucrt:write.obj
 0001:00010c8c       ?__mbrtoc32_utf8@__crt_mbstring@@YA_KPEA_UPEBD_KPEAU_Mbstatet@@@Z 0000000140011c8c f   libucrt:mbrtoc32.obj
 0001:00010e64       _controlfp_s               0000000140011e64 f   libucrt:contrlfp.obj
 0001:00010ec8       fegetenv                   0000000140011ec8 f   libucrt:fegetenv.obj
 0001:00010ee8       fesetenv                   0000000140011ee8 f   libucrt:fesetenv.obj
 0001:00010f34       feholdexcept               0000000140011f34 f   libucrt:feholdexcept.obj
 0001:00010f84       ceil                       0000000140011f84 f   libucrt:ceil.obj
 0001:00011050       log10                      0000000140012050 f   libucrt:log10.obj
 0001:000115fc       __acrt_fenv_get_common_round_control 00000001400125fc f   libucrt:_fenvutils.obj
 0001:00011608       __acrt_fenv_get_control    0000000140012608 f   libucrt:_fenvutils.obj
 0001:000116fc       __acrt_fenv_get_status     00000001400126fc f   libucrt:_fenvutils.obj
 0001:00011750       __acrt_fenv_set_control    0000000140012750 f   libucrt:_fenvutils.obj
 0001:00011898       __acrt_fenv_set_status     0000000140012898 f   libucrt:_fenvutils.obj
 0001:000119b8       _lseeki64_nolock           00000001400129b8 f   libucrt:lseek.obj
 0001:000119c0       _fclose_nolock             00000001400129c0 f   libucrt:fclose.obj
 0001:00011a44       fclose                     0000000140012a44 f   libucrt:fclose.obj
 0001:00011aa8       __strncnt                  0000000140012aa8 f   libucrt:strncnt.obj
 0001:00011ac0       _putwch_nolock             0000000140012ac0 f   libucrt:putwch.obj
 0001:00011afc       _clearfp                   0000000140012afc f   libucrt:ieee.obj
 0001:00011b6c       _control87                 0000000140012b6c f   libucrt:ieee.obj
 0001:00011f58       _handle_error              0000000140012f58 f   libucrt:libm_error.obj
 0001:00012080       _handle_nan                0000000140013080 f   libucrt:libm_error.obj
 0001:000120a0       __acrt_initialize_fma3     00000001400130a0 f   libucrt:fma3_available.obj
 0001:00012110       _log10_special             0000000140013110 f   libucrt:log_special.obj
 0001:0001223c       _close                     000000014001323c f   libucrt:close.obj
 0001:000122e0       _close_nolock              00000001400132e0 f   libucrt:close.obj
 0001:000123a0       ?__acrt_stdio_free_stream@@YAXV__crt_stdio_stream@@@Z 00000001400133a0 f   libucrt:stream.obj
 0001:000123bc       __dcrt_lowio_ensure_console_output_initialized 00000001400133bc f   libucrt:initcon.obj
 0001:00012410       __dcrt_terminate_console_output 0000000140013410 f   libucrt:initcon.obj
 0001:0001242c       __dcrt_write_console       000000014001342c f   libucrt:initcon.obj
 0001:00012500       _get_fpsr                  0000000140013500 f   libucrt:fpsr.obj
 0001:00012510       _set_fpsr                  0000000140013510 f   libucrt:fpsr.obj
 0001:0001251a       _fclrf                     000000014001351a f   libucrt:fpsr.obj
 0001:0001252e       _frnd                      000000014001352e f   libucrt:fpsr.obj
 0001:00012550       _raise_exc                 0000000140013550 f   libucrt:fpexcept.obj
 0001:00012578       _raise_exc_ex              0000000140013578 f   libucrt:fpexcept.obj
 0001:00012888       _set_errno_from_matherr    0000000140013888 f   libucrt:fpexcept.obj
 0001:000128b8       _clrfp                     00000001400138b8 f   libucrt:fpctrl.obj
 0001:000128d8       _ctrlfp                    00000001400138d8 f   libucrt:fpctrl.obj
 0001:00012954       _set_statfp                0000000140013954 f   libucrt:fpctrl.obj
 0001:00012974       _statfp                    0000000140013974 f   libucrt:fpctrl.obj
 0001:00012990       _FindPESection             0000000140013990 f   LIBCMT:pesect.obj
 0001:000129e0       _IsNonwritableInCurrentImage 00000001400139e0 f   LIBCMT:pesect.obj
 0001:00012a30       _ValidateImageBase         0000000140013a30 f   LIBCMT:pesect.obj
 0001:00012a70       _alloca_probe              0000000140013a70 f   LIBCMT:chkstk.obj
 0001:00012a70       __chkstk                   0000000140013a70 f   LIBCMT:chkstk.obj
 0001:00012ad0       memcmp                     0000000140013ad0 f   libvcruntime:memcmp.obj
 0001:00012b98       strrchr                    0000000140013b98 f   libvcruntime:strrchr.obj
 0001:00012ce0       _guard_dispatch_icall_nop  0000000140013ce0 f   LIBCMT:guard_dispatch.obj
 0001:00012d00       _guard_xfg_dispatch_icall_nop 0000000140013d00 f   LIBCMT:guard_xfg_dispatch.obj
 0002:00000000       __imp_StretchDIBits        0000000140014000     gdi32:GDI32.dll
 0002:00000008       \177GDI32_NULL_THUNK_DATA  0000000140014008     gdi32:GDI32.dll
 0002:00000010       __imp_CreateFileW          0000000140014010     kernel32:KERNEL32.dll
 0002:00000018       __imp_GetConsoleMode       0000000140014018     kernel32:KERNEL32.dll
 0002:00000020       __imp_GetConsoleOutputCP   0000000140014020     kernel32:KERNEL32.dll
 0002:00000028       __imp_WriteConsoleW        0000000140014028     kernel32:KERNEL32.dll
 0002:00000030       __imp_HeapReAlloc          0000000140014030     kernel32:KERNEL32.dll
 0002:00000038       __imp_HeapSize             0000000140014038     kernel32:KERNEL32.dll
 0002:00000040       __imp_SetFilePointerEx     0000000140014040     kernel32:KERNEL32.dll
 0002:00000048       __imp_FlushFileBuffers     0000000140014048     kernel32:KERNEL32.dll
 0002:00000050       __imp_InitializeCriticalSectionAndSpinCount 0000000140014050     kernel32:KERNEL32.dll
 0002:00000058       __imp_GetProcessHeap       0000000140014058     kernel32:KERNEL32.dll
 0002:00000060       __imp_LCMapStringW         0000000140014060     kernel32:KERNEL32.dll
 0002:00000068       __imp_CreateFileA          0000000140014068     kernel32:KERNEL32.dll
 0002:00000070       __imp_GetFileSizeEx        0000000140014070     kernel32:KERNEL32.dll
 0002:00000078       __imp_ReadFile             0000000140014078     kernel32:KERNEL32.dll
 0002:00000080       __imp_WriteFile            0000000140014080     kernel32:KERNEL32.dll
 0002:00000088       __imp_OutputDebugStringA   0000000140014088     kernel32:KERNEL32.dll
 0002:00000090       __imp_CloseHandle          0000000140014090     kernel32:KERNEL32.dll
 0002:00000098       __imp_QueryPerformanceCounter 0000000140014098     kernel32:KERNEL32.dll
 0002:000000a0       __imp_Sleep                00000001400140a0     kernel32:KERNEL32.dll
 0002:000000a8       __imp_VirtualAlloc         00000001400140a8     kernel32:KERNEL32.dll
 0002:000000b0       __imp_VirtualFree          00000001400140b0     kernel32:KERNEL32.dll
 0002:000000b8       __imp_FreeLibrary          00000001400140b8     kernel32:KERNEL32.dll
 0002:000000c0       __imp_GetProcAddress       00000001400140c0     kernel32:KERNEL32.dll
 0002:000000c8       __imp_LoadLibraryA         00000001400140c8     kernel32:KERNEL32.dll
 0002:000000d0       __imp_CopyFileA            00000001400140d0     kernel32:KERNEL32.dll
 0002:000000d8       __imp_RtlCaptureContext    00000001400140d8     kernel32:KERNEL32.dll
 0002:000000e0       __imp_RtlLookupFunctionEntry 00000001400140e0     kernel32:KERNEL32.dll
 0002:000000e8       __imp_RtlVirtualUnwind     00000001400140e8     kernel32:KERNEL32.dll
 0002:000000f0       __imp_UnhandledExceptionFilter 00000001400140f0     kernel32:KERNEL32.dll
 0002:000000f8       __imp_SetUnhandledExceptionFilter 00000001400140f8     kernel32:KERNEL32.dll
 0002:00000100       __imp_GetCurrentProcess    0000000140014100     kernel32:KERNEL32.dll
 0002:00000108       __imp_TerminateProcess     0000000140014108     kernel32:KERNEL32.dll
 0002:00000110       __imp_IsProcessorFeaturePresent 0000000140014110     kernel32:KERNEL32.dll
 0002:00000118       __imp_GetCurrentProcessId  0000000140014118     kernel32:KERNEL32.dll
 0002:00000120       __imp_GetCurrentThreadId   0000000140014120     kernel32:KERNEL32.dll
 0002:00000128       __imp_GetSystemTimeAsFileTime 0000000140014128     kernel32:KERNEL32.dll
 0002:00000130       __imp_InitializeSListHead  0000000140014130     kernel32:KERNEL32.dll
 0002:00000138       __imp_IsDebuggerPresent    0000000140014138     kernel32:KERNEL32.dll
 0002:00000140       __imp_GetStartupInfoW      0000000140014140     kernel32:KERNEL32.dll
 0002:00000148       __imp_GetModuleHandleW     0000000140014148     kernel32:KERNEL32.dll
 0002:00000150       __imp_RtlUnwindEx          0000000140014150     kernel32:KERNEL32.dll
 0002:00000158       __imp_GetLastError         0000000140014158     kernel32:KERNEL32.dll
 0002:00000160       __imp_SetLastError         0000000140014160     kernel32:KERNEL32.dll
 0002:00000168       __imp_EnterCriticalSection 0000000140014168     kernel32:KERNEL32.dll
 0002:00000170       __imp_LeaveCriticalSection 0000000140014170     kernel32:KERNEL32.dll
 0002:00000178       __imp_DeleteCriticalSection 0000000140014178     kernel32:KERNEL32.dll
 0002:00000180       __imp_TlsAlloc             0000000140014180     kernel32:KERNEL32.dll
 0002:00000188       __imp_TlsGetValue          0000000140014188     kernel32:KERNEL32.dll
 0002:00000190       __imp_TlsSetValue          0000000140014190     kernel32:KERNEL32.dll
 0002:00000198       __imp_TlsFree              0000000140014198     kernel32:KERNEL32.dll
 0002:000001a0       __imp_LoadLibraryExW       00000001400141a0     kernel32:KERNEL32.dll
 0002:000001a8       __imp_RaiseException       00000001400141a8     kernel32:KERNEL32.dll
 0002:000001b0       __imp_GetStdHandle         00000001400141b0     kernel32:KERNEL32.dll
 0002:000001b8       __imp_GetModuleFileNameW   00000001400141b8     kernel32:KERNEL32.dll
 0002:000001c0       __imp_ExitProcess          00000001400141c0     kernel32:KERNEL32.dll
 0002:000001c8       __imp_GetModuleHandleExW   00000001400141c8     kernel32:KERNEL32.dll
 0002:000001d0       __imp_HeapFree             00000001400141d0     kernel32:KERNEL32.dll
 0002:000001d8       __imp_HeapAlloc            00000001400141d8     kernel32:KERNEL32.dll
 0002:000001e0       __imp_GetFileType          00000001400141e0     kernel32:KERNEL32.dll
 0002:000001e8       __imp_FindClose            00000001400141e8     kernel32:KERNEL32.dll
 0002:000001f0       __imp_FindFirstFileExW     00000001400141f0     kernel32:KERNEL32.dll
 0002:000001f8       __imp_FindNextFileW        00000001400141f8     kernel32:KERNEL32.dll
 0002:00000200       __imp_IsValidCodePage      0000000140014200     kernel32:KERNEL32.dll
 0002:00000208       __imp_GetACP               0000000140014208     kernel32:KERNEL32.dll
 0002:00000210       __imp_GetOEMCP             0000000140014210     kernel32:KERNEL32.dll
 0002:00000218       __imp_GetCPInfo            0000000140014218     kernel32:KERNEL32.dll
 0002:00000220       __imp_GetCommandLineA      0000000140014220     kernel32:KERNEL32.dll
 0002:00000228       __imp_GetCommandLineW      0000000140014228     kernel32:KERNEL32.dll
 0002:00000230       __imp_MultiByteToWideChar  0000000140014230     kernel32:KERNEL32.dll
 0002:00000238       __imp_WideCharToMultiByte  0000000140014238     kernel32:KERNEL32.dll
 0002:00000240       __imp_GetEnvironmentStringsW 0000000140014240     kernel32:KERNEL32.dll
 0002:00000248       __imp_FreeEnvironmentStringsW 0000000140014248     kernel32:KERNEL32.dll
 0002:00000250       __imp_SetStdHandle         0000000140014250     kernel32:KERNEL32.dll
 0002:00000258       __imp_GetStringTypeW       0000000140014258     kernel32:KERNEL32.dll
 0002:00000260       \177KERNEL32_NULL_THUNK_DATA 0000000140014260     kernel32:KERNEL32.dll
 0002:00000268       __imp_DispatchMessageA     0000000140014268     user32:USER32.dll
 0002:00000270       __imp_PeekMessageA         0000000140014270     user32:USER32.dll
 0002:00000278       __imp_DefWindowProcA       0000000140014278     user32:USER32.dll
 0002:00000280       __imp_GetClientRect        0000000140014280     user32:USER32.dll
 0002:00000288       __imp_EndPaint             0000000140014288     user32:USER32.dll
 0002:00000290       __imp_BeginPaint           0000000140014290     user32:USER32.dll
 0002:00000298       __imp_GetDC                0000000140014298     user32:USER32.dll
 0002:000002a0       __imp_CreateWindowExA      00000001400142a0     user32:USER32.dll
 0002:000002a8       __imp_RegisterClassA       00000001400142a8     user32:USER32.dll
 0002:000002b0       __imp_TranslateMessage     00000001400142b0     user32:USER32.dll
 0002:000002b8       \177USER32_NULL_THUNK_DATA 00000001400142b8     user32:USER32.dll
 0002:000002c0       __imp_timeBeginPeriod      00000001400142c0     winmm:WINMM.dll
 0002:000002c8       \177WINMM_NULL_THUNK_DATA  00000001400142c8     winmm:WINMM.dll
 0002:000002d0       __guard_check_icall_fptr   00000001400142d0     LIBCMT:guard_support.obj
 0002:000002d8       __guard_xfg_check_icall_fptr 00000001400142d8     LIBCMT:guard_support.obj
 0002:000002e0       __guard_dispatch_icall_fptr 00000001400142e0     LIBCMT:guard_support.obj
 0002:000002e8       __guard_xfg_dispatch_icall_fptr 00000001400142e8     LIBCMT:guard_support.obj
 0002:000002f0       __guard_xfg_table_dispatch_icall_fptr 00000001400142f0     LIBCMT:guard_support.obj
 0002:000002f8       __xc_a                     00000001400142f8     LIBCMT:initializers.obj
 0002:00000308       __xc_z                     0000000140014308     LIBCMT:initializers.obj
 0002:00000310       __xi_a                     0000000140014310     LIBCMT:initializers.obj
 0002:00000328       __acrt_stdio_initializer   0000000140014328     libucrt:stdio_initializer.obj
 0002:00000330       __acrt_multibyte_initializer 0000000140014330     libucrt:multibyte_initializer.obj
 0002:00000338       __acrt_fmode_initializer   0000000140014338     libucrt:fmode_initializer.obj
 0002:00000340       __acrt_tran_fma3_initializer 0000000140014340     libucrt:fma3_initializer.obj
 0002:00000348       __xi_z                     0000000140014348     LIBCMT:initializers.obj
 0002:00000350       __xp_a                     0000000140014350     LIBCMT:initializers.obj
 0002:00000358       __acrt_locale_terminator   0000000140014358     libucrt:locale_initializer.obj
 0002:00000360       __dcrt_console_output_terminator 0000000140014360     libucrt:console_output_initializer.obj
 0002:00000368       __acrt_stdio_terminator    0000000140014368     libucrt:stdio_initializer.obj
 0002:00000370       __xp_z                     0000000140014370     LIBCMT:initializers.obj
 0002:00000378       __xt_a                     0000000140014378     LIBCMT:initializers.obj
 0002:00000380       __xt_z                     0000000140014380     LIBCMT:initializers.obj
 0002:00000568       __real@00000000            0000000140014568     win32_made.obj
 0002:0000056c       __real@3d088889            000000014001456c     win32_made.obj
 0002:00000570       __real@3f000000            0000000140014570     win32_made.obj
 0002:00000574       __real@3f800000            0000000140014574     win32_made.obj
 0002:00000578       __real@412e848000000000    0000000140014578     win32_made.obj
 0002:00000580       __real@447a0000            0000000140014580     win32_made.obj
 0002:00000584       __real@47000000            0000000140014584     win32_made.obj
 0002:00000588       __real@bf800000            0000000140014588     win32_made.obj
 0002:00000590       __xmm@80000000800000008000000080000000 0000000140014590     win32_made.obj
 0002:000005b0       __xmm@ffffffffffffffffffffffffffffffff 00000001400145b0     LIBCMT:utility.obj
 0002:000005c0       _pDestructExceptionObject  00000001400145c0     libvcruntime:ehhelpers.obj
 0002:00000cd0       ??_C@_08EHJDFFNH@__based?$CI@ 0000000140014cd0     libvcruntime:undname.obj
 0002:00000ce0       ??_C@_07KOLFKCDI@__cdecl@  0000000140014ce0     libvcruntime:undname.obj
 0002:00000ce8       ??_C@_08GHMPAG@__pascal@   0000000140014ce8     libvcruntime:undname.obj
 0002:00000cf8       ??_C@_09IFJBGAPI@__stdcall@ 0000000140014cf8     libvcruntime:undname.obj
 0002:00000d08       ??_C@_0L@NPHFGOKO@__thiscall@ 0000000140014d08     libvcruntime:undname.obj
 0002:00000d18       ??_C@_0L@JMKHOMEK@__fastcall@ 0000000140014d18     libvcruntime:undname.obj
 0002:00000d28       ??_C@_0N@BCKKPABJ@__vectorcall@ 0000000140014d28     libvcruntime:undname.obj
 0002:00000d38       ??_C@_09HIJEGCPM@__clrcall@ 0000000140014d38     libvcruntime:undname.obj
 0002:00000d44       ??_C@_06GHPCKEAG@__eabi@   0000000140014d44     libvcruntime:undname.obj
 0002:00000d50       ??_C@_09IOPIDJLG@__swift_1@ 0000000140014d50     libvcruntime:undname.obj
 0002:00000d60       ??_C@_09KFNFGKHF@__swift_2@ 0000000140014d60     libvcruntime:undname.obj
 0002:00000d70       ??_C@_07JOMMBBKO@__ptr64@  0000000140014d70     libvcruntime:undname.obj
 0002:00000d78       ??_C@_0L@PILCLIHE@__restrict@ 0000000140014d78     libvcruntime:undname.obj
 0002:00000d88       ??_C@_0M@GFIIJFMG@__unaligned@ 0000000140014d88     libvcruntime:undname.obj
 0002:00000d98       ??_C@_09DHDLOLLB@restrict?$CI@ 0000000140014d98     libvcruntime:undname.obj
 0002:00000da2       ??_C@_00CNPNBAHC@@         0000000140014da2     libvcruntime:undname.obj
 0002:00000da4       ??_C@_04NIHEBCM@?5new@     0000000140014da4     libvcruntime:undname.obj
 0002:00000db0       ??_C@_07FPCDHGMM@?5delete@ 0000000140014db0     libvcruntime:undname.obj
 0002:00000db8       ??_C@_01NEMOKFLO@?$DN@     0000000140014db8     libvcruntime:undname.obj
 0002:00000dbc       ??_C@_02GPIOPFAK@?$DO?$DO@ 0000000140014dbc     libvcruntime:undname.obj
 0002:00000dc0       ??_C@_02FODMEDOG@?$DM?$DM@ 0000000140014dc0     libvcruntime:undname.obj
 0002:00000dc4       ??_C@_01DCLJPIOD@?$CB@     0000000140014dc4     libvcruntime:undname.obj
 0002:00000dc8       ??_C@_02EGOFBIJA@?$DN?$DN@ 0000000140014dc8     libvcruntime:undname.obj
 0002:00000dcc       ??_C@_02FDNJECIE@?$CB?$DN@ 0000000140014dcc     libvcruntime:undname.obj
 0002:00000dd0       ??_C@_02GPECMEKF@?$FL?$FN@ 0000000140014dd0     libvcruntime:undname.obj
 0002:00000dd8       ??_C@_08LHJFAFGD@operator@ 0000000140014dd8     libvcruntime:undname.obj
 0002:00000de4       ??_C@_02HBOOOICD@?9?$DO@   0000000140014de4     libvcruntime:undname.obj
 0002:00000de8       ??_C@_01NBENCBCI@?$CK@     0000000140014de8     libvcruntime:undname.obj
 0002:00000dec       ??_C@_02ECNGHCIF@?$CL?$CL@ 0000000140014dec     libvcruntime:undname.obj
 0002:00000df0       ??_C@_02BAABKJLB@?9?9@     0000000140014df0     libvcruntime:undname.obj
 0002:00000df4       ??_C@_01JOAMLHOP@?9@       0000000140014df4     libvcruntime:undname.obj
 0002:00000df8       ??_C@_01MIFGBAGJ@?$CL@     0000000140014df8     libvcruntime:undname.obj
 0002:00000dfc       ??_C@_01HNPIGOCE@?$CG@     0000000140014dfc     libvcruntime:undname.obj
 0002:00000e00       ??_C@_03MNHNFDLC@?9?$DO?$CK@ 0000000140014e00     libvcruntime:undname.obj
 0002:00000e04       ??_C@_01KMDKNFGN@?1@       0000000140014e04     libvcruntime:undname.obj
 0002:00000e08       ??_C@_01FGNFDNOH@?$CF@     0000000140014e08     libvcruntime:undname.obj
 0002:00000e0c       ??_C@_01MNNFJEPP@?$DM@     0000000140014e0c     libvcruntime:undname.obj
 0002:00000e10       ??_C@_02EHCHHCKH@?$DM?$DN@ 0000000140014e10     libvcruntime:undname.obj
 0002:00000e14       ??_C@_01PPODPGHN@?$DO@     0000000140014e14     libvcruntime:undname.obj
 0002:00000e18       ??_C@_02EEKDKGMJ@?$DO?$DN@ 0000000140014e18     libvcruntime:undname.obj
 0002:00000e1c       ??_C@_01IHBHIGKO@?0@       0000000140014e1c     libvcruntime:undname.obj
 0002:00000e20       ??_C@_02HCKGKOFO@?$CI?$CJ@ 0000000140014e20     libvcruntime:undname.obj
 0002:00000e24       ??_C@_01PJKLJHI@?$HO@      0000000140014e24     libvcruntime:undname.obj
 0002:00000e28       ??_C@_01JKBOJNNK@?$FO@     0000000140014e28     libvcruntime:undname.obj
 0002:00000e2c       ??_C@_01DNKMNLPK@?$HM@     0000000140014e2c     libvcruntime:undname.obj
 0002:00000e30       ??_C@_02PPKAJPJL@?$CG?$CG@ 0000000140014e30     libvcruntime:undname.obj
 0002:00000e34       ??_C@_02NONPIBCD@?$HM?$HM@ 0000000140014e34     libvcruntime:undname.obj
 0002:00000e38       ??_C@_02FPIMKNGF@?$CK?$DN@ 0000000140014e38     libvcruntime:undname.obj
 0002:00000e3c       ??_C@_02FOEOMHFC@?$CL?$DN@ 0000000140014e3c     libvcruntime:undname.obj
 0002:00000e40       ??_C@_02FKMDLLOA@?9?$DN@   0000000140014e40     libvcruntime:undname.obj
 0002:00000e44       ??_C@_02FJEHGPIO@?1?$DN@   0000000140014e44     libvcruntime:undname.obj
 0002:00000e48       ??_C@_02FENAOKFI@?$CF?$DN@ 0000000140014e48     libvcruntime:undname.obj
 0002:00000e4c       ??_C@_03IKFCCPFF@?$DO?$DO?$DN@ 0000000140014e4c     libvcruntime:undname.obj
 0002:00000e50       ??_C@_03CDNPDDLA@?$DM?$DM?$DN@ 0000000140014e50     libvcruntime:undname.obj
 0002:00000e54       ??_C@_02FGJGFEAB@?$CG?$DN@ 0000000140014e54     libvcruntime:undname.obj
 0002:00000e58       ??_C@_02DHLNPPGH@?$HM?$DN@ 0000000140014e58     libvcruntime:undname.obj
 0002:00000e5c       ??_C@_02MHEGNOJ@?$FO?$DN@  0000000140014e5c     libvcruntime:undname.obj
 0002:00000e60       ??_C@_09IFPLHPGF@?$GAvftable?8@ 0000000140014e60     libvcruntime:undname.obj
 0002:00000e70       ??_C@_09BLBHBJP@?$GAvbtable?8@ 0000000140014e70     libvcruntime:undname.obj
 0002:00000e80       ??_C@_07FEEIOKP@?$GAvcall?8@ 0000000140014e80     libvcruntime:undname.obj
 0002:00000e88       ??_C@_08LLFFHHDJ@?$GAtypeof?8@ 0000000140014e88     libvcruntime:undname.obj
 0002:00000e98       ??_C@_0BF@KDPPACIK@?$GAlocal?5static?5guard?8@ 0000000140014e98     libvcruntime:undname.obj
 0002:00000eb0       ??_C@_08OBABFOLI@?$GAstring?8@ 0000000140014eb0     libvcruntime:undname.obj
 0002:00000ec0       ??_C@_0BD@JDLKDPAB@?$GAvbase?5destructor?8@ 0000000140014ec0     libvcruntime:undname.obj
 0002:00000ed8       ??_C@_0BN@DEGPLNFK@?$GAvector?5deleting?5destructor?8@ 0000000140014ed8     libvcruntime:undname.obj
 0002:00000ef8       ??_C@_0BO@OBMKPJIG@?$GAdefault?5constructor?5closure?8@ 0000000140014ef8     libvcruntime:undname.obj
 0002:00000f18       ??_C@_0BN@IMDCHIKM@?$GAscalar?5deleting?5destructor?8@ 0000000140014f18     libvcruntime:undname.obj
 0002:00000f38       ??_C@_0BO@PFGOCPJJ@?$GAvector?5constructor?5iterator?8@ 0000000140014f38     libvcruntime:undname.obj
 0002:00000f58       ??_C@_0BN@LFPFMEDL@?$GAvector?5destructor?5iterator?8@ 0000000140014f58     libvcruntime:undname.obj
 0002:00000f78       ??_C@_0CE@IKBNEHA@?$GAvector?5vbase?5constructor?5itera@ 0000000140014f78     libvcruntime:undname.obj
 0002:00000fa0       ??_C@_0BL@NILFHHPC@?$GAvirtual?5displacement?5map?8@ 0000000140014fa0     libvcruntime:undname.obj
 0002:00000fc0       ??_C@_0CB@JONCMFFK@?$GAeh?5vector?5constructor?5iterator@ 0000000140014fc0     libvcruntime:undname.obj
 0002:00000fe8       ??_C@_0CA@GCEOPDGL@?$GAeh?5vector?5destructor?5iterator?8@ 0000000140014fe8     libvcruntime:undname.obj
 0002:00001008       ??_C@_0CH@OOJPLCPH@?$GAeh?5vector?5vbase?5constructor?5it@ 0000000140015008     libvcruntime:undname.obj
 0002:00001030       ??_C@_0BL@LLKPOHJI@?$GAcopy?5constructor?5closure?8@ 0000000140015030     libvcruntime:undname.obj
 0002:00001050       ??_C@_0BA@KBCDOMBN@?$GAudt?5returning?8@ 0000000140015050     libvcruntime:undname.obj
 0002:00001060       ??_C@_03KLGMFNMG@?$GAEH@   0000000140015060     libvcruntime:undname.obj
 0002:00001064       ??_C@_05KHLCHHI@?$GARTTI@  0000000140015064     libvcruntime:undname.obj
 0002:00001070       ??_C@_0BA@KKLDJDLB@?$GAlocal?5vftable?8@ 0000000140015070     libvcruntime:undname.obj
 0002:00001080       ??_C@_0CE@IIHCMGGL@?$GAlocal?5vftable?5constructor?5clos@ 0000000140015080     libvcruntime:undname.obj
 0002:000010a4       ??_C@_06FHBGPFGH@?5new?$FL?$FN@ 00000001400150a4     libvcruntime:undname.obj
 0002:000010b0       ??_C@_09LBNFPBCA@?5delete?$FL?$FN@ 00000001400150b0     libvcruntime:undname.obj
 0002:000010c0       ??_C@_0P@HJKNJFNN@?$GAomni?5callsig?8@ 00000001400150c0     libvcruntime:undname.obj
 0002:000010d0       ??_C@_0BL@CNOONJFP@?$GAplacement?5delete?5closure?8@ 00000001400150d0     libvcruntime:undname.obj
 0002:000010f0       ??_C@_0BN@CKNJLHMB@?$GAplacement?5delete?$FL?$FN?5closure?8@ 00000001400150f0     libvcruntime:undname.obj
 0002:00001110       ??_C@_0CG@CFDHKGGD@?$GAmanaged?5vector?5constructor?5ite@ 0000000140015110     libvcruntime:undname.obj
 0002:00001138       ??_C@_0CF@IMGKMJNO@?$GAmanaged?5vector?5destructor?5iter@ 0000000140015138     libvcruntime:undname.obj
 0002:00001160       ??_C@_0CG@HLDDJMAG@?$GAeh?5vector?5copy?5constructor?5ite@ 0000000140015160     libvcruntime:undname.obj
 0002:00001188       ??_C@_0CM@FCBBDIGB@?$GAeh?5vector?5vbase?5copy?5construct@ 0000000140015188     libvcruntime:undname.obj
 0002:000011b8       ??_C@_0BL@CLIPGLGB@?$GAdynamic?5initializer?5for?5?8@ 00000001400151b8     libvcruntime:undname.obj
 0002:000011d8       ??_C@_0CB@PDBIFEP@?$GAdynamic?5atexit?5destructor?5for?5@ 00000001400151d8     libvcruntime:undname.obj
 0002:00001200       ??_C@_0CD@CGAJBKEJ@?$GAvector?5copy?5constructor?5iterat@ 0000000140015200     libvcruntime:undname.obj
 0002:00001228       ??_C@_0CJ@GJELGAMM@?$GAvector?5vbase?5copy?5constructor?5@ 0000000140015228     libvcruntime:undname.obj
 0002:00001258       ??_C@_0CL@FGIJHLCE@?$GAmanaged?5vector?5copy?5constructo@ 0000000140015258     libvcruntime:undname.obj
 0002:00001288       ??_C@_0BM@PMGGMLDN@?$GAlocal?5static?5thread?5guard?8@ 0000000140015288     libvcruntime:undname.obj
 0002:000012a8       ??_C@_0N@BDNMDMOL@operator?5?$CC?$CC?5@ 00000001400152a8     libvcruntime:undname.obj
 0002:000012b8       ??_C@_0BC@GGEBGALA@operator?5co_await@ 00000001400152b8     libvcruntime:undname.obj
 0002:000012d0       ??_C@_0M@GAAIMMOH@operator?$DM?$DN?$DO@ 00000001400152d0     libvcruntime:undname.obj
 0002:000012e0       ??_C@_0BC@DAFEJGAK@?5Type?5Descriptor?8@ 00000001400152e0     libvcruntime:undname.obj
 0002:000012f8       ??_C@_0BM@LDKODKLH@?5Base?5Class?5Descriptor?5at?5?$CI@ 00000001400152f8     libvcruntime:undname.obj
 0002:00001318       ??_C@_0BD@LGICGFMM@?5Base?5Class?5Array?8@ 0000000140015318     libvcruntime:undname.obj
 0002:00001330       ??_C@_0BN@MECKDCOJ@?5Class?5Hierarchy?5Descriptor?8@ 0000000140015330     libvcruntime:undname.obj
 0002:00001350       ??_C@_0BK@CFCOFLF@?5Complete?5Object?5Locator?8@ 0000000140015350     libvcruntime:undname.obj
 0002:00001370       ??_C@_0BG@JNJLAMPM@?$GAanonymous?5namespace?8@ 0000000140015370     libvcruntime:undname.obj
 0002:000013a0       ??_C@_1DM@KHCHBNEB@?$AAa?$AAp?$AAi?$AA?9?$AAm?$AAs?$AA?9?$AAw?$AAi?$AAn?$AA?9?$AAc?$AAo?$AAr?$AAe@ 00000001400153a0     libvcruntime:winapi_downlevel.obj
 0002:000013e0       ??_C@_1DK@LPPGFMPP@?$AAa?$AAp?$AAi?$AA?9?$AAm?$AAs?$AA?9?$AAw?$AAi?$AAn?$AA?9?$AAc?$AAo?$AAr?$AAe@ 00000001400153e0     libvcruntime:winapi_downlevel.obj
 0002:00001420       ??_C@_1BC@GDMECMAK@?$AAk?$AAe?$AAr?$AAn?$AAe?$AAl?$AA3?$AA2@ 0000000140015420     libvcruntime:winapi_downlevel.obj
 0002:00001438       ??_C@_1BA@PFFKHIOG@?$AAa?$AAp?$AAi?$AA?9?$AAm?$AAs?$AA?9@ 0000000140015438     libvcruntime:winapi_downlevel.obj
 0002:00001450       ??_C@_08KNHFBNJ@FlsAlloc@  0000000140015450     libvcruntime:winapi_downlevel.obj
 0002:00001468       ??_C@_07PEJMOBNF@FlsFree@  0000000140015468     libvcruntime:winapi_downlevel.obj
 0002:00001478       ??_C@_0M@GDNOONDI@FlsGetValue@ 0000000140015478     libvcruntime:winapi_downlevel.obj
 0002:00001490       ??_C@_0M@JCPCPOEF@FlsSetValue@ 0000000140015490     libvcruntime:winapi_downlevel.obj
 0002:000014a8       ??_C@_0BM@HCFOFFN@InitializeCriticalSectionEx@ 00000001400154a8     libvcruntime:winapi_downlevel.obj
 0002:000014d0       ?format_validation_lookup_table_spectre@__crt_stdio_output@@3V?$spectre_mitigated_lookup_table@Ustate_transition_pair@__crt_stdio_output@@$0IA@@1@B 00000001400154d0     libucrt:output.obj
 0002:000018d0       ??_C@_1O@CEDCILHN@?$AA?$CI?$AAn?$AAu?$AAl?$AAl?$AA?$CJ@ 00000001400158d0     libucrt:output.obj
 0002:000018e0       ??_C@_06OJHGLDPL@?$CInull?$CJ@ 00000001400158e0     libucrt:output.obj
 0002:000018f0       __acrt_exception_action_table 00000001400158f0     libucrt:exception_filter.obj
 0002:000019b0       __acrt_signal_action_table_count 00000001400159b0     libucrt:exception_filter.obj
 0002:000019b8       __acrt_signal_action_first_fpe_index 00000001400159b8     libucrt:exception_filter.obj
 0002:000019c0       __acrt_signal_action_fpe_count 00000001400159c0     libucrt:exception_filter.obj
 0002:000019c8       ??_C@_1BI@BGOHAHKC@?$AAm?$AAs?$AAc?$AAo?$AAr?$AAe?$AAe?$AA?4?$AAd?$AAl?$AAl@ 00000001400159c8     libucrt:exit.obj
 0002:000019e0       ??_C@_0P@MIGLKIOC@CorExitProcess@ 00000001400159e0     libucrt:exit.obj
 0002:00001ce0       ??_C@_03OEIAHPBN@INF@      0000000140015ce0     libucrt:cvt.obj
 0002:00001ce4       ??_C@_03OJHLLCGB@inf@      0000000140015ce4     libucrt:cvt.obj
 0002:00001ce8       ??_C@_03LKNCIKJB@NAN@      0000000140015ce8     libucrt:cvt.obj
 0002:00001cec       ??_C@_03LHCJEHON@nan@      0000000140015cec     libucrt:cvt.obj
 0002:00001cf0       ??_C@_09OFJJIMPC@NAN?$CISNAN?$CJ@ 0000000140015cf0     libucrt:cvt.obj
 0002:00001d00       ??_C@_09IPFBKMDL@nan?$CIsnan?$CJ@ 0000000140015d00     libucrt:cvt.obj
 0002:00001d10       ??_C@_08IKHNHAJ@NAN?$CIIND?$CJ@ 0000000140015d10     libucrt:cvt.obj
 0002:00001d20       ??_C@_08OFCDMILK@nan?$CIind?$CJ@ 0000000140015d20     libucrt:cvt.obj
 0002:00001d2c       ??_C@_05KLBDPFGC@e?$CL000@ 0000000140015d2c     libucrt:cvt.obj
 0002:00001d40       __lc_time_c                0000000140015d40     libucrt:nlsdata.obj
 0002:00002000       ??_C@_03KOEHGMDN@Sun@      0000000140016000     libucrt:nlsdata.obj
 0002:00002004       ??_C@_03PDAGKDH@Mon@       0000000140016004     libucrt:nlsdata.obj
 0002:00002008       ??_C@_03NAGEINEP@Tue@      0000000140016008     libucrt:nlsdata.obj
 0002:0000200c       ??_C@_03MHOMLAJA@Wed@      000000014001600c     libucrt:nlsdata.obj
 0002:00002010       ??_C@_03IOFIKPDN@Thu@      0000000140016010     libucrt:nlsdata.obj
 0002:00002014       ??_C@_03IDIOELNC@Fri@      0000000140016014     libucrt:nlsdata.obj
 0002:00002018       ??_C@_03FEFJNEK@Sat@       0000000140016018     libucrt:nlsdata.obj
 0002:0000201c       ??_C@_06OOPIFAJ@Sunday@    000000014001601c     libucrt:nlsdata.obj
 0002:00002024       ??_C@_06JLEDEDGH@Monday@   0000000140016024     libucrt:nlsdata.obj
 0002:00002030       ??_C@_07BAAGCFCM@Tuesday@  0000000140016030     libucrt:nlsdata.obj
 0002:00002038       ??_C@_09DLIGFAKA@Wednesday@ 0000000140016038     libucrt:nlsdata.obj
 0002:00002048       ??_C@_08HACCIKIA@Thursday@ 0000000140016048     libucrt:nlsdata.obj
 0002:00002054       ??_C@_06JECMNKMI@Friday@   0000000140016054     libucrt:nlsdata.obj
 0002:00002060       ??_C@_08INBOOONO@Saturday@ 0000000140016060     libucrt:nlsdata.obj
 0002:0000206c       ??_C@_03JIHJHPIE@Jan@      000000014001606c     libucrt:nlsdata.obj
 0002:00002070       ??_C@_03HJBDCHOM@Feb@      0000000140016070     libucrt:nlsdata.obj
 0002:00002074       ??_C@_03ODNJBKGA@Mar@      0000000140016074     libucrt:nlsdata.obj
 0002:00002078       ??_C@_03LEOLGMJP@Apr@      0000000140016078     libucrt:nlsdata.obj
 0002:0000207c       ??_C@_03CNMDKL@May@        000000014001607c     libucrt:nlsdata.obj
 0002:00002080       ??_C@_03IDFGHECI@Jun@      0000000140016080     libucrt:nlsdata.obj
 0002:00002084       ??_C@_03LBGABGKK@Jul@      0000000140016084     libucrt:nlsdata.obj
 0002:00002088       ??_C@_03IFJFEIGA@Aug@      0000000140016088     libucrt:nlsdata.obj
 0002:0000208c       ??_C@_03GGCAPAJC@Sep@      000000014001608c     libucrt:nlsdata.obj
 0002:00002090       ??_C@_03BMAOKBAD@Oct@      0000000140016090     libucrt:nlsdata.obj
 0002:00002094       ??_C@_03JPJOFNIA@Nov@      0000000140016094     libucrt:nlsdata.obj
 0002:00002098       ??_C@_03MKABNOCG@Dec@      0000000140016098     libucrt:nlsdata.obj
 0002:000020a0       ??_C@_07CGJPFGJA@January@  00000001400160a0     libucrt:nlsdata.obj
 0002:000020a8       ??_C@_08GNJGEPFN@February@ 00000001400160a8     libucrt:nlsdata.obj
 0002:000020b4       ??_C@_05HPCKOFNC@March@    00000001400160b4     libucrt:nlsdata.obj
 0002:000020bc       ??_C@_05DMJDNLEJ@April@    00000001400160bc     libucrt:nlsdata.obj
 0002:000020c4       ??_C@_04CNLMGBGM@June@     00000001400160c4     libucrt:nlsdata.obj
 0002:000020cc       ??_C@_04MIEPOIFP@July@     00000001400160cc     libucrt:nlsdata.obj
 0002:000020d4       ??_C@_06LBBHFDDG@August@   00000001400160d4     libucrt:nlsdata.obj
 0002:000020e0       ??_C@_09BHHEALKD@September@ 00000001400160e0     libucrt:nlsdata.obj
 0002:000020f0       ??_C@_07JJNFCEND@October@  00000001400160f0     libucrt:nlsdata.obj
 0002:000020f8       ??_C@_08HCHEGEOA@November@ 00000001400160f8     libucrt:nlsdata.obj
 0002:00002108       ??_C@_08EDHMEBNP@December@ 0000000140016108     libucrt:nlsdata.obj
 0002:00002114       ??_C@_02DEDBPAFC@AM@       0000000140016114     libucrt:nlsdata.obj
 0002:00002118       ??_C@_02CJNFDJBF@PM@       0000000140016118     libucrt:nlsdata.obj
 0002:00002120       ??_C@_08BPBNCDIB@MM?1dd?1yy@ 0000000140016120     libucrt:nlsdata.obj
 0002:00002130       ??_C@_0BE@CKGJFCPC@dddd?0?5MMMM?5dd?0?5yyyy@ 0000000140016130     libucrt:nlsdata.obj
 0002:00002148       ??_C@_08JCCMCCIL@HH?3mm?3ss@ 0000000140016148     libucrt:nlsdata.obj
 0002:00002158       ??_C@_17MBGCMIPB@?$AAS?$AAu?$AAn@ 0000000140016158     libucrt:nlsdata.obj
 0002:00002160       ??_C@_17KBOMKBF@?$AAM?$AAo?$AAn@ 0000000140016160     libucrt:nlsdata.obj
 0002:00002168       ??_C@_17BMKGEGOJ@?$AAT?$AAu?$AAe@ 0000000140016168     libucrt:nlsdata.obj
 0002:00002170       ??_C@_17CJEDCEPE@?$AAW?$AAe?$AAd@ 0000000140016170     libucrt:nlsdata.obj
 0002:00002178       ??_C@_17PDPHAADD@?$AAT?$AAh?$AAu@ 0000000140016178     libucrt:nlsdata.obj
 0002:00002180       ??_C@_17HFOLPPLP@?$AAF?$AAr?$AAi@ 0000000140016180     libucrt:nlsdata.obj
 0002:00002188       ??_C@_17GGIBDPIH@?$AAS?$AAa?$AAt@ 0000000140016188     libucrt:nlsdata.obj
 0002:00002190       ??_C@_1O@IHNHDHPB@?$AAS?$AAu?$AAn?$AAd?$AAa?$AAy@ 0000000140016190     libucrt:nlsdata.obj
 0002:000021a0       ??_C@_1O@MMNBFLIA@?$AAM?$AAo?$AAn?$AAd?$AAa?$AAy@ 00000001400161a0     libucrt:nlsdata.obj
 0002:000021b0       ??_C@_1BA@ENFBFFEK@?$AAT?$AAu?$AAe?$AAs?$AAd?$AAa?$AAy@ 00000001400161b0     libucrt:nlsdata.obj
 0002:000021c0       ??_C@_1BE@EBOGMDOH@?$AAW?$AAe?$AAd?$AAn?$AAe?$AAs?$AAd?$AAa?$AAy@ 00000001400161c0     libucrt:nlsdata.obj
 0002:000021d8       ??_C@_1BC@HHMNLIHE@?$AAT?$AAh?$AAu?$AAr?$AAs?$AAd?$AAa?$AAy@ 00000001400161d8     libucrt:nlsdata.obj
 0002:000021f0       ??_C@_1O@PDICJHAG@?$AAF?$AAr?$AAi?$AAd?$AAa?$AAy@ 00000001400161f0     libucrt:nlsdata.obj
 0002:00002200       ??_C@_1BC@ENMNNPAJ@?$AAS?$AAa?$AAt?$AAu?$AAr?$AAd?$AAa?$AAy@ 0000000140016200     libucrt:nlsdata.obj
 0002:00002218       ??_C@_17DKNBKCHM@?$AAJ?$AAa?$AAn@ 0000000140016218     libucrt:nlsdata.obj
 0002:00002220       ??_C@_17LMDJEKJN@?$AAF?$AAe?$AAb@ 0000000140016220     libucrt:nlsdata.obj
 0002:00002228       ??_C@_17CKNLEDEC@?$AAM?$AAa?$AAr@ 0000000140016228     libucrt:nlsdata.obj
 0002:00002230       ??_C@_17LFPOIHDD@?$AAA?$AAp?$AAr@ 0000000140016230     libucrt:nlsdata.obj
 0002:00002238       ??_C@_17PNNKMEED@?$AAM?$AAa?$AAy@ 0000000140016238     libucrt:nlsdata.obj
 0002:00002240       ??_C@_17KCJGOCPB@?$AAJ?$AAu?$AAn@ 0000000140016240     libucrt:nlsdata.obj
 0002:00002248       ??_C@_17IJPCKHK@?$AAJ?$AAu?$AAl@ 0000000140016248     libucrt:nlsdata.obj
 0002:00002250       ??_C@_17ICPELBCN@?$AAA?$AAu?$AAg@ 0000000140016250     libucrt:nlsdata.obj
 0002:00002258       ??_C@_17HCHCOKMG@?$AAS?$AAe?$AAp@ 0000000140016258     libucrt:nlsdata.obj
 0002:00002260       ??_C@_17FNLKOI@?$AAO?$AAc?$AAt@ 0000000140016260     libucrt:nlsdata.obj
 0002:00002268       ??_C@_17BBDMLCIG@?$AAN?$AAo?$AAv@ 0000000140016268     libucrt:nlsdata.obj
 0002:00002270       ??_C@_17EGKACKIF@?$AAD?$AAe?$AAc@ 0000000140016270     libucrt:nlsdata.obj
 0002:00002278       ??_C@_1BA@EFMEIEBA@?$AAJ?$AAa?$AAn?$AAu?$AAa?$AAr?$AAy@ 0000000140016278     libucrt:nlsdata.obj
 0002:00002288       ??_C@_1BC@JGDDFFAM@?$AAF?$AAe?$AAb?$AAr?$AAu?$AAa?$AAr?$AAy@ 0000000140016288     libucrt:nlsdata.obj
 0002:000022a0       ??_C@_1M@IKEENEDF@?$AAM?$AAa?$AAr?$AAc?$AAh@ 00000001400162a0     libucrt:nlsdata.obj
 0002:000022b0       ??_C@_1M@GJNLMHFD@?$AAA?$AAp?$AAr?$AAi?$AAl@ 00000001400162b0     libucrt:nlsdata.obj
 0002:000022c0       ??_C@_19EPFLPGAP@?$AAJ?$AAu?$AAn?$AAe@ 00000001400162c0     libucrt:nlsdata.obj
 0002:000022d0       ??_C@_19BIFMLPCD@?$AAJ?$AAu?$AAl?$AAy@ 00000001400162d0     libucrt:nlsdata.obj
 0002:000022e0       ??_C@_1O@PAHLKOAC@?$AAA?$AAu?$AAg?$AAu?$AAs?$AAt@ 00000001400162e0     libucrt:nlsdata.obj
 0002:000022f0       ??_C@_1BE@DKAAMBJL@?$AAS?$AAe?$AAp?$AAt?$AAe?$AAm?$AAb?$AAe?$AAr@ 00000001400162f0     libucrt:nlsdata.obj
 0002:00002308       ??_C@_1BA@EPANDLNG@?$AAO?$AAc?$AAt?$AAo?$AAb?$AAe?$AAr@ 0000000140016308     libucrt:nlsdata.obj
 0002:00002318       ??_C@_1BC@BGLIFPF@?$AAN?$AAo?$AAv?$AAe?$AAm?$AAb?$AAe?$AAr@ 0000000140016318     libucrt:nlsdata.obj
 0002:00002330       ??_C@_1BC@FEMKIFH@?$AAD?$AAe?$AAc?$AAe?$AAm?$AAb?$AAe?$AAr@ 0000000140016330     libucrt:nlsdata.obj
 0002:00002344       ??_C@_15ODEHAHHF@?$AAA?$AAM@ 0000000140016344     libucrt:nlsdata.obj
 0002:0000234c       ??_C@_15CLMNNGEL@?$AAP?$AAM@ 000000014001634c     libucrt:nlsdata.obj
 0002:00002358       ??_C@_1BC@IEBCMHCM@?$AAM?$AAM?$AA?1?$AAd?$AAd?$AA?1?$AAy?$AAy@ 0000000140016358     libucrt:nlsdata.obj
 0002:00002370       ??_C@_1CI@KNAKOEBC@?$AAd?$AAd?$AAd?$AAd?$AA?0?$AA?5?$AAM?$AAM?$AAM?$AAM?$AA?5?$AAd?$AAd?$AA?0?$AA?5@ 0000000140016370     libucrt:nlsdata.obj
 0002:00002398       ??_C@_1BC@GDGBMEMK@?$AAH?$AAH?$AA?3?$AAm?$AAm?$AA?3?$AAs?$AAs@ 0000000140016398     libucrt:nlsdata.obj
 0002:000023b0       ??_C@_1M@BMHNFIME@?$AAe?$AAn?$AA?9?$AAU?$AAS@ 00000001400163b0     libucrt:nlsdata.obj
 0002:000023e0       ??_C@_1M@HPNHIDJI@?$AAj?$AAa?$AA?9?$AAJ?$AAP@ 00000001400163e0     libucrt:mbctype.obj
 0002:000023f0       ??_C@_1M@BIBDDEMK@?$AAz?$AAh?$AA?9?$AAC?$AAN@ 00000001400163f0     libucrt:mbctype.obj
 0002:00002400       ??_C@_1M@JLOOOEGK@?$AAk?$AAo?$AA?9?$AAK?$AAR@ 0000000140016400     libucrt:mbctype.obj
 0002:00002410       ??_C@_1M@CLNBBOPM@?$AAz?$AAh?$AA?9?$AAT?$AAW@ 0000000140016410     libucrt:mbctype.obj
 0002:00002420       __newctype                 0000000140016420     libucrt:ctype.obj
 0002:00002720       __newclmap                 0000000140016720     libucrt:ctype.obj
 0002:000028a0       __newcumap                 00000001400168a0     libucrt:ctype.obj
 0002:00002a20       ??_C@_15PJPFLCCM@?$AAu?$AAk@ 0000000140016a20     libucrt:get_qualified_locale.obj
 0002:00002ad0       ??_C@_1EA@JGEFHKEI@?$AAa?$AAp?$AAi?$AA?9?$AAm?$AAs?$AA?9?$AAw?$AAi?$AAn?$AA?9?$AAc?$AAo?$AAr?$AAe@ 0000000140016ad0     libucrt:winapi_thunks.obj
 0002:00002b10       ??_C@_1DI@IJCEHOCB@?$AAa?$AAp?$AAi?$AA?9?$AAm?$AAs?$AA?9?$AAw?$AAi?$AAn?$AA?9?$AAc?$AAo?$AAr?$AAe@ 0000000140016b10     libucrt:winapi_thunks.obj
 0002:00002b50       ??_C@_1EI@MPIAOHOC@?$AAa?$AAp?$AAi?$AA?9?$AAm?$AAs?$AA?9?$AAw?$AAi?$AAn?$AA?9?$AAc?$AAo?$AAr?$AAe@ 0000000140016b50     libucrt:winapi_thunks.obj
 0002:00002ba0       ??_C@_1FK@FPHCKFIE@?$AAa?$AAp?$AAi?$AA?9?$AAm?$AAs?$AA?9?$AAw?$AAi?$AAn?$AA?9?$AAc?$AAo?$AAr?$AAe@ 0000000140016ba0     libucrt:winapi_thunks.obj
 0002:00002c00       ??_C@_1EM@DILCGIIO@?$AAa?$AAp?$AAi?$AA?9?$AAm?$AAs?$AA?9?$AAw?$AAi?$AAn?$AA?9?$AAc?$AAo?$AAr?$AAe@ 0000000140016c00     libucrt:winapi_thunks.obj
 0002:00002c50       ??_C@_1DM@LNCGDDPN@?$AAa?$AAp?$AAi?$AA?9?$AAm?$AAs?$AA?9?$AAw?$AAi?$AAn?$AA?9?$AAc?$AAo?$AAr?$AAe@ 0000000140016c50     libucrt:winapi_thunks.obj
 0002:00002c90       ??_C@_1DO@FPAPJEMD@?$AAa?$AAp?$AAi?$AA?9?$AAm?$AAs?$AA?9?$AAw?$AAi?$AAn?$AA?9?$AAc?$AAo?$AAr?$AAe@ 0000000140016c90     libucrt:winapi_thunks.obj
 0002:00002cd0       ??_C@_1DK@NDHNAHIO@?$AAa?$AAp?$AAi?$AA?9?$AAm?$AAs?$AA?9?$AAw?$AAi?$AAn?$AA?9?$AAc?$AAo?$AAr?$AAe@ 0000000140016cd0     libucrt:winapi_thunks.obj
 0002:00002d10       ??_C@_1DM@KGHDGBCM@?$AAa?$AAp?$AAi?$AA?9?$AAm?$AAs?$AA?9?$AAw?$AAi?$AAn?$AA?9?$AAc?$AAo?$AAr?$AAe@ 0000000140016d10     libucrt:winapi_thunks.obj
 0002:00002d50       ??_C@_1EO@IJIOEFOH@?$AAa?$AAp?$AAi?$AA?9?$AAm?$AAs?$AA?9?$AAw?$AAi?$AAn?$AA?9?$AAr?$AAt?$AAc?$AAo@ 0000000140016d50     libucrt:winapi_thunks.obj
 0002:00002da0       ??_C@_1FG@HHGEKANL@?$AAa?$AAp?$AAi?$AA?9?$AAm?$AAs?$AA?9?$AAw?$AAi?$AAn?$AA?9?$AAs?$AAe?$AAc?$AAu@ 0000000140016da0     libucrt:winapi_thunks.obj
 0002:00002e00       ??_C@_1EG@DBIOJECG@?$AAe?$AAx?$AAt?$AA?9?$AAm?$AAs?$AA?9?$AAw?$AAi?$AAn?$AA?9?$AAn?$AAt?$AAu?$AAs@ 0000000140016e00     libucrt:winapi_thunks.obj
 0002:00002e50       ??_C@_1EO@FIHMJCLF@?$AAe?$AAx?$AAt?$AA?9?$AAm?$AAs?$AA?9?$AAw?$AAi?$AAn?$AA?9?$AAn?$AAt?$AAu?$AAs@ 0000000140016e50     libucrt:winapi_thunks.obj
 0002:00002ea0       ??_C@_1BC@DNHGCMLG@?$AAa?$AAd?$AAv?$AAa?$AAp?$AAi?$AA3?$AA2@ 0000000140016ea0     libucrt:winapi_thunks.obj
 0002:00002eb8       ??_C@_1M@OAIMIKLP@?$AAn?$AAt?$AAd?$AAl?$AAl@ 0000000140016eb8     libucrt:winapi_thunks.obj
 0002:00002ed0       ??_C@_1EG@DPGNFKGC@?$AAa?$AAp?$AAi?$AA?9?$AAm?$AAs?$AA?9?$AAw?$AAi?$AAn?$AA?9?$AAa?$AAp?$AAp?$AAm@ 0000000140016ed0     libucrt:winapi_thunks.obj
 0002:00002f18       ??_C@_1O@BCCLBEOE@?$AAu?$AAs?$AAe?$AAr?$AA3?$AA2@ 0000000140016f18     libucrt:winapi_thunks.obj
 0002:00002f28       ??_C@_1BA@IAIFMGEF@?$AAe?$AAx?$AAt?$AA?9?$AAm?$AAs?$AA?9@ 0000000140016f28     libucrt:winapi_thunks.obj
 0002:00002f40       ??_C@_0BA@FHFNEAED@AreFileApisANSI@ 0000000140016f40     libucrt:winapi_thunks.obj
 0002:00002f80       ??_C@_0O@KKBNKAPF@LCMapStringEx@ 0000000140016f80     libucrt:winapi_thunks.obj
 0002:00002f98       ??_C@_0BB@HBDEELFH@LocaleNameToLCID@ 0000000140016f98     libucrt:winapi_thunks.obj
 0002:00002fb0       ??_C@_0CF@OJOFEIGO@AppPolicyGetProcessTerminationM@ 0000000140016fb0     libucrt:winapi_thunks.obj
 0002:00002fe0       ?large_power_data@?1??multiply_by_power_of_ten@__crt_strtox@@YA_NAEAUbig_integer@2@I@Z@4QBIB 0000000140016fe0     libucrt:cfout.obj
 0002:000038f0       ?large_power_indices@?1??multiply_by_power_of_ten@__crt_strtox@@YA_NAEAUbig_integer@2@I@Z@4QBUunpack_index@?1??12@YA_N0I@Z@B 00000001400178f0     libucrt:cfout.obj
 0002:00003988       ?small_powers_of_ten@?1??multiply_by_power_of_ten@__crt_strtox@@YA_NAEAUbig_integer@2@I@Z@4QBIB 0000000140017988     libucrt:cfout.obj
 0002:000039ac       ??_C@_01GBGANLPD@0@        00000001400179ac     libucrt:cfout.obj
 0002:000039b0       ??_C@_05DNEBIAHO@1?$CDINF@ 00000001400179b0     libucrt:cfout.obj
 0002:000039b8       ??_C@_06IMKFLFPG@1?$CDQNAN@ 00000001400179b8     libucrt:cfout.obj
 0002:000039c0       ??_C@_06PGGFOGJG@1?$CDSNAN@ 00000001400179c0     libucrt:cfout.obj
 0002:000039c8       ??_C@_05PHHOCPM@1?$CDIND@  00000001400179c8     libucrt:cfout.obj
 0002:00004810       ??_C@_15EMKDOKLE@?$AAa?$AAr@ 0000000140018810     libucrt:lcidtoname_downlevel.obj
 0002:00004818       ??_C@_15KNPADPLH@?$AAb?$AAg@ 0000000140018818     libucrt:lcidtoname_downlevel.obj
 0002:00004820       ??_C@_15EDMHLDMO@?$AAc?$AAa@ 0000000140018820     libucrt:lcidtoname_downlevel.obj
 0002:00004828       ??_C@_1O@BPEAJADD@?$AAz?$AAh?$AA?9?$AAC?$AAH?$AAS@ 0000000140018828     libucrt:lcidtoname_downlevel.obj
 0002:00004838       ??_C@_15LJNHCMNK@?$AAc?$AAs@ 0000000140018838     libucrt:lcidtoname_downlevel.obj
 0002:00004840       ??_C@_15FOMCIDHG@?$AAd?$AAa@ 0000000140018840     libucrt:lcidtoname_downlevel.obj
 0002:00004848       ??_C@_15NBKABECB@?$AAd?$AAe@ 0000000140018848     libucrt:lcidtoname_downlevel.obj
 0002:00004850       ??_C@_15GHPEIIAO@?$AAe?$AAl@ 0000000140018850     libucrt:lcidtoname_downlevel.obj
 0002:00004858       ??_C@_15MNPNEAIF@?$AAe?$AAn@ 0000000140018858     libucrt:lcidtoname_downlevel.obj
 0002:00004860       ??_C@_15GPIOMPMH@?$AAe?$AAs@ 0000000140018860     libucrt:lcidtoname_downlevel.obj
 0002:00004868       ??_C@_15NGLOAKJC@?$AAf?$AAi@ 0000000140018868     libucrt:lcidtoname_downlevel.obj
 0002:00004870       ??_C@_15FBKGNKAM@?$AAf?$AAr@ 0000000140018870     libucrt:lcidtoname_downlevel.obj
 0002:00004878       ??_C@_15KGGCNEFK@?$AAh?$AAe@ 0000000140018878     libucrt:lcidtoname_downlevel.obj
 0002:00004880       ??_C@_15PGHLIDMF@?$AAh?$AAu@ 0000000140018880     libucrt:lcidtoname_downlevel.obj
 0002:00004888       ??_C@_15BIEMAPLM@?$AAi?$AAs@ 0000000140018888     libucrt:lcidtoname_downlevel.obj
[...]
 0002:00009320       $unwind$_free_base         000000014001d320     libucrt:free_base.obj
 0002:00009320       $unwind$?destroy_fls@@YAXPEAX@Z 000000014001d320     libucrt:per_thread_data.obj
 0002:00009320       $unwind$__acrt_locale_free_numeric 000000014001d320     libucrt:initnum.obj
 0002:00009320       $unwind$__acrt_locale_free_lc_time_if_unreferenced 000000014001d320     libucrt:locale_refcounting.obj
 0002:00009328       $unwind$?fp_format_e@@YAHQEBNQEAD_K12H_NIQEAU__crt_locale_pointers@@W4__acrt_rounding_mode@@@Z 000000014001d328     libucrt:cvt.obj
 0002:00009328       $unwind$_mbtowc_l          000000014001d328     libucrt:mbtowc.obj
 0002:00009328       $unwind$__acrt_LCMapStringEx 000000014001d328     libucrt:winapi_thunks.obj
 0002:0000933c       $unwind$_wctomb_s_l        000000014001d33c     libucrt:wctomb.obj
 0002:0000934c       $unwind$?construct_ptd_array@@YAXQEAU__acrt_ptd@@@Z 000000014001d34c     libucrt:per_thread_data.obj
 0002:00009354       $unwind$?destroy_ptd_array@@YAXQEAU__acrt_ptd@@@Z 000000014001d354     libucrt:per_thread_data.obj
 0002:0000935c       $unwind$??$?RV<lambda_0ae27a3a962d80f24befdcbee591983d>@@AEAV<lambda_8d0ee55de4b1038c4002e0adecdf1839>@@V<lambda_dc504788e8f1664fe9b84e20bfb512f2>@@@?$__crt_seh_guarded_call@X@@QEAAX$$QEAV<lambda_0ae27a3a962d80f24befdcbee591983d>@@AEAV<lambda_8d0ee55de4b1038c4002e0adecdf1839>@@$$QEAV<lambda_dc504788e8f1664fe9b84e20bfb512f2>@@@Z 000000014001d35c     libucrt:per_thread_data.obj
 0002:00009380       $unwind$??$?RV<lambda_aa87e3671a710a21b5dc78c0bdf72e11>@@AEAV<lambda_92619d2358a28f41a33ba319515a20b9>@@V<lambda_6992ecaafeb10aed2b74cb1fae11a551>@@@?$__crt_seh_guarded_call@X@@QEAAX$$QEAV<lambda_aa87e3671a710a21b5dc78c0bdf72e11>@@AEAV<lambda_92619d2358a28f41a33ba319515a20b9>@@$$QEAV<lambda_6992ecaafeb10aed2b74cb1fae11a551>@@@Z 000000014001d380     libucrt:per_thread_data.obj
 0002:000093a4       $unwind$??$?RV<lambda_f2e299630e499de9f9a165e60fcd3db5>@@AEAV<lambda_2ae9d31cdba2644fcbeaf08da7c24588>@@V<lambda_40d01ff24d0e7b3814fdbdcee8eab3c7>@@@?$__crt_seh_guarded_call@X@@QEAAX$$QEAV<lambda_f2e299630e499de9f9a165e60fcd3db5>@@AEAV<lambda_2ae9d31cdba2644fcbeaf08da7c24588>@@$$QEAV<lambda_40d01ff24d0e7b3814fdbdcee8eab3c7>@@@Z 000000014001d3a4     libucrt:per_thread_data.obj
 0002:000093c8       $unwind$??$?RV<lambda_2d41944a1d46af3157314b8a01080d33>@@AEAV<lambda_8f455de75cd7d7f24b4096f044d8b9e6>@@V<lambda_aa500f224e6afead328df44964fe2772>@@@?$__crt_seh_guarded_call@X@@QEAAX$$QEAV<lambda_2d41944a1d46af3157314b8a01080d33>@@AEAV<lambda_8f455de75cd7d7f24b4096f044d8b9e6>@@$$QEAV<lambda_aa500f224e6afead328df44964fe2772>@@@Z 000000014001d3c8     libucrt:per_thread_data.obj
 0002:000093ec       $unwind$__acrt_fp_format   000000014001d3ec     libucrt:cvt.obj
 0002:00009404       $unwind$?fp_format_e_internal@@YAHQEAD_KH_NIQEAU_strflt@@2QEAU__crt_locale_pointers@@@Z 000000014001d404     libucrt:cvt.obj
 0002:0000941c       $unwind$?fp_format_a@@YAHQEBNPEAD_KQEAD2H_NIQEAU__crt_locale_pointers@@W4__acrt_rounding_mode@@@Z 000000014001d41c     libucrt:cvt.obj
 0002:00009438       $unwind$__dcrt_get_narrow_environment_from_os 000000014001d438     libucrt:get_environment_from_os.obj
 0002:00009438       $unwind$?fp_format_f_internal@@YAHQEAD_KHQEAU_strflt@@_NQEAU__crt_locale_pointers@@@Z 000000014001d438     libucrt:cvt.obj
 0002:00009438       $unwind$??$__acrt_wcs_to_mbs_cp@U__crt_win32_buffer_internal_dynamic_resizing@@@@YAHQEB_WAEAV?$__crt_win32_buffer@DU__crt_win32_buffer_internal_dynamic_resizing@@@@I@Z 000000014001d438     libucrt:argv_wildcards.obj
 0002:00009450       $unwind$?fp_format_g@@YAHQEBNQEAD_K12H_NIW4__acrt_rounding_mode@@QEAU__crt_locale_pointers@@@Z 000000014001d450     libucrt:cvt.obj
 0002:00009464       $unwind$__acrt_initialize_lowio 000000014001d464     libucrt:ioinit.obj
 0002:00009484       $unwind$?initialize_inherited_file_handles_nolock@@YAXXZ 000000014001d484     libucrt:ioinit.obj
 0002:000094a0       $unwind$??$__acrt_mbs_to_wcs_cp@U__crt_win32_buffer_internal_dynamic_resizing@@@@YAHQEBDAEAV?$__crt_win32_buffer@_WU__crt_win32_buffer_internal_dynamic_resizing@@@@I@Z 000000014001d4a0     libucrt:argv_wildcards.obj
 0002:000094b8       $unwind$??$common_expand_argv_wildcards@D@@YAHQEAPEADQEAPEAPEAD@Z 000000014001d4b8     libucrt:argv_wildcards.obj
 0002:000094d0       $unwind$??$copy_and_add_argument_to_buffer@D@@YAHQEBD0_KAEAV?$argument_list@D@?A0x5f5c8891@@@Z 000000014001d4d0     libucrt:argv_wildcards.obj
 0002:000094ec       $unwind$??$expand_argument_wildcards@D@@YAHQEAD0AEAV?$argument_list@D@?A0x5f5c8891@@@Z 000000014001d4ec     libucrt:argv_wildcards.obj
 0002:00009510       $unwind$__acrt_GetModuleFileNameA 000000014001d510     libucrt:getmodulefilenamea.obj
 0002:0000952c       $unwind$__dcrt_write_console 000000014001d52c     libucrt:initcon.obj
 0002:0000952c       $unwind$??$__acrt_wcs_to_mbs_cp@U__crt_win32_buffer_no_resizing@@@@YAHQEB_WAEAV?$__crt_win32_buffer@DU__crt_win32_buffer_no_resizing@@@@I@Z 000000014001d52c     libucrt:getmodulefilenamea.obj
 0002:00009540       $unwind$_setmbcp_nolock    000000014001d540     libucrt:mbctype.obj
 0002:00009560       $unwind$__dcrt_lowio_ensure_console_output_initialized 000000014001d560     libucrt:initcon.obj
 0002:00009560       $unwind$_isleadbyte_l      000000014001d560     libucrt:_wctype.obj
 0002:00009560       $unwind$?getSystemCP@@YAHH@Z 000000014001d560     libucrt:mbctype.obj
 0002:00009568       $unwind$?update_thread_multibyte_data_internal@@YAPEAU__crt_multibyte_data@@QEAU__acrt_ptd@@QEAPEAU1@@Z 000000014001d568     libucrt:mbctype.obj
 0002:00009590       $unwind$?setmbcp_internal@@YAHH_NQEAU__acrt_ptd@@QEAPEAU__crt_multibyte_data@@@Z 000000014001d590     libucrt:mbctype.obj
 0002:000095a0       $unwind$?setSBUpLow@@YAXPEAU__crt_multibyte_data@@@Z 000000014001d5a0     libucrt:mbctype.obj
 0002:000095bc       $unwind$??$?RV<lambda_efdfa57d1f175319df784efa44bb7b81>@@AEAV<lambda_5f0a4c1567f8adc6734073e5d1e1b35c>@@V<lambda_2e8a7d3640ea6ccb4c2413664c2db6fd>@@@?$__crt_seh_guarded_call@X@@QEAAX$$QEAV<lambda_efdfa57d1f175319df784efa44bb7b81>@@AEAV<lambda_5f0a4c1567f8adc6734073e5d1e1b35c>@@$$QEAV<lambda_2e8a7d3640ea6ccb4c2413664c2db6fd>@@@Z 000000014001d5bc     libucrt:mbctype.obj
 0002:000095e0       $unwind$?x_ismbbtype_l@@YAHPEAU__crt_locale_pointers@@IHH@Z 000000014001d5e0     libucrt:ismbbyte.obj
 0002:000095f0       $unwind$__acrt_WideCharToMultiByte 000000014001d5f0     libucrt:widechartomultibyte.obj
 0002:000095fc       $unwind$__acrt_lowio_destroy_handle_array 000000014001d5fc     libucrt:osfinfo.obj
 0002:0000960c       $unwind$__acrt_lowio_ensure_fh_exists 000000014001d60c     libucrt:osfinfo.obj
 0002:00009638       $unwind$__acrt_locale_free_monetary 000000014001d638     libucrt:initmon.obj
 0002:00009640       $unwind$__acrt_locale_free_time 000000014001d640     libucrt:inittime.obj
 0002:00009650       $unwind$__acrt_GetStringTypeA 000000014001d650     libucrt:getstringtypea.obj
 0002:00009678       $unwind$__acrt_update_thread_locale_data 000000014001d678     libucrt:locale_refcounting.obj
 0002:0000969c       $unwind$__acrt_initialize_winapi_thunks 000000014001d69c     libucrt:winapi_thunks.obj
 0002:000096a4       $unwind$_query_new_handler 000000014001d6a4     libucrt:new_handler.obj
 0002:000096c4       $unwind$raise              000000014001d6c4     libucrt:signal.obj
 0002:00009700       $unwind$??$?RV<lambda_450d765d439847d4c735a33c368b5fc0>@@AEAV<lambda_44731a7d0e6d81c3e6aa82d741081786>@@V<lambda_601a2a7da3b7a96e9554ac7215c4b07c>@@@?$__crt_seh_guarded_call@P6AXH@Z@@QEAAP6AXH@Z$$QEAV<lambda_450d765d439847d4c735a33c368b5fc0>@@AEAV<lambda_44731a7d0e6d81c3e6aa82d741081786>@@$$QEAV<lambda_601a2a7da3b7a96e9554ac7215c4b07c>@@@Z 000000014001d700     libucrt:signal.obj
 0002:00009724       $unwind$?common_flush_all@@YAH_N@Z 000000014001d724     libucrt:fflush.obj
 0002:0000972c       $unwind$??$?RV<lambda_842d9ff0dc9ef11c61343bbaebe7f885>@@AEAV<lambda_c5860995281e5c4ce005b3de8f5874ee>@@V<lambda_d90129c13df834fdcbf8d2b88dafcf2d>@@@?$__crt_seh_guarded_call@X@@QEAAX$$QEAV<lambda_842d9ff0dc9ef11c61343bbaebe7f885>@@AEAV<lambda_c5860995281e5c4ce005b3de8f5874ee>@@$$QEAV<lambda_d90129c13df834fdcbf8d2b88dafcf2d>@@@Z 000000014001d72c     libucrt:fflush.obj
 0002:00009750       $unwind$??$?RV<lambda_886d6c58226a84441f68b9f2b8217b83>@@AEAV<lambda_ab61a845afdef5b7c387490eaf3616ee>@@V<lambda_f7f22ab5edc0698d5f6905b0d3f44752>@@@?$__crt_seh_guarded_call@X@@QEAAX$$QEAV<lambda_886d6c58226a84441f68b9f2b8217b83>@@AEAV<lambda_ab61a845afdef5b7c387490eaf3616ee>@@$$QEAV<lambda_f7f22ab5edc0698d5f6905b0d3f44752>@@@Z 000000014001d750     libucrt:fflush.obj
 0002:00009778       $unwind$_isctype_l         000000014001d778     libucrt:isctype.obj
 0002:00009794       $unwind$?__mbsrtowcs_utf8@__crt_mbstring@@YA_KPEA_WPEAPEBD_KPEAU_Mbstatet@@@Z 000000014001d794     libucrt:mbrtowc.obj
 0002:000097ac       $unwind$__acrt_fltout      000000014001d7ac     libucrt:cfout.obj
 0002:000097cc       $unwind$?divide@__crt_strtox@@YA_KAEAUbig_integer@1@AEBU21@@Z 000000014001d7cc     libucrt:cfout.obj
 0002:000097e4       $chain$0$?divide@__crt_strtox@@YA_KAEAUbig_integer@1@AEBU21@@Z 000000014001d7e4     libucrt:cfout.obj
 0002:000097f8       $chain$1$?divide@__crt_strtox@@YA_KAEAUbig_integer@1@AEBU21@@Z 000000014001d7f8     libucrt:cfout.obj
 0002:00009808       $unwind$_fcloseall         000000014001d808     libucrt:closeall.obj
 0002:0000982c       $unwind$qsort              000000014001d82c     libucrt:qsort.obj
 0002:00009844       $chain$4$qsort             000000014001d844     libucrt:qsort.obj
 0002:00009868       $chain$5$qsort             000000014001d868     libucrt:qsort.obj
 0002:00009878       $unwind$strpbrk            000000014001d878     libucrt:strpbrk.obj
 0002:00009888       $unwind$fallbackMethod     000000014001d888     libucrt:strpbrk.obj
 0002:00009898       $unwind$_mbsdec_l          000000014001d898     libucrt:mbsdec.obj
 0002:000098a4       $unwind$__acrt_LCMapStringA 000000014001d8a4     libucrt:lcmapstringa.obj
 0002:000098b4       $unwind$?__acrt_LCMapStringA_stat@@YAHPEAU__crt_locale_pointers@@PEB_WKPEBDHPEADHHH@Z 000000014001d8b4     libucrt:lcmapstringa.obj
 0002:000098dc       $unwind$_close             000000014001d8dc     libucrt:close.obj
 0002:000098dc       $unwind$_commit            000000014001d8dc     libucrt:commit.obj
 0002:000098e4       $unwind$??$?RV<lambda_a37b2b86f63e897a80ea819b0eb08c01>@@AEAV<lambda_38ce7e780aa69e748d6df282ebc68efe>@@V<lambda_99fb1378e971ab6e7edea83e3a7a83a2>@@@?$__crt_seh_guarded_call@H@@QEAAH$$QEAV<lambda_a37b2b86f63e897a80ea819b0eb08c01>@@AEAV<lambda_38ce7e780aa69e748d6df282ebc68efe>@@$$QEAV<lambda_99fb1378e971ab6e7edea83e3a7a83a2>@@@Z 000000014001d8e4     libucrt:commit.obj
 0002:00009908       $unwind$_write             000000014001d908     libucrt:write.obj
 0002:00009938       $unwind$_write_nolock      000000014001d938     libucrt:write.obj
 0002:00009950       $unwind$?write_double_translated_ansi_nolock@@YA?AUwrite_result@?A0x17268360@@HQEBDI@Z 000000014001d950     libucrt:write.obj
 0002:00009974       $unwind$?write_text_ansi_nolock@@YA?AUwrite_result@?A0x17268360@@HQEBDI@Z 000000014001d974     libucrt:write.obj
 0002:00009974       $unwind$?write_text_utf16le_nolock@@YA?AUwrite_result@?A0x17268360@@HQEBDI@Z 000000014001d974     libucrt:write.obj
 0002:00009994       $unwind$?write_text_utf8_nolock@@YA?AUwrite_result@?A0x17268360@@HQEBDI@Z 000000014001d994     libucrt:write.obj
 0002:000099b8       $unwind$?__mbrtoc32_utf8@__crt_mbstring@@YA_KPEA_UPEBD_KPEAU_Mbstatet@@@Z 000000014001d9b8     libucrt:mbrtoc32.obj
 0002:000099d8       $xdatasym                  000000014001d9d8     libucrt:log10.obj
 0002:000099e4       $unwind$__acrt_fenv_set_control 000000014001d9e4     libucrt:_fenvutils.obj
 0002:000099f4       $unwind$fclose             000000014001d9f4     libucrt:fclose.obj
 0002:00009a18       $unwind$_putwch_nolock     000000014001da18     libucrt:putwch.obj
 0002:00009a20       $unwind$common_control87   000000014001da20     libucrt:ieee.obj
 0002:00009a4c       $unwind$_call_matherr      000000014001da4c     libucrt:libm_error.obj
 0002:00009a54       $unwind$_handle_error      000000014001da54     libucrt:libm_error.obj
 0002:00009a74       $unwind$__acrt_initialize_fma3 000000014001da74     libucrt:fma3_available.obj
 0002:00009a7c       $unwind$_log_special_common 000000014001da7c     libucrt:log_special.obj
 0002:00009a88       $unwind$??$?RV<lambda_751a882b2c74d4b022dec766aa51a29a>@@AEAV<lambda_628dfdc04ba53c8bfc02c9951375f3f5>@@V<lambda_f6c7be5f7998530c34de24c7437d6b54>@@@?$__crt_seh_guarded_call@H@@QEAAH$$QEAV<lambda_751a882b2c74d4b022dec766aa51a29a>@@AEAV<lambda_628dfdc04ba53c8bfc02c9951375f3f5>@@$$QEAV<lambda_f6c7be5f7998530c34de24c7437d6b54>@@@Z 000000014001da88     libucrt:close.obj
 0002:00009ab0       $xdatasym                  000000014001dab0     libucrt:fpsr.obj
 0002:00009ab8       $unwind$_raise_exc         000000014001dab8     libucrt:fpexcept.obj
 0002:00009ac0       $unwind$_raise_exc_ex      000000014001dac0     libucrt:fpexcept.obj
 0002:00009ad4       $unwind$_ctrlfp            000000014001dad4     libucrt:fpctrl.obj
 0002:00009afc       $unwind$_IsNonwritableInCurrentImage 000000014001dafc     LIBCMT:pesect.obj
 0002:00009b20       $xdatasym                  000000014001db20     LIBCMT:chkstk.obj
 0002:00009b28       $xdatasym                  000000014001db28     libvcruntime:memcmp.obj
 0002:00009f08       .idata$6                   000000014001df08     user32:USER32.dll
 0002:00009f24       .idata$6                   000000014001df24     gdi32:GDI32.dll
 0002:00009f40       .idata$6                   000000014001df40     winmm:WINMM.dll
 0002:0000a176       .idata$6                   000000014001e176     kernel32:KERNEL32.dll
 0003:00000000       ?XInputGetState_@@3P6AKKPEAU_XINPUT_STATE@@@ZEA 000000014001f000     win32_made.obj
 0003:00000008       ?XInputSetState_@@3P6AKKPEAU_XINPUT_VIBRATION@@@ZEA 000000014001f008     win32_made.obj
 0003:00000050       ?__vcrt_flsindex@@3KA      000000014001f050     libvcruntime:per_thread_data.obj
 0003:00000070       ?errno_no_memory@@3HA      000000014001f070     libucrt:errno.obj
 0003:00000074       ?doserrno_no_memory@@3KA   000000014001f074     libucrt:errno.obj
 0003:00000078       ?__acrt_flsindex@@3KA      000000014001f078     libucrt:per_thread_data.obj
 0003:00000530       _mbctypes                  000000014001f530     libucrt:mbctype.obj
 0003:00000640       _mbcasemaps                000000014001f640     libucrt:mbctype.obj
 0003:00000740       ?__rgctypeflag@@3PADA      000000014001f740     libucrt:mbctype.obj
 0003:00000750       ?__rgcode_page_info@@3PAUcode_page_info@@A 000000014001f750     libucrt:mbctype.obj
 0003:000009f0       ?dazSupported@?1??common_control87@@9@9 000000014001f9f0     libucrt:ieee.obj
 0003:00000a00       ?__dcrt_lowio_console_output_handle@@3PEAXEA 000000014001fa00     libucrt:initcon.obj
 0003:00000a10       ?dazSupported@?1??_ctrlfp@@9@9 000000014001fa10     libucrt:fpctrl.obj
 0003:00000a30       ?GlobalRunning@@3HA        000000014001fa30     win32_made.obj
 0003:00000a34       ?GlobalPause@@3HA          000000014001fa34     win32_made.obj
 0003:00000a38       ?GlobalSecondaryBuffer@@3PEAUIDirectSoundBuffer@@EA 000000014001fa38     win32_made.obj
 0003:00000a40       ?GlobalBackbuffer@@3Uwin32_offscreen_buffer@@A 000000014001fa40     win32_made.obj
 0003:00000a88       ?GlobalPerfCountFrequency@@3_JA 000000014001fa88     win32_made.obj
 0003:00000a90       GS_ExceptionRecord         000000014001fa90     LIBCMT:gs_report.obj
 0003:00000b30       GS_ContextRecord           000000014001fb30     LIBCMT:gs_report.obj
 0003:00001010       ?is_initialized_as_dll@@3_NA 0000000140020010     LIBCMT:utility.obj
 0003:00001011       ?module_local_atexit_table_initialized@@3_NA 0000000140020011     LIBCMT:utility.obj
 0003:00001018       ?module_local_atexit_table@@3U_onexit_table_t@@A 0000000140020018     LIBCMT:utility.obj
 0003:00001030       ?module_local_at_quick_exit_table@@3U_onexit_table_t@@A 0000000140020030     LIBCMT:utility.obj
 0003:00001090       ?__vcrt_startup_thread_ptd@@3U__vcrt_ptd@@A 0000000140020090     libvcruntime:per_thread_data.obj
 0003:00001110       __vcrt_lock_table          0000000140020110     libvcruntime:locks.obj
 0003:00001138       __vcrt_locks_initialized   0000000140020138     libvcruntime:locks.obj
 0003:00001180       ?heap@@3V_HeapManager@@A   0000000140020180     libvcruntime:undname.obj
 0003:000011a8       ?module_handles@@3PAPEAUHINSTANCE__@@A 00000001400201a8     libvcruntime:winapi_downlevel.obj
 0003:000011c0       ?function_pointers@@3PAPEAXA 00000001400201c0     libvcruntime:winapi_downlevel.obj
 0003:000011f0       ?__acrt_app_type@@3W4_crt_app_type@@A 00000001400201f0     libucrt:report_runtime_error.obj
 0003:000011f8       ?user_matherr@@3V?$dual_state_global@P6AHPEAU_exception@@@Z@__crt_state_management@@A 00000001400201f8     libucrt:matherr.obj
 0003:00001200       ?program_name@?1???$common_configure_argv@D@@YAHW4_crt_argv_mode@@@Z@4PADA 0000000140020200     libucrt:argv_parsing.obj
 0003:00001328       ?empty_string@?1???$common_wincmdln@E@@YAPEAEXZ@4PAEA 0000000140020328     libucrt:argv_winmain.obj
 0003:0000132c       ?c_termination_complete@@3JA 000000014002032c     libucrt:exit.obj
 0003:00001330       ?thread_local_exit_callback_func@@3P6AXPEAXK0@ZEA 0000000140020330     libucrt:exit.obj
 0003:00001340       ?__acrt_global_new_mode@@3V?$dual_state_global@J@__crt_state_management@@A 0000000140020340     libucrt:new_mode.obj
 0003:00001378       ?__acrt_invalid_parameter_handler@@3V?$dual_state_global@P6AXPEB_W00I_K@Z@__crt_state_management@@A 0000000140020378     libucrt:invalid_parameter.obj
 0003:00001380       ?internal_state@?1??_mbtowc_l@@9@4U_Mbstatet@@A 0000000140020380     libucrt:mbtowc.obj
 0003:00001398       ?enable_percent_n@@3_KA    0000000140020398     libucrt:printf_count_output.obj
 0003:000017e0       ?fSystemSet@@3HA           00000001400207e0     libucrt:mbctype.obj
 0003:000017e4       ?initialized@?1??__acrt_initialize_multibyte@@9@4_NA 00000001400207e4     libucrt:mbctype.obj
 0003:00001820       ?__acrt_lock_table@@3PAU_RTL_CRITICAL_SECTION@@A 0000000140020820     libucrt:locks.obj
 0003:00001a50       ?__acrt_locks_initialized@@3IA 0000000140020a50     libucrt:locks.obj
 0003:00001a60       ?module_handles@@3PAPEAUHINSTANCE__@@A 0000000140020a60     libucrt:winapi_thunks.obj
 0003:00001b00       ?encoded_function_pointers@@3PAPEAXA 0000000140020b00     libucrt:winapi_thunks.obj
 0003:00001c20       ?__acrt_new_handler@@3V?$dual_state_global@P6AH_K@Z@__crt_state_management@@A 0000000140020c20     libucrt:new_handler.obj
 0003:00001c28       ?ctrlc_action@@3V?$dual_state_global@P6AXH@Z@__crt_state_management@@A 0000000140020c28     libucrt:signal.obj
 0003:00001c30       ?ctrlbreak_action@@3V?$dual_state_global@P6AXH@Z@__crt_state_management@@A 0000000140020c30     libucrt:signal.obj
 0003:00001c38       ?abort_action@@3V?$dual_state_global@P6AXH@Z@__crt_state_management@@A 0000000140020c38     libucrt:signal.obj
 0003:00001c40       ?term_action@@3V?$dual_state_global@P6AXH@Z@__crt_state_management@@A 0000000140020c40     libucrt:signal.obj
 0003:00001c48       ?internal_pst@?1??__mbrtoc32_utf8@__crt_mbstring@@YA_KPEA_UPEBD_KPEAU_Mbstatet@@@Z@4U3@A 0000000140020c48     libucrt:mbrtoc32.obj
 0005:00000000       MsetTab                    0000000140023000     libvcruntime:memset.obj
 0005:00000050       MoveSmall                  0000000140023050     libvcruntime:memcpy.obj
 0005:00000090       MoveSmallYmm               0000000140023090     libvcruntime:memcpy.obj
 0005:000000b4       MoveSmallYmmNT             00000001400230b4     libvcruntime:memcpy.obj
 0005:000000d8       MoveSmallXmm               00000001400230d8     libvcruntime:memcpy.obj
