 win32_made

 Timestamp is 61045cd7 (Fri Jul 30 23:11:03 2021)

 Preferred load address is 0000000140000000

 Start         Length     Name                   Class
 0001:00000000 0000dc40H .text$mn                CODE
 0001:0000dc40 00000040H .text$mn$00             CODE
 0001:0000dc80 00000290H .text$x                 CODE
 0002:00000000 000002b0H .idata$5                DATA
 0002:000002b0 00000028H .00cfg                  DATA
 0002:000002d8 00000008H .CRT$XCA                DATA
 0002:000002e0 00000008H .CRT$XCAA               DATA
 0002:000002e8 00000008H .CRT$XCZ                DATA
 0002:000002f0 00000008H .CRT$XIA                DATA
 0002:000002f8 00000008H .CRT$XIAA               DATA
 0002:00000300 00000008H .CRT$XIAC               DATA
 0002:00000308 00000020H .CRT$XIC                DATA
 0002:00000328 00000008H .CRT$XIZ                DATA
 0002:00000330 00000008H .CRT$XPA                DATA
 0002:00000338 00000010H .CRT$XPX                DATA
 0002:00000348 00000008H .CRT$XPXA               DATA
 0002:00000350 00000008H .CRT$XPZ                DATA
 0002:00000358 00000008H .CRT$XTA                DATA
 0002:00000360 00000010H .CRT$XTZ                DATA
 0002:00000368 00000000H .gehcont$y              DATA
 0002:00000368 00000000H .gfids$y                DATA
 0002:00000370 00007910H .rdata                  DATA
 0002:00007c80 00000000H .rdata$CastGuardVftablesA DATA
 0002:00007c80 00000000H .rdata$CastGuardVftablesC DATA
 0002:00007c80 00000000H .rdata$r                DATA
 0002:00007c80 000000fcH .rdata$voltmd           DATA
 0002:00007d7c 000002ecH .rdata$zzzdbg           DATA
 0002:00008068 00000008H .rtc$IAA                DATA
 0002:00008070 00000008H .rtc$IZZ                DATA
 0002:00008078 00000008H .rtc$TAA                DATA
 0002:00008080 00000008H .rtc$TZZ                DATA
 0002:00008088 00000ba0H .xdata                  DATA
 0002:00008c28 00000000H .xdata$x                DATA
 0002:00008c28 00000000H .edata                  DATA
 0002:00008c28 0000003cH .idata$2                DATA
 0002:00008c64 00000014H .idata$3                DATA
 0002:00008c78 000002b0H .idata$4                DATA
 0002:00008f28 00000604H .idata$6                DATA
 0003:00000000 00000a00H .data                   DATA
 0003:00000a00 00000000H .data$r                 DATA
 0003:00000a00 00000000H .data$rs                DATA
 0003:00000a00 00001240H .bss                    DATA
 0004:00000000 00000e28H .pdata                  DATA
 0005:00000000 000000fcH _RDATA                  DATA

  Address         Publics by Value              Rva+Base               Lib:Object

 0000:00000000       __guard_longjmp_table      0000000000000000     <absolute>
 0000:00000000       ___safe_se_handler_table   0000000000000000     <absolute>
 0000:00000000       __x64_code_ranges_to_entry_points_count 0000000000000000     <absolute>
 0000:00000000       __guard_fids_count         0000000000000000     <absolute>
 0000:00000000       __arm64x_extra_rfe_table   0000000000000000     <absolute>
 0000:00000000       __arm64x_redirection_metadata 0000000000000000     <absolute>
 0000:00000000       __guard_iat_table          0000000000000000     <absolute>
 0000:00000000       __hybrid_code_map          0000000000000000     <absolute>
 0000:00000000       __arm64x_extra_rfe_table_size 0000000000000000     <absolute>
 0000:00000000       __x64_code_ranges_to_entry_points 0000000000000000     <absolute>
 0000:00000000       __guard_iat_count          0000000000000000     <absolute>
 0000:00000000       __guard_longjmp_count      0000000000000000     <absolute>
 0000:00000000       ___safe_se_handler_count   0000000000000000     <absolute>
 0000:00000000       __dynamic_value_reloc_table 0000000000000000     <absolute>
 0000:00000000       __hybrid_auxiliary_iat     0000000000000000     <absolute>
 0000:00000000       __hybrid_auxiliary_iat_copy 0000000000000000     <absolute>
 0000:00000000       __AbsoluteZero             0000000000000000     <absolute>
 0000:00000000       __guard_eh_cont_count      0000000000000000     <absolute>
 0000:00000000       __guard_check_icall_a64n_fptr 0000000000000000     <absolute>
 0000:00000000       __guard_fids_table         0000000000000000     <absolute>
 0000:00000000       __arm64x_redirection_metadata_count 0000000000000000     <absolute>
 0000:00000000       __enclave_config           0000000000000000     <absolute>
 0000:00000000       __guard_eh_cont_table      0000000000000000     <absolute>
 0000:00000000       __arm64x_native_entrypoint 0000000000000000     <absolute>
 0000:00000000       __hybrid_code_map_count    0000000000000000     <absolute>
 0000:00000100       __guard_flags              0000000000000100     <absolute>
 0000:00000000       __ImageBase                0000000140000000     <linker-defined>
 0001:00000680       WinMain                    0000000140001680 f   win32_made.obj
 0001:000013b0       ?XInputGetStateStub@@YAKKPEAU_XINPUT_STATE@@@Z 00000001400023b0 f   win32_made.obj
 0001:000013d0       ?XInputSetStateStub@@YAKKPEAU_XINPUT_VIBRATION@@@Z 00000001400023d0 f   win32_made.obj
 0001:00001900       ?Win32MainWindowCallback@@YA_JPEAUHWND__@@I_K_J@Z 0000000140002900 f   win32_made.obj
 0001:00002250       ?GetController@@YAPEAUgame_controller_input@@PEAUgame_input@@I@Z 0000000140003250 f i win32_made.obj
 0001:000022a0       ?SafeTruncateUInt64@@YAI_K@Z 00000001400032a0 f i win32_made.obj
 0001:000022d0       __GSHandlerCheck           00000001400032d0 f   LIBCMT:gshandler.obj
 0001:000022f0       __GSHandlerCheckCommon     00000001400032f0 f   LIBCMT:gshandler.obj
 0001:00002360       __security_check_cookie    0000000140003360 f   LIBCMT:amdsecgs.obj
 0001:000025d8       WinMainCRTStartup          00000001400035d8 f   LIBCMT:exe_winmain.obj
 0001:000025ec       __raise_securityfailure    00000001400035ec f   LIBCMT:gs_report.obj
 0001:00002620       __report_gsfailure         0000000140003620 f   LIBCMT:gs_report.obj
 0001:000026f4       __report_rangecheckfailure 00000001400036f4 f   LIBCMT:gs_report.obj
 0001:00002708       __report_securityfailure   0000000140003708 f   LIBCMT:gs_report.obj
 0001:00002888       __scrt_acquire_startup_lock 0000000140003888 f   LIBCMT:utility.obj
 0001:000028c4       __scrt_initialize_crt      00000001400038c4 f   LIBCMT:utility.obj
 0001:00002910       __scrt_initialize_onexit_tables 0000000140003910 f   LIBCMT:utility.obj
 0001:0000299c       __scrt_is_nonwritable_in_current_image 000000014000399c f   LIBCMT:utility.obj
 0001:00002a34       __scrt_release_startup_lock 0000000140003a34 f   LIBCMT:utility.obj
 0001:00002a58       __scrt_uninitialize_crt    0000000140003a58 f   LIBCMT:utility.obj
 0001:00002a84       _onexit                    0000000140003a84 f   LIBCMT:utility.obj
 0001:00002ac0       atexit                     0000000140003ac0 f   LIBCMT:utility.obj
 0001:00002ad8       __security_init_cookie     0000000140003ad8 f   LIBCMT:gs_support.obj
 0001:00002b84       __scrt_initialize_winrt    0000000140003b84 f   LIBCMT:utility_desktop.obj
 0001:00002b84       __scrt_stub_for_initialize_mta 0000000140003b84 f   LIBCMT:utility_desktop.obj
 0001:00002b84       _matherr                   0000000140003b84 f   LIBCMT:matherr.obj
 0001:00002b84       __scrt_exe_initialize_mta  0000000140003b84 f   LIBCMT:utility_desktop.obj
 0001:00002b84       _get_startup_commit_mode   0000000140003b84 f   LIBCMT:commit_mode.obj
 0001:00002b84       _get_startup_thread_locale_mode 0000000140003b84 f   LIBCMT:thread_locale.obj
 0001:00002b84       _get_startup_new_mode      0000000140003b84 f   LIBCMT:new_mode.obj
 0001:00002b88       _get_startup_argv_mode     0000000140003b88 f   LIBCMT:argv_mode.obj
 0001:00002b90       _get_startup_file_mode     0000000140003b90 f   LIBCMT:file_mode.obj
 0001:00002b98       ?__scrt_initialize_type_info@@YAXXZ 0000000140003b98 f   LIBCMT:tncleanup.obj
 0001:00002ba8       _should_initialize_environment 0000000140003ba8 f   LIBCMT:env_mode.obj
 0001:00002ba8       __acrt_uninitialize_command_line 0000000140003ba8 f   libucrt:argv_data.obj
 0001:00002bac       _initialize_denormal_control 0000000140003bac f   LIBCMT:denormal_control.obj
 0001:00002bac       _initialize_invalid_parameter_handler 0000000140003bac f   LIBCMT:invalid_parameter_handler.obj
 0001:00002bac       _guard_check_icall_nop     0000000140003bac f   LIBCMT:guard_support.obj
 0001:00002bb0       __local_stdio_printf_options 0000000140003bb0 f i LIBCMT:default_local_stdio_options.obj
 0001:00002bb8       __local_stdio_scanf_options 0000000140003bb8 f i LIBCMT:default_local_stdio_options.obj
 0001:00002bc0       __scrt_initialize_default_local_stdio_options 0000000140003bc0 f   LIBCMT:default_local_stdio_options.obj
 0001:00002bdc       __scrt_is_user_matherr_present 0000000140003bdc f   LIBCMT:matherr_detection.obj
 0001:00002be8       __scrt_get_dyn_tls_init_callback 0000000140003be8 f   LIBCMT:dyn_tls_init.obj
 0001:00002bf0       __scrt_get_dyn_tls_dtor_callback 0000000140003bf0 f   LIBCMT:dyn_tls_dtor.obj
 0001:00002bf8       __crt_debugger_hook        0000000140003bf8 f   LIBCMT:utility_desktop.obj
 0001:00002c00       __scrt_fastfail            0000000140003c00 f   LIBCMT:utility_desktop.obj
 0001:00002d4c       __scrt_get_show_window_mode 0000000140003d4c f   LIBCMT:utility_desktop.obj
 0001:00002d88       __scrt_initialize_mta      0000000140003d88 f   LIBCMT:utility_desktop.obj
 0001:00002d90       __scrt_is_managed_app      0000000140003d90 f   LIBCMT:utility_desktop.obj
 0001:00002de4       __scrt_set_unhandled_exception_filter 0000000140003de4 f   LIBCMT:utility_desktop.obj
 0001:00002df4       __scrt_unhandled_exception_filter 0000000140003df4 f   LIBCMT:utility_desktop.obj
 0001:00002e50       _RTC_Initialize            0000000140003e50 f   LIBCMT:initsect.obj
 0001:00002e8c       _RTC_Terminate             0000000140003e8c f   LIBCMT:initsect.obj
 0001:00002ec8       __isa_available_init       0000000140003ec8 f   LIBCMT:cpu_disp.obj
 0001:0000306c       __scrt_is_ucrt_dll_in_use  000000014000406c f   LIBCMT:ucrt_detection.obj
 0001:00003080       __C_specific_handler       0000000140004080 f   libvcruntime:riscchandler.obj
 0001:0000328c       __vcrt_initialize          000000014000428c f   libvcruntime:initialization.obj
 0001:000032b4       __vcrt_uninitialize        00000001400042b4 f   libvcruntime:initialization.obj
 0001:000032d0       __DestructExceptionObject  00000001400042d0 f   libvcruntime:ehhelpers.obj
 0001:00003340       ?_CallMemberFunction0@@YAXQEAX0@Z 0000000140004340 f i libvcruntime:ehhelpers.obj
 0001:00003344       __current_exception        0000000140004344 f   libvcruntime:ehhelpers.obj
 0001:00003358       __current_exception_context 0000000140004358 f   libvcruntime:ehhelpers.obj
 0001:00003380       memset_repmovs             0000000140004380 f   libvcruntime:memset.obj
 0001:000033a0       memset                     00000001400043a0 f   libvcruntime:memset.obj
 0001:00003540       _NLG_Notify                0000000140004540 f   libvcruntime:notify.obj
 0001:00003560       __NLG_Dispatch2            0000000140004560 f   libvcruntime:notify.obj
 0001:00003570       __NLG_Return2              0000000140004570 f   libvcruntime:notify.obj
 0001:00003574       __except_validate_context_record 0000000140004574 f   libvcruntime:jbcxrval.obj
 0001:000035ac       __vcrt_freefls             00000001400045ac f   libvcruntime:per_thread_data.obj
 0001:000035cc       __vcrt_getptd              00000001400045cc f   libvcruntime:per_thread_data.obj
 0001:000035e8       __vcrt_getptd_noexit       00000001400045e8 f   libvcruntime:per_thread_data.obj
 0001:000036a8       __vcrt_initialize_ptd      00000001400046a8 f   libvcruntime:per_thread_data.obj
 0001:000036f0       __vcrt_uninitialize_ptd    00000001400046f0 f   libvcruntime:per_thread_data.obj
 0001:00003714       __vcrt_initialize_locks    0000000140004714 f   libvcruntime:locks.obj
 0001:00003748       __vcrt_uninitialize_locks  0000000140004748 f   libvcruntime:locks.obj
 0001:000038d0       __vcrt_FlsAlloc            00000001400048d0 f   libvcruntime:winapi_downlevel.obj
 0001:00003918       __vcrt_FlsFree             0000000140004918 f   libvcruntime:winapi_downlevel.obj
 0001:00003960       __vcrt_FlsGetValue         0000000140004960 f   libvcruntime:winapi_downlevel.obj
 0001:000039a8       __vcrt_FlsSetValue         00000001400049a8 f   libvcruntime:winapi_downlevel.obj
 0001:000039fc       __vcrt_InitializeCriticalSectionEx 00000001400049fc f   libvcruntime:winapi_downlevel.obj
 0001:00003a70       memcpy_repmovs             0000000140004a70 f   libvcruntime:memcpy.obj
 0001:00003a90       memcpy                     0000000140004a90 f   libvcruntime:memcpy.obj
 0001:00003a90       memmove                    0000000140004a90 f   libvcruntime:memcpy.obj
 0001:00004120       _CallSettingFrame          0000000140005120 f   libvcruntime:handlers.obj
 0001:00004170       _CallSettingFrame_LookupContinuationIndex 0000000140005170 f   libvcruntime:handlers.obj
 0001:000041a0       _CallSettingFrame_NotifyContinuationAddr 00000001400051a0 f   libvcruntime:handlers.obj
 0001:000041d0       _CallSettingFrameEncoded   00000001400051d0 f   libvcruntime:handlers.obj
 0001:00004220       sinf                       0000000140005220 f   libucrt:sinf.obj
 0001:00004918       _seh_filter_exe            0000000140005918 f   libucrt:exception_filter.obj
 0001:00004a9c       _query_app_type            0000000140005a9c f   libucrt:report_runtime_error.obj
 0001:00004aa4       _set_app_type              0000000140005aa4 f   libucrt:report_runtime_error.obj
 0001:00004aac       __acrt_has_user_matherr    0000000140005aac f   libucrt:matherr.obj
 0001:00004acc       __acrt_initialize_user_matherr 0000000140005acc f   libucrt:matherr.obj
 0001:00004ad4       __acrt_invoke_user_matherr 0000000140005ad4 f   libucrt:matherr.obj
 0001:00004b04       __setusermatherr           0000000140005b04 f   libucrt:matherr.obj
 0001:00004cec       __acrt_allocate_buffer_for_argv 0000000140005cec f   libucrt:argv_parsing.obj
 0001:00004d4c       _configure_narrow_argv     0000000140005d4c f   libucrt:argv_parsing.obj
 0001:000050c4       __dcrt_uninitialize_environments_nolock 00000001400060c4 f   libucrt:environment_initialization.obj
 0001:000050fc       _initialize_narrow_environment 00000001400060fc f   libucrt:environment_initialization.obj
 0001:00005104       _get_narrow_winmain_command_line 0000000140006104 f   libucrt:argv_winmain.obj
 0001:00005174       _initterm                  0000000140006174 f   libucrt:initterm.obj
 0001:000051d8       _initterm_e                00000001400061d8 f   libucrt:initterm.obj
 0001:00005484       __acrt_initialize_thread_local_exit_callback 0000000140006484 f   libucrt:exit.obj
 0001:0000548c       _c_exit                    000000014000648c f   libucrt:exit.obj
 0001:0000549c       _cexit                     000000014000649c f   libucrt:exit.obj
 0001:000054ac       _exit                      00000001400064ac f   libucrt:exit.obj
 0001:000054b8       _register_thread_local_exe_atexit_callback 00000001400064b8 f   libucrt:exit.obj
 0001:000054f4       exit                       00000001400064f4 f   libucrt:exit.obj
 0001:00005500       _set_fmode                 0000000140006500 f   libucrt:setmode.obj
 0001:000055b0       __acrt_set_locale_changed  00000001400065b0 f   libucrt:wsetlocale.obj
 0001:000055bc       __acrt_uninitialize_locale 00000001400065bc f   libucrt:wsetlocale.obj
 0001:000055ec       _configthreadlocale        00000001400065ec f   libucrt:wsetlocale.obj
 0001:00005658       _query_new_mode            0000000140006658 f   libucrt:new_mode.obj
 0001:00005660       _set_new_mode              0000000140006660 f   libucrt:new_mode.obj
 0001:0000568c       __p__commode               000000014000668c f   libucrt:ncommode.obj
 0001:000059d4       _crt_atexit                00000001400069d4 f   libucrt:onexit.obj
 0001:000059e4       _execute_onexit_table      00000001400069e4 f   libucrt:onexit.obj
 0001:00005a20       _initialize_onexit_table   0000000140006a20 f   libucrt:onexit.obj
 0001:00005a48       _register_onexit_function  0000000140006a48 f   libucrt:onexit.obj
 0001:00005bbc       __acrt_initialize          0000000140006bbc f   libucrt:initialization.obj
 0001:00005bd0       __acrt_uninitialize        0000000140006bd0 f   libucrt:initialization.obj
 0001:00005c08       terminate                  0000000140006c08 f   libucrt:terminate.obj
 0001:00005c28       free                       0000000140006c28 f   libucrt:free.obj
 0001:00005c3c       strcpy_s                   0000000140006c3c f   libucrt:strcpy_s.obj
 0001:00005c9c       abort                      0000000140006c9c f   libucrt:abort.obj
 0001:00005cf4       calloc                     0000000140006cf4 f   libucrt:calloc.obj
 0001:00005cfc       ??0_LocaleUpdate@@QEAA@QEAU__crt_locale_pointers@@@Z 0000000140006cfc f i libucrt:output.obj
 0001:00005db0       strncmp                    0000000140006db0 f   libucrt:strncmp.obj
 0001:00005e30       wcsncmp                    0000000140006e30 f   libucrt:wcsncmp.obj
 0001:00005e60       __acrt_initialize_fma3     0000000140006e60 f   libucrt:fma3_available.obj
 0001:00005ed0       __remainder_piby2d2f_forC  0000000140006ed0 f   libucrt:remainder_piby2f_forc.obj
 0001:000060e8       _sinf_special              00000001400070e8 f   libucrt:sincos_special.obj
 0001:00006474       __acrt_getptd              0000000140007474 f   libucrt:per_thread_data.obj
 0001:00006548       __acrt_getptd_head         0000000140007548 f   libucrt:per_thread_data.obj
 0001:000065f0       __acrt_getptd_noexit       00000001400075f0 f   libucrt:per_thread_data.obj
 0001:000066bc       __acrt_initialize_ptd      00000001400076bc f   libucrt:per_thread_data.obj
 0001:000066f8       __acrt_uninitialize_ptd    00000001400076f8 f   libucrt:per_thread_data.obj
 0001:0000671c       __acrt_call_reportfault    000000014000771c f   libucrt:invalid_parameter.obj
 0001:00006878       __acrt_initialize_invalid_parameter_handler 0000000140007878 f   libucrt:invalid_parameter.obj
 0001:00006880       _invalid_parameter         0000000140007880 f   libucrt:invalid_parameter.obj
 0001:00006930       _invalid_parameter_noinfo  0000000140007930 f   libucrt:invalid_parameter.obj
 0001:00006950       _invoke_watson             0000000140007950 f   libucrt:invalid_parameter.obj
 0001:00006998       __acrt_errno_from_os_error 0000000140007998 f   libucrt:errno.obj
 0001:000069e0       __acrt_errno_map_os_error  00000001400079e0 f   libucrt:errno.obj
 0001:00006a30       __doserrno                 0000000140007a30 f   libucrt:errno.obj
 0001:00006a50       _errno                     0000000140007a50 f   libucrt:errno.obj
 0001:00006a70       _calloc_base               0000000140007a70 f   libucrt:calloc_base.obj
 0001:00006ae8       _free_base                 0000000140007ae8 f   libucrt:free_base.obj
 0001:00006b3c       ??$__acrt_mbs_to_wcs_cp@U__crt_win32_buffer_internal_dynamic_resizing@@@@YAHQEBDAEAV?$__crt_win32_buffer@_WU__crt_win32_buffer_internal_dynamic_resizing@@@@I@Z 0000000140007b3c f i libucrt:argv_wildcards.obj
 0001:00006cb4       ??$__acrt_wcs_to_mbs_cp@U__crt_win32_buffer_internal_dynamic_resizing@@@@YAHQEB_WAEAV?$__crt_win32_buffer@DU__crt_win32_buffer_internal_dynamic_resizing@@@@I@Z 0000000140007cb4 f i libucrt:argv_wildcards.obj
 0001:000074e4       __acrt_expand_narrow_argv_wildcards 00000001400084e4 f   libucrt:argv_wildcards.obj
 0001:000074ec       ??$__acrt_wcs_to_mbs_cp@U__crt_win32_buffer_no_resizing@@@@YAHQEB_WAEAV?$__crt_win32_buffer@DU__crt_win32_buffer_no_resizing@@@@I@Z 00000001400084ec f i libucrt:getmodulefilenamea.obj
 0001:00007600       __acrt_GetModuleFileNameA  0000000140008600 f   libucrt:getmodulefilenamea.obj
 0001:00007e48       __acrt_initialize_multibyte 0000000140008e48 f   libucrt:mbctype.obj
 0001:00007ea8       __acrt_update_thread_multibyte_data 0000000140008ea8 f   libucrt:mbctype.obj
 0001:00007ec4       _setmbcp_nolock            0000000140008ec4 f   libucrt:mbctype.obj
 0001:000081f8       _ismbblead                 00000001400091f8 f   libucrt:ismbbyte.obj
 0001:0000820c       __acrt_initialize_command_line 000000014000920c f   libucrt:argv_data.obj
 0001:00008234       __acrt_MultiByteToWideChar 0000000140009234 f   libucrt:multibytetowidechar.obj
 0001:00008290       __acrt_WideCharToMultiByte 0000000140009290 f   libucrt:widechartomultibyte.obj
 0001:00008340       __dcrt_get_narrow_environment_from_os 0000000140009340 f   libucrt:get_environment_from_os.obj
 0001:00008444       __acrt_initialize_locks    0000000140009444 f   libucrt:locks.obj
 0001:0000848c       __acrt_lock                000000014000948c f   libucrt:locks.obj
 0001:000084a8       __acrt_uninitialize_locks  00000001400094a8 f   libucrt:locks.obj
 0001:000084e0       __acrt_unlock              00000001400094e0 f   libucrt:locks.obj
 0001:000084fc       __acrt_get_process_end_policy 00000001400094fc f   libucrt:win_policies.obj
 0001:00008538       __acrt_lowio_create_handle_array 0000000140009538 f   libucrt:osfinfo.obj
 0001:000085e0       __acrt_lowio_destroy_handle_array 00000001400095e0 f   libucrt:osfinfo.obj
 0001:00008630       __acrt_lowio_ensure_fh_exists 0000000140009630 f   libucrt:osfinfo.obj
 0001:000086d8       __acrt_lowio_lock_fh       00000001400096d8 f   libucrt:osfinfo.obj
 0001:00008700       __acrt_lowio_unlock_fh     0000000140009700 f   libucrt:osfinfo.obj
 0001:00008728       _free_osfhnd               0000000140009728 f   libucrt:osfinfo.obj
 0001:000087e4       _get_osfhandle             00000001400097e4 f   libucrt:osfinfo.obj
 0001:0000885c       __acrt_initialize_fmode    000000014000985c f   libucrt:txtmode.obj
 0001:00008a74       __acrt_initialize_lowio    0000000140009a74 f   libucrt:ioinit.obj
 0001:00008ab0       __acrt_uninitialize_lowio  0000000140009ab0 f   libucrt:ioinit.obj
 0001:00008af0       __acrt_locale_free_monetary 0000000140009af0 f   libucrt:initmon.obj
 0001:00008bfc       __acrt_locale_free_numeric 0000000140009bfc f   libucrt:initnum.obj
 0001:00008cc0       __acrt_locale_free_time    0000000140009cc0 f   libucrt:inittime.obj
 0001:00008dc8       __pctype_func              0000000140009dc8 f   libucrt:ctype.obj
 0001:00008df8       _malloc_base               0000000140009df8 f   libucrt:malloc_base.obj
 0001:00008e58       __acrt_GetStringTypeA      0000000140009e58 f   libucrt:getstringtypea.obj
 0001:00008fe8       __acrt_add_locale_ref      0000000140009fe8 f   libucrt:locale_refcounting.obj
 0001:00009074       __acrt_free_locale         000000014000a074 f   libucrt:locale_refcounting.obj
 0001:000091ec       __acrt_locale_add_lc_time_reference 000000014000a1ec f   libucrt:locale_refcounting.obj
 0001:00009214       __acrt_locale_free_lc_time_if_unreferenced 000000014000a214 f   libucrt:locale_refcounting.obj
 0001:0000924c       __acrt_locale_release_lc_time_reference 000000014000a24c f   libucrt:locale_refcounting.obj
 0001:00009274       __acrt_release_locale_ref  000000014000a274 f   libucrt:locale_refcounting.obj
 0001:0000931c       __acrt_update_thread_locale_data 000000014000a31c f   libucrt:locale_refcounting.obj
 0001:0000938c       _updatetlocinfoEx_nolock   000000014000a38c f   libucrt:locale_refcounting.obj
 0001:000095cc       __acrt_AppPolicyGetProcessTerminationMethodInternal 000000014000a5cc f   libucrt:winapi_thunks.obj
 0001:0000961c       __acrt_AreFileApisANSI     000000014000a61c f   libucrt:winapi_thunks.obj
 0001:00009658       __acrt_FlsAlloc            000000014000a658 f   libucrt:winapi_thunks.obj
 0001:000096a0       __acrt_FlsFree             000000014000a6a0 f   libucrt:winapi_thunks.obj
 0001:000096e8       __acrt_FlsGetValue         000000014000a6e8 f   libucrt:winapi_thunks.obj
 0001:00009730       __acrt_FlsSetValue         000000014000a730 f   libucrt:winapi_thunks.obj
 0001:00009784       __acrt_InitializeCriticalSectionEx 000000014000a784 f   libucrt:winapi_thunks.obj
 0001:000097e8       __acrt_LCMapStringEx       000000014000a7e8 f   libucrt:winapi_thunks.obj
 0001:000098c4       __acrt_LocaleNameToLCID    000000014000a8c4 f   libucrt:winapi_thunks.obj
 0001:00009914       __acrt_initialize_winapi_thunks 000000014000a914 f   libucrt:winapi_thunks.obj
 0001:00009948       __acrt_uninitialize_winapi_thunks 000000014000a948 f   libucrt:winapi_thunks.obj
 0001:0000998c       _recalloc_base             000000014000a98c f   libucrt:recalloc.obj
 0001:00009a24       __acrt_initialize_heap     000000014000aa24 f   libucrt:heap_handle.obj
 0001:00009a40       __acrt_uninitialize_heap   000000014000aa40 f   libucrt:heap_handle.obj
 0001:00009a4c       __acrt_execute_initializers 000000014000aa4c f   libucrt:shared_initialization.obj
 0001:00009acc       __acrt_execute_uninitializers 000000014000aacc f   libucrt:shared_initialization.obj
 0001:00009b08       __acrt_initialize_new_handler 000000014000ab08 f   libucrt:new_handler.obj
 0001:00009b10       _callnewh                  000000014000ab10 f   libucrt:new_handler.obj
 0001:00009b40       _query_new_handler         000000014000ab40 f   libucrt:new_handler.obj
 0001:00009bbc       __acrt_get_sigabrt_handler 000000014000abbc f   libucrt:signal.obj
 0001:00009bec       __acrt_initialize_signal_handlers 000000014000abec f   libucrt:signal.obj
 0001:00009c0c       raise                      000000014000ac0c f   libucrt:signal.obj
 0001:0000a054       __acrt_stdio_flush_nolock  000000014000b054 f   libucrt:fflush.obj
 0001:0000a0d0       _fflush_nolock             000000014000b0d0 f   libucrt:fflush.obj
 0001:0000a11c       _flushall                  000000014000b11c f   libucrt:fflush.obj
 0001:0000a124       __acrt_initialize_stdio    000000014000b124 f   libucrt:_file.obj
 0001:0000a244       __acrt_uninitialize_stdio  000000014000b244 f   libucrt:_file.obj
 0001:0000a2a0       _lock_file                 000000014000b2a0 f   libucrt:_file.obj
 0001:0000a2ac       _unlock_file               000000014000b2ac f   libucrt:_file.obj
 0001:0000a2b8       _mbtowc_l                  000000014000b2b8 f   libucrt:mbtowc.obj
 0001:0000a438       mbtowc                     000000014000b438 f   libucrt:mbtowc.obj
 0001:0000a440       __acrt_update_locale_info  000000014000b440 f   libucrt:locale_update.obj
 0001:0000a474       __acrt_update_multibyte_info 000000014000b474 f   libucrt:locale_update.obj
 0001:0000a4a8       _fileno                    000000014000b4a8 f   libucrt:fileno.obj
 0001:0000a5f4       _handle_error              000000014000b5f4 f   libucrt:libm_error.obj
 0001:0000a71c       _handle_errorf             000000014000b71c f   libucrt:libm_error.obj
 0001:0000a850       qsort                      000000014000b850 f   libucrt:qsort.obj
 0001:0000abf0       strncpy_s                  000000014000bbf0 f   libucrt:strncpy_s.obj
 0001:0000ad70       strpbrk                    000000014000bd70 f   libucrt:strpbrk.obj
 0001:0000b138       _mbsdec                    000000014000c138 f   libucrt:mbsdec.obj
 0001:0000b140       _mbsdec_l                  000000014000c140 f   libucrt:mbsdec.obj
 0001:0000b4ec       __acrt_LCMapStringA        000000014000c4ec f   libucrt:lcmapstringa.obj
 0001:0000b59c       __ascii_wcsnicmp           000000014000c59c f   libucrt:wcsnicmp.obj
 0001:0000b5e8       __acrt_DownlevelLocaleNameToLCID 000000014000c5e8 f   libucrt:lcidtoname_downlevel.obj
 0001:0000b698       _msize_base                000000014000c698 f   libucrt:msize.obj
 0001:0000b6d4       _realloc_base              000000014000c6d4 f   libucrt:realloc_base.obj
 0001:0000b7dc       _commit                    000000014000c7dc f   libucrt:commit.obj
 0001:0000c0ec       _write                     000000014000d0ec f   libucrt:write.obj
 0001:0000c1d8       _write_nolock              000000014000d1d8 f   libucrt:write.obj
 0001:0000c4bc       _fcloseall                 000000014000d4bc f   libucrt:closeall.obj
 0001:0000c570       __acrt_stdio_free_buffer_nolock 000000014000d570 f   libucrt:_freebuf.obj
 0001:0000c5b0       _isatty                    000000014000d5b0 f   libucrt:isatty.obj
 0001:0000c610       _isleadbyte_l              000000014000d610 f i libucrt:_wctype.obj
 0001:0000c65c       ?__mbrtowc_utf8@__crt_mbstring@@YA_KPEA_WPEBD_KPEAU_Mbstatet@@@Z 000000014000d65c f   libucrt:mbrtowc.obj
 0001:0000c698       ?__mbsrtowcs_utf8@__crt_mbstring@@YA_KPEA_WPEAPEBD_KPEAU_Mbstatet@@@Z 000000014000d698 f   libucrt:mbrtowc.obj
 0001:0000c810       _raise_exc                 000000014000d810 f   libucrt:fpexcept.obj
 0001:0000c838       _raise_exc_ex              000000014000d838 f   libucrt:fpexcept.obj
 0001:0000cb48       _raise_excf                000000014000db48 f   libucrt:fpexcept.obj
 0001:0000cb74       _set_errno_from_matherr    000000014000db74 f   libucrt:fpexcept.obj
 0001:0000cba4       _clrfp                     000000014000dba4 f   libucrt:fpctrl.obj
 0001:0000cbc4       _ctrlfp                    000000014000dbc4 f   libucrt:fpctrl.obj
 0001:0000cc40       _set_statfp                000000014000dc40 f   libucrt:fpctrl.obj
 0001:0000cc60       _statfp                    000000014000dc60 f   libucrt:fpctrl.obj
 0001:0000cc74       __strncnt                  000000014000dc74 f   libucrt:strncnt.obj
 0001:0000cd28       _lseeki64_nolock           000000014000dd28 f   libucrt:lseek.obj
 0001:0000cd30       _putwch_nolock             000000014000dd30 f   libucrt:putwch.obj
 0001:0000cd6c       _fclose_nolock             000000014000dd6c f   libucrt:fclose.obj
 0001:0000cdf0       fclose                     000000014000ddf0 f   libucrt:fclose.obj
 0001:0000ce54       ?__mbrtoc32_utf8@__crt_mbstring@@YA_KPEA_UPEBD_KPEAU_Mbstatet@@@Z 000000014000de54 f   libucrt:mbrtoc32.obj
 0001:0000d030       log10                      000000014000e030 f   libucrt:log10.obj
 0001:0000d5f0       _get_fpsr                  000000014000e5f0 f   libucrt:fpsr.obj
 0001:0000d600       _set_fpsr                  000000014000e600 f   libucrt:fpsr.obj
 0001:0000d60a       _fclrf                     000000014000e60a f   libucrt:fpsr.obj
 0001:0000d61e       _frnd                      000000014000e61e f   libucrt:fpsr.obj
 0001:0000d640       __dcrt_lowio_ensure_console_output_initialized 000000014000e640 f   libucrt:initcon.obj
 0001:0000d694       __dcrt_terminate_console_output 000000014000e694 f   libucrt:initcon.obj
 0001:0000d6b0       __dcrt_write_console       000000014000e6b0 f   libucrt:initcon.obj
 0001:0000d7e4       _close                     000000014000e7e4 f   libucrt:close.obj
 0001:0000d888       _close_nolock              000000014000e888 f   libucrt:close.obj
 0001:0000d948       ?__acrt_stdio_free_stream@@YAXV__crt_stdio_stream@@@Z 000000014000e948 f   libucrt:stream.obj
 0001:0000d970       _log10_special             000000014000e970 f   libucrt:log_special.obj
 0001:0000da30       _FindPESection             000000014000ea30 f   LIBCMT:pesect.obj
 0001:0000da80       _IsNonwritableInCurrentImage 000000014000ea80 f   LIBCMT:pesect.obj
 0001:0000dad0       _ValidateImageBase         000000014000ead0 f   LIBCMT:pesect.obj
 0001:0000db10       __chkstk                   000000014000eb10 f   LIBCMT:chkstk.obj
 0001:0000db10       _alloca_probe              000000014000eb10 f   LIBCMT:chkstk.obj
 0001:0000db70       memcmp                     000000014000eb70 f   libvcruntime:memcmp.obj
 0001:0000dc50       _guard_dispatch_icall_nop  000000014000ec50 f   LIBCMT:guard_dispatch.obj
 0001:0000dc70       _guard_xfg_dispatch_icall_nop 000000014000ec70 f   LIBCMT:guard_xfg_dispatch.obj
 0002:00000000       __imp_StretchDIBits        000000014000f000     gdi32:GDI32.dll
 0002:00000008       \177GDI32_NULL_THUNK_DATA  000000014000f008     gdi32:GDI32.dll
 0002:00000010       __imp_CreateFileW          000000014000f010     kernel32:KERNEL32.dll
 0002:00000018       __imp_SetFilePointerEx     000000014000f018     kernel32:KERNEL32.dll
 0002:00000020       __imp_GetConsoleMode       000000014000f020     kernel32:KERNEL32.dll
 0002:00000028       __imp_WriteConsoleW        000000014000f028     kernel32:KERNEL32.dll
 0002:00000030       __imp_FlushFileBuffers     000000014000f030     kernel32:KERNEL32.dll
 0002:00000038       __imp_HeapReAlloc          000000014000f038     kernel32:KERNEL32.dll
 0002:00000040       __imp_HeapSize             000000014000f040     kernel32:KERNEL32.dll
 0002:00000048       __imp_GetConsoleOutputCP   000000014000f048     kernel32:KERNEL32.dll
 0002:00000050       __imp_TlsSetValue          000000014000f050     kernel32:KERNEL32.dll
 0002:00000058       __imp_CreateFileA          000000014000f058     kernel32:KERNEL32.dll
 0002:00000060       __imp_GetFileSizeEx        000000014000f060     kernel32:KERNEL32.dll
 0002:00000068       __imp_ReadFile             000000014000f068     kernel32:KERNEL32.dll
 0002:00000070       __imp_WriteFile            000000014000f070     kernel32:KERNEL32.dll
 0002:00000078       __imp_OutputDebugStringA   000000014000f078     kernel32:KERNEL32.dll
 0002:00000080       __imp_CloseHandle          000000014000f080     kernel32:KERNEL32.dll
 0002:00000088       __imp_QueryPerformanceCounter 000000014000f088     kernel32:KERNEL32.dll
 0002:00000090       __imp_VirtualAlloc         000000014000f090     kernel32:KERNEL32.dll
 0002:00000098       __imp_VirtualFree          000000014000f098     kernel32:KERNEL32.dll
 0002:000000a0       __imp_GetProcAddress       000000014000f0a0     kernel32:KERNEL32.dll
 0002:000000a8       __imp_LoadLibraryA         000000014000f0a8     kernel32:KERNEL32.dll
 0002:000000b0       __imp_RtlCaptureContext    000000014000f0b0     kernel32:KERNEL32.dll
 0002:000000b8       __imp_RtlLookupFunctionEntry 000000014000f0b8     kernel32:KERNEL32.dll
 0002:000000c0       __imp_RtlVirtualUnwind     000000014000f0c0     kernel32:KERNEL32.dll
 0002:000000c8       __imp_UnhandledExceptionFilter 000000014000f0c8     kernel32:KERNEL32.dll
 0002:000000d0       __imp_SetUnhandledExceptionFilter 000000014000f0d0     kernel32:KERNEL32.dll
 0002:000000d8       __imp_GetCurrentProcess    000000014000f0d8     kernel32:KERNEL32.dll
 0002:000000e0       __imp_TerminateProcess     000000014000f0e0     kernel32:KERNEL32.dll
 0002:000000e8       __imp_IsProcessorFeaturePresent 000000014000f0e8     kernel32:KERNEL32.dll
 0002:000000f0       __imp_GetCurrentProcessId  000000014000f0f0     kernel32:KERNEL32.dll
 0002:000000f8       __imp_GetCurrentThreadId   000000014000f0f8     kernel32:KERNEL32.dll
 0002:00000100       __imp_GetSystemTimeAsFileTime 000000014000f100     kernel32:KERNEL32.dll
 0002:00000108       __imp_InitializeSListHead  000000014000f108     kernel32:KERNEL32.dll
 0002:00000110       __imp_IsDebuggerPresent    000000014000f110     kernel32:KERNEL32.dll
 0002:00000118       __imp_GetStartupInfoW      000000014000f118     kernel32:KERNEL32.dll
 0002:00000120       __imp_GetModuleHandleW     000000014000f120     kernel32:KERNEL32.dll
 0002:00000128       __imp_GetProcessHeap       000000014000f128     kernel32:KERNEL32.dll
 0002:00000130       __imp_RtlUnwindEx          000000014000f130     kernel32:KERNEL32.dll
 0002:00000138       __imp_GetLastError         000000014000f138     kernel32:KERNEL32.dll
 0002:00000140       __imp_SetLastError         000000014000f140     kernel32:KERNEL32.dll
 0002:00000148       __imp_EnterCriticalSection 000000014000f148     kernel32:KERNEL32.dll
 0002:00000150       __imp_LeaveCriticalSection 000000014000f150     kernel32:KERNEL32.dll
 0002:00000158       __imp_DeleteCriticalSection 000000014000f158     kernel32:KERNEL32.dll
 0002:00000160       __imp_InitializeCriticalSectionAndSpinCount 000000014000f160     kernel32:KERNEL32.dll
 0002:00000168       __imp_TlsAlloc             000000014000f168     kernel32:KERNEL32.dll
 0002:00000170       __imp_TlsGetValue          000000014000f170     kernel32:KERNEL32.dll
 0002:00000178       __imp_TlsFree              000000014000f178     kernel32:KERNEL32.dll
 0002:00000180       __imp_FreeLibrary          000000014000f180     kernel32:KERNEL32.dll
 0002:00000188       __imp_LoadLibraryExW       000000014000f188     kernel32:KERNEL32.dll
 0002:00000190       __imp_RaiseException       000000014000f190     kernel32:KERNEL32.dll
 0002:00000198       __imp_GetStdHandle         000000014000f198     kernel32:KERNEL32.dll
 0002:000001a0       __imp_GetModuleFileNameW   000000014000f1a0     kernel32:KERNEL32.dll
 0002:000001a8       __imp_ExitProcess          000000014000f1a8     kernel32:KERNEL32.dll
 0002:000001b0       __imp_GetModuleHandleExW   000000014000f1b0     kernel32:KERNEL32.dll
 0002:000001b8       __imp_HeapAlloc            000000014000f1b8     kernel32:KERNEL32.dll
 0002:000001c0       __imp_HeapFree             000000014000f1c0     kernel32:KERNEL32.dll
 0002:000001c8       __imp_FindClose            000000014000f1c8     kernel32:KERNEL32.dll
 0002:000001d0       __imp_FindFirstFileExW     000000014000f1d0     kernel32:KERNEL32.dll
 0002:000001d8       __imp_FindNextFileW        000000014000f1d8     kernel32:KERNEL32.dll
 0002:000001e0       __imp_IsValidCodePage      000000014000f1e0     kernel32:KERNEL32.dll
 0002:000001e8       __imp_GetACP               000000014000f1e8     kernel32:KERNEL32.dll
 0002:000001f0       __imp_GetOEMCP             000000014000f1f0     kernel32:KERNEL32.dll
 0002:000001f8       __imp_GetCPInfo            000000014000f1f8     kernel32:KERNEL32.dll
 0002:00000200       __imp_GetCommandLineA      000000014000f200     kernel32:KERNEL32.dll
 0002:00000208       __imp_GetCommandLineW      000000014000f208     kernel32:KERNEL32.dll
 0002:00000210       __imp_MultiByteToWideChar  000000014000f210     kernel32:KERNEL32.dll
 0002:00000218       __imp_WideCharToMultiByte  000000014000f218     kernel32:KERNEL32.dll
 0002:00000220       __imp_GetEnvironmentStringsW 000000014000f220     kernel32:KERNEL32.dll
 0002:00000228       __imp_FreeEnvironmentStringsW 000000014000f228     kernel32:KERNEL32.dll
 0002:00000230       __imp_SetStdHandle         000000014000f230     kernel32:KERNEL32.dll
 0002:00000238       __imp_GetFileType          000000014000f238     kernel32:KERNEL32.dll
 0002:00000240       __imp_GetStringTypeW       000000014000f240     kernel32:KERNEL32.dll
 0002:00000248       __imp_LCMapStringW         000000014000f248     kernel32:KERNEL32.dll
 0002:00000250       \177KERNEL32_NULL_THUNK_DATA 000000014000f250     kernel32:KERNEL32.dll
 0002:00000258       __imp_DispatchMessageA     000000014000f258     user32:USER32.dll
 0002:00000260       __imp_GetClientRect        000000014000f260     user32:USER32.dll
 0002:00000268       __imp_EndPaint             000000014000f268     user32:USER32.dll
 0002:00000270       __imp_BeginPaint           000000014000f270     user32:USER32.dll
 0002:00000278       __imp_GetDC                000000014000f278     user32:USER32.dll
 0002:00000280       __imp_CreateWindowExA      000000014000f280     user32:USER32.dll
 0002:00000288       __imp_RegisterClassA       000000014000f288     user32:USER32.dll
 0002:00000290       __imp_DefWindowProcA       000000014000f290     user32:USER32.dll
 0002:00000298       __imp_PeekMessageA         000000014000f298     user32:USER32.dll
 0002:000002a0       __imp_TranslateMessage     000000014000f2a0     user32:USER32.dll
 0002:000002a8       \177USER32_NULL_THUNK_DATA 000000014000f2a8     user32:USER32.dll
 0002:000002b0       __guard_check_icall_fptr   000000014000f2b0     LIBCMT:guard_support.obj
 0002:000002b8       __guard_xfg_check_icall_fptr 000000014000f2b8     LIBCMT:guard_support.obj
 0002:000002c0       __guard_dispatch_icall_fptr 000000014000f2c0     LIBCMT:guard_support.obj
 0002:000002c8       __guard_xfg_dispatch_icall_fptr 000000014000f2c8     LIBCMT:guard_support.obj
 0002:000002d0       __guard_xfg_table_dispatch_icall_fptr 000000014000f2d0     LIBCMT:guard_support.obj
 0002:000002d8       __xc_a                     000000014000f2d8     LIBCMT:initializers.obj
 0002:000002e8       __xc_z                     000000014000f2e8     LIBCMT:initializers.obj
 0002:000002f0       __xi_a                     000000014000f2f0     LIBCMT:initializers.obj
 0002:00000308       __acrt_tran_fma3_initializer 000000014000f308     libucrt:fma3_initializer.obj
 0002:00000310       __acrt_multibyte_initializer 000000014000f310     libucrt:multibyte_initializer.obj
 0002:00000318       __acrt_fmode_initializer   000000014000f318     libucrt:fmode_initializer.obj
 0002:00000320       __acrt_stdio_initializer   000000014000f320     libucrt:stdio_initializer.obj
 0002:00000328       __xi_z                     000000014000f328     LIBCMT:initializers.obj
 0002:00000330       __xp_a                     000000014000f330     LIBCMT:initializers.obj
 0002:00000338       __acrt_locale_terminator   000000014000f338     libucrt:locale_initializer.obj
 0002:00000340       __dcrt_console_output_terminator 000000014000f340     libucrt:console_output_initializer.obj
 0002:00000348       __acrt_stdio_terminator    000000014000f348     libucrt:stdio_initializer.obj
 0002:00000350       __xp_z                     000000014000f350     LIBCMT:initializers.obj
 0002:00000358       __xt_a                     000000014000f358     LIBCMT:initializers.obj
 0002:00000360       __xt_z                     000000014000f360     LIBCMT:initializers.obj
 0002:000004bc       __real@00000000            000000014000f4bc     win32_made.obj
 0002:000004c0       __real@3f000000            000000014000f4c0     win32_made.obj
 0002:000004c4       __real@3f800000            000000014000f4c4     win32_made.obj
 0002:000004c8       __real@40800000            000000014000f4c8     win32_made.obj
 0002:000004d0       __real@408f400000000000    000000014000f4d0     win32_made.obj
 0002:000004d8       __real@40c90fdb            000000014000f4d8     win32_made.obj
 0002:000004e0       __real@412e848000000000    000000014000f4e0     win32_made.obj
 0002:000004e8       __real@43000000            000000014000f4e8     win32_made.obj
 0002:000004ec       __real@47000000            000000014000f4ec     win32_made.obj
 0002:000004f0       __real@bf800000            000000014000f4f0     win32_made.obj
 0002:00000500       __xmm@80000000800000008000000080000000 000000014000f500     win32_made.obj
 0002:00000520       __xmm@ffffffffffffffffffffffffffffffff 000000014000f520     LIBCMT:utility.obj
 0002:00000530       _pDestructExceptionObject  000000014000f530     libvcruntime:ehhelpers.obj
 0002:00000c40       ??_C@_08EHJDFFNH@__based?$CI@ 000000014000fc40     libvcruntime:undname.obj
 0002:00000c50       ??_C@_07KOLFKCDI@__cdecl@  000000014000fc50     libvcruntime:undname.obj
 0002:00000c58       ??_C@_08GHMPAG@__pascal@   000000014000fc58     libvcruntime:undname.obj
 0002:00000c68       ??_C@_09IFJBGAPI@__stdcall@ 000000014000fc68     libvcruntime:undname.obj
 0002:00000c78       ??_C@_0L@NPHFGOKO@__thiscall@ 000000014000fc78     libvcruntime:undname.obj
 0002:00000c88       ??_C@_0L@JMKHOMEK@__fastcall@ 000000014000fc88     libvcruntime:undname.obj
 0002:00000c98       ??_C@_0N@BCKKPABJ@__vectorcall@ 000000014000fc98     libvcruntime:undname.obj
 0002:00000ca8       ??_C@_09HIJEGCPM@__clrcall@ 000000014000fca8     libvcruntime:undname.obj
 0002:00000cb4       ??_C@_06GHPCKEAG@__eabi@   000000014000fcb4     libvcruntime:undname.obj
 0002:00000cc0       ??_C@_09IOPIDJLG@__swift_1@ 000000014000fcc0     libvcruntime:undname.obj
 0002:00000cd0       ??_C@_09KFNFGKHF@__swift_2@ 000000014000fcd0     libvcruntime:undname.obj
 0002:00000ce0       ??_C@_07JOMMBBKO@__ptr64@  000000014000fce0     libvcruntime:undname.obj
 0002:00000ce8       ??_C@_0L@PILCLIHE@__restrict@ 000000014000fce8     libvcruntime:undname.obj
 0002:00000cf8       ??_C@_0M@GFIIJFMG@__unaligned@ 000000014000fcf8     libvcruntime:undname.obj
 0002:00000d08       ??_C@_09DHDLOLLB@restrict?$CI@ 000000014000fd08     libvcruntime:undname.obj
 0002:00000d12       ??_C@_00CNPNBAHC@@         000000014000fd12     libvcruntime:undname.obj
 0002:00000d14       ??_C@_04NIHEBCM@?5new@     000000014000fd14     libvcruntime:undname.obj
 0002:00000d20       ??_C@_07FPCDHGMM@?5delete@ 000000014000fd20     libvcruntime:undname.obj
 0002:00000d28       ??_C@_01NEMOKFLO@?$DN@     000000014000fd28     libvcruntime:undname.obj
 0002:00000d2c       ??_C@_02GPIOPFAK@?$DO?$DO@ 000000014000fd2c     libvcruntime:undname.obj
 0002:00000d30       ??_C@_02FODMEDOG@?$DM?$DM@ 000000014000fd30     libvcruntime:undname.obj
 0002:00000d34       ??_C@_01DCLJPIOD@?$CB@     000000014000fd34     libvcruntime:undname.obj
 0002:00000d38       ??_C@_02EGOFBIJA@?$DN?$DN@ 000000014000fd38     libvcruntime:undname.obj
 0002:00000d3c       ??_C@_02FDNJECIE@?$CB?$DN@ 000000014000fd3c     libvcruntime:undname.obj
 0002:00000d40       ??_C@_02GPECMEKF@?$FL?$FN@ 000000014000fd40     libvcruntime:undname.obj
 0002:00000d48       ??_C@_08LHJFAFGD@operator@ 000000014000fd48     libvcruntime:undname.obj
 0002:00000d54       ??_C@_02HBOOOICD@?9?$DO@   000000014000fd54     libvcruntime:undname.obj
 0002:00000d58       ??_C@_01NBENCBCI@?$CK@     000000014000fd58     libvcruntime:undname.obj
 0002:00000d5c       ??_C@_02ECNGHCIF@?$CL?$CL@ 000000014000fd5c     libvcruntime:undname.obj
 0002:00000d60       ??_C@_02BAABKJLB@?9?9@     000000014000fd60     libvcruntime:undname.obj
 0002:00000d64       ??_C@_01JOAMLHOP@?9@       000000014000fd64     libvcruntime:undname.obj
 0002:00000d68       ??_C@_01MIFGBAGJ@?$CL@     000000014000fd68     libvcruntime:undname.obj
 0002:00000d6c       ??_C@_01HNPIGOCE@?$CG@     000000014000fd6c     libvcruntime:undname.obj
 0002:00000d70       ??_C@_03MNHNFDLC@?9?$DO?$CK@ 000000014000fd70     libvcruntime:undname.obj
 0002:00000d74       ??_C@_01KMDKNFGN@?1@       000000014000fd74     libvcruntime:undname.obj
 0002:00000d78       ??_C@_01FGNFDNOH@?$CF@     000000014000fd78     libvcruntime:undname.obj
 0002:00000d7c       ??_C@_01MNNFJEPP@?$DM@     000000014000fd7c     libvcruntime:undname.obj
 0002:00000d80       ??_C@_02EHCHHCKH@?$DM?$DN@ 000000014000fd80     libvcruntime:undname.obj
 0002:00000d84       ??_C@_01PPODPGHN@?$DO@     000000014000fd84     libvcruntime:undname.obj
 0002:00000d88       ??_C@_02EEKDKGMJ@?$DO?$DN@ 000000014000fd88     libvcruntime:undname.obj
 0002:00000d8c       ??_C@_01IHBHIGKO@?0@       000000014000fd8c     libvcruntime:undname.obj
 0002:00000d90       ??_C@_02HCKGKOFO@?$CI?$CJ@ 000000014000fd90     libvcruntime:undname.obj
 0002:00000d94       ??_C@_01PJKLJHI@?$HO@      000000014000fd94     libvcruntime:undname.obj
 0002:00000d98       ??_C@_01JKBOJNNK@?$FO@     000000014000fd98     libvcruntime:undname.obj
 0002:00000d9c       ??_C@_01DNKMNLPK@?$HM@     000000014000fd9c     libvcruntime:undname.obj
 0002:00000da0       ??_C@_02PPKAJPJL@?$CG?$CG@ 000000014000fda0     libvcruntime:undname.obj
 0002:00000da4       ??_C@_02NONPIBCD@?$HM?$HM@ 000000014000fda4     libvcruntime:undname.obj
 0002:00000da8       ??_C@_02FPIMKNGF@?$CK?$DN@ 000000014000fda8     libvcruntime:undname.obj
 0002:00000dac       ??_C@_02FOEOMHFC@?$CL?$DN@ 000000014000fdac     libvcruntime:undname.obj
 0002:00000db0       ??_C@_02FKMDLLOA@?9?$DN@   000000014000fdb0     libvcruntime:undname.obj
 0002:00000db4       ??_C@_02FJEHGPIO@?1?$DN@   000000014000fdb4     libvcruntime:undname.obj
 0002:00000db8       ??_C@_02FENAOKFI@?$CF?$DN@ 000000014000fdb8     libvcruntime:undname.obj
 0002:00000dbc       ??_C@_03IKFCCPFF@?$DO?$DO?$DN@ 000000014000fdbc     libvcruntime:undname.obj
 0002:00000dc0       ??_C@_03CDNPDDLA@?$DM?$DM?$DN@ 000000014000fdc0     libvcruntime:undname.obj
 0002:00000dc4       ??_C@_02FGJGFEAB@?$CG?$DN@ 000000014000fdc4     libvcruntime:undname.obj
 0002:00000dc8       ??_C@_02DHLNPPGH@?$HM?$DN@ 000000014000fdc8     libvcruntime:undname.obj
 0002:00000dcc       ??_C@_02MHEGNOJ@?$FO?$DN@  000000014000fdcc     libvcruntime:undname.obj
 0002:00000dd0       ??_C@_09IFPLHPGF@?$GAvftable?8@ 000000014000fdd0     libvcruntime:undname.obj
 0002:00000de0       ??_C@_09BLBHBJP@?$GAvbtable?8@ 000000014000fde0     libvcruntime:undname.obj
 0002:00000df0       ??_C@_07FEEIOKP@?$GAvcall?8@ 000000014000fdf0     libvcruntime:undname.obj
 0002:00000df8       ??_C@_08LLFFHHDJ@?$GAtypeof?8@ 000000014000fdf8     libvcruntime:undname.obj
 0002:00000e08       ??_C@_0BF@KDPPACIK@?$GAlocal?5static?5guard?8@ 000000014000fe08     libvcruntime:undname.obj
 0002:00000e20       ??_C@_08OBABFOLI@?$GAstring?8@ 000000014000fe20     libvcruntime:undname.obj
 0002:00000e30       ??_C@_0BD@JDLKDPAB@?$GAvbase?5destructor?8@ 000000014000fe30     libvcruntime:undname.obj
 0002:00000e48       ??_C@_0BN@DEGPLNFK@?$GAvector?5deleting?5destructor?8@ 000000014000fe48     libvcruntime:undname.obj
 0002:00000e68       ??_C@_0BO@OBMKPJIG@?$GAdefault?5constructor?5closure?8@ 000000014000fe68     libvcruntime:undname.obj
 0002:00000e88       ??_C@_0BN@IMDCHIKM@?$GAscalar?5deleting?5destructor?8@ 000000014000fe88     libvcruntime:undname.obj
 0002:00000ea8       ??_C@_0BO@PFGOCPJJ@?$GAvector?5constructor?5iterator?8@ 000000014000fea8     libvcruntime:undname.obj
 0002:00000ec8       ??_C@_0BN@LFPFMEDL@?$GAvector?5destructor?5iterator?8@ 000000014000fec8     libvcruntime:undname.obj
 0002:00000ee8       ??_C@_0CE@IKBNEHA@?$GAvector?5vbase?5constructor?5itera@ 000000014000fee8     libvcruntime:undname.obj
 0002:00000f10       ??_C@_0BL@NILFHHPC@?$GAvirtual?5displacement?5map?8@ 000000014000ff10     libvcruntime:undname.obj
 0002:00000f30       ??_C@_0CB@JONCMFFK@?$GAeh?5vector?5constructor?5iterator@ 000000014000ff30     libvcruntime:undname.obj
 0002:00000f58       ??_C@_0CA@GCEOPDGL@?$GAeh?5vector?5destructor?5iterator?8@ 000000014000ff58     libvcruntime:undname.obj
 0002:00000f78       ??_C@_0CH@OOJPLCPH@?$GAeh?5vector?5vbase?5constructor?5it@ 000000014000ff78     libvcruntime:undname.obj
 0002:00000fa0       ??_C@_0BL@LLKPOHJI@?$GAcopy?5constructor?5closure?8@ 000000014000ffa0     libvcruntime:undname.obj
 0002:00000fc0       ??_C@_0BA@KBCDOMBN@?$GAudt?5returning?8@ 000000014000ffc0     libvcruntime:undname.obj
 0002:00000fd0       ??_C@_03KLGMFNMG@?$GAEH@   000000014000ffd0     libvcruntime:undname.obj
 0002:00000fd4       ??_C@_05KHLCHHI@?$GARTTI@  000000014000ffd4     libvcruntime:undname.obj
 0002:00000fe0       ??_C@_0BA@KKLDJDLB@?$GAlocal?5vftable?8@ 000000014000ffe0     libvcruntime:undname.obj
 0002:00000ff0       ??_C@_0CE@IIHCMGGL@?$GAlocal?5vftable?5constructor?5clos@ 000000014000fff0     libvcruntime:undname.obj
 0002:00001014       ??_C@_06FHBGPFGH@?5new?$FL?$FN@ 0000000140010014     libvcruntime:undname.obj
 0002:00001020       ??_C@_09LBNFPBCA@?5delete?$FL?$FN@ 0000000140010020     libvcruntime:undname.obj
 0002:00001030       ??_C@_0P@HJKNJFNN@?$GAomni?5callsig?8@ 0000000140010030     libvcruntime:undname.obj
 0002:00001040       ??_C@_0BL@CNOONJFP@?$GAplacement?5delete?5closure?8@ 0000000140010040     libvcruntime:undname.obj
 0002:00001060       ??_C@_0BN@CKNJLHMB@?$GAplacement?5delete?$FL?$FN?5closure?8@ 0000000140010060     libvcruntime:undname.obj
 0002:00001080       ??_C@_0CG@CFDHKGGD@?$GAmanaged?5vector?5constructor?5ite@ 0000000140010080     libvcruntime:undname.obj
 0002:000010a8       ??_C@_0CF@IMGKMJNO@?$GAmanaged?5vector?5destructor?5iter@ 00000001400100a8     libvcruntime:undname.obj
 0002:000010d0       ??_C@_0CG@HLDDJMAG@?$GAeh?5vector?5copy?5constructor?5ite@ 00000001400100d0     libvcruntime:undname.obj
 0002:000010f8       ??_C@_0CM@FCBBDIGB@?$GAeh?5vector?5vbase?5copy?5construct@ 00000001400100f8     libvcruntime:undname.obj
 0002:00001128       ??_C@_0BL@CLIPGLGB@?$GAdynamic?5initializer?5for?5?8@ 0000000140010128     libvcruntime:undname.obj
 0002:00001148       ??_C@_0CB@PDBIFEP@?$GAdynamic?5atexit?5destructor?5for?5@ 0000000140010148     libvcruntime:undname.obj
 0002:00001170       ??_C@_0CD@CGAJBKEJ@?$GAvector?5copy?5constructor?5iterat@ 0000000140010170     libvcruntime:undname.obj
 0002:00001198       ??_C@_0CJ@GJELGAMM@?$GAvector?5vbase?5copy?5constructor?5@ 0000000140010198     libvcruntime:undname.obj
 0002:000011c8       ??_C@_0CL@FGIJHLCE@?$GAmanaged?5vector?5copy?5constructo@ 00000001400101c8     libvcruntime:undname.obj
 0002:000011f8       ??_C@_0BM@PMGGMLDN@?$GAlocal?5static?5thread?5guard?8@ 00000001400101f8     libvcruntime:undname.obj
 0002:00001218       ??_C@_0N@BDNMDMOL@operator?5?$CC?$CC?5@ 0000000140010218     libvcruntime:undname.obj
 0002:00001228       ??_C@_0BC@GGEBGALA@operator?5co_await@ 0000000140010228     libvcruntime:undname.obj
 0002:00001240       ??_C@_0M@GAAIMMOH@operator?$DM?$DN?$DO@ 0000000140010240     libvcruntime:undname.obj
 0002:00001250       ??_C@_0BC@DAFEJGAK@?5Type?5Descriptor?8@ 0000000140010250     libvcruntime:undname.obj
 0002:00001268       ??_C@_0BM@LDKODKLH@?5Base?5Class?5Descriptor?5at?5?$CI@ 0000000140010268     libvcruntime:undname.obj
 0002:00001288       ??_C@_0BD@LGICGFMM@?5Base?5Class?5Array?8@ 0000000140010288     libvcruntime:undname.obj
 0002:000012a0       ??_C@_0BN@MECKDCOJ@?5Class?5Hierarchy?5Descriptor?8@ 00000001400102a0     libvcruntime:undname.obj
 0002:000012c0       ??_C@_0BK@CFCOFLF@?5Complete?5Object?5Locator?8@ 00000001400102c0     libvcruntime:undname.obj
 0002:000012e0       ??_C@_0BG@JNJLAMPM@?$GAanonymous?5namespace?8@ 00000001400102e0     libvcruntime:undname.obj
 0002:00001310       ??_C@_1DM@KHCHBNEB@?$AAa?$AAp?$AAi?$AA?9?$AAm?$AAs?$AA?9?$AAw?$AAi?$AAn?$AA?9?$AAc?$AAo?$AAr?$AAe@ 0000000140010310     libvcruntime:winapi_downlevel.obj
 0002:00001350       ??_C@_1DK@LPPGFMPP@?$AAa?$AAp?$AAi?$AA?9?$AAm?$AAs?$AA?9?$AAw?$AAi?$AAn?$AA?9?$AAc?$AAo?$AAr?$AAe@ 0000000140010350     libvcruntime:winapi_downlevel.obj
 0002:00001390       ??_C@_1BC@GDMECMAK@?$AAk?$AAe?$AAr?$AAn?$AAe?$AAl?$AA3?$AA2@ 0000000140010390     libvcruntime:winapi_downlevel.obj
 0002:000013a8       ??_C@_1BA@PFFKHIOG@?$AAa?$AAp?$AAi?$AA?9?$AAm?$AAs?$AA?9@ 00000001400103a8     libvcruntime:winapi_downlevel.obj
 0002:000013c0       ??_C@_08KNHFBNJ@FlsAlloc@  00000001400103c0     libvcruntime:winapi_downlevel.obj
 0002:000013d8       ??_C@_07PEJMOBNF@FlsFree@  00000001400103d8     libvcruntime:winapi_downlevel.obj
 0002:000013e8       ??_C@_0M@GDNOONDI@FlsGetValue@ 00000001400103e8     libvcruntime:winapi_downlevel.obj
 0002:00001400       ??_C@_0M@JCPCPOEF@FlsSetValue@ 0000000140010400     libvcruntime:winapi_downlevel.obj
 0002:00001418       ??_C@_0BM@HCFOFFN@InitializeCriticalSectionEx@ 0000000140010418     libvcruntime:winapi_downlevel.obj
 0002:00001570       __acrt_exception_action_table 0000000140010570     libucrt:exception_filter.obj
 0002:00001630       __acrt_signal_action_table_count 0000000140010630     libucrt:exception_filter.obj
 0002:00001638       __acrt_signal_action_first_fpe_index 0000000140010638     libucrt:exception_filter.obj
 0002:00001640       __acrt_signal_action_fpe_count 0000000140010640     libucrt:exception_filter.obj
 0002:00001648       ??_C@_1BI@BGOHAHKC@?$AAm?$AAs?$AAc?$AAo?$AAr?$AAe?$AAe?$AA?4?$AAd?$AAl?$AAl@ 0000000140010648     libucrt:exit.obj
 0002:00001660       ??_C@_0P@MIGLKIOC@CorExitProcess@ 0000000140010660     libucrt:exit.obj
 0002:00001770       __Lcosfarray               0000000140010770     libucrt:lsincosf_array.obj
 0002:000017a0       __Lsinfarray               00000001400107a0     libucrt:lsincosf_array.obj
 0002:000017c0       __L_2_by_pi_bits           00000001400107c0     libucrt:l2_by_pi_bits.obj
 0002:00001910       ??_C@_04LAGPAAHP@sinf@     0000000140010910     libucrt:sincos_special.obj
 0002:00001aa8       ??_C@_1M@HPNHIDJI@?$AAj?$AAa?$AA?9?$AAJ?$AAP@ 0000000140010aa8     libucrt:mbctype.obj
 0002:00001ab8       ??_C@_1M@BIBDDEMK@?$AAz?$AAh?$AA?9?$AAC?$AAN@ 0000000140010ab8     libucrt:mbctype.obj
 0002:00001ac8       ??_C@_1M@JLOOOEGK@?$AAk?$AAo?$AA?9?$AAK?$AAR@ 0000000140010ac8     libucrt:mbctype.obj
 0002:00001ad8       ??_C@_1M@CLNBBOPM@?$AAz?$AAh?$AA?9?$AAT?$AAW@ 0000000140010ad8     libucrt:mbctype.obj
 0002:00001af0       __lc_time_c                0000000140010af0     libucrt:nlsdata.obj
 0002:00001db0       ??_C@_03KOEHGMDN@Sun@      0000000140010db0     libucrt:nlsdata.obj
 0002:00001db4       ??_C@_03PDAGKDH@Mon@       0000000140010db4     libucrt:nlsdata.obj
 0002:00001db8       ??_C@_03NAGEINEP@Tue@      0000000140010db8     libucrt:nlsdata.obj
 0002:00001dbc       ??_C@_03MHOMLAJA@Wed@      0000000140010dbc     libucrt:nlsdata.obj
 0002:00001dc0       ??_C@_03IOFIKPDN@Thu@      0000000140010dc0     libucrt:nlsdata.obj
 0002:00001dc4       ??_C@_03IDIOELNC@Fri@      0000000140010dc4     libucrt:nlsdata.obj
 0002:00001dc8       ??_C@_03FEFJNEK@Sat@       0000000140010dc8     libucrt:nlsdata.obj
 0002:00001dcc       ??_C@_06OOPIFAJ@Sunday@    0000000140010dcc     libucrt:nlsdata.obj
 0002:00001dd4       ??_C@_06JLEDEDGH@Monday@   0000000140010dd4     libucrt:nlsdata.obj
 0002:00001de0       ??_C@_07BAAGCFCM@Tuesday@  0000000140010de0     libucrt:nlsdata.obj
 0002:00001de8       ??_C@_09DLIGFAKA@Wednesday@ 0000000140010de8     libucrt:nlsdata.obj
 0002:00001df8       ??_C@_08HACCIKIA@Thursday@ 0000000140010df8     libucrt:nlsdata.obj
 0002:00001e04       ??_C@_06JECMNKMI@Friday@   0000000140010e04     libucrt:nlsdata.obj
 0002:00001e10       ??_C@_08INBOOONO@Saturday@ 0000000140010e10     libucrt:nlsdata.obj
 0002:00001e1c       ??_C@_03JIHJHPIE@Jan@      0000000140010e1c     libucrt:nlsdata.obj
 0002:00001e20       ??_C@_03HJBDCHOM@Feb@      0000000140010e20     libucrt:nlsdata.obj
 0002:00001e24       ??_C@_03ODNJBKGA@Mar@      0000000140010e24     libucrt:nlsdata.obj
 0002:00001e28       ??_C@_03LEOLGMJP@Apr@      0000000140010e28     libucrt:nlsdata.obj
 0002:00001e2c       ??_C@_03CNMDKL@May@        0000000140010e2c     libucrt:nlsdata.obj
 0002:00001e30       ??_C@_03IDFGHECI@Jun@      0000000140010e30     libucrt:nlsdata.obj
 0002:00001e34       ??_C@_03LBGABGKK@Jul@      0000000140010e34     libucrt:nlsdata.obj
 0002:00001e38       ??_C@_03IFJFEIGA@Aug@      0000000140010e38     libucrt:nlsdata.obj
 0002:00001e3c       ??_C@_03GGCAPAJC@Sep@      0000000140010e3c     libucrt:nlsdata.obj
 0002:00001e40       ??_C@_03BMAOKBAD@Oct@      0000000140010e40     libucrt:nlsdata.obj
 0002:00001e44       ??_C@_03JPJOFNIA@Nov@      0000000140010e44     libucrt:nlsdata.obj
 0002:00001e48       ??_C@_03MKABNOCG@Dec@      0000000140010e48     libucrt:nlsdata.obj
 0002:00001e50       ??_C@_07CGJPFGJA@January@  0000000140010e50     libucrt:nlsdata.obj
 0002:00001e58       ??_C@_08GNJGEPFN@February@ 0000000140010e58     libucrt:nlsdata.obj
 0002:00001e64       ??_C@_05HPCKOFNC@March@    0000000140010e64     libucrt:nlsdata.obj
 0002:00001e6c       ??_C@_05DMJDNLEJ@April@    0000000140010e6c     libucrt:nlsdata.obj
 0002:00001e74       ??_C@_04CNLMGBGM@June@     0000000140010e74     libucrt:nlsdata.obj
 0002:00001e7c       ??_C@_04MIEPOIFP@July@     0000000140010e7c     libucrt:nlsdata.obj
 0002:00001e84       ??_C@_06LBBHFDDG@August@   0000000140010e84     libucrt:nlsdata.obj
 0002:00001e90       ??_C@_09BHHEALKD@September@ 0000000140010e90     libucrt:nlsdata.obj
 0002:00001ea0       ??_C@_07JJNFCEND@October@  0000000140010ea0     libucrt:nlsdata.obj
 0002:00001ea8       ??_C@_08HCHEGEOA@November@ 0000000140010ea8     libucrt:nlsdata.obj
 0002:00001eb8       ??_C@_08EDHMEBNP@December@ 0000000140010eb8     libucrt:nlsdata.obj
 0002:00001ec4       ??_C@_02DEDBPAFC@AM@       0000000140010ec4     libucrt:nlsdata.obj
 0002:00001ec8       ??_C@_02CJNFDJBF@PM@       0000000140010ec8     libucrt:nlsdata.obj
 0002:00001ed0       ??_C@_08BPBNCDIB@MM?1dd?1yy@ 0000000140010ed0     libucrt:nlsdata.obj
 0002:00001ee0       ??_C@_0BE@CKGJFCPC@dddd?0?5MMMM?5dd?0?5yyyy@ 0000000140010ee0     libucrt:nlsdata.obj
 0002:00001ef8       ??_C@_08JCCMCCIL@HH?3mm?3ss@ 0000000140010ef8     libucrt:nlsdata.obj
 0002:00001f08       ??_C@_17MBGCMIPB@?$AAS?$AAu?$AAn@ 0000000140010f08     libucrt:nlsdata.obj
 0002:00001f10       ??_C@_17KBOMKBF@?$AAM?$AAo?$AAn@ 0000000140010f10     libucrt:nlsdata.obj
 0002:00001f18       ??_C@_17BMKGEGOJ@?$AAT?$AAu?$AAe@ 0000000140010f18     libucrt:nlsdata.obj
 0002:00001f20       ??_C@_17CJEDCEPE@?$AAW?$AAe?$AAd@ 0000000140010f20     libucrt:nlsdata.obj
 0002:00001f28       ??_C@_17PDPHAADD@?$AAT?$AAh?$AAu@ 0000000140010f28     libucrt:nlsdata.obj
 0002:00001f30       ??_C@_17HFOLPPLP@?$AAF?$AAr?$AAi@ 0000000140010f30     libucrt:nlsdata.obj
 0002:00001f38       ??_C@_17GGIBDPIH@?$AAS?$AAa?$AAt@ 0000000140010f38     libucrt:nlsdata.obj
 0002:00001f40       ??_C@_1O@IHNHDHPB@?$AAS?$AAu?$AAn?$AAd?$AAa?$AAy@ 0000000140010f40     libucrt:nlsdata.obj
 0002:00001f50       ??_C@_1O@MMNBFLIA@?$AAM?$AAo?$AAn?$AAd?$AAa?$AAy@ 0000000140010f50     libucrt:nlsdata.obj
 0002:00001f60       ??_C@_1BA@ENFBFFEK@?$AAT?$AAu?$AAe?$AAs?$AAd?$AAa?$AAy@ 0000000140010f60     libucrt:nlsdata.obj
 0002:00001f70       ??_C@_1BE@EBOGMDOH@?$AAW?$AAe?$AAd?$AAn?$AAe?$AAs?$AAd?$AAa?$AAy@ 0000000140010f70     libucrt:nlsdata.obj
 0002:00001f88       ??_C@_1BC@HHMNLIHE@?$AAT?$AAh?$AAu?$AAr?$AAs?$AAd?$AAa?$AAy@ 0000000140010f88     libucrt:nlsdata.obj
 0002:00001fa0       ??_C@_1O@PDICJHAG@?$AAF?$AAr?$AAi?$AAd?$AAa?$AAy@ 0000000140010fa0     libucrt:nlsdata.obj
 0002:00001fb0       ??_C@_1BC@ENMNNPAJ@?$AAS?$AAa?$AAt?$AAu?$AAr?$AAd?$AAa?$AAy@ 0000000140010fb0     libucrt:nlsdata.obj
 0002:00001fc8       ??_C@_17DKNBKCHM@?$AAJ?$AAa?$AAn@ 0000000140010fc8     libucrt:nlsdata.obj
 0002:00001fd0       ??_C@_17LMDJEKJN@?$AAF?$AAe?$AAb@ 0000000140010fd0     libucrt:nlsdata.obj
 0002:00001fd8       ??_C@_17CKNLEDEC@?$AAM?$AAa?$AAr@ 0000000140010fd8     libucrt:nlsdata.obj
 0002:00001fe0       ??_C@_17LFPOIHDD@?$AAA?$AAp?$AAr@ 0000000140010fe0     libucrt:nlsdata.obj
 0002:00001fe8       ??_C@_17PNNKMEED@?$AAM?$AAa?$AAy@ 0000000140010fe8     libucrt:nlsdata.obj
 0002:00001ff0       ??_C@_17KCJGOCPB@?$AAJ?$AAu?$AAn@ 0000000140010ff0     libucrt:nlsdata.obj
 0002:00001ff8       ??_C@_17IJPCKHK@?$AAJ?$AAu?$AAl@ 0000000140010ff8     libucrt:nlsdata.obj
 0002:00002000       ??_C@_17ICPELBCN@?$AAA?$AAu?$AAg@ 0000000140011000     libucrt:nlsdata.obj
 0002:00002008       ??_C@_17HCHCOKMG@?$AAS?$AAe?$AAp@ 0000000140011008     libucrt:nlsdata.obj
 0002:00002010       ??_C@_17FNLKOI@?$AAO?$AAc?$AAt@ 0000000140011010     libucrt:nlsdata.obj
 0002:00002018       ??_C@_17BBDMLCIG@?$AAN?$AAo?$AAv@ 0000000140011018     libucrt:nlsdata.obj
 0002:00002020       ??_C@_17EGKACKIF@?$AAD?$AAe?$AAc@ 0000000140011020     libucrt:nlsdata.obj
 0002:00002028       ??_C@_1BA@EFMEIEBA@?$AAJ?$AAa?$AAn?$AAu?$AAa?$AAr?$AAy@ 0000000140011028     libucrt:nlsdata.obj
 0002:00002038       ??_C@_1BC@JGDDFFAM@?$AAF?$AAe?$AAb?$AAr?$AAu?$AAa?$AAr?$AAy@ 0000000140011038     libucrt:nlsdata.obj
 0002:00002050       ??_C@_1M@IKEENEDF@?$AAM?$AAa?$AAr?$AAc?$AAh@ 0000000140011050     libucrt:nlsdata.obj
 0002:00002060       ??_C@_1M@GJNLMHFD@?$AAA?$AAp?$AAr?$AAi?$AAl@ 0000000140011060     libucrt:nlsdata.obj
 0002:00002070       ??_C@_19EPFLPGAP@?$AAJ?$AAu?$AAn?$AAe@ 0000000140011070     libucrt:nlsdata.obj
 0002:00002080       ??_C@_19BIFMLPCD@?$AAJ?$AAu?$AAl?$AAy@ 0000000140011080     libucrt:nlsdata.obj
 0002:00002090       ??_C@_1O@PAHLKOAC@?$AAA?$AAu?$AAg?$AAu?$AAs?$AAt@ 0000000140011090     libucrt:nlsdata.obj
 0002:000020a0       ??_C@_1BE@DKAAMBJL@?$AAS?$AAe?$AAp?$AAt?$AAe?$AAm?$AAb?$AAe?$AAr@ 00000001400110a0     libucrt:nlsdata.obj
 0002:000020b8       ??_C@_1BA@EPANDLNG@?$AAO?$AAc?$AAt?$AAo?$AAb?$AAe?$AAr@ 00000001400110b8     libucrt:nlsdata.obj
 0002:000020c8       ??_C@_1BC@BGLIFPF@?$AAN?$AAo?$AAv?$AAe?$AAm?$AAb?$AAe?$AAr@ 00000001400110c8     libucrt:nlsdata.obj
 0002:000020e0       ??_C@_1BC@FEMKIFH@?$AAD?$AAe?$AAc?$AAe?$AAm?$AAb?$AAe?$AAr@ 00000001400110e0     libucrt:nlsdata.obj
 0002:000020f4       ??_C@_15ODEHAHHF@?$AAA?$AAM@ 00000001400110f4     libucrt:nlsdata.obj
 0002:000020fc       ??_C@_15CLMNNGEL@?$AAP?$AAM@ 00000001400110fc     libucrt:nlsdata.obj
 0002:00002108       ??_C@_1BC@IEBCMHCM@?$AAM?$AAM?$AA?1?$AAd?$AAd?$AA?1?$AAy?$AAy@ 0000000140011108     libucrt:nlsdata.obj
 0002:00002120       ??_C@_1CI@KNAKOEBC@?$AAd?$AAd?$AAd?$AAd?$AA?0?$AA?5?$AAM?$AAM?$AAM?$AAM?$AA?5?$AAd?$AAd?$AA?0?$AA?5@ 0000000140011120     libucrt:nlsdata.obj
 0002:00002148       ??_C@_1BC@GDGBMEMK@?$AAH?$AAH?$AA?3?$AAm?$AAm?$AA?3?$AAs?$AAs@ 0000000140011148     libucrt:nlsdata.obj
 0002:00002160       ??_C@_1M@BMHNFIME@?$AAe?$AAn?$AA?9?$AAU?$AAS@ 0000000140011160     libucrt:nlsdata.obj
 0002:00002170       __newctype                 0000000140011170     libucrt:ctype.obj
 0002:00002470       __newclmap                 0000000140011470     libucrt:ctype.obj
 0002:000025f0       __newcumap                 00000001400115f0     libucrt:ctype.obj
 0002:00002770       ??_C@_15PJPFLCCM@?$AAu?$AAk@ 0000000140011770     libucrt:get_qualified_locale.obj
 0002:00002820       ??_C@_1EA@JGEFHKEI@?$AAa?$AAp?$AAi?$AA?9?$AAm?$AAs?$AA?9?$AAw?$AAi?$AAn?$AA?9?$AAc?$AAo?$AAr?$AAe@ 0000000140011820     libucrt:winapi_thunks.obj
 0002:00002860       ??_C@_1DI@IJCEHOCB@?$AAa?$AAp?$AAi?$AA?9?$AAm?$AAs?$AA?9?$AAw?$AAi?$AAn?$AA?9?$AAc?$AAo?$AAr?$AAe@ 0000000140011860     libucrt:winapi_thunks.obj
 0002:000028a0       ??_C@_1EI@MPIAOHOC@?$AAa?$AAp?$AAi?$AA?9?$AAm?$AAs?$AA?9?$AAw?$AAi?$AAn?$AA?9?$AAc?$AAo?$AAr?$AAe@ 00000001400118a0     libucrt:winapi_thunks.obj
 0002:000028f0       ??_C@_1FK@FPHCKFIE@?$AAa?$AAp?$AAi?$AA?9?$AAm?$AAs?$AA?9?$AAw?$AAi?$AAn?$AA?9?$AAc?$AAo?$AAr?$AAe@ 00000001400118f0     libucrt:winapi_thunks.obj
 0002:00002950       ??_C@_1EM@DILCGIIO@?$AAa?$AAp?$AAi?$AA?9?$AAm?$AAs?$AA?9?$AAw?$AAi?$AAn?$AA?9?$AAc?$AAo?$AAr?$AAe@ 0000000140011950     libucrt:winapi_thunks.obj
 0002:000029a0       ??_C@_1DM@LNCGDDPN@?$AAa?$AAp?$AAi?$AA?9?$AAm?$AAs?$AA?9?$AAw?$AAi?$AAn?$AA?9?$AAc?$AAo?$AAr?$AAe@ 00000001400119a0     libucrt:winapi_thunks.obj
 0002:000029e0       ??_C@_1DO@FPAPJEMD@?$AAa?$AAp?$AAi?$AA?9?$AAm?$AAs?$AA?9?$AAw?$AAi?$AAn?$AA?9?$AAc?$AAo?$AAr?$AAe@ 00000001400119e0     libucrt:winapi_thunks.obj
 0002:00002a20       ??_C@_1DK@NDHNAHIO@?$AAa?$AAp?$AAi?$AA?9?$AAm?$AAs?$AA?9?$AAw?$AAi?$AAn?$AA?9?$AAc?$AAo?$AAr?$AAe@ 0000000140011a20     libucrt:winapi_thunks.obj
 0002:00002a60       ??_C@_1DM@KGHDGBCM@?$AAa?$AAp?$AAi?$AA?9?$AAm?$AAs?$AA?9?$AAw?$AAi?$AAn?$AA?9?$AAc?$AAo?$AAr?$AAe@ 0000000140011a60     libucrt:winapi_thunks.obj
 0002:00002aa0       ??_C@_1EO@IJIOEFOH@?$AAa?$AAp?$AAi?$AA?9?$AAm?$AAs?$AA?9?$AAw?$AAi?$AAn?$AA?9?$AAr?$AAt?$AAc?$AAo@ 0000000140011aa0     libucrt:winapi_thunks.obj
 0002:00002af0       ??_C@_1FG@HHGEKANL@?$AAa?$AAp?$AAi?$AA?9?$AAm?$AAs?$AA?9?$AAw?$AAi?$AAn?$AA?9?$AAs?$AAe?$AAc?$AAu@ 0000000140011af0     libucrt:winapi_thunks.obj
 0002:00002b50       ??_C@_1EG@DBIOJECG@?$AAe?$AAx?$AAt?$AA?9?$AAm?$AAs?$AA?9?$AAw?$AAi?$AAn?$AA?9?$AAn?$AAt?$AAu?$AAs@ 0000000140011b50     libucrt:winapi_thunks.obj
 0002:00002ba0       ??_C@_1EO@FIHMJCLF@?$AAe?$AAx?$AAt?$AA?9?$AAm?$AAs?$AA?9?$AAw?$AAi?$AAn?$AA?9?$AAn?$AAt?$AAu?$AAs@ 0000000140011ba0     libucrt:winapi_thunks.obj
 0002:00002bf0       ??_C@_1BC@DNHGCMLG@?$AAa?$AAd?$AAv?$AAa?$AAp?$AAi?$AA3?$AA2@ 0000000140011bf0     libucrt:winapi_thunks.obj
 0002:00002c08       ??_C@_1M@OAIMIKLP@?$AAn?$AAt?$AAd?$AAl?$AAl@ 0000000140011c08     libucrt:winapi_thunks.obj
 0002:00002c20       ??_C@_1EG@DPGNFKGC@?$AAa?$AAp?$AAi?$AA?9?$AAm?$AAs?$AA?9?$AAw?$AAi?$AAn?$AA?9?$AAa?$AAp?$AAp?$AAm@ 0000000140011c20     libucrt:winapi_thunks.obj
 0002:00002c68       ??_C@_1O@BCCLBEOE@?$AAu?$AAs?$AAe?$AAr?$AA3?$AA2@ 0000000140011c68     libucrt:winapi_thunks.obj
 0002:00002c78       ??_C@_1BA@IAIFMGEF@?$AAe?$AAx?$AAt?$AA?9?$AAm?$AAs?$AA?9@ 0000000140011c78     libucrt:winapi_thunks.obj
 0002:00002c90       ??_C@_0BA@FHFNEAED@AreFileApisANSI@ 0000000140011c90     libucrt:winapi_thunks.obj
 0002:00002cd0       ??_C@_0O@KKBNKAPF@LCMapStringEx@ 0000000140011cd0     libucrt:winapi_thunks.obj
 0002:00002ce8       ??_C@_0BB@HBDEELFH@LocaleNameToLCID@ 0000000140011ce8     libucrt:winapi_thunks.obj
 0002:00002d00       ??_C@_0CF@OJOFEIGO@AppPolicyGetProcessTerminationM@ 0000000140011d00     libucrt:winapi_thunks.obj
 0002:00003b70       ??_C@_15EMKDOKLE@?$AAa?$AAr@ 0000000140012b70     libucrt:lcidtoname_downlevel.obj
 0002:00003b78       ??_C@_15KNPADPLH@?$AAb?$AAg@ 0000000140012b78     libucrt:lcidtoname_downlevel.obj
 0002:00003b80       ??_C@_15EDMHLDMO@?$AAc?$AAa@ 0000000140012b80     libucrt:lcidtoname_downlevel.obj
 0002:00003b88       ??_C@_1O@BPEAJADD@?$AAz?$AAh?$AA?9?$AAC?$AAH?$AAS@ 0000000140012b88     libucrt:lcidtoname_downlevel.obj
 0002:00003b98       ??_C@_15LJNHCMNK@?$AAc?$AAs@ 0000000140012b98     libucrt:lcidtoname_downlevel.obj
 0002:00003ba0       ??_C@_15FOMCIDHG@?$AAd?$AAa@ 0000000140012ba0     libucrt:lcidtoname_downlevel.obj
 0002:00003ba8       ??_C@_15NBKABECB@?$AAd?$AAe@ 0000000140012ba8     libucrt:lcidtoname_downlevel.obj
 0002:00003bb0       ??_C@_15GHPEIIAO@?$AAe?$AAl@ 0000000140012bb0     libucrt:lcidtoname_downlevel.obj
 0002:00003bb8       ??_C@_15MNPNEAIF@?$AAe?$AAn@ 0000000140012bb8     libucrt:lcidtoname_downlevel.obj
 0002:00003bc0       ??_C@_15GPIOMPMH@?$AAe?$AAs@ 0000000140012bc0     libucrt:lcidtoname_downlevel.obj
 0002:00003bc8       ??_C@_15NGLOAKJC@?$AAf?$AAi@ 0000000140012bc8     libucrt:lcidtoname_downlevel.obj
 0002:00003bd0       ??_C@_15FBKGNKAM@?$AAf?$AAr@ 0000000140012bd0     libucrt:lcidtoname_downlevel.obj
 0002:00003bd8       ??_C@_15KGGCNEFK@?$AAh?$AAe@ 0000000140012bd8     libucrt:lcidtoname_downlevel.obj
 0002:00003be0       ??_C@_15PGHLIDMF@?$AAh?$AAu@ 0000000140012be0     libucrt:lcidtoname_downlevel.obj
 0002:00003be8       ??_C@_15BIEMAPLM@?$AAi?$AAs@ 0000000140012be8     libucrt:lcidtoname_downlevel.obj
 0002:00003bf0       ??_C@_15IFJLDHAF@?$AAi?$AAt@ 0000000140012bf0     libucrt:lcidtoname_downlevel.obj
 0002:00003bf8       ??_C@_15GEMIOCAG@?$AAj?$AAa@ 0000000140012bf8     libucrt:lcidtoname_downlevel.obj
 0002:00003c00       ??_C@_15EPELEGJA@?$AAk?$AAo@ 0000000140012c00     libucrt:lcidtoname_downlevel.obj
 0002:00003c08       ??_C@_15NDDHIMN@?$AAn?$AAl@ 0000000140012c08     libucrt:lcidtoname_downlevel.obj
 0002:00003c10       ??_C@_15BPIGNHCD@?$AAn?$AAo@ 0000000140012c10     libucrt:lcidtoname_downlevel.obj
 0002:00003c18       ??_C@_15DEOPBLCG@?$AAp?$AAl@ 0000000140012c18     libucrt:lcidtoname_downlevel.obj
 0002:00003c20       ??_C@_15KBECGEFG@?$AAp?$AAt@ 0000000140012c20     libucrt:lcidtoname_downlevel.obj
 0002:00003c28       ??_C@_15GLJCBFMD@?$AAr?$AAo@ 0000000140012c28     libucrt:lcidtoname_downlevel.obj
 0002:00003c30       ??_C@_15FEDGKCDI@?$AAr?$AAu@ 0000000140012c30     libucrt:lcidtoname_downlevel.obj
 0002:00003c38       ??_C@_15GLKMLLHM@?$AAh?$AAr@ 0000000140012c38     libucrt:lcidtoname_downlevel.obj
 0002:00003c40       ??_C@_15CPKMFBDB@?$AAs?$AAk@ 0000000140012c40     libucrt:lcidtoname_downlevel.obj
 0002:00003c48       ??_C@_15BAAIOGMK@?$AAs?$AAq@ 0000000140012c48     libucrt:lcidtoname_downlevel.obj
 0002:00003c50       ??_C@_15INNPNOHD@?$AAs?$AAv@ 0000000140012c50     libucrt:lcidtoname_downlevel.obj
 0002:00003c58       ??_C@_15CABMMOGH@?$AAt?$AAh@ 0000000140012c58     libucrt:lcidtoname_downlevel.obj
 0002:00003c60       ??_C@_15BPLIHJJM@?$AAt?$AAr@ 0000000140012c60     libucrt:lcidtoname_downlevel.obj
 0002:00003c68       ??_C@_15NEOEKKDJ@?$AAu?$AAr@ 0000000140012c68     libucrt:lcidtoname_downlevel.obj
 0002:00003c70       ??_C@_15NFICGAJK@?$AAi?$AAd@ 0000000140012c70     libucrt:lcidtoname_downlevel.obj
 0002:00003c78       ??_C@_15HPJPHDM@?$AAb?$AAe@ 0000000140012c78     libucrt:lcidtoname_downlevel.obj
 0002:00003c80       ??_C@_15LCHLGJII@?$AAs?$AAl@ 0000000140012c80     libucrt:lcidtoname_downlevel.obj
 0002:00003c88       ??_C@_15PCFJPHHO@?$AAe?$AAt@ 0000000140012c88     libucrt:lcidtoname_downlevel.obj
 0002:00003c90       ??_C@_15HPFPGODN@?$AAl?$AAv@ 0000000140012c90     libucrt:lcidtoname_downlevel.obj
 0002:00003c98       ??_C@_15NFFGKGLG@?$AAl?$AAt@ 0000000140012c98     libucrt:lcidtoname_downlevel.obj
 0002:00003ca0       ??_C@_15BDAKCCHN@?$AAf?$AAa@ 0000000140012ca0     libucrt:lcidtoname_downlevel.obj
 0002:00003ca8       ??_C@_15NFGIAIAJ@?$AAv?$AAi@ 0000000140012ca8     libucrt:lcidtoname_downlevel.obj
 0002:00003cb0       ??_C@_15LMKNDMHN@?$AAh?$AAy@ 0000000140012cb0     libucrt:lcidtoname_downlevel.obj
 0002:00003cb8       ??_C@_15IJBHMCFL@?$AAa?$AAz@ 0000000140012cb8     libucrt:lcidtoname_downlevel.obj
 0002:00003cc0       ??_C@_15EKOFJABL@?$AAe?$AAu@ 0000000140012cc0     libucrt:lcidtoname_downlevel.obj
 0002:00003cc8       ??_C@_15BGHADCNK@?$AAm?$AAk@ 0000000140012cc8     libucrt:lcidtoname_downlevel.obj
 0002:00003cd0       ??_C@_15JDNICKHM@?$AAa?$AAf@ 0000000140012cd0     libucrt:lcidtoname_downlevel.obj
 0002:00003cd8       ??_C@_15KPJEDBKD@?$AAk?$AAa@ 0000000140012cd8     libucrt:lcidtoname_downlevel.obj
 0002:00003ce0       ??_C@_15PDNFFFEO@?$AAf?$AAo@ 0000000140012ce0     libucrt:lcidtoname_downlevel.obj
 0002:00003ce8       ??_C@_15OMLEGLOC@?$AAh?$AAi@ 0000000140012ce8     libucrt:lcidtoname_downlevel.obj
 0002:00003cf0       ??_C@_15IDNNENKK@?$AAm?$AAs@ 0000000140012cf0     libucrt:lcidtoname_downlevel.obj
 0002:00003cf8       ??_C@_15MACJNBMH@?$AAk?$AAk@ 0000000140012cf8     libucrt:lcidtoname_downlevel.obj
 0002:00003d00       ??_C@_15DKDJEOND@?$AAk?$AAy@ 0000000140012d00     libucrt:lcidtoname_downlevel.obj
 0002:00003d08       ??_C@_15DFGDLJBG@?$AAs?$AAw@ 0000000140012d08     libucrt:lcidtoname_downlevel.obj
 0002:00003d10       ??_C@_15BBFAICNG@?$AAu?$AAz@ 0000000140012d10     libucrt:lcidtoname_downlevel.obj
 0002:00003d18       ??_C@_15DKNDCGEA@?$AAt?$AAt@ 0000000140012d18     libucrt:lcidtoname_downlevel.obj
 0002:00003d20       ??_C@_15MGIFMDPL@?$AAp?$AAa@ 0000000140012d20     libucrt:lcidtoname_downlevel.obj
 0002:00003d28       ??_C@_15HCNDBBA@?$AAg?$AAu@ 0000000140012d28     libucrt:lcidtoname_downlevel.obj
 0002:00003d30       ??_C@_15FNBEIBON@?$AAt?$AAa@ 0000000140012d30     libucrt:lcidtoname_downlevel.obj
 0002:00003d38       ??_C@_15NCHGBGLK@?$AAt?$AAe@ 0000000140012d38     libucrt:lcidtoname_downlevel.obj
 0002:00003d40       ??_C@_15PHPHCBPF@?$AAk?$AAn@ 0000000140012d40     libucrt:lcidtoname_downlevel.obj
 0002:00003d48       ??_C@_15DLGBCKMP@?$AAm?$AAr@ 0000000140012d48     libucrt:lcidtoname_downlevel.obj
 0002:00003d50       ??_C@_15EABBLBFF@?$AAs?$AAa@ 0000000140012d50     libucrt:lcidtoname_downlevel.obj
 0002:00003d58       ??_C@_15CBKOMCOI@?$AAm?$AAn@ 0000000140012d58     libucrt:lcidtoname_downlevel.obj
 0002:00003d60       ??_C@_15CKDMCJAF@?$AAg?$AAl@ 0000000140012d60     libucrt:lcidtoname_downlevel.obj
 0002:00003d68       ??_C@_17CNJFBPG@?$AAk?$AAo?$AAk@ 0000000140012d68     libucrt:lcidtoname_downlevel.obj
 0002:00003d70       ??_C@_17FFBJICPL@?$AAs?$AAy?$AAr@ 0000000140012d70     libucrt:lcidtoname_downlevel.obj
 0002:00003d78       ??_C@_17KPNDCPAF@?$AAd?$AAi?$AAv@ 0000000140012d78     libucrt:lcidtoname_downlevel.obj
 0002:00003d80       ??_C@_11LOCGONAA@@         0000000140012d80     libucrt:lcidtoname_downlevel.obj
 0002:00003d88       ??_C@_1M@OKAHONE@?$AAa?$AAr?$AA?9?$AAS?$AAA@ 0000000140012d88     libucrt:lcidtoname_downlevel.obj
 0002:00003d98       ??_C@_1M@FFFIGIGK@?$AAb?$AAg?$AA?9?$AAB?$AAG@ 0000000140012d98     libucrt:lcidtoname_downlevel.obj
 0002:00003da8       ??_C@_1M@BJNKEDC@?$AAc?$AAa?$AA?9?$AAE?$AAS@ 0000000140012da8     libucrt:lcidtoname_downlevel.obj
 0002:00003db8       ??_C@_1M@IJJHFJHA@?$AAc?$AAs?$AA?9?$AAC?$AAZ@ 0000000140012db8     libucrt:lcidtoname_downlevel.obj
 0002:00003dc8       ??_C@_1M@CLPEOBGI@?$AAd?$AAa?$AA?9?$AAD?$AAK@ 0000000140012dc8     libucrt:lcidtoname_downlevel.obj
 0002:00003dd8       ??_C@_1M@MCMADGCB@?$AAd?$AAe?$AA?9?$AAD?$AAE@ 0000000140012dd8     libucrt:lcidtoname_downlevel.obj
 0002:00003de8       ??_C@_1M@OOCKEMAM@?$AAe?$AAl?$AA?9?$AAG?$AAR@ 0000000140012de8     libucrt:lcidtoname_downlevel.obj
 0002:00003df8       ??_C@_1M@DDNJFGID@?$AAf?$AAi?$AA?9?$AAF?$AAI@ 0000000140012df8     libucrt:lcidtoname_downlevel.obj
 0002:00003e08       ??_C@_1M@GLIPPMAC@?$AAf?$AAr?$AA?9?$AAF?$AAR@ 0000000140012e08     libucrt:lcidtoname_downlevel.obj
 0002:00003e18       ??_C@_1M@GFMCHPE@?$AAh?$AAe?$AA?9?$AAI?$AAL@ 0000000140012e18     libucrt:lcidtoname_downlevel.obj
 0002:00003e28       ??_C@_1M@MHLPGNKM@?$AAh?$AAu?$AA?9?$AAH?$AAU@ 0000000140012e28     libucrt:lcidtoname_downlevel.obj
 0002:00003e38       ??_C@_1M@LPDDNNPN@?$AAi?$AAs?$AA?9?$AAI?$AAS@ 0000000140012e38     libucrt:lcidtoname_downlevel.obj
 0002:00003e48       ??_C@_1M@MADIPODN@?$AAi?$AAt?$AA?9?$AAI?$AAT@ 0000000140012e48     libucrt:lcidtoname_downlevel.obj
 0002:00003e58       ??_C@_1M@IHBJJGG@?$AAn?$AAl?$AA?9?$AAN?$AAL@ 0000000140012e58     libucrt:lcidtoname_downlevel.obj
 0002:00003e68       ??_C@_1M@EANAGDL@?$AAn?$AAb?$AA?9?$AAN?$AAO@ 0000000140012e68     libucrt:lcidtoname_downlevel.obj
 0002:00003e78       ??_C@_1M@NEIEMEGP@?$AAp?$AAl?$AA?9?$AAP?$AAL@ 0000000140012e78     libucrt:lcidtoname_downlevel.obj
 0002:00003e88       ??_C@_1M@BOCFIGEP@?$AAp?$AAt?$AA?9?$AAB?$AAR@ 0000000140012e88     libucrt:lcidtoname_downlevel.obj
 0002:00003e98       ??_C@_1M@IMPFOPBG@?$AAr?$AAo?$AA?9?$AAR?$AAO@ 0000000140012e98     libucrt:lcidtoname_downlevel.obj
 0002:00003ea8       ??_C@_1M@IDNNEJMM@?$AAr?$AAu?$AA?9?$AAR?$AAU@ 0000000140012ea8     libucrt:lcidtoname_downlevel.obj
 0002:00003eb8       ??_C@_1M@LILEEOGM@?$AAh?$AAr?$AA?9?$AAH?$AAR@ 0000000140012eb8     libucrt:lcidtoname_downlevel.obj
 0002:00003ec8       ??_C@_1M@FKIFEHPB@?$AAs?$AAk?$AA?9?$AAS?$AAK@ 0000000140012ec8     libucrt:lcidtoname_downlevel.obj
 0002:00003ed8       ??_C@_1M@LJMAMNPJ@?$AAs?$AAq?$AA?9?$AAA?$AAL@ 0000000140012ed8     libucrt:lcidtoname_downlevel.obj
 0002:00003ee8       ??_C@_1M@GIAKDKJK@?$AAs?$AAv?$AA?9?$AAS?$AAE@ 0000000140012ee8     libucrt:lcidtoname_downlevel.obj
 0002:00003ef8       ??_C@_1M@MKJKIKCL@?$AAt?$AAh?$AA?9?$AAT?$AAH@ 0000000140012ef8     libucrt:lcidtoname_downlevel.obj
 0002:00003f08       ??_C@_1M@MFLCCMPB@?$AAt?$AAr?$AA?9?$AAT?$AAR@ 0000000140012f08     libucrt:lcidtoname_downlevel.obj
 0002:00003f18       ??_C@_1M@OIJHDKJN@?$AAu?$AAr?$AA?9?$AAP?$AAK@ 0000000140012f18     libucrt:lcidtoname_downlevel.obj
 0002:00003f28       ??_C@_1M@LHIPCIEK@?$AAi?$AAd?$AA?9?$AAI?$AAD@ 0000000140012f28     libucrt:lcidtoname_downlevel.obj
 0002:00003f38       ??_C@_1M@MFMOBGI@?$AAu?$AAk?$AA?9?$AAU?$AAA@ 0000000140012f38     libucrt:lcidtoname_downlevel.obj
 0002:00003f48       ??_C@_1M@OBGLJIPL@?$AAb?$AAe?$AA?9?$AAB?$AAY@ 0000000140012f48     libucrt:lcidtoname_downlevel.obj
 0002:00003f58       ??_C@_1M@BCFAJEAD@?$AAs?$AAl?$AA?9?$AAS?$AAI@ 0000000140012f58     libucrt:lcidtoname_downlevel.obj
 0002:00003f68       ??_C@_1M@FKFFEDDN@?$AAe?$AAt?$AA?9?$AAE?$AAE@ 0000000140012f68     libucrt:lcidtoname_downlevel.obj
 0002:00003f78       ??_C@_1M@KGKKAACI@?$AAl?$AAv?$AA?9?$AAL?$AAV@ 0000000140012f78     libucrt:lcidtoname_downlevel.obj
 0002:00003f88       ??_C@_1M@IFGBIJO@?$AAl?$AAt?$AA?9?$AAL?$AAT@ 0000000140012f88     libucrt:lcidtoname_downlevel.obj
 0002:00003f98       ??_C@_1M@FGEAHEDM@?$AAf?$AAa?$AA?9?$AAI?$AAR@ 0000000140012f98     libucrt:lcidtoname_downlevel.obj
 0002:00003fa8       ??_C@_1M@KBMAIBFN@?$AAv?$AAi?$AA?9?$AAV?$AAN@ 0000000140012fa8     libucrt:lcidtoname_downlevel.obj
 0002:00003fb8       ??_C@_1M@GPCBKDJK@?$AAh?$AAy?$AA?9?$AAA?$AAM@ 0000000140012fb8     libucrt:lcidtoname_downlevel.obj
 0002:00003fc8       ??_C@_1BG@BECMDDJB@?$AAa?$AAz?$AA?9?$AAA?$AAZ?$AA?9?$AAL?$AAa?$AAt?$AAn@ 0000000140012fc8     libucrt:lcidtoname_downlevel.obj
 0002:00003fe0       ??_C@_1M@MAOFCAEA@?$AAe?$AAu?$AA?9?$AAE?$AAS@ 0000000140012fe0     libucrt:lcidtoname_downlevel.obj
 0002:00003ff0       ??_C@_1M@IGHABKPI@?$AAm?$AAk?$AA?9?$AAM?$AAK@ 0000000140012ff0     libucrt:lcidtoname_downlevel.obj
 0002:00004000       ??_C@_1M@IAIGNEJG@?$AAt?$AAn?$AA?9?$AAZ?$AAA@ 0000000140013000     libucrt:lcidtoname_downlevel.obj
 0002:00004010       ??_C@_1M@IIJCOJFA@?$AAx?$AAh?$AA?9?$AAZ?$AAA@ 0000000140013010     libucrt:lcidtoname_downlevel.obj
[...]
 0002:00008464       $unwind$??$?RV<lambda_7777bce6b2f8c936911f934f8298dc43>@@AEAV<lambda_f03950bc5685219e0bcd2087efbe011e>@@V<lambda_3883c3dff614d5e0c5f61bb1ac94921c>@@@?$__crt_seh_guarded_call@H@@QEAAH$$QEAV<lambda_7777bce6b2f8c936911f934f8298dc43>@@AEAV<lambda_f03950bc5685219e0bcd2087efbe011e>@@$$QEAV<lambda_3883c3dff614d5e0c5f61bb1ac94921c>@@@Z 0000000140017464     libucrt:onexit.obj
 0002:00008488       $unwind$terminate          0000000140017488     libucrt:terminate.obj
 0002:000084a8       $xdatasym                  00000001400174a8     libucrt:strncmp.obj
 0002:000084ac       $unwind$__acrt_initialize_fma3 00000001400174ac     libucrt:fma3_available.obj
 0002:000084b8       $xdatasym                  00000001400174b8     libucrt:remainder_piby2f_forc.obj
 0002:000084c8       $unwind$_sincosf_special   00000001400174c8     libucrt:sincos_special.obj
 0002:000084d0       $unwind$_free_base         00000001400174d0     libucrt:free_base.obj
 0002:000084d0       $unwind$?destroy_fls@@YAXPEAX@Z 00000001400174d0     libucrt:per_thread_data.obj
 0002:000084d0       $unwind$__acrt_locale_free_numeric 00000001400174d0     libucrt:initnum.obj
 0002:000084d0       $unwind$__acrt_locale_free_lc_time_if_unreferenced 00000001400174d0     libucrt:locale_refcounting.obj
 0002:000084d8       $unwind$?construct_ptd_array@@YAXQEAU__acrt_ptd@@@Z 00000001400174d8     libucrt:per_thread_data.obj
 0002:000084e0       $unwind$?destroy_ptd_array@@YAXQEAU__acrt_ptd@@@Z 00000001400174e0     libucrt:per_thread_data.obj
 0002:000084e8       $unwind$??$?RV<lambda_0ae27a3a962d80f24befdcbee591983d>@@AEAV<lambda_8d0ee55de4b1038c4002e0adecdf1839>@@V<lambda_dc504788e8f1664fe9b84e20bfb512f2>@@@?$__crt_seh_guarded_call@X@@QEAAX$$QEAV<lambda_0ae27a3a962d80f24befdcbee591983d>@@AEAV<lambda_8d0ee55de4b1038c4002e0adecdf1839>@@$$QEAV<lambda_dc504788e8f1664fe9b84e20bfb512f2>@@@Z 00000001400174e8     libucrt:per_thread_data.obj
 0002:0000850c       $unwind$??$?RV<lambda_aa87e3671a710a21b5dc78c0bdf72e11>@@AEAV<lambda_92619d2358a28f41a33ba319515a20b9>@@V<lambda_6992ecaafeb10aed2b74cb1fae11a551>@@@?$__crt_seh_guarded_call@X@@QEAAX$$QEAV<lambda_aa87e3671a710a21b5dc78c0bdf72e11>@@AEAV<lambda_92619d2358a28f41a33ba319515a20b9>@@$$QEAV<lambda_6992ecaafeb10aed2b74cb1fae11a551>@@@Z 000000014001750c     libucrt:per_thread_data.obj
 0002:00008530       $unwind$??$?RV<lambda_f2e299630e499de9f9a165e60fcd3db5>@@AEAV<lambda_2ae9d31cdba2644fcbeaf08da7c24588>@@V<lambda_40d01ff24d0e7b3814fdbdcee8eab3c7>@@@?$__crt_seh_guarded_call@X@@QEAAX$$QEAV<lambda_f2e299630e499de9f9a165e60fcd3db5>@@AEAV<lambda_2ae9d31cdba2644fcbeaf08da7c24588>@@$$QEAV<lambda_40d01ff24d0e7b3814fdbdcee8eab3c7>@@@Z 0000000140017530     libucrt:per_thread_data.obj
 0002:00008554       $unwind$??$?RV<lambda_2d41944a1d46af3157314b8a01080d33>@@AEAV<lambda_8f455de75cd7d7f24b4096f044d8b9e6>@@V<lambda_aa500f224e6afead328df44964fe2772>@@@?$__crt_seh_guarded_call@X@@QEAAX$$QEAV<lambda_2d41944a1d46af3157314b8a01080d33>@@AEAV<lambda_8f455de75cd7d7f24b4096f044d8b9e6>@@$$QEAV<lambda_aa500f224e6afead328df44964fe2772>@@@Z 0000000140017554     libucrt:per_thread_data.obj
 0002:00008578       $unwind$_invalid_parameter_noinfo 0000000140017578     libucrt:invalid_parameter.obj
 0002:00008578       $unwind$_log10_special     0000000140017578     libucrt:log_special.obj
 0002:00008580       $unwind$__acrt_call_reportfault 0000000140017580     libucrt:invalid_parameter.obj
 0002:000085a0       $unwind$_invalid_parameter 00000001400175a0     libucrt:invalid_parameter.obj
 0002:000085b4       $unwind$??$__acrt_mbs_to_wcs_cp@U__crt_win32_buffer_internal_dynamic_resizing@@@@YAHQEBDAEAV?$__crt_win32_buffer@_WU__crt_win32_buffer_internal_dynamic_resizing@@@@I@Z 00000001400175b4     libucrt:argv_wildcards.obj
 0002:000085cc       $unwind$__dcrt_get_narrow_environment_from_os 00000001400175cc     libucrt:get_environment_from_os.obj
 0002:000085cc       $unwind$??$__acrt_wcs_to_mbs_cp@U__crt_win32_buffer_internal_dynamic_resizing@@@@YAHQEB_WAEAV?$__crt_win32_buffer@DU__crt_win32_buffer_internal_dynamic_resizing@@@@I@Z 00000001400175cc     libucrt:argv_wildcards.obj
 0002:000085e4       $unwind$??$common_expand_argv_wildcards@D@@YAHQEAPEADQEAPEAPEAD@Z 00000001400175e4     libucrt:argv_wildcards.obj
 0002:000085fc       $unwind$??$copy_and_add_argument_to_buffer@D@@YAHQEBD0_KAEAV?$argument_list@D@?A0x5f5c8891@@@Z 00000001400175fc     libucrt:argv_wildcards.obj
 0002:00008618       $unwind$??$expand_argument_wildcards@D@@YAHQEAD0AEAV?$argument_list@D@?A0x5f5c8891@@@Z 0000000140017618     libucrt:argv_wildcards.obj
 0002:0000863c       $unwind$__acrt_GetModuleFileNameA 000000014001763c     libucrt:getmodulefilenamea.obj
 0002:00008658       $unwind$__dcrt_write_console 0000000140017658     libucrt:initcon.obj
 0002:00008658       $unwind$??$__acrt_wcs_to_mbs_cp@U__crt_win32_buffer_no_resizing@@@@YAHQEB_WAEAV?$__crt_win32_buffer@DU__crt_win32_buffer_no_resizing@@@@I@Z 0000000140017658     libucrt:getmodulefilenamea.obj
 0002:0000866c       $unwind$_setmbcp_nolock    000000014001766c     libucrt:mbctype.obj
 0002:0000868c       $unwind$__dcrt_lowio_ensure_console_output_initialized 000000014001768c     libucrt:initcon.obj
 0002:0000868c       $unwind$_isleadbyte_l      000000014001768c     libucrt:_wctype.obj
 0002:0000868c       $unwind$?getSystemCP@@YAHH@Z 000000014001768c     libucrt:mbctype.obj
 0002:00008694       $unwind$?update_thread_multibyte_data_internal@@YAPEAU__crt_multibyte_data@@QEAU__acrt_ptd@@QEAPEAU1@@Z 0000000140017694     libucrt:mbctype.obj
 0002:000086bc       $unwind$?setmbcp_internal@@YAHH_NQEAU__acrt_ptd@@QEAPEAU__crt_multibyte_data@@@Z 00000001400176bc     libucrt:mbctype.obj
 0002:000086cc       $unwind$?setSBUpLow@@YAXPEAU__crt_multibyte_data@@@Z 00000001400176cc     libucrt:mbctype.obj
 0002:000086e8       $unwind$??$?RV<lambda_efdfa57d1f175319df784efa44bb7b81>@@AEAV<lambda_5f0a4c1567f8adc6734073e5d1e1b35c>@@V<lambda_2e8a7d3640ea6ccb4c2413664c2db6fd>@@@?$__crt_seh_guarded_call@X@@QEAAX$$QEAV<lambda_efdfa57d1f175319df784efa44bb7b81>@@AEAV<lambda_5f0a4c1567f8adc6734073e5d1e1b35c>@@$$QEAV<lambda_2e8a7d3640ea6ccb4c2413664c2db6fd>@@@Z 00000001400176e8     libucrt:mbctype.obj
 0002:0000870c       $unwind$?x_ismbbtype_l@@YAHPEAU__crt_locale_pointers@@IHH@Z 000000014001770c     libucrt:ismbbyte.obj
 0002:0000871c       $unwind$__acrt_WideCharToMultiByte 000000014001771c     libucrt:widechartomultibyte.obj
 0002:00008728       $unwind$_free_osfhnd       0000000140017728     libucrt:osfinfo.obj
 0002:0000873c       $unwind$__acrt_lowio_destroy_handle_array 000000014001773c     libucrt:osfinfo.obj
 0002:0000874c       $unwind$__acrt_lowio_ensure_fh_exists 000000014001774c     libucrt:osfinfo.obj
 0002:00008778       $unwind$__acrt_initialize_lowio 0000000140017778     libucrt:ioinit.obj
 0002:00008798       $unwind$?initialize_inherited_file_handles_nolock@@YAXXZ 0000000140017798     libucrt:ioinit.obj
 0002:000087b4       $unwind$?initialize_stdio_handles_nolock@@YAXXZ 00000001400177b4     libucrt:ioinit.obj
 0002:000087b4       $unwind$__acrt_initialize_stdio 00000001400177b4     libucrt:_file.obj
 0002:000087cc       $unwind$__acrt_locale_free_monetary 00000001400177cc     libucrt:initmon.obj
 0002:000087d4       $unwind$__acrt_locale_free_time 00000001400177d4     libucrt:inittime.obj
 0002:000087e4       $unwind$__acrt_GetStringTypeA 00000001400177e4     libucrt:getstringtypea.obj
 0002:0000880c       $unwind$__acrt_update_thread_locale_data 000000014001780c     libucrt:locale_refcounting.obj
 0002:00008830       $unwind$__acrt_initialize_winapi_thunks 0000000140017830     libucrt:winapi_thunks.obj
 0002:00008838       $unwind$_mbtowc_l          0000000140017838     libucrt:mbtowc.obj
 0002:00008838       $unwind$__acrt_LCMapStringEx 0000000140017838     libucrt:winapi_thunks.obj
 0002:0000884c       $unwind$_query_new_handler 000000014001784c     libucrt:new_handler.obj
 0002:0000886c       $unwind$raise              000000014001786c     libucrt:signal.obj
 0002:000088a8       $unwind$??$?RV<lambda_450d765d439847d4c735a33c368b5fc0>@@AEAV<lambda_44731a7d0e6d81c3e6aa82d741081786>@@V<lambda_601a2a7da3b7a96e9554ac7215c4b07c>@@@?$__crt_seh_guarded_call@P6AXH@Z@@QEAAP6AXH@Z$$QEAV<lambda_450d765d439847d4c735a33c368b5fc0>@@AEAV<lambda_44731a7d0e6d81c3e6aa82d741081786>@@$$QEAV<lambda_601a2a7da3b7a96e9554ac7215c4b07c>@@@Z 00000001400178a8     libucrt:signal.obj
 0002:000088cc       $unwind$?common_flush_all@@YAH_N@Z 00000001400178cc     libucrt:fflush.obj
 0002:000088d4       $unwind$??$?RV<lambda_842d9ff0dc9ef11c61343bbaebe7f885>@@AEAV<lambda_c5860995281e5c4ce005b3de8f5874ee>@@V<lambda_d90129c13df834fdcbf8d2b88dafcf2d>@@@?$__crt_seh_guarded_call@X@@QEAAX$$QEAV<lambda_842d9ff0dc9ef11c61343bbaebe7f885>@@AEAV<lambda_c5860995281e5c4ce005b3de8f5874ee>@@$$QEAV<lambda_d90129c13df834fdcbf8d2b88dafcf2d>@@@Z 00000001400178d4     libucrt:fflush.obj
 0002:000088f8       $unwind$??$?RV<lambda_886d6c58226a84441f68b9f2b8217b83>@@AEAV<lambda_ab61a845afdef5b7c387490eaf3616ee>@@V<lambda_f7f22ab5edc0698d5f6905b0d3f44752>@@@?$__crt_seh_guarded_call@X@@QEAAX$$QEAV<lambda_886d6c58226a84441f68b9f2b8217b83>@@AEAV<lambda_ab61a845afdef5b7c387490eaf3616ee>@@$$QEAV<lambda_f7f22ab5edc0698d5f6905b0d3f44752>@@@Z 00000001400178f8     libucrt:fflush.obj
 0002:00008920       $unwind$_call_matherr      0000000140017920     libucrt:libm_error.obj
 0002:00008928       $unwind$_handle_error      0000000140017928     libucrt:libm_error.obj
 0002:00008928       $unwind$_handle_errorf     0000000140017928     libucrt:libm_error.obj
 0002:00008948       $unwind$qsort              0000000140017948     libucrt:qsort.obj
 0002:00008960       $chain$4$qsort             0000000140017960     libucrt:qsort.obj
 0002:00008984       $chain$5$qsort             0000000140017984     libucrt:qsort.obj
 0002:00008994       $unwind$strpbrk            0000000140017994     libucrt:strpbrk.obj
 0002:000089a4       $unwind$fallbackMethod     00000001400179a4     libucrt:strpbrk.obj
 0002:000089b4       $unwind$_mbsdec_l          00000001400179b4     libucrt:mbsdec.obj
 0002:000089c0       $unwind$__acrt_LCMapStringA 00000001400179c0     libucrt:lcmapstringa.obj
 0002:000089d0       $unwind$?__acrt_LCMapStringA_stat@@YAHPEAU__crt_locale_pointers@@PEB_WKPEBDHPEADHHH@Z 00000001400179d0     libucrt:lcmapstringa.obj
 0002:000089f8       $unwind$_close             00000001400179f8     libucrt:close.obj
 0002:000089f8       $unwind$_commit            00000001400179f8     libucrt:commit.obj
 0002:00008a00       $unwind$??$?RV<lambda_a37b2b86f63e897a80ea819b0eb08c01>@@AEAV<lambda_38ce7e780aa69e748d6df282ebc68efe>@@V<lambda_99fb1378e971ab6e7edea83e3a7a83a2>@@@?$__crt_seh_guarded_call@H@@QEAAH$$QEAV<lambda_a37b2b86f63e897a80ea819b0eb08c01>@@AEAV<lambda_38ce7e780aa69e748d6df282ebc68efe>@@$$QEAV<lambda_99fb1378e971ab6e7edea83e3a7a83a2>@@@Z 0000000140017a00     libucrt:commit.obj
 0002:00008a24       $unwind$_write             0000000140017a24     libucrt:write.obj
 0002:00008a54       $unwind$_write_nolock      0000000140017a54     libucrt:write.obj
 0002:00008a6c       $unwind$?write_double_translated_ansi_nolock@@YA?AUwrite_result@?A0x17268360@@HQEBDI@Z 0000000140017a6c     libucrt:write.obj
 0002:00008a90       $unwind$?write_text_ansi_nolock@@YA?AUwrite_result@?A0x17268360@@HQEBDI@Z 0000000140017a90     libucrt:write.obj
 0002:00008a90       $unwind$?write_text_utf16le_nolock@@YA?AUwrite_result@?A0x17268360@@HQEBDI@Z 0000000140017a90     libucrt:write.obj
 0002:00008ab0       $unwind$?write_text_utf8_nolock@@YA?AUwrite_result@?A0x17268360@@HQEBDI@Z 0000000140017ab0     libucrt:write.obj
 0002:00008ad4       $unwind$_fcloseall         0000000140017ad4     libucrt:closeall.obj
 0002:00008af8       $unwind$?__mbrtowc_utf8@__crt_mbstring@@YA_KPEA_WPEBD_KPEAU_Mbstatet@@@Z 0000000140017af8     libucrt:mbrtowc.obj
 0002:00008b00       $unwind$?__mbsrtowcs_utf8@__crt_mbstring@@YA_KPEA_WPEAPEBD_KPEAU_Mbstatet@@@Z 0000000140017b00     libucrt:mbrtowc.obj
 0002:00008b18       $unwind$_raise_exc         0000000140017b18     libucrt:fpexcept.obj
 0002:00008b18       $unwind$_raise_excf        0000000140017b18     libucrt:fpexcept.obj
 0002:00008b20       $unwind$_raise_exc_ex      0000000140017b20     libucrt:fpexcept.obj
 0002:00008b34       $unwind$_ctrlfp            0000000140017b34     libucrt:fpctrl.obj
 0002:00008b5c       $unwind$_putwch_nolock     0000000140017b5c     libucrt:putwch.obj
 0002:00008b64       $unwind$fclose             0000000140017b64     libucrt:fclose.obj
 0002:00008b88       $unwind$?__mbrtoc32_utf8@__crt_mbstring@@YA_KPEA_UPEBD_KPEAU_Mbstatet@@@Z 0000000140017b88     libucrt:mbrtoc32.obj
 0002:00008ba8       $xdatasym                  0000000140017ba8     libucrt:log10.obj
 0002:00008bb8       $xdatasym                  0000000140017bb8     libucrt:fpsr.obj
 0002:00008bc0       $unwind$??$?RV<lambda_751a882b2c74d4b022dec766aa51a29a>@@AEAV<lambda_628dfdc04ba53c8bfc02c9951375f3f5>@@V<lambda_f6c7be5f7998530c34de24c7437d6b54>@@@?$__crt_seh_guarded_call@H@@QEAAH$$QEAV<lambda_751a882b2c74d4b022dec766aa51a29a>@@AEAV<lambda_628dfdc04ba53c8bfc02c9951375f3f5>@@$$QEAV<lambda_f6c7be5f7998530c34de24c7437d6b54>@@@Z 0000000140017bc0     libucrt:close.obj
 0002:00008be4       $unwind$_log_special_common 0000000140017be4     libucrt:log_special.obj
 0002:00008bf0       $unwind$_IsNonwritableInCurrentImage 0000000140017bf0     LIBCMT:pesect.obj
 0002:00008c18       $xdatasym                  0000000140017c18     LIBCMT:chkstk.obj
 0002:00008c20       $xdatasym                  0000000140017c20     libvcruntime:memcmp.obj
 0002:00008fc8       .idata$6                   0000000140017fc8     user32:USER32.dll
 0002:00008fe4       .idata$6                   0000000140017fe4     gdi32:GDI32.dll
 0002:000091f8       .idata$6                   00000001400181f8     kernel32:KERNEL32.dll
 0003:00000000       ?XInputGetState_@@3P6AKKPEAU_XINPUT_STATE@@@ZEA 0000000140019000     win32_made.obj
 0003:00000008       ?XInputSetState_@@3P6AKKPEAU_XINPUT_VIBRATION@@@ZEA 0000000140019008     win32_made.obj
 0003:00000050       ?__vcrt_flsindex@@3KA      0000000140019050     libvcruntime:per_thread_data.obj
 0003:00000070       ?__acrt_flsindex@@3KA      0000000140019070     libucrt:per_thread_data.obj
 0003:00000074       ?errno_no_memory@@3HA      0000000140019074     libucrt:errno.obj
 0003:00000078       ?doserrno_no_memory@@3KA   0000000140019078     libucrt:errno.obj
 0003:000002b0       _mbctypes                  00000001400192b0     libucrt:mbctype.obj
 0003:000003c0       _mbcasemaps                00000001400193c0     libucrt:mbctype.obj
 0003:000004c0       ?__rgctypeflag@@3PADA      00000001400194c0     libucrt:mbctype.obj
 0003:000004d0       ?__rgcode_page_info@@3PAUcode_page_info@@A 00000001400194d0     libucrt:mbctype.obj
 0003:000008e8       ?dazSupported@?1??_ctrlfp@@9@9 00000001400198e8     libucrt:fpctrl.obj
 0003:000009f0       ?__dcrt_lowio_console_output_handle@@3PEAXEA 00000001400199f0     libucrt:initcon.obj
 0003:00000a00       ?tSine@?1??GameOutputSound@@YAXPEAUgame_sound_output_buffer@@H@Z@4MA 0000000140019a00     win32_made.obj
 0003:00000a10       ?GlobalRunning@@3HA        0000000140019a10     win32_made.obj
 0003:00000a20       ?GlobalBackbuffer@@3Uwin32_offscreen_buffer@@A 0000000140019a20     win32_made.obj
 0003:00000a68       ?GlobalSecondaryBuffer@@3PEAUIDirectSoundBuffer@@EA 0000000140019a68     win32_made.obj
 0003:00000a70       GS_ExceptionRecord         0000000140019a70     LIBCMT:gs_report.obj
 0003:00000b10       GS_ContextRecord           0000000140019b10     LIBCMT:gs_report.obj
 0003:00000ff0       ?is_initialized_as_dll@@3_NA 0000000140019ff0     LIBCMT:utility.obj
 0003:00000ff1       ?module_local_atexit_table_initialized@@3_NA 0000000140019ff1     LIBCMT:utility.obj
 0003:00000ff8       ?module_local_atexit_table@@3U_onexit_table_t@@A 0000000140019ff8     LIBCMT:utility.obj
 0003:00001010       ?module_local_at_quick_exit_table@@3U_onexit_table_t@@A 000000014001a010     LIBCMT:utility.obj
 0003:00001070       ?__vcrt_startup_thread_ptd@@3U__vcrt_ptd@@A 000000014001a070     libvcruntime:per_thread_data.obj
 0003:000010f0       __vcrt_lock_table          000000014001a0f0     libvcruntime:locks.obj
 0003:00001118       __vcrt_locks_initialized   000000014001a118     libvcruntime:locks.obj
 0003:00001160       ?heap@@3V_HeapManager@@A   000000014001a160     libvcruntime:undname.obj
 0003:00001188       ?module_handles@@3PAPEAUHINSTANCE__@@A 000000014001a188     libvcruntime:winapi_downlevel.obj
 0003:000011a0       ?function_pointers@@3PAPEAXA 000000014001a1a0     libvcruntime:winapi_downlevel.obj
 0003:000011d0       ?__acrt_app_type@@3W4_crt_app_type@@A 000000014001a1d0     libucrt:report_runtime_error.obj
 0003:000011d8       ?user_matherr@@3V?$dual_state_global@P6AHPEAU_exception@@@Z@__crt_state_management@@A 000000014001a1d8     libucrt:matherr.obj
 0003:000011e0       ?program_name@?1???$common_configure_argv@D@@YAHW4_crt_argv_mode@@@Z@4PADA 000000014001a1e0     libucrt:argv_parsing.obj
 0003:00001308       ?empty_string@?1???$common_wincmdln@E@@YAPEAEXZ@4PAEA 000000014001a308     libucrt:argv_winmain.obj
 0003:0000130c       ?c_termination_complete@@3JA 000000014001a30c     libucrt:exit.obj
 0003:00001310       ?thread_local_exit_callback_func@@3P6AXPEAXK0@ZEA 000000014001a310     libucrt:exit.obj
 0003:00001320       ?__acrt_global_new_mode@@3V?$dual_state_global@J@__crt_state_management@@A 000000014001a320     libucrt:new_mode.obj
 0003:00001360       ?__acrt_invalid_parameter_handler@@3V?$dual_state_global@P6AXPEB_W00I_K@Z@__crt_state_management@@A 000000014001a360     libucrt:invalid_parameter.obj
 0003:00001380       ?fSystemSet@@3HA           000000014001a380     libucrt:mbctype.obj
 0003:00001384       ?initialized@?1??__acrt_initialize_multibyte@@9@4_NA 000000014001a384     libucrt:mbctype.obj
 0003:000013c0       ?__acrt_lock_table@@3PAU_RTL_CRITICAL_SECTION@@A 000000014001a3c0     libucrt:locks.obj
 0003:000015f0       ?__acrt_locks_initialized@@3IA 000000014001a5f0     libucrt:locks.obj
 0003:00001a10       ?module_handles@@3PAPEAUHINSTANCE__@@A 000000014001aa10     libucrt:winapi_thunks.obj
 0003:00001ab0       ?encoded_function_pointers@@3PAPEAXA 000000014001aab0     libucrt:winapi_thunks.obj
 0003:00001bd0       ?__acrt_new_handler@@3V?$dual_state_global@P6AH_K@Z@__crt_state_management@@A 000000014001abd0     libucrt:new_handler.obj
 0003:00001bd8       ?ctrlc_action@@3V?$dual_state_global@P6AXH@Z@__crt_state_management@@A 000000014001abd8     libucrt:signal.obj
 0003:00001be0       ?ctrlbreak_action@@3V?$dual_state_global@P6AXH@Z@__crt_state_management@@A 000000014001abe0     libucrt:signal.obj
 0003:00001be8       ?abort_action@@3V?$dual_state_global@P6AXH@Z@__crt_state_management@@A 000000014001abe8     libucrt:signal.obj
 0003:00001bf0       ?term_action@@3V?$dual_state_global@P6AXH@Z@__crt_state_management@@A 000000014001abf0     libucrt:signal.obj
 0003:00001c18       ?internal_state@?1??_mbtowc_l@@9@4U_Mbstatet@@A 000000014001ac18     libucrt:mbtowc.obj
 0003:00001c20       ?internal_pst@?1??__mbrtoc32_utf8@__crt_mbstring@@YA_KPEA_UPEBD_KPEAU_Mbstatet@@@Z@4U3@A 000000014001ac20     libucrt:mbrtoc32.obj
 0005:00000000       MsetTab                    000000014001c000     libvcruntime:memset.obj
 0005:00000050       MoveSmall                  000000014001c050     libvcruntime:memcpy.obj
 0005:00000090       MoveSmallYmm               000000014001c090     libvcruntime:memcpy.obj
 0005:000000b4       MoveSmallYmmNT             000000014001c0b4     libvcruntime:memcpy.obj
 0005:000000d8       MoveSmallXmm               000000014001c0d8     libvcruntime:memcpy.obj
