 win32_made

 Timestamp is 6112db7a (Tue Aug 10 23:03:06 2021)

 Preferred load address is 0000000140000000

 Start         Length     Name                   Class
 0001:00000000 0003a830H .text$mn                CODE
 0001:0003a830 00000040H .text$mn$00             CODE
 0001:0003a870 0000067dH .text$x                 CODE
 0002:00000000 00000358H .idata$5                DATA
 0002:00000358 00000028H .00cfg                  DATA
 0002:00000380 00000008H .CRT$XCA                DATA
 0002:00000388 00000008H .CRT$XCAA               DATA
 0002:00000390 00000008H .CRT$XCZ                DATA
 0002:00000398 00000008H .CRT$XIA                DATA
 0002:000003a0 00000008H .CRT$XIAA               DATA
 0002:000003a8 00000008H .CRT$XIAC               DATA
 0002:000003b0 00000020H .CRT$XIC                DATA
 0002:000003d0 00000008H .CRT$XIZ                DATA
 0002:000003d8 00000008H .CRT$XPA                DATA
 0002:000003e0 00000010H .CRT$XPX                DATA
 0002:000003f0 00000008H .CRT$XPXA               DATA
 0002:000003f8 00000008H .CRT$XPZ                DATA
 0002:00000400 00000008H .CRT$XTA                DATA
 0002:00000408 00000008H .CRT$XTZ                DATA
 0002:00000410 00000000H .gehcont$y              DATA
 0002:00000410 00000000H .gfids$y                DATA
 0002:00000410 00010c70H .rdata                  DATA
 0002:00011080 00000000H .rdata$CastGuardVftablesA DATA
 0002:00011080 00000000H .rdata$CastGuardVftablesC DATA
 0002:00011080 0000016cH .rdata$r                DATA
 0002:000111ec 00000124H .rdata$voltmd           DATA
 0002:00011310 00000338H .rdata$zzzdbg           DATA
 0002:00011648 00000008H .rtc$IAA                DATA
 0002:00011650 00000008H .rtc$IZZ                DATA
 0002:00011658 00000008H .rtc$TAA                DATA
 0002:00011660 00000010H .rtc$TZZ                DATA
 0002:00011670 000011a8H .xdata                  DATA
 0002:00012818 00000084H .xdata$x                DATA
 0002:0001289c 00000000H .edata                  DATA
 0002:0001289c 00000050H .idata$2                DATA
 0002:000128ec 00000014H .idata$3                DATA
 0002:00012900 00000358H .idata$4                DATA
 0002:00012c58 00000764H .idata$6                DATA
 0003:00000000 00000a70H .data                   DATA
 0003:00000a70 00000050H .data$r                 DATA
 0003:00000ac0 00000020H .data$rs                DATA
 0003:00000ae0 000018d0H .bss                    DATA
 0004:00000000 00002f64H .pdata                  DATA
 0005:00000000 000000f4H _RDATA                  DATA

  Address         Publics by Value              Rva+Base               Lib:Object

 0000:00000000       __x64_code_ranges_to_entry_points_count 0000000000000000     <absolute>
 0000:00000000       __arm64x_redirection_metadata 0000000000000000     <absolute>
 0000:00000000       __guard_iat_table          0000000000000000     <absolute>
 0000:00000000       __guard_iat_count          0000000000000000     <absolute>
 0000:00000000       __guard_longjmp_count      0000000000000000     <absolute>
 0000:00000000       __guard_longjmp_table      0000000000000000     <absolute>
 0000:00000000       __x64_code_ranges_to_entry_points 0000000000000000     <absolute>
 0000:00000000       __dynamic_value_reloc_table 0000000000000000     <absolute>
 0000:00000000       __hybrid_auxiliary_iat     0000000000000000     <absolute>
 0000:00000000       __hybrid_auxiliary_iat_copy 0000000000000000     <absolute>
 0000:00000000       __guard_fids_count         0000000000000000     <absolute>
 0000:00000000       ___safe_se_handler_table   0000000000000000     <absolute>
 0000:00000000       __arm64x_extra_rfe_table   0000000000000000     <absolute>
 0000:00000000       __AbsoluteZero             0000000000000000     <absolute>
 0000:00000000       __hybrid_code_map          0000000000000000     <absolute>
 0000:00000000       __arm64x_extra_rfe_table_size 0000000000000000     <absolute>
 0000:00000000       ___safe_se_handler_count   0000000000000000     <absolute>
 0000:00000000       __guard_check_icall_a64n_fptr 0000000000000000     <absolute>
 0000:00000000       __guard_fids_table         0000000000000000     <absolute>
 0000:00000000       __guard_eh_cont_count      0000000000000000     <absolute>
 0000:00000000       __arm64x_redirection_metadata_count 0000000000000000     <absolute>
 0000:00000000       __enclave_config           0000000000000000     <absolute>
 0000:00000000       __guard_eh_cont_table      0000000000000000     <absolute>
 0000:00000000       __arm64x_native_entrypoint 0000000000000000     <absolute>
 0000:00000000       __hybrid_code_map_count    0000000000000000     <absolute>
 0000:00000100       __guard_flags              0000000000000100     <absolute>
 0000:00000000       __ImageBase                0000000140000000     <linker-defined>
 0001:00000000       WinMain                    0000000140001000 f   win32_made.obj
 0001:00001750       ?XInputGetStateStub@@YAKKPEAU_XINPUT_STATE@@@Z 0000000140002750 f   win32_made.obj
 0001:00001770       ?XInputSetStateStub@@YAKKPEAU_XINPUT_VIBRATION@@@Z 0000000140002770 f   win32_made.obj
 0001:000019f0       ?DEBUGPlatformFreeFileMemory@@YAXPEAUthread_context@@PEAX@Z 00000001400029f0 f   win32_made.obj
 0001:00001a30       ?DEBUGPlatformReadEntireFile@@YA?AUdebug_read_file_result@@PEAUthread_context@@PEAD@Z 0000000140002a30 f   win32_made.obj
 0001:00001b90       ?DEBUGPlatformWriteEntireFile@@YAHPEAUthread_context@@PEADIPEAX@Z 0000000140002b90 f   win32_made.obj
 0001:000031a0       ?GetController@@YAPEAUgame_controller_input@@PEAUgame_input@@I@Z 00000001400041a0 f i win32_made.obj
 0001:000031f0       ?SafeTruncateUInt64@@YAI_K@Z 00000001400041f0 f i win32_made.obj
 0001:00003220       ?Win32GetLastWriteTime@@YA?AU_FILETIME@@PEAD@Z 0000000140004220 f i win32_made.obj
 0001:00003290       ?Win32GetSecondsElapsed@@YAMT_LARGE_INTEGER@@0@Z 0000000140004290 f i win32_made.obj
 0001:000032d0       ?Win32GetWallClock@@YA?AT_LARGE_INTEGER@@XZ 00000001400042d0 f i win32_made.obj
 0001:000032f0       __GSHandlerCheck           00000001400042f0 f   LIBCMTD:gshandler.obj
 0001:00003330       __GSHandlerCheckCommon     0000000140004330 f   LIBCMTD:gshandler.obj
 0001:00003440       _alloca_probe              0000000140004440 f   LIBCMTD:chkstk.obj
 0001:00003440       __chkstk                   0000000140004440 f   LIBCMTD:chkstk.obj
 0001:000034a0       __security_check_cookie    00000001400044a0 f   LIBCMTD:amdsecgs.obj
 0001:00003770       ?configure_argv@__scrt_narrow_argv_policy@@SAHXZ 0000000140004770 f i LIBCMTD:exe_winmain.obj
 0001:00003790       ?initialize_environment@__scrt_narrow_environment_policy@@SAHXZ 0000000140004790 f i LIBCMTD:exe_winmain.obj
 0001:000037e0       ?set_app_type@__scrt_winmain_policy@@SAXXZ 00000001400047e0 f i LIBCMTD:exe_winmain.obj
 0001:00003800       ?set_commode@__scrt_file_policy@@SAXXZ 0000000140004800 f i LIBCMTD:exe_winmain.obj
 0001:00003820       ?set_fmode@__scrt_file_policy@@SAXXZ 0000000140004820 f i LIBCMTD:exe_winmain.obj
 0001:00003840       WinMainCRTStartup          0000000140004840 f   LIBCMTD:exe_winmain.obj
 0001:00003860       __raise_securityfailure    0000000140004860 f   LIBCMTD:gs_report.obj
 0001:000038a0       __report_gsfailure         00000001400048a0 f   LIBCMTD:gs_report.obj
 0001:00003980       __report_rangecheckfailure 0000000140004980 f   LIBCMTD:gs_report.obj
 0001:000039a0       __report_securityfailure   00000001400049a0 f   LIBCMTD:gs_report.obj
 0001:00003d00       NtCurrentTeb               0000000140004d00 f i LIBCMTD:utility.obj
 0001:00003d10       __scrt_acquire_startup_lock 0000000140004d10 f   LIBCMTD:utility.obj
 0001:00003d80       __scrt_initialize_crt      0000000140004d80 f   LIBCMTD:utility.obj
 0001:00003dd0       __scrt_initialize_onexit_tables 0000000140004dd0 f   LIBCMTD:utility.obj
 0001:00003ee0       __scrt_is_nonwritable_in_current_image 0000000140004ee0 f   LIBCMTD:utility.obj
 0001:00003f70       __scrt_release_startup_lock 0000000140004f70 f   LIBCMTD:utility.obj
 0001:00003fa0       __scrt_uninitialize_crt    0000000140004fa0 f   LIBCMTD:utility.obj
 0001:00003fe0       _onexit                    0000000140004fe0 f   LIBCMTD:utility.obj
 0001:00004060       atexit                     0000000140005060 f   LIBCMTD:utility.obj
 0001:00004160       __security_init_cookie     0000000140005160 f   LIBCMTD:gs_support.obj
 0001:000041e0       _matherr                   00000001400051e0 f   LIBCMTD:matherr.obj
 0001:000041e0       ?get_current_state_index@__crt_state_management@@YA_KAEBV__crt_scoped_get_last_error_reset@@@Z 00000001400051e0 f   libucrtd:per_thread_data.obj
 0001:000041f0       _get_startup_argv_mode     00000001400051f0 f   LIBCMTD:argv_mode.obj
 0001:00004200       _get_startup_thread_locale_mode 0000000140005200 f   LIBCMTD:thread_locale.obj
 0001:00004200       ?get_current_state_index@__crt_state_management@@YA_KXZ 0000000140005200 f   libucrtd:matherr.obj
 0001:00004200       __scrt_stub_for_initialize_mta 0000000140005200 f   LIBCMTD:utility_desktop.obj
 0001:00004200       ?get_invalid_value@__crt_hmodule_traits@@SAPEAUHINSTANCE__@@XZ 0000000140005200 f   libucrtd:exit.obj
 0001:00004200       __scrt_initialize_winrt    0000000140005200 f   LIBCMTD:utility_desktop.obj
 0001:00004200       _get_startup_commit_mode   0000000140005200 f   LIBCMTD:commit_mode.obj
 0001:00004200       __scrt_exe_initialize_mta  0000000140005200 f   LIBCMTD:utility_desktop.obj
 0001:00004200       _get_startup_new_mode      0000000140005200 f   LIBCMTD:new_mode.obj
 0001:00004210       _get_startup_file_mode     0000000140005210 f   LIBCMTD:file_mode.obj
 0001:00004220       ?__scrt_initialize_type_info@@YAXXZ 0000000140005220 f   LIBCMTD:tncleanup.obj
 0001:00004240       _should_initialize_environment 0000000140005240 f   LIBCMTD:env_mode.obj
 0001:00004250       _initialize_invalid_parameter_handler 0000000140005250 f   LIBCMTD:invalid_parameter_handler.obj
 0001:00004250       _initialize_denormal_control 0000000140005250 f   LIBCMTD:denormal_control.obj
 0001:00004260       __local_stdio_printf_options 0000000140005260 f i LIBCMTD:default_local_stdio_options.obj
 0001:00004270       __local_stdio_scanf_options 0000000140005270 f i LIBCMTD:default_local_stdio_options.obj
 0001:00004280       __scrt_initialize_default_local_stdio_options 0000000140005280 f   LIBCMTD:default_local_stdio_options.obj
 0001:000042d0       __scrt_is_user_matherr_present 00000001400052d0 f   LIBCMTD:matherr_detection.obj
 0001:00004300       __scrt_get_dyn_tls_init_callback 0000000140005300 f   LIBCMTD:dyn_tls_init.obj
 0001:00004310       __scrt_get_dyn_tls_dtor_callback 0000000140005310 f   LIBCMTD:dyn_tls_dtor.obj
 0001:00004320       __crt_debugger_hook        0000000140005320 f   LIBCMTD:utility_desktop.obj
 0001:00004330       __scrt_fastfail            0000000140005330 f   LIBCMTD:utility_desktop.obj
 0001:000044d0       __scrt_get_show_window_mode 00000001400054d0 f   LIBCMTD:utility_desktop.obj
 0001:00004530       __scrt_initialize_mta      0000000140005530 f   LIBCMTD:utility_desktop.obj
 0001:00004540       __scrt_is_managed_app      0000000140005540 f   LIBCMTD:utility_desktop.obj
 0001:000045f0       __scrt_set_unhandled_exception_filter 00000001400055f0 f   LIBCMTD:utility_desktop.obj
 0001:00004610       __scrt_unhandled_exception_filter 0000000140005610 f   LIBCMTD:utility_desktop.obj
 0001:000046b0       _RTC_Initialize            00000001400056b0 f   LIBCMTD:initsect.obj
 0001:00004700       _RTC_Terminate             0000000140005700 f   LIBCMTD:initsect.obj
 0001:00004750       _guard_check_icall_nop     0000000140005750 f i LIBCMTD:guard_support.obj
 0001:00004750       ??1?$__crt_simd_cleanup_guard@$0A@@@QEAA@XZ 0000000140005750 f i libucrtd:strnlen.obj
 0001:00004750       ??1scoped_global_state_reset@__crt_state_management@@QEAA@XZ 0000000140005750 f i libucrtd:onexit.obj
 0001:00004760       ReadNoFence64              0000000140005760 f i LIBCMTD:guard_support.obj
 0001:00004780       ReadPointerNoFence         0000000140005780 f i LIBCMTD:guard_support.obj
 0001:000047a0       _guard_icall_checks_enforced 00000001400057a0 f i LIBCMTD:guard_support.obj
 0001:000047e0       __isa_available_init       00000001400057e0 f   LIBCMTD:cpu_disp.obj
 0001:00004b80       __scrt_is_ucrt_dll_in_use  0000000140005b80 f   LIBCMTD:ucrt_detection.obj
 0001:00004bb0       __C_specific_handler       0000000140005bb0 f   libvcruntimed:riscchandler.obj
 0001:00005020       __vcrt_initialize          0000000140006020 f   libvcruntimed:initialization.obj
 0001:00005060       __vcrt_uninitialize        0000000140006060 f   libvcruntimed:initialization.obj
 0001:00005080       ??$?RU__vcrt_ptd@@@__crt_internal_free_policy@@QEBAXQEBU__vcrt_ptd@@@Z 0000000140006080 f i libvcruntimed:per_thread_data.obj
 0001:00005080       ??$?RD@__crt_internal_free_policy@@QEBAXQEBD@Z 0000000140006080 f i libvcruntimed:std_type_info.obj
 0001:00005080       ??$?RE@__crt_internal_free_policy@@QEBAXQEBE@Z 0000000140006080 f i libucrtd:argv_parsing.obj
 0001:00005080       ??$?RPEAU__crt_stdio_stream_data@@@__crt_internal_free_policy@@QEBAXQEBQEAU__crt_stdio_stream_data@@@Z 0000000140006080 f i libucrtd:_file.obj
 0001:00005080       ??$?RU__crt_multibyte_data@@@__crt_internal_free_policy@@QEBAXQEBU__crt_multibyte_data@@@Z 0000000140006080 f i libucrtd:wsetlocale.obj
 0001:00005080       ??$?RPEAD@__crt_internal_free_policy@@QEBAXQEBQEAD@Z 0000000140006080 f i libucrtd:argv_parsing.obj
 0001:00005080       ??$?RU__crt_lowio_handle_data@@@__crt_internal_free_policy@@QEBAXQEBU__crt_lowio_handle_data@@@Z 0000000140006080 f i libucrtd:osfinfo.obj
 0001:00005080       ??$?RP6AXXZ@__crt_internal_free_policy@@QEBAXQEBQ6AXXZ@Z 0000000140006080 f i libucrtd:onexit.obj
 0001:00005080       ??$?RU__acrt_ptd@@@__crt_internal_free_policy@@QEBAXQEBU__acrt_ptd@@@Z 0000000140006080 f i libucrtd:per_thread_data.obj
 0001:000050b0       ??0?$__crt_unique_heap_ptr@U__crt_multibyte_data@@U__crt_internal_free_policy@@@@QEAA@QEAU__crt_multibyte_data@@@Z 00000001400060b0 f i libucrtd:wsetlocale.obj
 0001:000050b0       ??0?$__crt_unique_heap_ptr@PEAU__crt_stdio_stream_data@@U__crt_internal_free_policy@@@@QEAA@QEAPEAU__crt_stdio_stream_data@@@Z 00000001400060b0 f i libucrtd:_file.obj
 0001:000050b0       ??0?$__crt_scoped_stack_ptr_tag@_W@@QEAA@QEA_W@Z 00000001400060b0 f i libucrtd:getstringtypea.obj
 0001:000050b0       ??0?$string_output_adapter@D@__crt_stdio_output@@QEAA@QEAU?$string_output_adapter_context@D@1@@Z 00000001400060b0 f i libucrtd:output.obj
 0001:000050b0       ??0?$__crt_unique_heap_ptr@U__crt_lowio_handle_data@@U__crt_internal_free_policy@@@@QEAA@QEAU__crt_lowio_handle_data@@@Z 00000001400060b0 f i libucrtd:osfinfo.obj
 0001:000050b0       ??0?$__crt_unique_heap_ptr@U__vcrt_ptd@@U__crt_internal_free_policy@@@@QEAA@QEAU__vcrt_ptd@@@Z 00000001400060b0 f i libvcruntimed:per_thread_data.obj
 0001:000050b0       ??0?$__crt_unique_heap_ptr@U__acrt_ptd@@U__crt_internal_free_policy@@@@QEAA@QEAU__acrt_ptd@@@Z 00000001400060b0 f i libucrtd:per_thread_data.obj
 0001:000050b0       ??0__crt_stdio_stream@@QEAA@QEAU_iobuf@@@Z 00000001400060b0 f i libucrtd:output.obj
 0001:000050b0       ??0?$__crt_unique_heap_ptr@P6AXXZU__crt_internal_free_policy@@@@QEAA@QEAP6AXXZ@Z 00000001400060b0 f i libucrtd:onexit.obj
 0001:000050b0       ??0?$__crt_unique_handle_t@U__crt_hmodule_traits@@@@QEAA@QEAUHINSTANCE__@@@Z 00000001400060b0 f i libucrtd:exit.obj
 0001:000050b0       ??0?$__crt_unique_heap_ptr@EU__crt_internal_free_policy@@@@QEAA@QEAE@Z 00000001400060b0 f i libucrtd:argv_parsing.obj
 0001:000050b0       ??0__crt_stdio_stream@@QEAA@QEAU__crt_stdio_stream_data@@@Z 00000001400060b0 f i libucrtd:fflush.obj
 0001:000050b0       ??0?$__crt_unique_heap_ptr@DU__crt_internal_free_policy@@@@QEAA@QEAD@Z 00000001400060b0 f i libvcruntimed:std_type_info.obj
 0001:000050b0       ??0?$__crt_unique_heap_ptr@PEADU__crt_internal_free_policy@@@@QEAA@QEAPEAD@Z 00000001400060b0 f i libucrtd:argv_parsing.obj
 0001:000050b0       ??0?$__crt_unique_heap_ptr@DU__crt_public_free_policy@@@@QEAA@QEAD@Z 00000001400060b0 f i libvcruntimed:std_exception.obj
 0001:000050b0       ??0?$__crt_scoped_stack_ptr@_W@@QEAA@U?$__crt_scoped_stack_ptr_tag@_W@@@Z 00000001400060b0 f i libucrtd:getstringtypea.obj
 0001:000050b0       ??0?$string_output_adapter@_W@__crt_stdio_output@@QEAA@QEAU?$string_output_adapter_context@_W@1@@Z 00000001400060b0 f i libucrtd:output.obj
 0001:000050b0       ??0?$__crt_unique_handle_t@U__crt_findfile_traits@@@@QEAA@QEAX@Z 00000001400060b0 f i libucrtd:argv_wildcards.obj
 0001:000050d0       ??1?$__crt_unique_heap_ptr@U__crt_lowio_handle_data@@U__crt_internal_free_policy@@@@QEAA@XZ 00000001400060d0 f i libucrtd:osfinfo.obj
 0001:000050d0       ??1?$__crt_unique_heap_ptr@DU__crt_internal_free_policy@@@@QEAA@XZ 00000001400060d0 f i libvcruntimed:std_type_info.obj
 0001:000050d0       ??1?$__crt_unique_heap_ptr@U__vcrt_ptd@@U__crt_internal_free_policy@@@@QEAA@XZ 00000001400060d0 f i libvcruntimed:per_thread_data.obj
 0001:000050d0       ??1?$__crt_unique_heap_ptr@EU__crt_internal_free_policy@@@@QEAA@XZ 00000001400060d0 f i libucrtd:argv_parsing.obj
 0001:000050d0       ??1?$__crt_unique_heap_ptr@PEAU__crt_stdio_stream_data@@U__crt_internal_free_policy@@@@QEAA@XZ 00000001400060d0 f i libucrtd:_file.obj
 0001:000050d0       ??1?$__crt_unique_heap_ptr@U__crt_multibyte_data@@U__crt_internal_free_policy@@@@QEAA@XZ 00000001400060d0 f i libucrtd:wsetlocale.obj
 0001:000050d0       ??1?$__crt_unique_heap_ptr@U__acrt_ptd@@U__crt_internal_free_policy@@@@QEAA@XZ 00000001400060d0 f i libucrtd:per_thread_data.obj
 0001:000050d0       ??1?$__crt_unique_heap_ptr@P6AXXZU__crt_internal_free_policy@@@@QEAA@XZ 00000001400060d0 f i libucrtd:onexit.obj
 0001:000050d0       ??1?$__crt_unique_heap_ptr@PEADU__crt_internal_free_policy@@@@QEAA@XZ 00000001400060d0 f i libucrtd:argv_parsing.obj
 0001:000050f0       ??B?$__crt_unique_heap_ptr@U__acrt_ptd@@U__crt_internal_free_policy@@@@QEBA_NXZ 00000001400060f0 f i libucrtd:per_thread_data.obj
 0001:000050f0       ??B?$__crt_unique_heap_ptr@U__vcrt_ptd@@U__crt_internal_free_policy@@@@QEBA_NXZ 00000001400060f0 f i libvcruntimed:per_thread_data.obj
 0001:000050f0       ??B?$__crt_unique_heap_ptr@U__crt_multibyte_data@@U__crt_internal_free_policy@@@@QEBA_NXZ 00000001400060f0 f i libucrtd:wsetlocale.obj
 0001:000050f0       ??B?$__crt_unique_heap_ptr@DU__crt_internal_free_policy@@@@QEBA_NXZ 00000001400060f0 f i libvcruntimed:std_type_info.obj
 0001:000050f0       ??B?$__crt_unique_heap_ptr@DU__crt_public_free_policy@@@@QEBA_NXZ 00000001400060f0 f i libvcruntimed:std_exception.obj
 0001:000050f0       ??B?$__crt_unique_heap_ptr@U__crt_lowio_handle_data@@U__crt_internal_free_policy@@@@QEBA_NXZ 00000001400060f0 f i libucrtd:osfinfo.obj
 0001:000050f0       ??B?$__crt_unique_heap_ptr@EU__crt_internal_free_policy@@@@QEBA_NXZ 00000001400060f0 f i libucrtd:argv_parsing.obj
 0001:00005110       ?__crt_interlocked_read_64@@YA_JPED_J@Z 0000000140006110 f i libvcruntimed:std_type_info.obj
 0001:00005130       ?public_stream@__crt_stdio_stream@@QEBAPEAU_iobuf@@XZ 0000000140006130 f i libucrtd:output.obj
 0001:00005130       ?save_state@?$c_string_character_source@_W@__crt_strtox@@QEBAPEB_WXZ 0000000140006130 f i libucrtd:atox.obj
 0001:00005130       ?get@?$__crt_unique_heap_ptr@U__crt_multibyte_data@@U__crt_internal_free_policy@@@@QEBAPEAU__crt_multibyte_data@@XZ 0000000140006130 f i libucrtd:wsetlocale.obj
 0001:00005130       ?save_state@?$c_string_character_source@D@__crt_strtox@@QEBAPEBDXZ 0000000140006130 f i libucrtd:atox.obj
 0001:00005130       ?get@?$__crt_unique_heap_ptr@DU__crt_internal_free_policy@@@@QEBAPEADXZ 0000000140006130 f i libvcruntimed:std_type_info.obj
 0001:00005130       ?get@?$__crt_unique_heap_ptr@U__vcrt_ptd@@U__crt_internal_free_policy@@@@QEBAPEAU__vcrt_ptd@@XZ 0000000140006130 f i libvcruntimed:per_thread_data.obj
 0001:00005130       ?get@?$__crt_unique_heap_ptr@U__crt_lowio_handle_data@@U__crt_internal_free_policy@@@@QEBAPEAU__crt_lowio_handle_data@@XZ 0000000140006130 f i libucrtd:osfinfo.obj
 0001:00005130       ??C__crt_stdio_stream@@QEBAPEAU__crt_stdio_stream_data@@XZ 0000000140006130 f i libucrtd:output.obj
 0001:00005130       ?get@?$__crt_unique_heap_ptr@PEADU__crt_internal_free_policy@@@@QEBAPEAPEADXZ 0000000140006130 f i libucrtd:argv_parsing.obj
 0001:00005130       ?get@?$__crt_unique_handle_t@U__crt_findfile_traits@@@@QEBAPEAXXZ 0000000140006130 f i libucrtd:argv_wildcards.obj
 0001:00005130       ?get@?$__crt_unique_handle_t@U__crt_hmodule_traits@@@@QEBAPEAUHINSTANCE__@@XZ 0000000140006130 f i libucrtd:exit.obj
 0001:00005130       ?get@?$__crt_unique_heap_ptr@EU__crt_internal_free_policy@@@@QEBAPEAEXZ 0000000140006130 f i libucrtd:argv_parsing.obj
 0001:00005130       ?get@?$__crt_unique_heap_ptr@U__acrt_ptd@@U__crt_internal_free_policy@@@@QEBAPEAU__acrt_ptd@@XZ 0000000140006130 f i libucrtd:per_thread_data.obj
 0001:00005130       ?get@?$__crt_scoped_stack_ptr@_W@@QEBAPEA_WXZ 0000000140006130 f i libucrtd:getstringtypea.obj
 0001:00005130       ?get@?$__crt_unique_heap_ptr@DU__crt_public_free_policy@@@@QEBAPEADXZ 0000000140006130 f i libvcruntimed:std_exception.obj
 0001:00005140       ?is_valid@?$__crt_unique_heap_ptr@U__crt_lowio_handle_data@@U__crt_internal_free_policy@@@@QEBA_NXZ 0000000140006140 f i libucrtd:osfinfo.obj
 0001:00005140       ?is_valid@?$__crt_unique_heap_ptr@EU__crt_internal_free_policy@@@@QEBA_NXZ 0000000140006140 f i libucrtd:argv_parsing.obj
 0001:00005140       ??B?$__crt_scoped_stack_ptr@_W@@QEBA_NXZ 0000000140006140 f i libucrtd:lcmapstringa.obj
 0001:00005140       ?is_valid@?$__crt_unique_heap_ptr@DU__crt_public_free_policy@@@@QEBA_NXZ 0000000140006140 f i libvcruntimed:std_exception.obj
 0001:00005140       ?is_valid@?$__crt_unique_heap_ptr@DU__crt_internal_free_policy@@@@QEBA_NXZ 0000000140006140 f i libvcruntimed:std_type_info.obj
 0001:00005140       ?valid@__crt_stdio_stream@@QEBA_NXZ 0000000140006140 f i libucrtd:output.obj
 0001:00005140       ?is_valid@?$__crt_unique_heap_ptr@U__crt_multibyte_data@@U__crt_internal_free_policy@@@@QEBA_NXZ 0000000140006140 f i libucrtd:wsetlocale.obj
 0001:00005140       ?is_valid@?$__crt_unique_heap_ptr@U__vcrt_ptd@@U__crt_internal_free_policy@@@@QEBA_NXZ 0000000140006140 f i libvcruntimed:per_thread_data.obj
 0001:00005140       ?is_valid@?$__crt_unique_heap_ptr@U__acrt_ptd@@U__crt_internal_free_policy@@@@QEBA_NXZ 0000000140006140 f i libucrtd:per_thread_data.obj
 0001:00005170       ?release@?$__crt_unique_heap_ptr@PEAU__crt_stdio_stream_data@@U__crt_internal_free_policy@@@@QEAAXXZ 0000000140006170 f i libucrtd:_file.obj
 0001:00005170       ?release@?$__crt_unique_heap_ptr@U__vcrt_ptd@@U__crt_internal_free_policy@@@@QEAAXXZ 0000000140006170 f i libvcruntimed:per_thread_data.obj
 0001:00005170       ?release@?$__crt_unique_heap_ptr@PEADU__crt_internal_free_policy@@@@QEAAXXZ 0000000140006170 f i libucrtd:argv_parsing.obj
 0001:00005170       ?release@?$__crt_unique_heap_ptr@P6AXXZU__crt_internal_free_policy@@@@QEAAXXZ 0000000140006170 f i libucrtd:onexit.obj
 0001:00005170       ?release@?$__crt_unique_heap_ptr@U__crt_multibyte_data@@U__crt_internal_free_policy@@@@QEAAXXZ 0000000140006170 f i libucrtd:wsetlocale.obj
 0001:00005170       ?release@?$__crt_unique_heap_ptr@U__crt_lowio_handle_data@@U__crt_internal_free_policy@@@@QEAAXXZ 0000000140006170 f i libucrtd:osfinfo.obj
 0001:00005170       ?release@?$__crt_unique_heap_ptr@U__acrt_ptd@@U__crt_internal_free_policy@@@@QEAAXXZ 0000000140006170 f i libucrtd:per_thread_data.obj
 0001:00005170       ?release@?$__crt_unique_heap_ptr@DU__crt_internal_free_policy@@@@QEAAXXZ 0000000140006170 f i libvcruntimed:std_type_info.obj
 0001:00005170       ?release@?$__crt_unique_heap_ptr@EU__crt_internal_free_policy@@@@QEAAXXZ 0000000140006170 f i libucrtd:argv_parsing.obj
 0001:000051a0       __std_type_info_compare    00000001400061a0 f   libvcruntimed:std_type_info.obj
 0001:000051e0       __DestructExceptionObject  00000001400061e0 f   libvcruntimed:ehhelpers.obj
 0001:000052e0       ?_CallMemberFunction0@@YAXQEAX0@Z 00000001400062e0 f i libvcruntimed:ehhelpers.obj
 0001:000053b0       _IsExceptionObjectToBeDestroyed 00000001400063b0 f   libvcruntimed:ehhelpers.obj
 0001:00005400       __AdjustPointer            0000000140006400 f   libvcruntimed:ehhelpers.obj
 0001:00005480       __FrameUnwindFilter        0000000140006480 f   libvcruntimed:ehhelpers.obj
 0001:00005530       __current_exception        0000000140006530 f   libvcruntimed:ehhelpers.obj
 0001:00005550       __current_exception_context 0000000140006550 f   libvcruntimed:ehhelpers.obj
 0001:00005580       _NLG_Notify                0000000140006580 f   libvcruntimed:notify.obj
 0001:000055a0       __NLG_Dispatch2            00000001400065a0 f   libvcruntimed:notify.obj
 0001:000055b0       __NLG_Return2              00000001400065b0 f   libvcruntimed:notify.obj
 0001:000055c0       __except_validate_context_record 00000001400065c0 f   libvcruntimed:jbcxrval.obj
 0001:00005660       ?detach@?$__crt_unique_heap_ptr@DU__crt_public_free_policy@@@@QEAAPEADXZ 0000000140006660 f i libvcruntimed:std_exception.obj
 0001:00005660       ?detach@?$__crt_unique_heap_ptr@U__acrt_ptd@@U__crt_internal_free_policy@@@@QEAAPEAU__acrt_ptd@@XZ 0000000140006660 f i libucrtd:per_thread_data.obj
 0001:00005660       ?detach@?$__crt_unique_heap_ptr@PEAU__crt_stdio_stream_data@@U__crt_internal_free_policy@@@@QEAAPEAPEAU__crt_stdio_stream_data@@XZ 0000000140006660 f i libucrtd:_file.obj
 0001:00005660       ?detach@?$__crt_unique_heap_ptr@U__crt_multibyte_data@@U__crt_internal_free_policy@@@@QEAAPEAU__crt_multibyte_data@@XZ 0000000140006660 f i libucrtd:wsetlocale.obj
 0001:00005660       ?detach@?$__crt_unique_heap_ptr@U__vcrt_ptd@@U__crt_internal_free_policy@@@@QEAAPEAU__vcrt_ptd@@XZ 0000000140006660 f i libvcruntimed:per_thread_data.obj
 0001:00005660       ?detach@?$__crt_unique_heap_ptr@EU__crt_internal_free_policy@@@@QEAAPEAEXZ 0000000140006660 f i libucrtd:argv_parsing.obj
 0001:00005660       ?detach@?$__crt_unique_heap_ptr@PEADU__crt_internal_free_policy@@@@QEAAPEAPEADXZ 0000000140006660 f i libucrtd:argv_parsing.obj
 0001:00005660       ?detach@?$__crt_unique_heap_ptr@P6AXXZU__crt_internal_free_policy@@@@QEAAPEAP6AXXZXZ 0000000140006660 f i libucrtd:onexit.obj
 0001:00005660       ?detach@?$__crt_unique_heap_ptr@U__crt_lowio_handle_data@@U__crt_internal_free_policy@@@@QEAAPEAU__crt_lowio_handle_data@@XZ 0000000140006660 f i libucrtd:osfinfo.obj
 0001:000056d0       __vcrt_freefls             00000001400066d0 f   libvcruntimed:per_thread_data.obj
 0001:00005710       __vcrt_getptd              0000000140006710 f   libvcruntimed:per_thread_data.obj
 0001:00005740       __vcrt_getptd_noexit       0000000140006740 f   libvcruntimed:per_thread_data.obj
 0001:000058e0       __vcrt_initialize_ptd      00000001400068e0 f   libvcruntimed:per_thread_data.obj
 0001:00005930       __vcrt_uninitialize_ptd    0000000140006930 f   libvcruntimed:per_thread_data.obj
 0001:00005960       __vcrt_initialize_locks    0000000140006960 f   libvcruntimed:locks.obj
 0001:000059d0       __vcrt_uninitialize_locks  00000001400069d0 f   libvcruntimed:locks.obj
 0001:00005a30       _vsprintf_s_l              0000000140006a30 f i libvcruntimed:undname.obj
 0001:00005aa0       sprintf_s                  0000000140006aa0 f i libvcruntimed:undname.obj
 0001:00005b00       ??$__crt_interlocked_exchange_pointer@UHINSTANCE__@@PEAU1@@@YAPEAUHINSTANCE__@@PEDSEAU0@QEAU0@@Z 0000000140006b00 f i libvcruntimed:winapi_downlevel.obj
 0001:00005b00       ??$__crt_interlocked_exchange_pointer@XPEAX@@YAPEAXPEDSEAXQEAX@Z 0000000140006b00 f i libvcruntimed:winapi_downlevel.obj
 0001:00005b00       ??$__crt_interlocked_exchange_pointer@UHINSTANCE__@@PEAX@@YAPEAUHINSTANCE__@@PEDSEAU0@QEAX@Z 0000000140006b00 f i libvcruntimed:winapi_downlevel.obj
 0001:00005b20       ??$__crt_interlocked_read_pointer@UHINSTANCE__@@@@YAPEAUHINSTANCE__@@PEDSEAU0@@Z 0000000140006b20 f i libvcruntimed:winapi_downlevel.obj
 0001:00005b20       ??$__crt_interlocked_read_pointer@X@@YAPEAXPEDSEAX@Z 0000000140006b20 f i libvcruntimed:winapi_downlevel.obj
 0001:00005b40       ?get_invalid_value@__crt_findfile_traits@@SAPEAXXZ 0000000140006b40 f   libucrtd:argv_wildcards.obj
 0001:00006030       __vcrt_FlsAlloc            0000000140007030 f   libvcruntimed:winapi_downlevel.obj
 0001:00006080       __vcrt_FlsFree             0000000140007080 f   libvcruntimed:winapi_downlevel.obj
 0001:000060d0       __vcrt_FlsGetValue         00000001400070d0 f   libvcruntimed:winapi_downlevel.obj
 0001:00006120       __vcrt_FlsSetValue         0000000140007120 f   libvcruntimed:winapi_downlevel.obj
 0001:00006180       __vcrt_InitializeCriticalSectionEx 0000000140007180 f   libvcruntimed:winapi_downlevel.obj
 0001:00006200       memcpy_repmovs             0000000140007200 f   libvcruntimed:memcpy.obj
 0001:00006220       memcpy                     0000000140007220 f   libvcruntimed:memcpy.obj
 0001:00006220       memmove                    0000000140007220 f   libvcruntimed:memcpy.obj
 0001:000068a0       ??$?0AEAViterator@TryBlockMap@__FrameHandler3@@AEAV012@$0A@@?$pair@Viterator@TryBlockMap@__FrameHandler3@@V123@@std@@QEAA@AEAViterator@TryBlockMap@__FrameHandler3@@0@Z 00000001400078a0 f i libvcruntimed:risctrnsctrl.obj
 0001:000069b0       ??$_CallSETranslator@V__FrameHandler3@@@@YAHPEAUEHExceptionRecord@@PEA_KPEAU_CONTEXT@@PEAU_xDISPATCHER_CONTEXT@@PEBU_s_FuncInfo@@K1H@Z 00000001400079b0 f i libvcruntimed:risctrnsctrl.obj
 0001:00006a40       ?debug_info@?$__crt_win32_buffer@DU__crt_win32_buffer_no_resizing@@@@QEBAAEBV__crt_win32_buffer_empty_debug_info@@XZ 0000000140007a40 f i libucrtd:getmodulefilenamea.obj
 0001:00006a40       ?dangerous_get_state_array@?$dual_state_global@PEAU__crt_locale_data@@@__crt_state_management@@QEAAPEAPEAU__crt_locale_data@@XZ 0000000140007a40 f i libucrtd:per_thread_data.obj
 0001:00006a40       ?dangerous_get_state_array@?$dual_state_global@PEAU__crt_multibyte_data@@@__crt_state_management@@QEAAPEAPEAU__crt_multibyte_data@@XZ 0000000140007a40 f i libucrtd:mbctype.obj
 0001:00006a40       ?get_address_of@?$__crt_unique_heap_ptr@PEADU__crt_internal_free_policy@@@@QEAAPEAPEAPEADXZ 0000000140007a40 f i libucrtd:argv_parsing.obj
 0001:00006a40       ?dangerous_get_state_array@?$dual_state_global@H@__crt_state_management@@QEAAPEAHXZ 0000000140007a40 f i libucrtd:txtmode.obj
 0001:00006a40       ??$forward@AEAViterator@TryBlockMap@__FrameHandler3@@@std@@YAAEAViterator@TryBlockMap@__FrameHandler3@@AEAV123@@Z 0000000140007a40 f i libvcruntimed:risctrnsctrl.obj
 0001:00006a40       ?dangerous_get_state_array@?$dual_state_global@P6AXPEB_W00I_K@Z@__crt_state_management@@QEAAPEAP6AXPEB_W00I_K@ZXZ 0000000140007a40 f i libucrtd:invalid_parameter.obj
 0001:00006a40       ?debug_info@?$__crt_win32_buffer@DU__crt_win32_buffer_internal_dynamic_resizing@@@@QEBAAEBV__crt_win32_buffer_empty_debug_info@@XZ 0000000140007a40 f i libucrtd:argv_wildcards.obj
 0001:00006a40       ?debug_info@?$__crt_win32_buffer@_WU__crt_win32_buffer_internal_dynamic_resizing@@@@QEBAAEBV__crt_win32_buffer_empty_debug_info@@XZ 0000000140007a40 f i libucrtd:argv_wildcards.obj
 0001:00006a40       ?dangerous_get_state_array@?$dual_state_global@PEAE@__crt_state_management@@QEAAPEAPEAEXZ 0000000140007a40 f i libucrtd:mbctype.obj
 0001:00006a40       ?get_address_of@?$__crt_unique_handle_t@U__crt_hmodule_traits@@@@QEAAPEAPEAUHINSTANCE__@@XZ 0000000140007a40 f i libucrtd:exit.obj
 0001:00006a50       ??0iterator@TryBlockMap@__FrameHandler3@@QEAA@AEAV12@I@Z 0000000140007a50 f i libvcruntimed:risctrnsctrl.obj
 0001:00006a50       ??0iterator@HandlerMap@__FrameHandler3@@QEAA@AEAV12@I@Z 0000000140007a50 f i libvcruntimed:frame.obj
 0001:00006a80       ?CatchTryBlock@__FrameHandler3@@SAPEBU_s_TryBlockMapEntry@@PEBU_s_FuncInfo@@H@Z 0000000140007a80 f   libvcruntimed:risctrnsctrl.obj
 0001:00006b10       ?ExecutionInCatch@__FrameHandler3@@SA_NPEAU_xDISPATCHER_CONTEXT@@PEBU_s_FuncInfo@@@Z 0000000140007b10 f   libvcruntimed:risctrnsctrl.obj
 0001:00006b60       ?FrameUnwindToEmptyState@__FrameHandler3@@SAXPEA_KPEAU_xDISPATCHER_CONTEXT@@PEBU_s_FuncInfo@@@Z 0000000140007b60 f   libvcruntimed:risctrnsctrl.obj
 0001:00006c00       ?GetEstablisherFrame@__FrameHandler3@@SAPEA_KPEA_KPEAU_xDISPATCHER_CONTEXT@@PEBU_s_FuncInfo@@0@Z 0000000140007c00 f   libvcruntimed:risctrnsctrl.obj
 0001:00006d70       ?GetRangeOfTrysToCheck@__FrameHandler3@@SA?AU?$pair@Viterator@TryBlockMap@__FrameHandler3@@V123@@std@@AEAVTryBlockMap@1@HPEAU_xDISPATCHER_CONTEXT@@PEBU_s_FuncInfo@@H@Z 0000000140007d70 f   libvcruntimed:risctrnsctrl.obj
 0001:00006fb0       ?UnwindNestedFrames@__FrameHandler3@@SAXPEA_KPEAUEHExceptionRecord@@PEAU_CONTEXT@@0PEAXPEBU_s_FuncInfo@@HHPEBU_s_HandlerType@@PEAU_xDISPATCHER_CONTEXT@@E@Z 0000000140007fb0 f   libvcruntimed:risctrnsctrl.obj
 0001:00007120       _CreateFrameInfo           0000000140008120 f   libvcruntimed:risctrnsctrl.obj
 0001:00007190       _FindAndUnlinkFrame        0000000140008190 f   libvcruntimed:risctrnsctrl.obj
 0001:00007210       _GetImageBase              0000000140008210 f   libvcruntimed:risctrnsctrl.obj
 0001:00007230       _GetThrowImageBase         0000000140008230 f   libvcruntimed:risctrnsctrl.obj
 0001:00007250       _SetImageBase              0000000140008250 f   libvcruntimed:risctrnsctrl.obj
 0001:00007270       _SetThrowImageBase         0000000140008270 f   libvcruntimed:risctrnsctrl.obj
 0001:00007290       __CxxFrameHandler3         0000000140008290 f   libvcruntimed:risctrnsctrl.obj
 0001:00007370       ?GetCurrentState@__FrameHandler3@@SAHPEA_KPEAU_xDISPATCHER_CONTEXT@@PEBU_s_FuncInfo@@@Z 0000000140008370 f   libvcruntimed:ehstate.obj
 0001:000073d0       ?GetUnwindTryBlock@__FrameHandler3@@SAHPEA_KPEAU_xDISPATCHER_CONTEXT@@PEBU_s_FuncInfo@@@Z 00000001400083d0 f   libvcruntimed:ehstate.obj
 0001:00007420       ?SetState@__FrameHandler3@@SAXPEA_KPEBU_s_FuncInfo@@H@Z 0000000140008420 f   libvcruntimed:ehstate.obj
 0001:00007450       ?SetUnwindTryBlock@__FrameHandler3@@SAXPEA_KPEAU_xDISPATCHER_CONTEXT@@PEBU_s_FuncInfo@@H@Z 0000000140008450 f   libvcruntimed:ehstate.obj
 0001:000074c0       ?StateFromControlPc@__FrameHandler3@@SAHPEBU_s_FuncInfo@@PEAU_xDISPATCHER_CONTEXT@@@Z 00000001400084c0 f   libvcruntimed:ehstate.obj
 0001:00007500       ?StateFromIp@__FrameHandler3@@SAHPEBU_s_FuncInfo@@PEAU_xDISPATCHER_CONTEXT@@_K@Z 0000000140008500 f   libvcruntimed:ehstate.obj
 0001:000075f0       ?__RVAtoRealOffset@@YA_KPEAU_xDISPATCHER_CONTEXT@@H@Z 00000001400085f0 f i libvcruntimed:ehstate.obj
 0001:000087c0       ??$TypeMatchHelper@V__FrameHandler3@@@@YAHPEBU_s_HandlerType@@PEBU_s_CatchableType@@PEBU_s_ThrowInfo@@@Z 00000001400097c0 f i libvcruntimed:frame.obj
 0001:000089c0       ??$__InternalCxxFrameHandler@V__FrameHandler3@@@@YA?AW4_EXCEPTION_DISPOSITION@@PEAUEHExceptionRecord@@PEA_KPEAU_CONTEXT@@PEAU_xDISPATCHER_CONTEXT@@PEBU_s_FuncInfo@@H1E@Z 00000001400099c0 f i libvcruntimed:frame.obj
 0001:00008e30       ??0HandlerMap@__FrameHandler3@@QEAA@PEBU_s_TryBlockMapEntry@@_KI@Z 0000000140009e30 f i libvcruntimed:frame.obj
 0001:00008e80       ??0TryBlockMap@__FrameHandler3@@QEAA@PEBU_s_FuncInfo@@_K@Z 0000000140009e80 f i libvcruntimed:frame.obj
 0001:00008eb0       ??0bad_exception@std@@QEAA@AEBV01@@Z 0000000140009eb0 f i libvcruntimed:frame.obj
 0001:00008ef0       ??0bad_exception@std@@QEAA@XZ 0000000140009ef0 f i libvcruntimed:frame.obj
 0001:00008f30       ??0exception@std@@QEAA@AEBV01@@Z 0000000140009f30 f i libvcruntimed:frame.obj
 0001:00008f90       ??0exception@std@@QEAA@QEBDH@Z 0000000140009f90 f i libvcruntimed:frame.obj
 0001:00008fe0       ??1bad_exception@std@@UEAA@XZ 0000000140009fe0 f i libvcruntimed:frame.obj
 0001:00009000       ??1exception@std@@UEAA@XZ  000000014000a000 f i libvcruntimed:frame.obj
 0001:00009030       ??8iterator@HandlerMap@__FrameHandler3@@QEBA_NAEBV012@@Z 000000014000a030 f i libvcruntimed:frame.obj
 0001:00009070       ??8type_info@@QEBA_NAEBV0@@Z 000000014000a070 f i libvcruntimed:frame.obj
 0001:000090c0       ??9iterator@HandlerMap@__FrameHandler3@@QEBA_NAEBV012@@Z 000000014000a0c0 f i libvcruntimed:frame.obj
 0001:00009100       ??Diterator@HandlerMap@__FrameHandler3@@QEAA?BU_s_HandlerType@@XZ 000000014000a100 f i libvcruntimed:frame.obj
 0001:00009140       ??Diterator@TryBlockMap@__FrameHandler3@@QEAA?BU_s_TryBlockMapEntry@@XZ 000000014000a140 f i libvcruntimed:frame.obj
 0001:00009190       ??Eiterator@TryBlockMap@__FrameHandler3@@QEAAAEAV012@XZ 000000014000a190 f i libvcruntimed:frame.obj
 0001:00009190       ??Eiterator@HandlerMap@__FrameHandler3@@QEAAAEAV012@XZ 000000014000a190 f i libvcruntimed:frame.obj
 0001:000091b0       ??Miterator@TryBlockMap@__FrameHandler3@@QEBA_NAEBV012@@Z 000000014000a1b0 f i libvcruntimed:frame.obj
 0001:000091f0       ??_Gbad_exception@std@@UEAAPEAXI@Z 000000014000a1f0 f i libvcruntimed:frame.obj
 0001:000091f0       ??_Ebad_exception@std@@UEAAPEAXI@Z 000000014000a1f0 f i libvcruntimed:frame.obj
 0001:00009230       ??_Gexception@std@@UEAAPEAXI@Z 000000014000a230 f i libvcruntimed:frame.obj
 0001:00009230       ??_Eexception@std@@UEAAPEAXI@Z 000000014000a230 f i libvcruntimed:frame.obj
 0001:00009270       ?BuildCatchObject@__FrameHandler3@@SAXPEAUEHExceptionRecord@@PEAXPEBU_s_HandlerType@@PEBU_s_CatchableType@@@Z 000000014000a270 f   libvcruntimed:frame.obj
 0001:000092b0       ?CxxCallCatchBlock@__FrameHandler3@@SAPEAXPEAU_EXCEPTION_RECORD@@@Z 000000014000a2b0 f   libvcruntimed:frame.obj
 0001:00009610       ?FrameUnwindToState@__FrameHandler3@@SAXPEA_KPEAU_xDISPATCHER_CONTEXT@@PEBU_s_FuncInfo@@H@Z 000000014000a610 f   libvcruntimed:frame.obj
 0001:00009860       ?GetHandlerSearchState@__FrameHandler3@@SAHPEA_KPEAU_xDISPATCHER_CONTEXT@@PEBU_s_FuncInfo@@@Z 000000014000a860 f i libvcruntimed:frame.obj
 0001:00009910       ?GetMaxState@__FrameHandler3@@SAHPEAU_xDISPATCHER_CONTEXT@@PEBU_s_FuncInfo@@@Z 000000014000a910 f i libvcruntimed:frame.obj
 0001:00009b10       __TypeMatch                000000014000ab10 f   libvcruntimed:frame.obj
 0001:00009b10       ?TypeMatch@__FrameHandler3@@SAHPEBU_s_HandlerType@@PEBU_s_CatchableType@@PEBU_s_ThrowInfo@@@Z 000000014000ab10 f   libvcruntimed:frame.obj
 0001:00009b40       ?_CallMemberFunction1@@YAXQEAX00@Z 000000014000ab40 f i libvcruntimed:frame.obj
 0001:00009b80       ?_CallMemberFunction2@@YAXQEAX00H@Z 000000014000ab80 f i libvcruntimed:frame.obj
 0001:00009c10       ?begin@HandlerMap@__FrameHandler3@@QEAA?AViterator@12@XZ 000000014000ac10 f i libvcruntimed:frame.obj
 0001:00009c40       ?end@HandlerMap@__FrameHandler3@@QEAA?AViterator@12@XZ 000000014000ac40 f i libvcruntimed:frame.obj
 0001:00009c70       ?getESTypes@__FrameHandler3@@SAPEBU_s_ESTypeList@@PEBU_s_FuncInfo@@@Z 000000014000ac70 f i libvcruntimed:frame.obj
 0001:00009cb0       ?getLastEntry@HandlerMap@__FrameHandler3@@QEAAPEBU_s_HandlerType@@XZ 000000014000acb0 f i libvcruntimed:frame.obj
 0001:00009cd0       ?getMagicNum@__FrameHandler3@@SAIPEBU_s_FuncInfo@@@Z 000000014000acd0 f i libvcruntimed:frame.obj
 0001:00009cf0       ?getNumTryBlocks@TryBlockMap@__FrameHandler3@@QEAAIXZ 000000014000acf0 f i libvcruntimed:frame.obj
 0001:00009d10       ?isEHs@__FrameHandler3@@SA_NPEBU_s_FuncInfo@@@Z 000000014000ad10 f i libvcruntimed:frame.obj
 0001:00009d50       ?isNoExcept@__FrameHandler3@@SA_NPEBU_s_FuncInfo@@@Z 000000014000ad50 f i libvcruntimed:frame.obj
 0001:00009d90       ?what@exception@std@@UEBAPEBDXZ 000000014000ad90 f i libvcruntimed:frame.obj
 0001:00009dd0       __vcrt_EncodePointer       000000014000add0 f i libvcruntimed:frame.obj
 0001:00009e00       memset_repmovs             000000014000ae00 f   libvcruntimed:memset.obj
 0001:00009e20       memset                     000000014000ae20 f   libvcruntimed:memset.obj
 0001:00009fc0       _CallSettingFrame          000000014000afc0 f   libvcruntimed:handlers.obj
 0001:0000a010       _CallSettingFrame_LookupContinuationIndex 000000014000b010 f   libvcruntimed:handlers.obj
 0001:0000a040       _CallSettingFrame_NotifyContinuationAddr 000000014000b040 f   libvcruntimed:handlers.obj
 0001:0000a070       _CallSettingFrameEncoded   000000014000b070 f   libvcruntimed:handlers.obj
 0001:0000a0c0       ??$?RD@__crt_public_free_policy@@QEBAXQEBD@Z 000000014000b0c0 f i libvcruntimed:std_exception.obj
 0001:0000a0e0       ??1?$__crt_unique_heap_ptr@DU__crt_public_free_policy@@@@QEAA@XZ 000000014000b0e0 f i libvcruntimed:std_exception.obj
 0001:0000a100       ?release@?$__crt_unique_heap_ptr@DU__crt_public_free_policy@@@@QEAAXXZ 000000014000b100 f i libvcruntimed:std_exception.obj
 0001:0000a130       __std_exception_copy       000000014000b130 f   libvcruntimed:std_exception.obj
 0001:0000a270       __std_exception_destroy    000000014000b270 f   libvcruntimed:std_exception.obj
 0001:0000a2b0       _CxxThrowException         000000014000b2b0 f   libvcruntimed:throw.obj
 0001:0000a450       _seh_filter_exe            000000014000b450 f   libucrtd:exception_filter.obj
 0001:0000a8c0       __acrt_report_runtime_error 000000014000b8c0 f   libucrtd:report_runtime_error.obj
 0001:0000ab40       _invoke_watson_if_error    000000014000bb40 f i libucrtd:report_runtime_error.obj
 0001:0000ab90       _query_app_type            000000014000bb90 f   libucrtd:report_runtime_error.obj
 0001:0000aba0       _set_app_type              000000014000bba0 f   libucrtd:report_runtime_error.obj
 0001:0000abb0       ??$__crt_fast_decode_pointer@PEAP6AXXZ@@YAPEAP6AXXZQEAP6AXXZ@Z 000000014000bbb0 f i libucrtd:onexit.obj
 0001:0000abb0       ??$__crt_fast_decode_pointer@P6AXH@Z@@YAP6AXH@ZQ6AXH@Z@Z 000000014000bbb0 f i libucrtd:signal.obj
 0001:0000abb0       ??$__crt_fast_decode_pointer@P6AXPEAXK0@Z@@YAP6AXPEAXK0@ZQ6AX0K0@Z@Z 000000014000bbb0 f i libucrtd:exit.obj
 0001:0000abb0       ??$__crt_fast_decode_pointer@P6AHPEAU_exception@@@Z@@YAP6AHPEAU_exception@@@ZQ6AH0@Z@Z 000000014000bbb0 f i libucrtd:matherr.obj
 0001:0000abb0       ??$__crt_fast_decode_pointer@P6AXXZ@@YAP6AXXZQ6AXXZ@Z 000000014000bbb0 f i libucrtd:onexit.obj
 0001:0000abb0       ??$__crt_fast_decode_pointer@P6AH_K@Z@@YAP6AH_K@ZQ6AH0@Z@Z 000000014000bbb0 f i libucrtd:new_handler.obj
 0001:0000abb0       ??$__crt_fast_decode_pointer@P6AXPEB_W00I_K@Z@@YAP6AXPEB_W00I_K@ZQ6AX000I1@Z@Z 000000014000bbb0 f i libucrtd:invalid_parameter.obj
 0001:0000abb0       ??$__crt_fast_decode_pointer@PEAX@@YAPEAXQEAX@Z 000000014000bbb0 f i libucrtd:winapi_thunks.obj
 0001:0000abf0       ??$__crt_fast_encode_pointer@P6AXPEAXK0@Z@@YAP6AXPEAXK0@ZQ6AX0K0@Z@Z 000000014000bbf0 f i libucrtd:exit.obj
 0001:0000abf0       ??$__crt_fast_encode_pointer@PEAP6AXXZ@@YAPEAP6AXXZQEAP6AXXZ@Z 000000014000bbf0 f i libucrtd:onexit.obj
 0001:0000abf0       ??$__crt_fast_encode_pointer@PEAX@@YAPEAXQEAX@Z 000000014000bbf0 f i libucrtd:initialization.obj
 0001:0000abf0       ??$__crt_fast_encode_pointer@P6AXXZ@@YAP6AXXZQ6AXXZ@Z 000000014000bbf0 f i libucrtd:onexit.obj
 0001:0000abf0       ??$__crt_fast_encode_pointer@P6AXH@Z@@YAP6AXH@ZQ6AXH@Z@Z 000000014000bbf0 f i libucrtd:signal.obj
 0001:0000abf0       ??$__crt_fast_encode_pointer@P6AHXZ@@YAP6AHXZQ6AHXZ@Z 000000014000bbf0 f i libucrtd:onexit.obj
 0001:0000abf0       ??$__crt_fast_encode_pointer@P6AHPEAU_exception@@@Z@@YAP6AHPEAU_exception@@@ZQ6AH0@Z@Z 000000014000bbf0 f i libucrtd:matherr.obj
 0001:0000ac30       ?__crt_rotate_pointer_value@@YA_K_KH@Z 000000014000bc30 f i libucrtd:matherr.obj
 0001:0000ac50       ?initialize@?$dual_state_global@P6AHPEAU_exception@@@Z@__crt_state_management@@QEAAXQ6AHPEAU_exception@@@Z@Z 000000014000bc50 f i libucrtd:matherr.obj
 0001:0000ac50       ?initialize@?$dual_state_global@P6AH_K@Z@__crt_state_management@@QEAAXQ6AH_K@Z@Z 000000014000bc50 f i libucrtd:new_handler.obj
 0001:0000ac50       ?initialize@?$dual_state_global@PEAU__crt_multibyte_data@@@__crt_state_management@@QEAAXQEAU__crt_multibyte_data@@@Z 000000014000bc50 f i libucrtd:mbctype.obj
 0001:0000ac50       ?initialize@?$dual_state_global@P6AXH@Z@__crt_state_management@@QEAAXQ6AXH@Z@Z 000000014000bc50 f i libucrtd:signal.obj
 0001:0000ac50       ?initialize@?$dual_state_global@PEAU__crt_locale_data@@@__crt_state_management@@QEAAXQEAU__crt_locale_data@@@Z 000000014000bc50 f i libucrtd:initialization.obj
 0001:0000aca0       ?value@?$dual_state_global@P6AXH@Z@__crt_state_management@@QEAAAEAP6AXH@ZXZ 000000014000bca0 f i libucrtd:signal.obj
 0001:0000aca0       ?value@?$dual_state_global@PEAU__crt_multibyte_data@@@__crt_state_management@@QEAAAEAPEAU__crt_multibyte_data@@XZ 000000014000bca0 f i libucrtd:mbctype.obj
 0001:0000aca0       ?value@?$dual_state_global@P6AH_K@Z@__crt_state_management@@QEAAAEAP6AH_K@ZXZ 000000014000bca0 f i libucrtd:new_handler.obj
 0001:0000aca0       ?value@?$dual_state_global@PEAU__crt_locale_data@@@__crt_state_management@@QEAAAEAPEAU__crt_locale_data@@XZ 000000014000bca0 f i libucrtd:wsetlocale.obj
 0001:0000aca0       ?value@?$dual_state_global@PEAE@__crt_state_management@@QEAAAEAPEAEXZ 000000014000bca0 f i libucrtd:mbctype.obj
 0001:0000aca0       ?value@?$dual_state_global@P6AHPEAU_exception@@@Z@__crt_state_management@@QEAAAEAP6AHPEAU_exception@@@ZXZ 000000014000bca0 f i libucrtd:matherr.obj
 0001:0000aca0       ?value@?$dual_state_global@P6AXPEB_W00I_K@Z@__crt_state_management@@QEAAAEAP6AXPEB_W00I_K@ZXZ 000000014000bca0 f i libucrtd:invalid_parameter.obj
 0001:0000acc0       __acrt_has_user_matherr    000000014000bcc0 f   libucrtd:matherr.obj
 0001:0000ad00       __acrt_initialize_user_matherr 000000014000bd00 f   libucrtd:matherr.obj
 0001:0000ad20       __acrt_invoke_user_matherr 000000014000bd20 f   libucrtd:matherr.obj
 0001:0000ad70       __setusermatherr           000000014000bd70 f   libucrtd:matherr.obj
 0001:0000b140       ??$get_module_file_name@$$TAEAY0BAF@DH@?$__crt_char_traits@D@@SAK$$QEA$$TAEAY0BAF@D$$QEAH@Z 000000014000c140 f i libucrtd:argv_parsing.obj
 0001:0000b140       ??$get_module_file_name@AEAPEAUHINSTANCE__@@AEAY0BAF@DK@?$__crt_char_traits@D@@SAKAEAPEAUHINSTANCE__@@AEAY0BAF@D$$QEAK@Z 000000014000c140 f i libucrtd:dbgrpt.obj
 0001:0000b610       ??$set_program_name@PEAD@?$__crt_char_traits@D@@SAX$$QEAPEAD@Z 000000014000c610 f i libucrtd:argv_parsing.obj
 0001:0000b740       __acrt_allocate_buffer_for_argv 000000014000c740 f   libucrtd:argv_parsing.obj
 0001:0000b860       _configure_narrow_argv     000000014000c860 f   libucrtd:argv_parsing.obj
 0001:0000b880       _set_pgmptr                000000014000c880 f i libucrtd:argv_parsing.obj
 0001:0000bab0       ??$tcslen@AEAPEAD@?$__crt_char_traits@D@@SA_KAEAPEAD@Z 000000014000cab0 f i libucrtd:environment_initialization.obj
 0001:0000bafc       ??B?$__crt_unique_heap_ptr@PEADU__crt_internal_free_policy@@@@QEBA_NXZ 000000014000cafc f i libucrtd:environment_initialization.obj
 0001:0000bb04       ?detach@?$__crt_unique_heap_ptr@DU__crt_internal_free_policy@@@@QEAAPEADXZ 000000014000cb04 f i libucrtd:environment_initialization.obj
 0001:0000bb0c       __dcrt_uninitialize_environments_nolock 000000014000cb0c f   libucrtd:environment_initialization.obj
 0001:0000bb44       _initialize_narrow_environment 000000014000cb44 f   libucrtd:environment_initialization.obj
 0001:0000bc90       _get_narrow_winmain_command_line 000000014000cc90 f   libucrtd:argv_winmain.obj
 0001:0000bca0       _initterm                  000000014000cca0 f   libucrtd:initterm.obj
 0001:0000bd00       _initterm_e                000000014000cd00 f   libucrtd:initterm.obj
 0001:0000bd80       ??$?BP6AXXZ@__crt_fast_encoded_nullptr_t@@QEBAPEAP6AXXZXZ 000000014000cd80 f i libucrtd:onexit.obj
 0001:0000bd80       ??$?B$$A6AXH@Z@__crt_fast_encoded_nullptr_t@@QEBAP6AXH@ZXZ 000000014000cd80 f i libucrtd:signal.obj
 0001:0000bd80       ??$?BX@__crt_fast_encoded_nullptr_t@@QEBAPEAXXZ 000000014000cd80 f i libucrtd:initialization.obj
 0001:0000bd80       ??$?B$$A6AXPEAXK0@Z@__crt_fast_encoded_nullptr_t@@QEBAP6AXPEAXK0@ZXZ 000000014000cd80 f i libucrtd:exit.obj
 0001:0000bd80       ??$?B$$A6AXXZ@__crt_fast_encoded_nullptr_t@@QEBAP6AXXZXZ 000000014000cd80 f i libucrtd:onexit.obj
 0001:0000be30       ??$__crt_get_proc_address@P6AXI@Z@@YAP6AXI@ZQEAUHINSTANCE__@@QEBD@Z 000000014000ce30 f i libucrtd:exit.obj
 0001:0000be60       ??$__crt_interlocked_read@J@@YAJPEDJ@Z 000000014000ce60 f i libucrtd:exit.obj
 0001:0000bef0       ??1?$__crt_unique_handle_t@U__crt_hmodule_traits@@@@QEAA@XZ 000000014000cef0 f i libucrtd:exit.obj
 0001:0000c050       ?__acrt_select_exit_lock@@YA?AW4__acrt_lock_id@@XZ 000000014000d050 f i libucrtd:exit.obj
 0001:0000c060       ?__crt_fast_encode_pointer@@YA?AU__crt_fast_encoded_nullptr_t@@$$T@Z 000000014000d060 f i libucrtd:exit.obj
 0001:0000c080       ?__crt_interlocked_read_32@@YAHPEDH@Z 000000014000d080 f i libucrtd:exit.obj
 0001:0000c0c0       ?close@?$__crt_unique_handle_t@U__crt_hmodule_traits@@@@QEAAXXZ 000000014000d0c0 f i libucrtd:exit.obj
 0001:0000c100       ?close@__crt_hmodule_traits@@SA_NPEAUHINSTANCE__@@@Z 000000014000d100 f i libucrtd:exit.obj
 0001:0000c3c0       __acrt_initialize_thread_local_exit_callback 000000014000d3c0 f   libucrtd:exit.obj
 0001:0000c3e0       _c_exit                    000000014000d3e0 f   libucrtd:exit.obj
 0001:0000c400       _cexit                     000000014000d400 f   libucrtd:exit.obj
 0001:0000c420       _exit                      000000014000d420 f   libucrtd:exit.obj
 0001:0000c440       _register_thread_local_exe_atexit_callback 000000014000d440 f   libucrtd:exit.obj
 0001:0000c490       exit                       000000014000d490 f   libucrtd:exit.obj
 0001:0000c4b0       ?value@?$dual_state_global@H@__crt_state_management@@QEAAAEAHXZ 000000014000d4b0 f i libucrtd:setmode.obj
 0001:0000c4b0       ?value@?$dual_state_global@J@__crt_state_management@@QEAAAEAJXZ 000000014000d4b0 f i libucrtd:new_mode.obj
 0001:0000c4d0       _set_fmode                 000000014000d4d0 f   libucrtd:setmode.obj
 0001:0000c710       __acrt_disable_global_locale_sync 000000014000d710 f i libucrtd:wsetlocale.obj
 0001:0000c740       __acrt_enable_global_locale_sync 000000014000d740 f i libucrtd:wsetlocale.obj
 0001:0000c770       __acrt_set_locale_changed  000000014000d770 f   libucrtd:wsetlocale.obj
 0001:0000c780       __acrt_uninitialize_locale 000000014000d780 f   libucrtd:wsetlocale.obj
 0001:0000c7b0       __ascii_tolower            000000014000d7b0 f i libucrtd:wsetlocale.obj
 0001:0000c7d0       __ascii_towlower           000000014000d7d0 f i libucrtd:wsetlocale.obj
 0001:0000c7f0       _configthreadlocale        000000014000d7f0 f   libucrtd:wsetlocale.obj
 0001:0000c950       _query_new_mode            000000014000d950 f   libucrtd:new_mode.obj
 0001:0000c970       _set_new_mode              000000014000d970 f   libucrtd:new_mode.obj
 0001:0000ca40       __p__commode               000000014000da40 f   libucrtd:ncommode.obj
 0001:0000d0d0       _crt_atexit                000000014000e0d0 f   libucrtd:onexit.obj
 0001:0000d0f0       _execute_onexit_table      000000014000e0f0 f   libucrtd:onexit.obj
 0001:0000d130       _initialize_onexit_table   000000014000e130 f   libucrtd:onexit.obj
 0001:0000d1b0       _register_onexit_function  000000014000e1b0 f   libucrtd:onexit.obj
 0001:0000d240       __acrt_uninitialize_command_line 000000014000e240 f   libucrtd:argv_data.obj
 0001:0000d4a0       __acrt_initialize          000000014000e4a0 f   libucrtd:initialization.obj
 0001:0000d4d0       __acrt_uninitialize        000000014000e4d0 f   libucrtd:initialization.obj
 0001:0000d500       terminate                  000000014000e500 f   libucrtd:terminate.obj
 0001:0000d540       ??0_LocaleUpdate@@QEAA@QEAU__crt_locale_pointers@@@Z 000000014000e540 f i libucrtd:debug_heap.obj
 0001:0000d660       ??1_LocaleUpdate@@QEAA@XZ  000000014000e660 f i libucrtd:debug_heap.obj
 0001:0000d690       ?GetLocaleT@_LocaleUpdate@@QEAAPEAU__crt_locale_pointers@@XZ 000000014000e690 f i libucrtd:debug_heap.obj
 0001:0000f670       _CrtCheckMemory            0000000140010670 f   libucrtd:debug_heap.obj
 0001:0000f800       _CrtDumpMemoryLeaks        0000000140010800 f   libucrtd:debug_heap.obj
 0001:0000f8c0       _CrtIsValidHeapPointer     00000001400108c0 f   libucrtd:debug_heap.obj
 0001:0000f900       _CrtIsValidPointer         0000000140010900 f   libucrtd:debug_heap.obj
 0001:0000f940       _CrtMemCheckpoint          0000000140010940 f   libucrtd:debug_heap.obj
 0001:0000fbc0       _CrtMemDumpAllObjectsSince 0000000140010bc0 f   libucrtd:debug_heap.obj
 0001:0000fc20       _CrtSetDbgFlag             0000000140010c20 f   libucrtd:debug_heap.obj
 0001:0000fd80       _CrtSetDumpClient          0000000140010d80 f   libucrtd:debug_heap.obj
 0001:0000fdb0       __acrt_get_locale_data_prefix 0000000140010db0 f i libucrtd:debug_heap.obj
 0001:0000fdd0       __acrt_locale_changed      0000000140010dd0 f i libucrtd:debug_heap.obj
 0001:0000fe00       _calloc_dbg                0000000140010e00 f   libucrtd:debug_heap.obj
 0001:0000fea0       _chvalidchk_l              0000000140010ea0 f i libucrtd:debug_heap.obj
 0001:0000fed0       _free_dbg                  0000000140010ed0 f   libucrtd:debug_heap.obj
 0001:0000ff40       _invoke_watson_if_oneof    0000000140010f40 f i libucrtd:debug_heap.obj
 0001:0000ffa0       _ischartype_l              0000000140010fa0 f i libucrtd:debug_heap.obj
 0001:00010030       _malloc_dbg                0000000140011030 f   libucrtd:debug_heap.obj
 0001:00010070       _msize_dbg                 0000000140011070 f   libucrtd:debug_heap.obj
 0001:00010210       _realloc_dbg               0000000140011210 f   libucrtd:debug_heap.obj
 0001:00010280       _recalloc_dbg              0000000140011280 f   libucrtd:debug_heap.obj
 0001:00010850       strcpy_s                   0000000140011850 f   libucrtd:strcpy_s.obj
 0001:00010890       strcmp                     0000000140011890 f   libucrtd:strcmp.obj
 0001:00010910       strlen                     0000000140011910 f   libucrtd:strlen.obj
 0001:000109c0       abort                      00000001400119c0 f   libucrtd:abort.obj
 0001:00010a40       ??$initialize_from_array@$$BY00Q6AXPEB_W00I_K@Z@?$dual_state_global@P6AXPEB_W00I_K@Z@__crt_state_management@@QEAAXAEAY00Q6AXPEB_W00I_K@Z@Z 0000000140011a40 f i libucrtd:invalid_parameter.obj
 0001:00010aa0       __acrt_call_reportfault    0000000140011aa0 f   libucrtd:invalid_parameter.obj
 0001:00010bd0       __acrt_initialize_invalid_parameter_handler 0000000140011bd0 f   libucrtd:invalid_parameter.obj
 0001:00010c00       _invalid_parameter         0000000140011c00 f   libucrtd:invalid_parameter.obj
 0001:00010d00       _invalid_parameter_noinfo  0000000140011d00 f   libucrtd:invalid_parameter.obj
 0001:00010d30       _invoke_watson             0000000140011d30 f   libucrtd:invalid_parameter.obj
 0001:00010d90       ??$?0AEBV?$string_output_adapter@D@__crt_stdio_output@@AEB_KAEBQEBDAEBQEAU__crt_locale_pointers@@AEBQEAD@?$format_validation_base@DV?$string_output_adapter@D@__crt_stdio_output@@@__crt_stdio_output@@IEAA@AEBV?$string_output_adapter@D@1@AEB_KAEBQEBDAEBQEAU__crt_locale_pointers@@AEBQEAD@Z 0000000140011d90 f i libucrtd:output.obj
 0001:00010de0       ??$?0AEBV?$string_output_adapter@D@__crt_stdio_output@@AEB_KAEBQEBDAEBQEAU__crt_locale_pointers@@AEBQEAD@?$standard_base@DV?$string_output_adapter@D@__crt_stdio_output@@@__crt_stdio_output@@IEAA@AEBV?$string_output_adapter@D@1@AEB_KAEBQEBDAEBQEAU__crt_locale_pointers@@AEBQEAD@Z 0000000140011de0 f i libucrtd:output.obj
 0001:00010e50       ??$?0AEBV?$string_output_adapter@_W@__crt_stdio_output@@AEB_KAEBQEB_WAEBQEAU__crt_locale_pointers@@AEBQEAD@?$format_validation_base@_WV?$string_output_adapter@_W@__crt_stdio_output@@@__crt_stdio_output@@IEAA@AEBV?$string_output_adapter@_W@1@AEB_KAEBQEB_WAEBQEAU__crt_locale_pointers@@AEBQEAD@Z 0000000140011e50 f i libucrtd:output.obj
 0001:00010ea0       ??$?0AEBV?$string_output_adapter@_W@__crt_stdio_output@@AEB_KAEBQEB_WAEBQEAU__crt_locale_pointers@@AEBQEAD@?$standard_base@_WV?$string_output_adapter@_W@__crt_stdio_output@@@__crt_stdio_output@@IEAA@AEBV?$string_output_adapter@_W@1@AEB_KAEBQEB_WAEBQEAU__crt_locale_pointers@@AEBQEAD@Z 0000000140011ea0 f i libucrtd:output.obj
 0001:00012820       ??$count@D@formatting_buffer@__crt_stdio_output@@QEBA_KXZ 0000000140013820 f i libucrtd:output.obj
 0001:00012870       ??$count@_W@formatting_buffer@__crt_stdio_output@@QEBA_KXZ 0000000140013870 f i libucrtd:output.obj
 0001:000128c0       ??$data@_W@formatting_buffer@__crt_stdio_output@@QEAAPEA_WXZ 00000001400138c0 f i libucrtd:output.obj
 0001:000128c0       ??$data@D@formatting_buffer@__crt_stdio_output@@QEAAPEADXZ 00000001400138c0 f i libucrtd:output.obj
 0001:00012910       ??$ensure_buffer_is_big_enough@D@formatting_buffer@__crt_stdio_output@@QEAA_N_K@Z 0000000140013910 f i libucrtd:output.obj
 0001:00012a40       ??$ensure_buffer_is_big_enough@_W@formatting_buffer@__crt_stdio_output@@QEAA_N_K@Z 0000000140013a40 f i libucrtd:output.obj
 0001:00012b70       ??$extract_argument_from_va_list@C_J@?$standard_base@_WV?$string_output_adapter@_W@__crt_stdio_output@@@__crt_stdio_output@@IEAA_NAEA_J@Z 0000000140013b70 f i libucrtd:output.obj
 0001:00012b70       ??$extract_argument_from_va_list@C_J@?$standard_base@DV?$string_output_adapter@D@__crt_stdio_output@@@__crt_stdio_output@@IEAA_NAEA_J@Z 0000000140013b70 f i libucrtd:output.obj
 0001:00012bb0       ??$extract_argument_from_va_list@E_J@?$standard_base@DV?$string_output_adapter@D@__crt_stdio_output@@@__crt_stdio_output@@IEAA_NAEA_J@Z 0000000140013bb0 f i libucrtd:output.obj
 0001:00012bb0       ??$extract_argument_from_va_list@E_J@?$standard_base@_WV?$string_output_adapter@_W@__crt_stdio_output@@@__crt_stdio_output@@IEAA_NAEA_J@Z 0000000140013bb0 f i libucrtd:output.obj
 0001:00012bf0       ??$extract_argument_from_va_list@F_J@?$standard_base@_WV?$string_output_adapter@_W@__crt_stdio_output@@@__crt_stdio_output@@IEAA_NAEA_J@Z 0000000140013bf0 f i libucrtd:output.obj
 0001:00012bf0       ??$extract_argument_from_va_list@F_J@?$standard_base@DV?$string_output_adapter@D@__crt_stdio_output@@@__crt_stdio_output@@IEAA_NAEA_J@Z 0000000140013bf0 f i libucrtd:output.obj
 0001:00012c30       ??$extract_argument_from_va_list@GD@?$standard_base@DV?$string_output_adapter@D@__crt_stdio_output@@@__crt_stdio_output@@IEAA_NAEAD@Z 0000000140013c30 f i libucrtd:output.obj
 0001:00012c60       ??$extract_argument_from_va_list@G_J@?$standard_base@DV?$string_output_adapter@D@__crt_stdio_output@@@__crt_stdio_output@@IEAA_NAEA_J@Z 0000000140013c60 f i libucrtd:output.obj
 0001:00012c60       ??$extract_argument_from_va_list@G_J@?$standard_base@_WV?$string_output_adapter@_W@__crt_stdio_output@@@__crt_stdio_output@@IEAA_NAEA_J@Z 0000000140013c60 f i libucrtd:output.obj
 0001:00012ca0       ??$extract_argument_from_va_list@H_J@?$standard_base@_WV?$string_output_adapter@_W@__crt_stdio_output@@@__crt_stdio_output@@IEAA_NAEA_J@Z 0000000140013ca0 f i libucrtd:output.obj
 0001:00012ca0       ??$extract_argument_from_va_list@H_J@?$standard_base@DV?$string_output_adapter@D@__crt_stdio_output@@@__crt_stdio_output@@IEAA_NAEA_J@Z 0000000140013ca0 f i libucrtd:output.obj
 0001:00012cd0       ??$extract_argument_from_va_list@I_J@?$standard_base@_WV?$string_output_adapter@_W@__crt_stdio_output@@@__crt_stdio_output@@IEAA_NAEA_J@Z 0000000140013cd0 f i libucrtd:output.obj
 0001:00012cd0       ??$extract_argument_from_va_list@I_J@?$standard_base@DV?$string_output_adapter@D@__crt_stdio_output@@@__crt_stdio_output@@IEAA_NAEA_J@Z 0000000140013cd0 f i libucrtd:output.obj
 0001:00012d00       ??$extract_argument_from_va_list@_K_J@?$standard_base@_WV?$string_output_adapter@_W@__crt_stdio_output@@@__crt_stdio_output@@IEAA_NAEA_J@Z 0000000140013d00 f i libucrtd:output.obj
 0001:00012d00       ??$extract_argument_from_va_list@PEADPEAD@?$standard_base@DV?$string_output_adapter@D@__crt_stdio_output@@@__crt_stdio_output@@IEAA_NAEAPEAD@Z 0000000140013d00 f i libucrtd:output.obj
 0001:00012d00       ??$extract_argument_from_va_list@PEAXPEAX@?$standard_base@_WV?$string_output_adapter@_W@__crt_stdio_output@@@__crt_stdio_output@@IEAA_NAEAPEAX@Z 0000000140013d00 f i libucrtd:output.obj
 0001:00012d00       ??$extract_argument_from_va_list@PEAUansi_string@?1??type_case_Z@?$output_processor@DV?$string_output_adapter@D@__crt_stdio_output@@V?$format_validation_base@DV?$string_output_adapter@D@__crt_stdio_output@@@2@@__crt_stdio_output@@AEAA_NXZ@PEAU1?1??234@AEAA_NXZ@@?$standard_base@DV?$string_output_adapter@D@__crt_stdio_output@@@__crt_stdio_output@@IEAA_NAEAPEAUansi_string@?1??type_case_Z@?$output_processor@DV?$string_output_adapter@D@__crt_stdio_output@@V?$format_validation_base@DV?$string_output_adapter@D@__crt_stdio_output@@@2@@1@AEAA_NXZ@@Z 0000000140013d00 f i libucrtd:output.obj
 0001:00012d00       ??$extract_argument_from_va_list@PEAXPEAX@?$standard_base@DV?$string_output_adapter@D@__crt_stdio_output@@@__crt_stdio_output@@IEAA_NAEAPEAX@Z 0000000140013d00 f i libucrtd:output.obj
 0001:00012d00       ??$extract_argument_from_va_list@_J_J@?$standard_base@_WV?$string_output_adapter@_W@__crt_stdio_output@@@__crt_stdio_output@@IEAA_NAEA_J@Z 0000000140013d00 f i libucrtd:output.obj
 0001:00012d00       ??$extract_argument_from_va_list@PEADPEAD@?$standard_base@_WV?$string_output_adapter@_W@__crt_stdio_output@@@__crt_stdio_output@@IEAA_NAEAPEAD@Z 0000000140013d00 f i libucrtd:output.obj
 0001:00012d00       ??$extract_argument_from_va_list@PEAUansi_string@?1??type_case_Z@?$output_processor@_WV?$string_output_adapter@_W@__crt_stdio_output@@V?$format_validation_base@_WV?$string_output_adapter@_W@__crt_stdio_output@@@2@@__crt_stdio_output@@AEAA_NXZ@PEAU1?1??234@AEAA_NXZ@@?$standard_base@_WV?$string_output_adapter@_W@__crt_stdio_output@@@__crt_stdio_output@@IEAA_NAEAPEAUansi_string@?1??type_case_Z@?$output_processor@_WV?$string_output_adapter@_W@__crt_stdio_output@@V?$format_validation_base@_WV?$string_output_adapter@_W@__crt_stdio_output@@@2@@1@AEAA_NXZ@@Z 0000000140013d00 f i libucrtd:output.obj
 0001:00012d00       ??$extract_argument_from_va_list@_J_J@?$standard_base@DV?$string_output_adapter@D@__crt_stdio_output@@@__crt_stdio_output@@IEAA_NAEA_J@Z 0000000140013d00 f i libucrtd:output.obj
 0001:00012d00       ??$extract_argument_from_va_list@_K_J@?$standard_base@DV?$string_output_adapter@D@__crt_stdio_output@@@__crt_stdio_output@@IEAA_NAEA_J@Z 0000000140013d00 f i libucrtd:output.obj
 0001:00012d30       ??$extract_argument_from_va_list@U_CRT_DOUBLE@@U1@@?$standard_base@DV?$string_output_adapter@D@__crt_stdio_output@@@__crt_stdio_output@@IEAA_NAEAU_CRT_DOUBLE@@@Z 0000000140013d30 f i libucrtd:output.obj
 0001:00012d30       ??$extract_argument_from_va_list@U_CRT_DOUBLE@@U1@@?$standard_base@_WV?$string_output_adapter@_W@__crt_stdio_output@@@__crt_stdio_output@@IEAA_NAEAU_CRT_DOUBLE@@@Z 0000000140013d30 f i libucrtd:output.obj
 0001:00012d80       ??$extract_argument_from_va_list@_W_W@?$standard_base@DV?$string_output_adapter@D@__crt_stdio_output@@@__crt_stdio_output@@IEAA_NAEA_W@Z 0000000140013d80 f i libucrtd:output.obj
 0001:00012d80       ??$extract_argument_from_va_list@_W_W@?$standard_base@_WV?$string_output_adapter@_W@__crt_stdio_output@@@__crt_stdio_output@@IEAA_NAEA_W@Z 0000000140013d80 f i libucrtd:output.obj
 0001:00012db0       ??$is_wide_character_specifier@D@__crt_stdio_output@@YA_N_KDW4length_modifier@0@@Z 0000000140013db0 f i libucrtd:output.obj
 0001:00012e50       ??$is_wide_character_specifier@_W@__crt_stdio_output@@YA_N_K_WW4length_modifier@0@@Z 0000000140013e50 f i libucrtd:output.obj
 0001:00012f20       ??$read_va_arg@C@__crt_stdio_output@@YACAEAPEAD@Z 0000000140013f20 f i libucrtd:output.obj
 0001:00012f20       ??$read_va_arg@E@__crt_stdio_output@@YAEAEAPEAD@Z 0000000140013f20 f i libucrtd:output.obj
 0001:00012f90       ??$read_va_arg@F@__crt_stdio_output@@YAFAEAPEAD@Z 0000000140013f90 f i libucrtd:output.obj
 0001:00012f90       ??$read_va_arg@_W@__crt_stdio_output@@YA_WAEAPEAD@Z 0000000140013f90 f i libucrtd:output.obj
 0001:00012f90       ??$read_va_arg@G@__crt_stdio_output@@YAGAEAPEAD@Z 0000000140013f90 f i libucrtd:output.obj
 0001:00013000       ??$read_va_arg@I@__crt_stdio_output@@YAIAEAPEAD@Z 0000000140014000 f i libucrtd:output.obj
 0001:00013000       ??$read_va_arg@H@__crt_stdio_output@@YAHAEAPEAD@Z 0000000140014000 f i libucrtd:output.obj
 0001:00013060       ??$read_va_arg@PEAX@__crt_stdio_output@@YAPEAXAEAPEAD@Z 0000000140014060 f i libucrtd:output.obj
 0001:00013060       ??$read_va_arg@PEAD@__crt_stdio_output@@YAPEADAEAPEAD@Z 0000000140014060 f i libucrtd:output.obj
 0001:00013060       ??$read_va_arg@PEAUansi_string@?1??type_case_Z@?$output_processor@DV?$string_output_adapter@D@__crt_stdio_output@@V?$format_validation_base@DV?$string_output_adapter@D@__crt_stdio_output@@@2@@__crt_stdio_output@@AEAA_NXZ@@__crt_stdio_output@@YAPEAUansi_string@?1??type_case_Z@?$output_processor@DV?$string_output_adapter@D@__crt_stdio_output@@V?$format_validation_base@DV?$string_output_adapter@D@__crt_stdio_output@@@2@@0@AEAA_NXZ@AEAPEAD@Z 0000000140014060 f i libucrtd:output.obj
 0001:00013060       ??$read_va_arg@_K@__crt_stdio_output@@YA_KAEAPEAD@Z 0000000140014060 f i libucrtd:output.obj
 0001:00013060       ??$read_va_arg@PEAUansi_string@?1??type_case_Z@?$output_processor@_WV?$string_output_adapter@_W@__crt_stdio_output@@V?$format_validation_base@_WV?$string_output_adapter@_W@__crt_stdio_output@@@2@@__crt_stdio_output@@AEAA_NXZ@@__crt_stdio_output@@YAPEAUansi_string@?1??type_case_Z@?$output_processor@_WV?$string_output_adapter@_W@__crt_stdio_output@@V?$format_validation_base@_WV?$string_output_adapter@_W@__crt_stdio_output@@@2@@0@AEAA_NXZ@AEAPEAD@Z 0000000140014060 f i libucrtd:output.obj
 0001:00013060       ??$read_va_arg@_J@__crt_stdio_output@@YA_JAEAPEAD@Z 0000000140014060 f i libucrtd:output.obj
 0001:00013060       ??$read_va_arg@U_CRT_DOUBLE@@@__crt_stdio_output@@YA?AU_CRT_DOUBLE@@AEAPEAD@Z 0000000140014060 f i libucrtd:output.obj
 0001:000130d0       ??$scratch_count@D@formatting_buffer@__crt_stdio_output@@QEBA_KXZ 00000001400140d0 f i libucrtd:output.obj
 0001:000130f0       ??$scratch_data@D@formatting_buffer@__crt_stdio_output@@QEAAPEADXZ 00000001400140f0 f i libucrtd:output.obj
 0001:00013160       ??$tcstol@PEBDPEAPEADH@?$__crt_char_traits@D@@SAJ$$QEAPEBD$$QEAPEAPEAD$$QEAH@Z 0000000140014160 f i libucrtd:output.obj
 0001:000131a0       ??$tcstol@PEB_WPEAPEA_WH@?$__crt_char_traits@_W@@SAJ$$QEAPEB_W$$QEAPEAPEA_W$$QEAH@Z 00000001400141a0 f i libucrtd:output.obj
 0001:000131e0       ??$type_case_integer_parse_into_buffer@I@?$output_processor@DV?$string_output_adapter@D@__crt_stdio_output@@V?$format_validation_base@DV?$string_output_adapter@D@__crt_stdio_output@@@2@@__crt_stdio_output@@AEAAXII_N@Z 00000001400141e0 f i libucrtd:output.obj
 0001:00013310       ??$type_case_integer_parse_into_buffer@I@?$output_processor@_WV?$string_output_adapter@_W@__crt_stdio_output@@V?$format_validation_base@_WV?$string_output_adapter@_W@__crt_stdio_output@@@2@@__crt_stdio_output@@AEAAXII_N@Z 0000000140014310 f i libucrtd:output.obj
 0001:00013450       ??$type_case_integer_parse_into_buffer@_K@?$output_processor@DV?$string_output_adapter@D@__crt_stdio_output@@V?$format_validation_base@DV?$string_output_adapter@D@__crt_stdio_output@@@2@@__crt_stdio_output@@AEAAX_KI_N@Z 0000000140014450 f i libucrtd:output.obj
 0001:000135a0       ??$type_case_integer_parse_into_buffer@_K@?$output_processor@_WV?$string_output_adapter@_W@__crt_stdio_output@@V?$format_validation_base@_WV?$string_output_adapter@_W@__crt_stdio_output@@@2@@__crt_stdio_output@@AEAAX_KI_N@Z 00000001400145a0 f i libucrtd:output.obj
 0001:00013700       ??$write_multiple_characters@V?$string_output_adapter@D@__crt_stdio_output@@D@__crt_stdio_output@@YAXAEBV?$string_output_adapter@D@0@DHQEAH@Z 0000000140014700 f i libucrtd:output.obj
 0001:00013760       ??$write_multiple_characters@V?$string_output_adapter@_W@__crt_stdio_output@@D@__crt_stdio_output@@YAXAEBV?$string_output_adapter@_W@0@DHQEAH@Z 0000000140014760 f i libucrtd:output.obj
 0001:000137c0       ??0?$common_data@D@__crt_stdio_output@@IEAA@XZ 00000001400147c0 f i libucrtd:output.obj
 0001:00013890       ??0?$common_data@_W@__crt_stdio_output@@IEAA@XZ 0000000140014890 f i libucrtd:output.obj
 0001:00013960       ??0?$output_adapter_data@DV?$string_output_adapter@D@__crt_stdio_output@@@__crt_stdio_output@@IEAA@AEBV?$string_output_adapter@D@1@_KQEBDQEAU__crt_locale_pointers@@QEAD@Z 0000000140014960 f i libucrtd:output.obj
 0001:000139e0       ??0?$output_adapter_data@_WV?$string_output_adapter@_W@__crt_stdio_output@@@__crt_stdio_output@@IEAA@AEBV?$string_output_adapter@_W@1@_KQEB_WQEAU__crt_locale_pointers@@QEAD@Z 00000001400149e0 f i libucrtd:output.obj
 0001:00013a60       ??0?$output_processor@DV?$string_output_adapter@D@__crt_stdio_output@@V?$format_validation_base@DV?$string_output_adapter@D@__crt_stdio_output@@@2@@__crt_stdio_output@@QEAA@AEBV?$string_output_adapter@D@1@_KQEBDQEAU__crt_locale_pointers@@QEAD@Z 0000000140014a60 f i libucrtd:output.obj
 0001:00013ab0       ??0?$output_processor@_WV?$string_output_adapter@_W@__crt_stdio_output@@V?$format_validation_base@_WV?$string_output_adapter@_W@__crt_stdio_output@@@2@@__crt_stdio_output@@QEAA@AEBV?$string_output_adapter@_W@1@_KQEB_WQEAU__crt_locale_pointers@@QEAD@Z 0000000140014ab0 f i libucrtd:output.obj
 0001:00013b00       ??0__crt_deferred_errno_cache@@QEAA@XZ 0000000140014b00 f i libucrtd:output.obj
 0001:00013b20       ??0__crt_errno_guard@@QEAA@QEAH@Z 0000000140014b20 f i libucrtd:output.obj
 0001:00013b60       ??0formatting_buffer@__crt_stdio_output@@QEAA@XZ 0000000140014b60 f i libucrtd:output.obj
 0001:00013ba0       ??1?$common_data@D@__crt_stdio_output@@QEAA@XZ 0000000140014ba0 f i libucrtd:output.obj
 0001:00013ba0       ??1?$common_data@_W@__crt_stdio_output@@QEAA@XZ 0000000140014ba0 f i libucrtd:output.obj
 0001:00013bc0       ??1?$format_validation_base@DV?$string_output_adapter@D@__crt_stdio_output@@@__crt_stdio_output@@QEAA@XZ 0000000140014bc0 f i libucrtd:output.obj
 0001:00013bc0       ??1?$format_validation_base@_WV?$string_output_adapter@_W@__crt_stdio_output@@@__crt_stdio_output@@QEAA@XZ 0000000140014bc0 f i libucrtd:output.obj
 0001:00013be0       ??1?$output_adapter_data@DV?$string_output_adapter@D@__crt_stdio_output@@@__crt_stdio_output@@QEAA@XZ 0000000140014be0 f i libucrtd:output.obj
 0001:00013be0       ??1?$output_adapter_data@_WV?$string_output_adapter@_W@__crt_stdio_output@@@__crt_stdio_output@@QEAA@XZ 0000000140014be0 f i libucrtd:output.obj
 0001:00013c00       ??1?$output_processor@_WV?$string_output_adapter@_W@__crt_stdio_output@@V?$format_validation_base@_WV?$string_output_adapter@_W@__crt_stdio_output@@@2@@__crt_stdio_output@@QEAA@XZ 0000000140014c00 f i libucrtd:output.obj
 0001:00013c00       ??1?$output_processor@DV?$string_output_adapter@D@__crt_stdio_output@@V?$format_validation_base@DV?$string_output_adapter@D@__crt_stdio_output@@@2@@__crt_stdio_output@@QEAA@XZ 0000000140014c00 f i libucrtd:output.obj
 0001:00013c20       ??1?$standard_base@_WV?$string_output_adapter@_W@__crt_stdio_output@@@__crt_stdio_output@@QEAA@XZ 0000000140014c20 f i libucrtd:output.obj
 0001:00013c20       ??1?$standard_base@DV?$string_output_adapter@D@__crt_stdio_output@@@__crt_stdio_output@@QEAA@XZ 0000000140014c20 f i libucrtd:output.obj
 0001:00013c40       ??1__crt_errno_guard@@QEAA@XZ 0000000140014c40 f i libucrtd:output.obj
 0001:00013c70       ??1formatting_buffer@__crt_stdio_output@@QEAA@XZ 0000000140014c70 f i libucrtd:output.obj
 0001:00013ca0       ??4?$__crt_unique_heap_ptr@DU__crt_internal_free_policy@@@@QEAAAEAV0@$$QEAV0@@Z 0000000140014ca0 f i libucrtd:output.obj
 0001:00013ce0       ??A?$spectre_mitigated_lookup_table@Ustate_transition_pair@__crt_stdio_output@@$0IA@@__crt_stdio_output@@QEBAAEBUstate_transition_pair@1@_K@Z 0000000140014ce0 f i libucrtd:output.obj
 0001:00013d00       ?adjust_hexit@?$output_processor@_WV?$string_output_adapter@_W@__crt_stdio_output@@V?$format_validation_base@_WV?$string_output_adapter@_W@__crt_stdio_output@@@2@@__crt_stdio_output@@CADH_N@Z 0000000140014d00 f i libucrtd:output.obj
 0001:00013d00       ?adjust_hexit@?$output_processor@DV?$string_output_adapter@D@__crt_stdio_output@@V?$format_validation_base@DV?$string_output_adapter@D@__crt_stdio_output@@@2@@__crt_stdio_output@@CADH_N@Z 0000000140014d00 f i libucrtd:output.obj
 0001:00013d50       ?advance_to_next_pass@?$standard_base@DV?$string_output_adapter@D@__crt_stdio_output@@@__crt_stdio_output@@IEAA_NXZ 0000000140014d50 f i libucrtd:output.obj
 0001:00013d50       ?advance_to_next_pass@?$standard_base@_WV?$string_output_adapter@_W@__crt_stdio_output@@@__crt_stdio_output@@IEAA_NXZ 0000000140014d50 f i libucrtd:output.obj
 0001:00013da0       ?crop_zeroes@__crt_stdio_output@@YAXPEADQEAU__crt_locale_pointers@@@Z 0000000140014da0 f i libucrtd:output.obj
 0001:00013ee0       ?find_next_state@?$output_processor@DV?$string_output_adapter@D@__crt_stdio_output@@V?$format_validation_base@DV?$string_output_adapter@D@__crt_stdio_output@@@2@@__crt_stdio_output@@AEBA?AW4state@2@DW432@@Z 0000000140014ee0 f i libucrtd:output.obj
 0001:00013f70       ?find_next_state@?$output_processor@_WV?$string_output_adapter@_W@__crt_stdio_output@@V?$format_validation_base@_WV?$string_output_adapter@_W@__crt_stdio_output@@@2@@__crt_stdio_output@@AEBA?AW4state@2@_WW432@@Z 0000000140014f70 f i libucrtd:output.obj
 0001:00014000       ?force_decimal_point@__crt_stdio_output@@YAXPEADQEAU__crt_locale_pointers@@@Z 0000000140015000 f i libucrtd:output.obj
 0001:00014100       ?get@__crt_deferred_errno_cache@@QEAAAEAHXZ 0000000140015100 f i libucrtd:output.obj
 0001:00014130       ?get_flags@__crt_stdio_stream@@QEBAJXZ 0000000140015130 f i libucrtd:output.obj
 0001:00014160       ?has_flag@?$output_processor@DV?$string_output_adapter@D@__crt_stdio_output@@V?$format_validation_base@DV?$string_output_adapter@D@__crt_stdio_output@@@2@@__crt_stdio_output@@AEBA_NI@Z 0000000140015160 f i libucrtd:output.obj
 0001:00014160       ?has_flag@?$output_processor@_WV?$string_output_adapter@_W@__crt_stdio_output@@V?$format_validation_base@_WV?$string_output_adapter@_W@__crt_stdio_output@@@2@@__crt_stdio_output@@AEBA_NI@Z 0000000140015160 f i libucrtd:output.obj
 0001:000141a0       ?is_string_backed@__crt_stdio_stream@@QEBA_NXZ 00000001400151a0 f i libucrtd:output.obj
 0001:000141e0       ?narrow_null_string@?$output_processor@_WV?$string_output_adapter@_W@__crt_stdio_output@@V?$format_validation_base@_WV?$string_output_adapter@_W@__crt_stdio_output@@@2@@__crt_stdio_output@@CAPEADXZ 00000001400151e0 f i libucrtd:output.obj
 0001:000141e0       ?narrow_null_string@?$output_processor@DV?$string_output_adapter@D@__crt_stdio_output@@V?$format_validation_base@DV?$string_output_adapter@D@__crt_stdio_output@@@2@@__crt_stdio_output@@CAPEADXZ 00000001400151e0 f i libucrtd:output.obj
 0001:000141f0       ?parse_int_from_format_string@?$output_processor@DV?$string_output_adapter@D@__crt_stdio_output@@V?$format_validation_base@DV?$string_output_adapter@D@__crt_stdio_output@@@2@@__crt_stdio_output@@AEAA_NQEAH@Z 00000001400151f0 f i libucrtd:output.obj
 0001:000142e0       ?parse_int_from_format_string@?$output_processor@_WV?$string_output_adapter@_W@__crt_stdio_output@@V?$format_validation_base@_WV?$string_output_adapter@_W@__crt_stdio_output@@@2@@__crt_stdio_output@@AEAA_NQEAH@Z 00000001400152e0 f i libucrtd:output.obj
 0001:000143d0       ?process@?$output_processor@DV?$string_output_adapter@D@__crt_stdio_output@@V?$format_validation_base@DV?$string_output_adapter@D@__crt_stdio_output@@@2@@__crt_stdio_output@@QEAAHXZ 00000001400153d0 f i libucrtd:output.obj
 0001:00014730       ?process@?$output_processor@_WV?$string_output_adapter@_W@__crt_stdio_output@@V?$format_validation_base@_WV?$string_output_adapter@_W@__crt_stdio_output@@@2@@__crt_stdio_output@@QEAAHXZ 0000000140015730 f i libucrtd:output.obj
 0001:00014a90       ?set_flag@?$output_processor@DV?$string_output_adapter@D@__crt_stdio_output@@V?$format_validation_base@DV?$string_output_adapter@D@__crt_stdio_output@@@2@@__crt_stdio_output@@AEAAXI@Z 0000000140015a90 f i libucrtd:output.obj
 0001:00014a90       ?set_flag@?$output_processor@_WV?$string_output_adapter@_W@__crt_stdio_output@@V?$format_validation_base@_WV?$string_output_adapter@_W@__crt_stdio_output@@@2@@__crt_stdio_output@@AEAAXI@Z 0000000140015a90 f i libucrtd:output.obj
 0001:00014ab0       ?validate_and_update_state_at_beginning_of_format_character@?$standard_base@DV?$string_output_adapter@D@__crt_stdio_output@@@__crt_stdio_output@@IEAA_NXZ 0000000140015ab0 f i libucrtd:output.obj
 0001:00014ab0       ?validate_state_for_type_case_a@?$standard_base@DV?$string_output_adapter@D@__crt_stdio_output@@@__crt_stdio_output@@IEBA_NXZ 0000000140015ab0 f i libucrtd:output.obj
 0001:00014ab0       ?validate_and_update_state_at_beginning_of_format_character@?$standard_base@_WV?$string_output_adapter@_W@__crt_stdio_output@@@__crt_stdio_output@@IEAA_NXZ 0000000140015ab0 f i libucrtd:output.obj
 0001:00014ab0       ?validate_state_for_type_case_a@?$standard_base@_WV?$string_output_adapter@_W@__crt_stdio_output@@@__crt_stdio_output@@IEBA_NXZ 0000000140015ab0 f i libucrtd:output.obj
 0001:00014ab0       ?should_format@?$standard_base@DV?$string_output_adapter@D@__crt_stdio_output@@@__crt_stdio_output@@IEAA_NXZ 0000000140015ab0 f i libucrtd:output.obj
 0001:00014ab0       ?should_format@?$standard_base@_WV?$string_output_adapter@_W@__crt_stdio_output@@@__crt_stdio_output@@IEAA_NXZ 0000000140015ab0 f i libucrtd:output.obj
 0001:00014ac0       ?should_skip_normal_state_processing@?$standard_base@DV?$string_output_adapter@D@__crt_stdio_output@@@__crt_stdio_output@@IEAA_NXZ 0000000140015ac0 f i libucrtd:output.obj
 0001:00014ac0       ?should_skip_normal_state_processing@?$standard_base@_WV?$string_output_adapter@_W@__crt_stdio_output@@@__crt_stdio_output@@IEAA_NXZ 0000000140015ac0 f i libucrtd:output.obj
 0001:00014ac0       ?should_skip_type_state_output@?$standard_base@_WV?$string_output_adapter@_W@__crt_stdio_output@@@__crt_stdio_output@@IEBA_NXZ 0000000140015ac0 f i libucrtd:output.obj
 0001:00014ac0       ?should_skip_type_state_output@?$standard_base@DV?$string_output_adapter@D@__crt_stdio_output@@@__crt_stdio_output@@IEBA_NXZ 0000000140015ac0 f i libucrtd:output.obj
 0001:00014ad0       ?state_case_dot@?$output_processor@DV?$string_output_adapter@D@__crt_stdio_output@@V?$format_validation_base@DV?$string_output_adapter@D@__crt_stdio_output@@@2@@__crt_stdio_output@@AEAA_NXZ 0000000140015ad0 f i libucrtd:output.obj
 0001:00014ad0       ?state_case_dot@?$output_processor@_WV?$string_output_adapter@_W@__crt_stdio_output@@V?$format_validation_base@_WV?$string_output_adapter@_W@__crt_stdio_output@@@2@@__crt_stdio_output@@AEAA_NXZ 0000000140015ad0 f i libucrtd:output.obj
 0001:00014af0       ?state_case_flag@?$output_processor@DV?$string_output_adapter@D@__crt_stdio_output@@V?$format_validation_base@DV?$string_output_adapter@D@__crt_stdio_output@@@2@@__crt_stdio_output@@AEAA_NXZ 0000000140015af0 f i libucrtd:output.obj
 0001:00014b90       ?state_case_flag@?$output_processor@_WV?$string_output_adapter@_W@__crt_stdio_output@@V?$format_validation_base@_WV?$string_output_adapter@_W@__crt_stdio_output@@@2@@__crt_stdio_output@@AEAA_NXZ 0000000140015b90 f i libucrtd:output.obj
 0001:00014c30       ?state_case_normal@?$output_processor@DV?$string_output_adapter@D@__crt_stdio_output@@V?$format_validation_base@DV?$string_output_adapter@D@__crt_stdio_output@@@2@@__crt_stdio_output@@AEAA_NXZ 0000000140015c30 f i libucrtd:output.obj
 0001:00014d10       ?state_case_normal@?$output_processor@_WV?$string_output_adapter@_W@__crt_stdio_output@@V?$format_validation_base@_WV?$string_output_adapter@_W@__crt_stdio_output@@@2@@__crt_stdio_output@@AEAA_NXZ 0000000140015d10 f i libucrtd:output.obj
[...]
 0002:00012160       $unwind$__acrt_GetStringTypeA 000000014004e160     libucrtd:getstringtypea.obj
 0002:00012168       $unwind$__acrt_update_thread_locale_data 000000014004e168     libucrtd:locale_refcounting.obj
 0002:00012188       $unwind$__acrt_get_parent_window 000000014004e188     libucrtd:winapi_thunks.obj
 0002:00012188       $unwind$__acrt_initialize_winapi_thunks 000000014004e188     libucrtd:winapi_thunks.obj
 0002:00012188       $unwind$__acrt_initialize_stdio 000000014004e188     libucrtd:_file.obj
 0002:00012190       $unwind$__acrt_InitializeCriticalSectionEx 000000014004e190     libucrtd:winapi_thunks.obj
 0002:00012198       $unwind$??$common_xtox@KD@@YAHKQEAD_KI_N@Z 000000014004e198     libucrtd:xtoa.obj
 0002:00012198       $unwind$??$common_xtox@K_W@@YAHKQEA_W_KI_N@Z 000000014004e198     libucrtd:xtoa.obj
 0002:00012198       $unwind$__acrt_LCMapStringEx 000000014004e198     libucrtd:winapi_thunks.obj
 0002:000121a0       $unwind$__acrt_is_interactive 000000014004e1a0     libucrtd:winapi_thunks.obj
 0002:000121b0       $unwind$_query_new_handler 000000014004e1b0     libucrtd:new_handler.obj
 0002:000121d0       $unwind$raise              000000014004e1d0     libucrtd:signal.obj
 0002:000121f0       $unwind$??$?RV<lambda_450d765d439847d4c735a33c368b5fc0>@@AEAV<lambda_44731a7d0e6d81c3e6aa82d741081786>@@V<lambda_601a2a7da3b7a96e9554ac7215c4b07c>@@@?$__crt_seh_guarded_call@P6AXH@Z@@QEAAP6AXH@Z$$QEAV<lambda_450d765d439847d4c735a33c368b5fc0>@@AEAV<lambda_44731a7d0e6d81c3e6aa82d741081786>@@$$QEAV<lambda_601a2a7da3b7a96e9554ac7215c4b07c>@@@Z 000000014004e1f0     libucrtd:signal.obj
 0002:00012210       $unwind$_expand_base       000000014004e210     libucrtd:expand.obj
 0002:00012218       $unwind$?fp_format_g@@YAHQEBNQEAD_K12H_NIW4__acrt_rounding_mode@@QEAU__crt_locale_pointers@@@Z 000000014004e218     libucrtd:cvt.obj
 0002:00012218       $unwind$_mbtowc_l          000000014004e218     libucrtd:mbtowc.obj
 0002:00012224       $unwind$_wctomb_s_l        000000014004e224     libucrtd:wctomb.obj
 0002:00012230       $unwind$?fp_format_nan_or_infinity@@YAHW4__acrt_fp_class@@_NPEAD_K1@Z 000000014004e230     libucrtd:cvt.obj
 0002:00012238       $unwind$?fe_to_nearest@@YA_NQEBN_KF@Z 000000014004e238     libucrtd:cvt.obj
 0002:00012240       $unwind$?should_round_up@@YA_NQEBN_KFW4__acrt_rounding_mode@@@Z 000000014004e240     libucrtd:cvt.obj
 0002:00012248       $unwind$?fp_format_a@@YAHQEBNPEAD_KQEAD2H_NIQEAU__crt_locale_pointers@@W4__acrt_rounding_mode@@@Z 000000014004e248     libucrtd:cvt.obj
 0002:00012258       $stateUnwindMap$?fp_format_a@@YAHQEBNPEAD_KQEAD2H_NIQEAU__crt_locale_pointers@@W4__acrt_rounding_mode@@@Z 000000014004e258     libucrtd:cvt.obj
 0002:00012260       $ip2state$?fp_format_a@@YAHQEBNPEAD_KQEAD2H_NIQEAU__crt_locale_pointers@@W4__acrt_rounding_mode@@@Z 000000014004e260     libucrtd:cvt.obj
 0002:000122a8       $unwind$?fp_format_f@@YAHQEBNQEAD_K12HQEAU__crt_locale_pointers@@W4__acrt_rounding_mode@@@Z 000000014004e2a8     libucrtd:cvt.obj
 0002:000122b0       $unwind$_VCrtDbgReportA    000000014004e2b0     libucrtd:dbgrptt.obj
 0002:000122e8       $unwind$_VCrtDbgReportW    000000014004e2e8     libucrtd:dbgrptt.obj
 0002:00012320       $unwind$__acrt_OutputDebugStringA 000000014004e320     libucrtd:outputdebugstringa.obj
 0002:00012334       $unwind$qsort              000000014004e334     libucrtd:qsort.obj
 0002:00012344       $unwind$?shortsort@@YAXPEAD0_KP6AHPEBX2@Z@Z 000000014004e344     libucrtd:qsort.obj
 0002:00012354       $stateUnwindMap$?shortsort@@YAXPEAD0_KP6AHPEBX2@Z@Z 000000014004e354     libucrtd:qsort.obj
 0002:00012360       $ip2state$?shortsort@@YAXPEAD0_KP6AHPEBX2@Z@Z 000000014004e360     libucrtd:qsort.obj
 0002:00012378       $unwind$strpbrk            000000014004e378     libucrtd:strpbrk.obj
 0002:00012380       $unwind$fallbackMethod     000000014004e380     libucrtd:strpbrk.obj
 0002:00012390       $unwind$_mbsdec_l          000000014004e390     libucrtd:mbsdec.obj
 0002:0001239c       $unwind$__acrt_LCMapStringA 000000014004e39c     libucrtd:lcmapstringa.obj
 0002:000123a4       $unwind$_mbstowcs_s_l      000000014004e3a4     libucrtd:mbstowcs.obj
 0002:000123a4       $unwind$?__acrt_LCMapStringA_stat@@YAHPEAU__crt_locale_pointers@@PEB_WKPEBDHPEADHHH@Z 000000014004e3a4     libucrtd:lcmapstringa.obj
 0002:000123ac       $unwind$??$common_xtox_s@KD@@YAHKQEAD_KI_N@Z 000000014004e3ac     libucrtd:xtoa.obj
 0002:000123ac       $unwind$??$common_xtox_s@K_W@@YAHKQEA_W_KI_N@Z 000000014004e3ac     libucrtd:xtoa.obj
 0002:000123b4       $unwind$??R<lambda_ab61a845afdef5b7c387490eaf3616ee>@@QEBA@XZ 000000014004e3b4     libucrtd:fflush.obj
 0002:000123bc       $unwind$??$?RV<lambda_842d9ff0dc9ef11c61343bbaebe7f885>@@AEAV<lambda_c5860995281e5c4ce005b3de8f5874ee>@@V<lambda_d90129c13df834fdcbf8d2b88dafcf2d>@@@?$__crt_seh_guarded_call@X@@QEAAX$$QEAV<lambda_842d9ff0dc9ef11c61343bbaebe7f885>@@AEAV<lambda_c5860995281e5c4ce005b3de8f5874ee>@@$$QEAV<lambda_d90129c13df834fdcbf8d2b88dafcf2d>@@@Z 000000014004e3bc     libucrtd:fflush.obj
 0002:000123dc       $unwind$??$?RV<lambda_886d6c58226a84441f68b9f2b8217b83>@@AEAV<lambda_ab61a845afdef5b7c387490eaf3616ee>@@V<lambda_f7f22ab5edc0698d5f6905b0d3f44752>@@@?$__crt_seh_guarded_call@X@@QEAAX$$QEAV<lambda_886d6c58226a84441f68b9f2b8217b83>@@AEAV<lambda_ab61a845afdef5b7c387490eaf3616ee>@@$$QEAV<lambda_f7f22ab5edc0698d5f6905b0d3f44752>@@@Z 000000014004e3dc     libucrtd:fflush.obj
 0002:000123fc       $unwind$_isleadbyte_l      000000014004e3fc     libucrtd:_wctype.obj
 0002:00012404       $unwind$?__mbsrtowcs_utf8@__crt_mbstring@@YA_KPEA_WPEAPEBD_KPEAU_Mbstatet@@@Z 000000014004e404     libucrtd:mbrtowc.obj
 0002:0001240c       $unwind$?__c32rtomb_utf8@__crt_mbstring@@YA_KPEAD_UPEAU_Mbstatet@@@Z 000000014004e40c     libucrtd:c32rtomb.obj
 0002:00012414       $unwind$?reset_and_return@__crt_mbstring@@YA_K_KPEAU_Mbstatet@@@Z 000000014004e414     libucrtd:c32rtomb.obj
 0002:0001241c       $unwind$__acrt_fltout      000000014004e41c     libucrtd:cfout.obj
 0002:00012424       $unwind$?make_big_integer@__crt_strtox@@YA?AUbig_integer@1@_K@Z 000000014004e424     libucrtd:cfout.obj
 0002:00012434       $unwind$?make_big_integer_power_of_two@__crt_strtox@@YA?AUbig_integer@1@I@Z 000000014004e434     libucrtd:cfout.obj
 0002:00012444       $unwind$?shift_left@__crt_strtox@@YA_NAEAUbig_integer@1@I@Z 000000014004e444     libucrtd:cfout.obj
 0002:00012454       $unwind$?add_multiply_carry@__crt_strtox@@YAIAEAIIII@Z 000000014004e454     libucrtd:cfout.obj
 0002:0001245c       $unwind$?multiply@__crt_strtox@@YA_NAEAUbig_integer@1@I@Z 000000014004e45c     libucrtd:cfout.obj
 0002:0001246c       $unwind$?multiply@__crt_strtox@@YA_NAEAUbig_integer@1@AEBU21@@Z 000000014004e46c     libucrtd:cfout.obj
 0002:0001247c       $unwind$?multiply_by_power_of_ten@__crt_strtox@@YA_NAEAUbig_integer@1@I@Z 000000014004e47c     libucrtd:cfout.obj
 0002:0001248c       $unwind$?divide@__crt_strtox@@YA_KAEAUbig_integer@1@AEBU21@@Z 000000014004e48c     libucrtd:cfout.obj
 0002:0001249c       $unwind$??$convert_to_fos_high_precision@N@@YA?AW4__acrt_has_trailing_digits@@NIQEAHQEAD_K@Z 000000014004e49c     libucrtd:cfout.obj
 0002:000124ac       $unwind$_fcloseall         000000014004e4ac     libucrtd:closeall.obj
 0002:000124cc       $unwind$?_mbstowcs_l_helper@@YA_KPEA_WPEBD_KPEAU__crt_locale_pointers@@@Z 000000014004e4cc     libucrtd:mbstowcs.obj
 0002:000124d8       $unwind$?_wcstombs_l_helper@@YA_KPEADPEB_W_KPEAU__crt_locale_pointers@@@Z 000000014004e4d8     libucrtd:wcstombs.obj
 0002:000124f0       $stateUnwindMap$?_wcstombs_l_helper@@YA_KPEADPEB_W_KPEAU__crt_locale_pointers@@@Z 000000014004e4f0     libucrtd:wcstombs.obj
 0002:00012500       $ip2state$?_wcstombs_l_helper@@YA_KPEADPEB_W_KPEAU__crt_locale_pointers@@@Z 000000014004e500     libucrtd:wcstombs.obj
 0002:00012618       $unwind$??$?RV<lambda_4e3dbe6921bc0b5a1a6bc6573fdc859e>@@AEAV<lambda_5533cddd4bda0037814beee657757329>@@V<lambda_47cffbaa968af5c721c38a4a6f8da44d>@@@?$__crt_seh_guarded_call@H@@QEAAH$$QEAV<lambda_4e3dbe6921bc0b5a1a6bc6573fdc859e>@@AEAV<lambda_5533cddd4bda0037814beee657757329>@@$$QEAV<lambda_47cffbaa968af5c721c38a4a6f8da44d>@@@Z 000000014004e618     libucrtd:commit.obj
 0002:00012638       $unwind$_write             000000014004e638     libucrtd:write.obj
 0002:00012658       $unwind$_write_nolock      000000014004e658     libucrtd:write.obj
 0002:0001266c       $unwind$?write_double_translated_ansi_nolock@@YA?AUwrite_result@?A0x17268360@@HQEBDI@Z 000000014004e66c     libucrtd:write.obj
 0002:00012680       $unwind$?write_double_translated_unicode_nolock@@YA?AUwrite_result@?A0x17268360@@QEBDI@Z 000000014004e680     libucrtd:write.obj
 0002:00012694       $unwind$?write_text_ansi_nolock@@YA?AUwrite_result@?A0x17268360@@HQEBDI@Z 000000014004e694     libucrtd:write.obj
 0002:00012694       $unwind$?write_text_utf16le_nolock@@YA?AUwrite_result@?A0x17268360@@HQEBDI@Z 000000014004e694     libucrtd:write.obj
 0002:000126a8       $unwind$?write_text_utf8_nolock@@YA?AUwrite_result@?A0x17268360@@HQEBDI@Z 000000014004e6a8     libucrtd:write.obj
 0002:000126bc       $unwind$?write_binary_nolock@@YA?AUwrite_result@?A0x17268360@@HQEBDI@Z 000000014004e6bc     libucrtd:write.obj
 0002:000126d0       $unwind$?__mbrtoc32_utf8@__crt_mbstring@@YA_KPEA_UPEBD_KPEAU_Mbstatet@@@Z 000000014004e6d0     libucrtd:mbrtoc32.obj
 0002:000126e0       $xdatasym                  000000014004e6e0     libucrtd:log10.obj
 0002:000126ec       $unwind$ceil               000000014004e6ec     libucrtd:ceil.obj
 0002:000126f4       $unwind$fclose             000000014004e6f4     libucrtd:fclose.obj
 0002:00012714       $unwind$?__wcsrtombs_utf8@__crt_mbstring@@YA_KPEADPEAPEB_W_KPEAU_Mbstatet@@@Z 000000014004e714     libucrtd:wcrtomb.obj
 0002:00012724       $unwind$__acrt_initialize_fma3 000000014004e724     libucrtd:fma3_available.obj
 0002:00012734       $unwind$_log_special_common 000000014004e734     libucrtd:log_special.obj
 0002:00012744       $unwind$_log10_special     000000014004e744     libucrtd:log_special.obj
 0002:0001274c       $unwind$_handle_error      000000014004e74c     libucrtd:libm_error.obj
 0002:0001275c       $unwind$common_control87   000000014004e75c     libucrtd:ieee.obj
 0002:0001277c       $unwind$??$?RV<lambda_53fc7fc888e23d815d7080162c0aeeb2>@@AEAV<lambda_4e7105787b7b0e0227fbf2b2d883fa65>@@V<lambda_8ddc48ad9d26c778cb15812d1d88fc8a>@@@?$__crt_seh_guarded_call@H@@QEAAH$$QEAV<lambda_53fc7fc888e23d815d7080162c0aeeb2>@@AEAV<lambda_4e7105787b7b0e0227fbf2b2d883fa65>@@$$QEAV<lambda_8ddc48ad9d26c778cb15812d1d88fc8a>@@@Z 000000014004e77c     libucrtd:close.obj
 0002:0001279c       $unwind$?__c16rtomb_utf8@__crt_mbstring@@YA_KPEAD_SPEAU_Mbstatet@@@Z 000000014004e79c     libucrtd:c16rtomb.obj
 0002:000127a4       $unwind$__dcrt_lowio_ensure_console_output_initialized 000000014004e7a4     libucrtd:initcon.obj
 0002:000127ac       $unwind$__dcrt_write_console 000000014004e7ac     libucrtd:initcon.obj
 0002:000127c0       $unwind$_ctrlfp            000000014004e7c0     libucrtd:fpctrl.obj
 0002:000127e0       $xdatasym                  000000014004e7e0     libucrtd:fpsr.obj
 0002:000127e8       $unwind$_IsNonwritableInCurrentImage 000000014004e7e8     LIBCMTD:pesect.obj
 0002:00012808       $xdatasym                  000000014004e808     libvcruntimed:memcmp.obj
 0002:0001280c       $unwind$strrchr            000000014004e80c     libvcruntimed:strrchr.obj
 0002:00012d40       .idata$6                   000000014004ed40     user32:USER32.dll
 0002:00012d6c       .idata$6                   000000014004ed6c     gdi32:GDI32.dll
 0002:00012d88       .idata$6                   000000014004ed88     winmm:WINMM.dll
 0002:00013034       .idata$6                   000000014004f034     kernel32:KERNEL32.dll
 0003:00000000       ?XInputGetState_@@3P6AKKPEAU_XINPUT_STATE@@@ZEA 0000000140050000     win32_made.obj
 0003:00000008       ?XInputSetState_@@3P6AKKPEAU_XINPUT_VIBRATION@@@ZEA 0000000140050008     win32_made.obj
 0003:00000050       ?__vcrt_flsindex@@3KA      0000000140050050     libvcruntimed:per_thread_data.obj
 0003:00000060       ?__acrt_current_request_number@@3JA 0000000140050060     libucrtd:debug_heap.obj
 0003:00000080       ?__acrt_flsindex@@3KA      0000000140050080     libucrtd:per_thread_data.obj
 0003:00000084       ?errno_no_memory@@3HA      0000000140050084     libucrtd:errno.obj
 0003:00000088       ?doserrno_no_memory@@3KA   0000000140050088     libucrtd:errno.obj
 0003:000002c0       _mbctypes                  00000001400502c0     libucrtd:mbctype.obj
 0003:000003d0       _mbcasemaps                00000001400503d0     libucrtd:mbctype.obj
 0003:000004d0       ?__rgctypeflag@@3PADA      00000001400504d0     libucrtd:mbctype.obj
 0003:000004e0       ?__rgcode_page_info@@3PAUcode_page_info@@A 00000001400504e0     libucrtd:mbctype.obj
 0003:00000800       ?__acrt_debug_fill_threshold@@3_KA 0000000140050800     libucrtd:debug_fill_threshold.obj
 0003:00000a50       ?dazSupported@?1??common_control87@@9@9 0000000140050a50     libucrtd:ieee.obj
 0003:00000a58       ?__dcrt_lowio_console_output_handle@@3PEAXEA 0000000140050a58     libucrtd:initcon.obj
 0003:00000a60       ?dazSupported@?1??_ctrlfp@@9@9 0000000140050a60     libucrtd:fpctrl.obj
 0003:00000ae0       ?GlobalRunning@@3HA        0000000140050ae0     win32_made.obj
 0003:00000ae4       ?GlobalPause@@3HA          0000000140050ae4     win32_made.obj
 0003:00000ae8       ?GlobalSecondaryBuffer@@3PEAUIDirectSoundBuffer@@EA 0000000140050ae8     win32_made.obj
 0003:00000af0       ?GlobalBackbuffer@@3Uwin32_offscreen_buffer@@A 0000000140050af0     win32_made.obj
 0003:00000b38       ?GlobalPerfCountFrequency@@3_JA 0000000140050b38     win32_made.obj
 0003:00000b40       GS_ExceptionRecord         0000000140050b40     LIBCMTD:gs_report.obj
 0003:00000be0       GS_ContextRecord           0000000140050be0     LIBCMTD:gs_report.obj
 0003:000010c0       ?is_initialized_as_dll@@3_NA 00000001400510c0     LIBCMTD:utility.obj
 0003:000010c1       ?module_local_atexit_table_initialized@@3_NA 00000001400510c1     LIBCMTD:utility.obj
 0003:000010c8       ?module_local_atexit_table@@3U_onexit_table_t@@A 00000001400510c8     LIBCMTD:utility.obj
 0003:000010e0       ?module_local_at_quick_exit_table@@3U_onexit_table_t@@A 00000001400510e0     LIBCMTD:utility.obj
 0003:00001140       ?__vcrt_startup_thread_ptd@@3U__vcrt_ptd@@A 0000000140051140     libvcruntimed:per_thread_data.obj
 0003:000011c0       __vcrt_lock_table          00000001400511c0     libvcruntimed:locks.obj
 0003:000011e8       __vcrt_locks_initialized   00000001400511e8     libvcruntimed:locks.obj
 0003:00001230       ?heap@@3V_HeapManager@@A   0000000140051230     libvcruntimed:undname.obj
 0003:00001258       ?module_handles@@3PAPEAUHINSTANCE__@@A 0000000140051258     libvcruntimed:winapi_downlevel.obj
 0003:00001270       ?function_pointers@@3PAPEAXA 0000000140051270     libvcruntimed:winapi_downlevel.obj
 0003:000012a0       ?__acrt_app_type@@3W4_crt_app_type@@A 00000001400512a0     libucrtd:report_runtime_error.obj
 0003:000012b0       ?outmsg@?9??__acrt_report_runtime_error@@9@4PA_WA 00000001400512b0     libucrtd:report_runtime_error.obj
 0003:000018d8       ?user_matherr@@3V?$dual_state_global@P6AHPEAU_exception@@@Z@__crt_state_management@@A 00000001400518d8     libucrtd:matherr.obj
 0003:000018e0       ?program_name@?1???$common_configure_argv@D@@YAHW4_crt_argv_mode@@@Z@4PADA 00000001400518e0     libucrtd:argv_parsing.obj
 0003:00001a08       ?empty_string@?1???$common_wincmdln@E@@YAPEAEXZ@4PAEA 0000000140051a08     libucrtd:argv_winmain.obj
 0003:00001a0c       ?c_termination_complete@@3JA 0000000140051a0c     libucrtd:exit.obj
 0003:00001a10       ?thread_local_exit_callback_func@@3P6AXPEAXK0@ZEA 0000000140051a10     libucrtd:exit.obj
 0003:00001a20       ?__acrt_global_new_mode@@3V?$dual_state_global@J@__crt_state_management@@A 0000000140051a20     libucrtd:new_mode.obj
 0003:00001a58       ?__acrt_first_block@@3PEAU_CrtMemBlockHeader@@EA 0000000140051a58     libucrtd:debug_heap.obj
 0003:00001a60       ?__acrt_last_block@@3PEAU_CrtMemBlockHeader@@EA 0000000140051a60     libucrtd:debug_heap.obj
 0003:00001a68       ?__acrt_total_allocations@@3_KA 0000000140051a68     libucrtd:debug_heap.obj
 0003:00001a70       ?__acrt_current_allocations@@3_KA 0000000140051a70     libucrtd:debug_heap.obj
 0003:00001a78       ?__acrt_max_allocations@@3_KA 0000000140051a78     libucrtd:debug_heap.obj
 0003:00001a80       ?__acrt_check_frequency@@3IA 0000000140051a80     libucrtd:debug_heap.obj
 0003:00001a84       ?__acrt_check_counter@@3IA 0000000140051a84     libucrtd:debug_heap.obj
 0003:00001a90       ?heap_validation_pending@@3_NA 0000000140051a90     libucrtd:debug_heap.obj
 0003:00001a98       ?__acrt_invalid_parameter_handler@@3V?$dual_state_global@P6AXPEB_W00I_K@Z@__crt_state_management@@A 0000000140051a98     libucrtd:invalid_parameter.obj
 0003:00001aa0       __acrt_error_mode          0000000140051aa0     libucrtd:set_error_mode.obj
 0003:00001ac0       ?fSystemSet@@3HA           0000000140051ac0     libucrtd:mbctype.obj
 0003:00001ac4       ?initialized@?1??__acrt_initialize_multibyte@@9@4_NA 0000000140051ac4     libucrtd:mbctype.obj
 0003:00001b00       ?__acrt_lock_table@@3PAU_RTL_CRITICAL_SECTION@@A 0000000140051b00     libucrtd:locks.obj
 0003:00001d30       ?__acrt_locks_initialized@@3IA 0000000140051d30     libucrtd:locks.obj
 0003:00001d34       ?state_cache@?1???$get_cached_win_policy@Udeveloper_information_policy_properties@?1??__acrt_get_developer_information_policy@@YA?AW4developer_information_policy@@XZ@@@YA?AW4developer_information_policy@@W4AppPolicyShowDeveloperDiagnostic@@@Z@4JA 0000000140051d34     libucrtd:win_policies.obj
 0003:00001d38       ?state_cache@?1???$get_cached_win_policy@Uwindowing_model_policy_properties@?1??__acrt_get_windowing_model_policy@@YA?AW4windowing_model_policy@@XZ@@@YA?AW4windowing_model_policy@@W4AppPolicyWindowingModel@@@Z@4JA 0000000140051d38     libucrtd:win_policies.obj
 0003:00002150       ?module_handles@@3PAPEAUHINSTANCE__@@A 0000000140052150     libucrtd:winapi_thunks.obj
 0003:000021f0       ?encoded_function_pointers@@3PAPEAXA 00000001400521f0     libucrtd:winapi_thunks.obj
 0003:00002310       ?__acrt_new_handler@@3V?$dual_state_global@P6AH_K@Z@__crt_state_management@@A 0000000140052310     libucrtd:new_handler.obj
 0003:00002318       ?ctrlc_action@@3V?$dual_state_global@P6AXH@Z@__crt_state_management@@A 0000000140052318     libucrtd:signal.obj
 0003:00002320       ?ctrlbreak_action@@3V?$dual_state_global@P6AXH@Z@__crt_state_management@@A 0000000140052320     libucrtd:signal.obj
 0003:00002328       ?abort_action@@3V?$dual_state_global@P6AXH@Z@__crt_state_management@@A 0000000140052328     libucrtd:signal.obj
 0003:00002330       ?term_action@@3V?$dual_state_global@P6AXH@Z@__crt_state_management@@A 0000000140052330     libucrtd:signal.obj
 0003:00002348       ?internal_state@?1??_mbtowc_l@@9@4U_Mbstatet@@A 0000000140052348     libucrtd:mbtowc.obj
 0003:00002360       ?enable_percent_n@@3_KA    0000000140052360     libucrtd:printf_count_output.obj
 0003:00002380       ?internal_pst@?1??__mbrtoc32_utf8@__crt_mbstring@@YA_KPEA_UPEBD_KPEAU_Mbstatet@@@Z@4U3@A 0000000140052380     libucrtd:mbrtoc32.obj
 0003:00002390       ?internal_pst@?1??__c16rtomb_utf8@__crt_mbstring@@YA_KPEAD_SPEAU_Mbstatet@@@Z@4U3@A 0000000140052390     libucrtd:c16rtomb.obj
 0005:00000000       MoveSmall                  0000000140056000     libvcruntimed:memcpy.obj
 0005:00000040       MoveSmallYmm               0000000140056040     libvcruntimed:memcpy.obj
 0005:00000064       MoveSmallYmmNT             0000000140056064     libvcruntimed:memcpy.obj
 0005:00000088       MoveSmallXmm               0000000140056088     libvcruntimed:memcpy.obj
 0005:000000b0       MsetTab                    00000001400560b0     libvcruntimed:memset.obj
