 win32_made

 Timestamp is 61084842 (Mon Aug  2 22:32:18 2021)

 Preferred load address is 0000000140000000

 Start         Length     Name                   Class
 0001:00000000 00013910H .text$mn                CODE
 0001:00013910 00000040H .text$mn$00             CODE
 0001:00013950 00000290H .text$x                 CODE
 0002:00000000 000002c8H .idata$5                DATA
 0002:000002c8 00000028H .00cfg                  DATA
 0002:000002f0 00000008H .CRT$XCA                DATA
 0002:000002f8 00000008H .CRT$XCAA               DATA
 0002:00000300 00000008H .CRT$XCZ                DATA
 0002:00000308 00000008H .CRT$XIA                DATA
 0002:00000310 00000008H .CRT$XIAA               DATA
 0002:00000318 00000008H .CRT$XIAC               DATA
 0002:00000320 00000020H .CRT$XIC                DATA
 0002:00000340 00000008H .CRT$XIZ                DATA
 0002:00000348 00000008H .CRT$XPA                DATA
 0002:00000350 00000010H .CRT$XPX                DATA
 0002:00000360 00000008H .CRT$XPXA               DATA
 0002:00000368 00000008H .CRT$XPZ                DATA
 0002:00000370 00000008H .CRT$XTA                DATA
 0002:00000378 00000008H .CRT$XTZ                DATA
 0002:00000380 00000000H .gehcont$y              DATA
 0002:00000380 00000000H .gfids$y                DATA
 0002:00000380 00008880H .rdata                  DATA
 0002:00008c00 00000000H .rdata$CastGuardVftablesA DATA
 0002:00008c00 00000000H .rdata$CastGuardVftablesC DATA
 0002:00008c00 00000000H .rdata$r                DATA
 0002:00008c00 00000104H .rdata$voltmd           DATA
 0002:00008d04 000002ecH .rdata$zzzdbg           DATA
 0002:00008ff0 00000008H .rtc$IAA                DATA
 0002:00008ff8 00000008H .rtc$IZZ                DATA
 0002:00009000 00000008H .rtc$TAA                DATA
 0002:00009008 00000008H .rtc$TZZ                DATA
 0002:00009010 00000dd0H .xdata                  DATA
 0002:00009de0 00000000H .xdata$x                DATA
 0002:00009de0 00000000H .edata                  DATA
 0002:00009de0 00000050H .idata$2                DATA
 0002:00009e30 00000018H .idata$3                DATA
 0002:00009e48 000002c8H .idata$4                DATA
 0002:0000a110 00000628H .idata$6                DATA
 0003:00000000 00000a20H .data                   DATA
 0003:00000a20 00000000H .data$r                 DATA
 0003:00000a20 00000000H .data$rs                DATA
 0003:00000a20 00001248H .bss                    DATA
 0004:00000000 000010bcH .pdata                  DATA
 0005:00000000 000000fcH _RDATA                  DATA

  Address         Publics by Value              Rva+Base               Lib:Object

 0000:00000000       __guard_longjmp_table      0000000000000000     <absolute>
 0000:00000000       ___safe_se_handler_table   0000000000000000     <absolute>
 0000:00000000       __x64_code_ranges_to_entry_points_count 0000000000000000     <absolute>
 0000:00000000       __guard_fids_count         0000000000000000     <absolute>
 0000:00000000       __arm64x_redirection_metadata 0000000000000000     <absolute>
 0000:00000000       __arm64x_extra_rfe_table   0000000000000000     <absolute>
 0000:00000000       __guard_iat_table          0000000000000000     <absolute>
 0000:00000000       __hybrid_code_map          0000000000000000     <absolute>
 0000:00000000       __guard_iat_count          0000000000000000     <absolute>
 0000:00000000       __guard_longjmp_count      0000000000000000     <absolute>
 0000:00000000       __arm64x_extra_rfe_table_size 0000000000000000     <absolute>
 0000:00000000       __x64_code_ranges_to_entry_points 0000000000000000     <absolute>
 0000:00000000       __dynamic_value_reloc_table 0000000000000000     <absolute>
 0000:00000000       ___safe_se_handler_count   0000000000000000     <absolute>
 0000:00000000       __hybrid_auxiliary_iat     0000000000000000     <absolute>
 0000:00000000       __hybrid_auxiliary_iat_copy 0000000000000000     <absolute>
 0000:00000000       __AbsoluteZero             0000000000000000     <absolute>
 0000:00000000       __guard_check_icall_a64n_fptr 0000000000000000     <absolute>
 0000:00000000       __guard_eh_cont_count      0000000000000000     <absolute>
 0000:00000000       __guard_fids_table         0000000000000000     <absolute>
 0000:00000000       __arm64x_redirection_metadata_count 0000000000000000     <absolute>
 0000:00000000       __enclave_config           0000000000000000     <absolute>
 0000:00000000       __guard_eh_cont_table      0000000000000000     <absolute>
 0000:00000000       __arm64x_native_entrypoint 0000000000000000     <absolute>
 0000:00000000       __hybrid_code_map_count    0000000000000000     <absolute>
 0000:00000100       __guard_flags              0000000000000100     <absolute>
 0000:00000000       __ImageBase                0000000140000000     <linker-defined>
 0001:000006a0       WinMain                    00000001400016a0 f   win32_made.obj
 0001:000019c0       ?XInputGetStateStub@@YAKKPEAU_XINPUT_STATE@@@Z 00000001400029c0 f   win32_made.obj
 0001:000019e0       ?XInputSetStateStub@@YAKKPEAU_XINPUT_VIBRATION@@@Z 00000001400029e0 f   win32_made.obj
 0001:00001f20       ?Win32MainWindowCallback@@YA_JPEAUHWND__@@I_K_J@Z 0000000140002f20 f   win32_made.obj
 0001:00002e10       ??$_snprintf_s@$0BAA@@@YAHAEAY0BAA@D_KPEBDZZ 0000000140003e10 f i win32_made.obj
 0001:00002e60       ?GetController@@YAPEAUgame_controller_input@@PEAUgame_input@@I@Z 0000000140003e60 f i win32_made.obj
 0001:00002eb0       ?SafeTruncateUInt64@@YAI_K@Z 0000000140003eb0 f i win32_made.obj
 0001:00002ee0       ?Win32DrawSoundBufferMarker@@YAXPEAUwin32_offscreen_buffer@@PEAUwin32_sound_output@@MHHHKI@Z 0000000140003ee0 f i win32_made.obj
 0001:00002f60       ?Win32GetSecondsElapsed@@YAMT_LARGE_INTEGER@@0@Z 0000000140003f60 f i win32_made.obj
 0001:00002fa0       ?Win32GetWallClock@@YA?AT_LARGE_INTEGER@@XZ 0000000140003fa0 f i win32_made.obj
 0001:00002fc0       __local_stdio_printf_options 0000000140003fc0 f i win32_made.obj
 0001:00002fd0       _vsnprintf_s               0000000140003fd0 f i win32_made.obj
 0001:00003020       _vsnprintf_s_l             0000000140004020 f i win32_made.obj
 0001:000030a0       __GSHandlerCheck           00000001400040a0 f   LIBCMT:gshandler.obj
 0001:000030c0       __GSHandlerCheckCommon     00000001400040c0 f   LIBCMT:gshandler.obj
 0001:00003130       __security_check_cookie    0000000140004130 f   LIBCMT:amdsecgs.obj
 0001:000033a8       WinMainCRTStartup          00000001400043a8 f   LIBCMT:exe_winmain.obj
 0001:000033bc       __raise_securityfailure    00000001400043bc f   LIBCMT:gs_report.obj
 0001:000033f0       __report_gsfailure         00000001400043f0 f   LIBCMT:gs_report.obj
 0001:000034c4       __report_rangecheckfailure 00000001400044c4 f   LIBCMT:gs_report.obj
 0001:000034d8       __report_securityfailure   00000001400044d8 f   LIBCMT:gs_report.obj
 0001:00003658       __scrt_acquire_startup_lock 0000000140004658 f   LIBCMT:utility.obj
 0001:00003694       __scrt_initialize_crt      0000000140004694 f   LIBCMT:utility.obj
 0001:000036e0       __scrt_initialize_onexit_tables 00000001400046e0 f   LIBCMT:utility.obj
 0001:0000376c       __scrt_is_nonwritable_in_current_image 000000014000476c f   LIBCMT:utility.obj
 0001:00003804       __scrt_release_startup_lock 0000000140004804 f   LIBCMT:utility.obj
 0001:00003828       __scrt_uninitialize_crt    0000000140004828 f   LIBCMT:utility.obj
 0001:00003854       _onexit                    0000000140004854 f   LIBCMT:utility.obj
 0001:00003890       atexit                     0000000140004890 f   LIBCMT:utility.obj
 0001:000038a8       __security_init_cookie     00000001400048a8 f   LIBCMT:gs_support.obj
 0001:00003954       _get_startup_new_mode      0000000140004954 f   LIBCMT:new_mode.obj
 0001:00003954       _matherr                   0000000140004954 f   LIBCMT:matherr.obj
 0001:00003954       _get_startup_thread_locale_mode 0000000140004954 f   LIBCMT:thread_locale.obj
 0001:00003954       __scrt_stub_for_initialize_mta 0000000140004954 f   LIBCMT:utility_desktop.obj
 0001:00003954       __scrt_initialize_winrt    0000000140004954 f   LIBCMT:utility_desktop.obj
 0001:00003954       _get_startup_commit_mode   0000000140004954 f   LIBCMT:commit_mode.obj
 0001:00003954       __scrt_exe_initialize_mta  0000000140004954 f   LIBCMT:utility_desktop.obj
 0001:00003958       _get_startup_argv_mode     0000000140004958 f   LIBCMT:argv_mode.obj
 0001:00003960       _get_startup_file_mode     0000000140004960 f   LIBCMT:file_mode.obj
 0001:00003968       ?__scrt_initialize_type_info@@YAXXZ 0000000140004968 f   LIBCMT:tncleanup.obj
 0001:00003978       _should_initialize_environment 0000000140004978 f   LIBCMT:env_mode.obj
 0001:00003978       __acrt_uninitialize_command_line 0000000140004978 f   libucrt:argv_data.obj
 0001:0000397c       _initialize_invalid_parameter_handler 000000014000497c f   LIBCMT:invalid_parameter_handler.obj
 0001:0000397c       _guard_check_icall_nop     000000014000497c f   LIBCMT:guard_support.obj
 0001:0000397c       _initialize_denormal_control 000000014000497c f   LIBCMT:denormal_control.obj
 0001:00003980       __local_stdio_scanf_options 0000000140004980 f i LIBCMT:default_local_stdio_options.obj
 0001:00003988       __scrt_initialize_default_local_stdio_options 0000000140004988 f   LIBCMT:default_local_stdio_options.obj
 0001:000039a4       __scrt_is_user_matherr_present 00000001400049a4 f   LIBCMT:matherr_detection.obj
 0001:000039b0       __scrt_get_dyn_tls_init_callback 00000001400049b0 f   LIBCMT:dyn_tls_init.obj
 0001:000039b8       __scrt_get_dyn_tls_dtor_callback 00000001400049b8 f   LIBCMT:dyn_tls_dtor.obj
 0001:000039c0       __crt_debugger_hook        00000001400049c0 f   LIBCMT:utility_desktop.obj
 0001:000039c8       __scrt_fastfail            00000001400049c8 f   LIBCMT:utility_desktop.obj
 0001:00003b14       __scrt_get_show_window_mode 0000000140004b14 f   LIBCMT:utility_desktop.obj
 0001:00003b50       __scrt_initialize_mta      0000000140004b50 f   LIBCMT:utility_desktop.obj
 0001:00003b58       __scrt_is_managed_app      0000000140004b58 f   LIBCMT:utility_desktop.obj
 0001:00003bac       __scrt_set_unhandled_exception_filter 0000000140004bac f   LIBCMT:utility_desktop.obj
 0001:00003bbc       __scrt_unhandled_exception_filter 0000000140004bbc f   LIBCMT:utility_desktop.obj
 0001:00003c18       _RTC_Initialize            0000000140004c18 f   LIBCMT:initsect.obj
 0001:00003c54       _RTC_Terminate             0000000140004c54 f   LIBCMT:initsect.obj
 0001:00003c90       __isa_available_init       0000000140004c90 f   LIBCMT:cpu_disp.obj
 0001:00003e34       __scrt_is_ucrt_dll_in_use  0000000140004e34 f   LIBCMT:ucrt_detection.obj
 0001:00003e40       __C_specific_handler       0000000140004e40 f   libvcruntime:riscchandler.obj
 0001:0000404c       __vcrt_initialize          000000014000504c f   libvcruntime:initialization.obj
 0001:00004074       __vcrt_uninitialize        0000000140005074 f   libvcruntime:initialization.obj
 0001:00004090       __DestructExceptionObject  0000000140005090 f   libvcruntime:ehhelpers.obj
 0001:00004100       ?_CallMemberFunction0@@YAXQEAX0@Z 0000000140005100 f i libvcruntime:ehhelpers.obj
 0001:00004104       __current_exception        0000000140005104 f   libvcruntime:ehhelpers.obj
 0001:00004118       __current_exception_context 0000000140005118 f   libvcruntime:ehhelpers.obj
 0001:00004140       memset_repmovs             0000000140005140 f   libvcruntime:memset.obj
 0001:00004160       memset                     0000000140005160 f   libvcruntime:memset.obj
 0001:00004300       _NLG_Notify                0000000140005300 f   libvcruntime:notify.obj
 0001:00004320       __NLG_Dispatch2            0000000140005320 f   libvcruntime:notify.obj
 0001:00004330       __NLG_Return2              0000000140005330 f   libvcruntime:notify.obj
 0001:00004334       __except_validate_context_record 0000000140005334 f   libvcruntime:jbcxrval.obj
 0001:0000436c       __vcrt_freefls             000000014000536c f   libvcruntime:per_thread_data.obj
 0001:0000438c       __vcrt_getptd              000000014000538c f   libvcruntime:per_thread_data.obj
 0001:000043a8       __vcrt_getptd_noexit       00000001400053a8 f   libvcruntime:per_thread_data.obj
 0001:00004468       __vcrt_initialize_ptd      0000000140005468 f   libvcruntime:per_thread_data.obj
 0001:000044b0       __vcrt_uninitialize_ptd    00000001400054b0 f   libvcruntime:per_thread_data.obj
 0001:000044d4       __vcrt_initialize_locks    00000001400054d4 f   libvcruntime:locks.obj
 0001:00004508       __vcrt_uninitialize_locks  0000000140005508 f   libvcruntime:locks.obj
 0001:00004690       __vcrt_FlsAlloc            0000000140005690 f   libvcruntime:winapi_downlevel.obj
 0001:000046d8       __vcrt_FlsFree             00000001400056d8 f   libvcruntime:winapi_downlevel.obj
 0001:00004720       __vcrt_FlsGetValue         0000000140005720 f   libvcruntime:winapi_downlevel.obj
 0001:00004768       __vcrt_FlsSetValue         0000000140005768 f   libvcruntime:winapi_downlevel.obj
 0001:000047bc       __vcrt_InitializeCriticalSectionEx 00000001400057bc f   libvcruntime:winapi_downlevel.obj
 0001:00004830       memcpy_repmovs             0000000140005830 f   libvcruntime:memcpy.obj
 0001:00004850       memcpy                     0000000140005850 f   libvcruntime:memcpy.obj
 0001:00004850       memmove                    0000000140005850 f   libvcruntime:memcpy.obj
 0001:00004ee0       _CallSettingFrame          0000000140005ee0 f   libvcruntime:handlers.obj
 0001:00004f30       _CallSettingFrame_LookupContinuationIndex 0000000140005f30 f   libvcruntime:handlers.obj
 0001:00004f60       _CallSettingFrame_NotifyContinuationAddr 0000000140005f60 f   libvcruntime:handlers.obj
 0001:00004f90       _CallSettingFrameEncoded   0000000140005f90 f   libvcruntime:handlers.obj
 0001:000051a4       ??$ensure_buffer_is_big_enough@D@formatting_buffer@__crt_stdio_output@@QEAA_N_K@Z 00000001400061a4 f i libucrt:output.obj
 0001:0000524c       ??$type_case_integer_parse_into_buffer@I@?$output_processor@DV?$string_output_adapter@D@__crt_stdio_output@@V?$format_validation_base@DV?$string_output_adapter@D@__crt_stdio_output@@@2@@__crt_stdio_output@@AEAAXII_N@Z 000000014000624c f i libucrt:output.obj
 0001:000052d4       ??$type_case_integer_parse_into_buffer@_K@?$output_processor@DV?$string_output_adapter@D@__crt_stdio_output@@V?$format_validation_base@DV?$string_output_adapter@D@__crt_stdio_output@@@2@@__crt_stdio_output@@AEAAX_KI_N@Z 00000001400062d4 f i libucrt:output.obj
 0001:00005364       ??$write_multiple_characters@V?$string_output_adapter@D@__crt_stdio_output@@D@__crt_stdio_output@@YAXAEBV?$string_output_adapter@D@0@DHQEAH@Z 0000000140006364 f i libucrt:output.obj
 0001:000053dc       ??0_LocaleUpdate@@QEAA@QEAU__crt_locale_pointers@@@Z 00000001400063dc f i libucrt:output.obj
 0001:00005480       ?crop_zeroes@__crt_stdio_output@@YAXPEADQEAU__crt_locale_pointers@@@Z 0000000140006480 f i libucrt:output.obj
 0001:00005520       ?force_decimal_point@__crt_stdio_output@@YAXPEADQEAU__crt_locale_pointers@@@Z 0000000140006520 f i libucrt:output.obj
 0001:00005598       ?parse_int_from_format_string@?$output_processor@DV?$string_output_adapter@D@__crt_stdio_output@@V?$format_validation_base@DV?$string_output_adapter@D@__crt_stdio_output@@@2@@__crt_stdio_output@@AEAA_NQEAH@Z 0000000140006598 f i libucrt:output.obj
 0001:0000563c       ?process@?$output_processor@DV?$string_output_adapter@D@__crt_stdio_output@@V?$format_validation_base@DV?$string_output_adapter@D@__crt_stdio_output@@@2@@__crt_stdio_output@@QEAAHXZ 000000014000663c f i libucrt:output.obj
 0001:00005850       ?state_case_normal@?$output_processor@DV?$string_output_adapter@D@__crt_stdio_output@@V?$format_validation_base@DV?$string_output_adapter@D@__crt_stdio_output@@@2@@__crt_stdio_output@@AEAA_NXZ 0000000140006850 f i libucrt:output.obj
 0001:000058c4       ?state_case_normal_tchar@?$output_processor@DV?$string_output_adapter@D@__crt_stdio_output@@V?$format_validation_base@DV?$string_output_adapter@D@__crt_stdio_output@@@2@@__crt_stdio_output@@AEAA_ND@Z 00000001400068c4 f i libucrt:output.obj
 0001:0000596c       ?state_case_size@?$output_processor@DV?$string_output_adapter@D@__crt_stdio_output@@V?$format_validation_base@DV?$string_output_adapter@D@__crt_stdio_output@@@2@@__crt_stdio_output@@AEAA_NXZ 000000014000696c f i libucrt:output.obj
 0001:00005adc       ?state_case_type@?$output_processor@DV?$string_output_adapter@D@__crt_stdio_output@@V?$format_validation_base@DV?$string_output_adapter@D@__crt_stdio_output@@@2@@__crt_stdio_output@@AEAA_NXZ 0000000140006adc f i libucrt:output.obj
 0001:00005d50       ?to_integer_size@__crt_stdio_output@@YA_KW4length_modifier@1@@Z 0000000140006d50 f i libucrt:output.obj
 0001:00005db8       ?type_case_Z@?$output_processor@DV?$string_output_adapter@D@__crt_stdio_output@@V?$format_validation_base@DV?$string_output_adapter@D@__crt_stdio_output@@@2@@__crt_stdio_output@@AEAA_NXZ 0000000140006db8 f i libucrt:output.obj
 0001:00005e2c       ?type_case_a@?$output_processor@DV?$string_output_adapter@D@__crt_stdio_output@@V?$format_validation_base@DV?$string_output_adapter@D@__crt_stdio_output@@@2@@__crt_stdio_output@@AEAA_NXZ 0000000140006e2c f i libucrt:output.obj
 0001:00005fe8       ?type_case_c_tchar@?$output_processor@DV?$string_output_adapter@D@__crt_stdio_output@@V?$format_validation_base@DV?$string_output_adapter@D@__crt_stdio_output@@@2@@__crt_stdio_output@@AEAA_ND@Z 0000000140006fe8 f i libucrt:output.obj
 0001:000060b0       ?type_case_integer@?$output_processor@DV?$string_output_adapter@D@__crt_stdio_output@@V?$format_validation_base@DV?$string_output_adapter@D@__crt_stdio_output@@@2@@__crt_stdio_output@@AEAA_NI_N@Z 00000001400070b0 f i libucrt:output.obj
 0001:00006230       ?type_case_n@?$output_processor@DV?$string_output_adapter@D@__crt_stdio_output@@V?$format_validation_base@DV?$string_output_adapter@D@__crt_stdio_output@@@2@@__crt_stdio_output@@AEAA_NXZ 0000000140007230 f i libucrt:output.obj
 0001:000062b8       ?type_case_s@?$output_processor@DV?$string_output_adapter@D@__crt_stdio_output@@V?$format_validation_base@DV?$string_output_adapter@D@__crt_stdio_output@@@2@@__crt_stdio_output@@AEAA_NXZ 00000001400072b8 f i libucrt:output.obj
 0001:00006350       ?write_stored_string_tchar@?$output_processor@DV?$string_output_adapter@D@__crt_stdio_output@@V?$format_validation_base@DV?$string_output_adapter@D@__crt_stdio_output@@@2@@__crt_stdio_output@@AEAA_ND@Z 0000000140007350 f i libucrt:output.obj
 0001:0000642c       ?write_string@?$string_output_adapter@D@__crt_stdio_output@@QEBAXQEBDHQEAHAEAV__crt_deferred_errno_cache@@@Z 000000014000742c f i libucrt:output.obj
 0001:000064d0       __stdio_common_vsnprintf_s 00000001400074d0 f   libucrt:output.obj
 0001:00006620       sinf                       0000000140007620 f   libucrt:sinf.obj
 0001:00006d18       _seh_filter_exe            0000000140007d18 f   libucrt:exception_filter.obj
 0001:00006e9c       _query_app_type            0000000140007e9c f   libucrt:report_runtime_error.obj
 0001:00006ea4       _set_app_type              0000000140007ea4 f   libucrt:report_runtime_error.obj
 0001:00006eac       __acrt_has_user_matherr    0000000140007eac f   libucrt:matherr.obj
 0001:00006ecc       __acrt_initialize_user_matherr 0000000140007ecc f   libucrt:matherr.obj
 0001:00006ed4       __acrt_invoke_user_matherr 0000000140007ed4 f   libucrt:matherr.obj
 0001:00006f04       __setusermatherr           0000000140007f04 f   libucrt:matherr.obj
 0001:000070ec       __acrt_allocate_buffer_for_argv 00000001400080ec f   libucrt:argv_parsing.obj
 0001:0000714c       _configure_narrow_argv     000000014000814c f   libucrt:argv_parsing.obj
 0001:000074c4       __dcrt_uninitialize_environments_nolock 00000001400084c4 f   libucrt:environment_initialization.obj
 0001:000074fc       _initialize_narrow_environment 00000001400084fc f   libucrt:environment_initialization.obj
 0001:00007504       _get_narrow_winmain_command_line 0000000140008504 f   libucrt:argv_winmain.obj
 0001:00007574       _initterm                  0000000140008574 f   libucrt:initterm.obj
 0001:000075d8       _initterm_e                00000001400085d8 f   libucrt:initterm.obj
 0001:00007884       __acrt_initialize_thread_local_exit_callback 0000000140008884 f   libucrt:exit.obj
 0001:0000788c       _c_exit                    000000014000888c f   libucrt:exit.obj
 0001:0000789c       _cexit                     000000014000889c f   libucrt:exit.obj
 0001:000078ac       _exit                      00000001400088ac f   libucrt:exit.obj
 0001:000078b8       _register_thread_local_exe_atexit_callback 00000001400088b8 f   libucrt:exit.obj
 0001:000078f4       exit                       00000001400088f4 f   libucrt:exit.obj
 0001:00007900       _set_fmode                 0000000140008900 f   libucrt:setmode.obj
 0001:000079b0       __acrt_set_locale_changed  00000001400089b0 f   libucrt:wsetlocale.obj
 0001:000079bc       __acrt_uninitialize_locale 00000001400089bc f   libucrt:wsetlocale.obj
 0001:000079ec       _configthreadlocale        00000001400089ec f   libucrt:wsetlocale.obj
 0001:00007a58       _query_new_mode            0000000140008a58 f   libucrt:new_mode.obj
 0001:00007a60       _set_new_mode              0000000140008a60 f   libucrt:new_mode.obj
 0001:00007a8c       __p__commode               0000000140008a8c f   libucrt:ncommode.obj
 0001:00007dd4       _crt_atexit                0000000140008dd4 f   libucrt:onexit.obj
 0001:00007de4       _execute_onexit_table      0000000140008de4 f   libucrt:onexit.obj
 0001:00007e20       _initialize_onexit_table   0000000140008e20 f   libucrt:onexit.obj
 0001:00007e48       _register_onexit_function  0000000140008e48 f   libucrt:onexit.obj
 0001:00007fbc       __acrt_initialize          0000000140008fbc f   libucrt:initialization.obj
 0001:00007fd0       __acrt_uninitialize        0000000140008fd0 f   libucrt:initialization.obj
 0001:00008008       terminate                  0000000140009008 f   libucrt:terminate.obj
 0001:00008028       free                       0000000140009028 f   libucrt:free.obj
 0001:0000803c       strcpy_s                   000000014000903c f   libucrt:strcpy_s.obj
 0001:0000809c       abort                      000000014000909c f   libucrt:abort.obj
 0001:000080f4       calloc                     00000001400090f4 f   libucrt:calloc.obj
 0001:000080fc       ??$parse_integer@KV?$c_string_character_source@D@__crt_strtox@@@__crt_strtox@@YAKQEAU__crt_locale_pointers@@V?$c_string_character_source@D@0@H_N@Z 00000001400090fc f i libucrt:atox.obj
 0001:00008400       _ischartype_l              0000000140009400 f i libucrt:atox.obj
 0001:00008490       strncmp                    0000000140009490 f   libucrt:strncmp.obj
 0001:00008510       wcsncmp                    0000000140009510 f   libucrt:wcsncmp.obj
 0001:0000853c       __acrt_call_reportfault    000000014000953c f   libucrt:invalid_parameter.obj
 0001:00008698       __acrt_initialize_invalid_parameter_handler 0000000140009698 f   libucrt:invalid_parameter.obj
 0001:000086a0       _invalid_parameter         00000001400096a0 f   libucrt:invalid_parameter.obj
 0001:00008750       _invalid_parameter_noinfo  0000000140009750 f   libucrt:invalid_parameter.obj
 0001:00008770       _invoke_watson             0000000140009770 f   libucrt:invalid_parameter.obj
 0001:000087b8       __acrt_errno_from_os_error 00000001400097b8 f   libucrt:errno.obj
 0001:00008800       __acrt_errno_map_os_error  0000000140009800 f   libucrt:errno.obj
 0001:00008850       __doserrno                 0000000140009850 f   libucrt:errno.obj
 0001:00008870       _errno                     0000000140009870 f   libucrt:errno.obj
 0001:00008890       _free_base                 0000000140009890 f   libucrt:free_base.obj
 0001:000088d0       _malloc_base               00000001400098d0 f   libucrt:malloc_base.obj
 0001:00008930       strtol                     0000000140009930 f   libucrt:strtox.obj
 0001:0000895c       _mbtowc_l                  000000014000995c f   libucrt:mbtowc.obj
 0001:00008adc       mbtowc                     0000000140009adc f   libucrt:mbtowc.obj
 0001:00008ae4       _wctomb_s_l                0000000140009ae4 f   libucrt:wctomb.obj
 0001:00008c80       strnlen                    0000000140009c80 f   libucrt:strnlen.obj
 0001:00008dd0       wcsnlen                    0000000140009dd0 f   libucrt:strnlen.obj
 0001:00009320       __acrt_getptd              000000014000a320 f   libucrt:per_thread_data.obj
 0001:000093f4       __acrt_getptd_head         000000014000a3f4 f   libucrt:per_thread_data.obj
 0001:0000949c       __acrt_getptd_noexit       000000014000a49c f   libucrt:per_thread_data.obj
 0001:00009568       __acrt_initialize_ptd      000000014000a568 f   libucrt:per_thread_data.obj
 0001:000095a4       __acrt_uninitialize_ptd    000000014000a5a4 f   libucrt:per_thread_data.obj
 0001:000095c8       __acrt_update_locale_info  000000014000a5c8 f   libucrt:locale_update.obj
 0001:000095fc       __acrt_update_multibyte_info 000000014000a5fc f   libucrt:locale_update.obj
 0001:0000a03c       __acrt_fp_format           000000014000b03c f   libucrt:cvt.obj
 0001:0000a374       _fileno                    000000014000b374 f   libucrt:fileno.obj
 0001:0000a39c       __acrt_initialize_stdio    000000014000b39c f   libucrt:_file.obj
 0001:0000a4bc       __acrt_uninitialize_stdio  000000014000b4bc f   libucrt:_file.obj
 0001:0000a518       _lock_file                 000000014000b518 f   libucrt:_file.obj
 0001:0000a524       _unlock_file               000000014000b524 f   libucrt:_file.obj
 0001:0000a530       _get_printf_count_output   000000014000b530 f   libucrt:printf_count_output.obj
 0001:0000a744       __acrt_initialize_lowio    000000014000b744 f   libucrt:ioinit.obj
 0001:0000a780       __acrt_uninitialize_lowio  000000014000b780 f   libucrt:ioinit.obj
 0001:0000a7c0       __acrt_initialize_fma3     000000014000b7c0 f   libucrt:fma3_available.obj
 0001:0000a830       __remainder_piby2d2f_forC  000000014000b830 f   libucrt:remainder_piby2f_forc.obj
 0001:0000aa48       _sinf_special              000000014000ba48 f   libucrt:sincos_special.obj
 0001:0000aa5c       _calloc_base               000000014000ba5c f   libucrt:calloc_base.obj
 0001:0000aae8       ??$__acrt_mbs_to_wcs_cp@U__crt_win32_buffer_internal_dynamic_resizing@@@@YAHQEBDAEAV?$__crt_win32_buffer@_WU__crt_win32_buffer_internal_dynamic_resizing@@@@I@Z 000000014000bae8 f i libucrt:argv_wildcards.obj
 0001:0000ac60       ??$__acrt_wcs_to_mbs_cp@U__crt_win32_buffer_internal_dynamic_resizing@@@@YAHQEB_WAEAV?$__crt_win32_buffer@DU__crt_win32_buffer_internal_dynamic_resizing@@@@I@Z 000000014000bc60 f i libucrt:argv_wildcards.obj
 0001:0000b490       __acrt_expand_narrow_argv_wildcards 000000014000c490 f   libucrt:argv_wildcards.obj
 0001:0000b498       ??$__acrt_wcs_to_mbs_cp@U__crt_win32_buffer_no_resizing@@@@YAHQEB_WAEAV?$__crt_win32_buffer@DU__crt_win32_buffer_no_resizing@@@@I@Z 000000014000c498 f i libucrt:getmodulefilenamea.obj
 0001:0000b5ac       __acrt_GetModuleFileNameA  000000014000c5ac f   libucrt:getmodulefilenamea.obj
 0001:0000bdf4       __acrt_initialize_multibyte 000000014000cdf4 f   libucrt:mbctype.obj
 0001:0000be54       __acrt_update_thread_multibyte_data 000000014000ce54 f   libucrt:mbctype.obj
 0001:0000be70       _setmbcp_nolock            000000014000ce70 f   libucrt:mbctype.obj
 0001:0000c1a4       _ismbblead                 000000014000d1a4 f   libucrt:ismbbyte.obj
 0001:0000c1b8       __acrt_initialize_command_line 000000014000d1b8 f   libucrt:argv_data.obj
 0001:0000c1e0       __acrt_MultiByteToWideChar 000000014000d1e0 f   libucrt:multibytetowidechar.obj
 0001:0000c23c       __acrt_WideCharToMultiByte 000000014000d23c f   libucrt:widechartomultibyte.obj
 0001:0000c2ec       __dcrt_get_narrow_environment_from_os 000000014000d2ec f   libucrt:get_environment_from_os.obj
 0001:0000c3f0       __acrt_initialize_locks    000000014000d3f0 f   libucrt:locks.obj
 0001:0000c438       __acrt_lock                000000014000d438 f   libucrt:locks.obj
 0001:0000c454       __acrt_uninitialize_locks  000000014000d454 f   libucrt:locks.obj
 0001:0000c48c       __acrt_unlock              000000014000d48c f   libucrt:locks.obj
 0001:0000c4a8       __acrt_get_process_end_policy 000000014000d4a8 f   libucrt:win_policies.obj
 0001:0000c4e4       __acrt_lowio_create_handle_array 000000014000d4e4 f   libucrt:osfinfo.obj
 0001:0000c58c       __acrt_lowio_destroy_handle_array 000000014000d58c f   libucrt:osfinfo.obj
 0001:0000c5dc       __acrt_lowio_ensure_fh_exists 000000014000d5dc f   libucrt:osfinfo.obj
 0001:0000c684       __acrt_lowio_lock_fh       000000014000d684 f   libucrt:osfinfo.obj
 0001:0000c6ac       __acrt_lowio_unlock_fh     000000014000d6ac f   libucrt:osfinfo.obj
 0001:0000c6d4       _free_osfhnd               000000014000d6d4 f   libucrt:osfinfo.obj
 0001:0000c790       _get_osfhandle             000000014000d790 f   libucrt:osfinfo.obj
 0001:0000c808       __acrt_initialize_fmode    000000014000d808 f   libucrt:txtmode.obj
 0001:0000c824       __acrt_locale_free_monetary 000000014000d824 f   libucrt:initmon.obj
 0001:0000c930       __acrt_locale_free_numeric 000000014000d930 f   libucrt:initnum.obj
 0001:0000c9f4       __acrt_locale_free_time    000000014000d9f4 f   libucrt:inittime.obj
 0001:0000cafc       __pctype_func              000000014000dafc f   libucrt:ctype.obj
 0001:0000cb2c       __acrt_GetStringTypeA      000000014000db2c f   libucrt:getstringtypea.obj
 0001:0000ccbc       __acrt_add_locale_ref      000000014000dcbc f   libucrt:locale_refcounting.obj
 0001:0000cd48       __acrt_free_locale         000000014000dd48 f   libucrt:locale_refcounting.obj
 0001:0000cec0       __acrt_locale_add_lc_time_reference 000000014000dec0 f   libucrt:locale_refcounting.obj
 0001:0000cee8       __acrt_locale_free_lc_time_if_unreferenced 000000014000dee8 f   libucrt:locale_refcounting.obj
 0001:0000cf20       __acrt_locale_release_lc_time_reference 000000014000df20 f   libucrt:locale_refcounting.obj
 0001:0000cf48       __acrt_release_locale_ref  000000014000df48 f   libucrt:locale_refcounting.obj
 0001:0000cff0       __acrt_update_thread_locale_data 000000014000dff0 f   libucrt:locale_refcounting.obj
 0001:0000d060       _updatetlocinfoEx_nolock   000000014000e060 f   libucrt:locale_refcounting.obj
 0001:0000d2a0       __acrt_AppPolicyGetProcessTerminationMethodInternal 000000014000e2a0 f   libucrt:winapi_thunks.obj
 0001:0000d2f0       __acrt_AreFileApisANSI     000000014000e2f0 f   libucrt:winapi_thunks.obj
 0001:0000d32c       __acrt_FlsAlloc            000000014000e32c f   libucrt:winapi_thunks.obj
 0001:0000d374       __acrt_FlsFree             000000014000e374 f   libucrt:winapi_thunks.obj
 0001:0000d3bc       __acrt_FlsGetValue         000000014000e3bc f   libucrt:winapi_thunks.obj
 0001:0000d404       __acrt_FlsSetValue         000000014000e404 f   libucrt:winapi_thunks.obj
 0001:0000d458       __acrt_InitializeCriticalSectionEx 000000014000e458 f   libucrt:winapi_thunks.obj
 0001:0000d4bc       __acrt_LCMapStringEx       000000014000e4bc f   libucrt:winapi_thunks.obj
 0001:0000d598       __acrt_LocaleNameToLCID    000000014000e598 f   libucrt:winapi_thunks.obj
 0001:0000d5e8       __acrt_initialize_winapi_thunks 000000014000e5e8 f   libucrt:winapi_thunks.obj
 0001:0000d61c       __acrt_uninitialize_winapi_thunks 000000014000e61c f   libucrt:winapi_thunks.obj
 0001:0000d660       _recalloc_base             000000014000e660 f   libucrt:recalloc.obj
 0001:0000d6f8       __acrt_initialize_heap     000000014000e6f8 f   libucrt:heap_handle.obj
 0001:0000d714       __acrt_uninitialize_heap   000000014000e714 f   libucrt:heap_handle.obj
 0001:0000d720       __acrt_execute_initializers 000000014000e720 f   libucrt:shared_initialization.obj
 0001:0000d7a0       __acrt_execute_uninitializers 000000014000e7a0 f   libucrt:shared_initialization.obj
 0001:0000d7dc       __acrt_initialize_new_handler 000000014000e7dc f   libucrt:new_handler.obj
 0001:0000d7e4       _callnewh                  000000014000e7e4 f   libucrt:new_handler.obj
 0001:0000d814       _query_new_handler         000000014000e814 f   libucrt:new_handler.obj
 0001:0000d890       __acrt_get_sigabrt_handler 000000014000e890 f   libucrt:signal.obj
 0001:0000d8c0       __acrt_initialize_signal_handlers 000000014000e8c0 f   libucrt:signal.obj
 0001:0000d8e0       raise                      000000014000e8e0 f   libucrt:signal.obj
 0001:0000dd28       __acrt_stdio_flush_nolock  000000014000ed28 f   libucrt:fflush.obj
 0001:0000dda4       _fflush_nolock             000000014000eda4 f   libucrt:fflush.obj
 0001:0000ddf0       _flushall                  000000014000edf0 f   libucrt:fflush.obj
 0001:0000ddf8       _isctype_l                 000000014000edf8 f   libucrt:isctype.obj
 0001:0000df00       _isleadbyte_l              000000014000ef00 f i libucrt:_wctype.obj
 0001:0000df4c       ?__mbrtowc_utf8@__crt_mbstring@@YA_KPEA_WPEBD_KPEAU_Mbstatet@@@Z 000000014000ef4c f   libucrt:mbrtowc.obj
 0001:0000df88       ?__mbsrtowcs_utf8@__crt_mbstring@@YA_KPEA_WPEAPEBD_KPEAU_Mbstatet@@@Z 000000014000ef88 f   libucrt:mbrtowc.obj
 0001:0000e100       ?__c32rtomb_utf8@__crt_mbstring@@YA_KPEAD_UPEAU_Mbstatet@@@Z 000000014000f100 f   libucrt:c32rtomb.obj
 0001:0000e1b4       __acrt_fp_strflt_to_string 000000014000f1b4 f   libucrt:_fptostr.obj
 0001:0000e310       ?divide@__crt_strtox@@YA_KAEAUbig_integer@1@AEBU21@@Z 000000014000f310 f i libucrt:cfout.obj
 0001:0000e73c       __acrt_fltout              000000014000f73c f   libucrt:cfout.obj
 0001:0000fa08       fegetround                 0000000140010a08 f   libucrt:fegetround.obj
 0001:0000fa1c       _fcloseall                 0000000140010a1c f   libucrt:closeall.obj
 0001:0000fad0       __acrt_stdio_free_buffer_nolock 0000000140010ad0 f   libucrt:_freebuf.obj
 0001:0000fb10       _isatty                    0000000140010b10 f   libucrt:isatty.obj
 0001:0000fc94       _handle_error              0000000140010c94 f   libucrt:libm_error.obj
 0001:0000fdbc       _handle_errorf             0000000140010dbc f   libucrt:libm_error.obj
 0001:0000fef0       _handle_nan                0000000140010ef0 f   libucrt:libm_error.obj
 0001:0000ff10       qsort                      0000000140010f10 f   libucrt:qsort.obj
 0001:000102b0       strncpy_s                  00000001400112b0 f   libucrt:strncpy_s.obj
 0001:00010430       strpbrk                    0000000140011430 f   libucrt:strpbrk.obj
 0001:000107f8       _mbsdec                    00000001400117f8 f   libucrt:mbsdec.obj
 0001:00010800       _mbsdec_l                  0000000140011800 f   libucrt:mbsdec.obj
 0001:00010bac       __acrt_LCMapStringA        0000000140011bac f   libucrt:lcmapstringa.obj
 0001:00010c5c       __ascii_wcsnicmp           0000000140011c5c f   libucrt:wcsnicmp.obj
 0001:00010ca8       __acrt_DownlevelLocaleNameToLCID 0000000140011ca8 f   libucrt:lcidtoname_downlevel.obj
 0001:00010d58       _msize_base                0000000140011d58 f   libucrt:msize.obj
 0001:00010d94       _realloc_base              0000000140011d94 f   libucrt:realloc_base.obj
 0001:00010e9c       _commit                    0000000140011e9c f   libucrt:commit.obj
 0001:000117ac       _write                     00000001400127ac f   libucrt:write.obj
 0001:00011898       _write_nolock              0000000140012898 f   libucrt:write.obj
 0001:00011b7c       ?__mbrtoc32_utf8@__crt_mbstring@@YA_KPEA_UPEBD_KPEAU_Mbstatet@@@Z 0000000140012b7c f   libucrt:mbrtoc32.obj
 0001:00011d54       _controlfp_s               0000000140012d54 f   libucrt:contrlfp.obj
 0001:00011db8       fegetenv                   0000000140012db8 f   libucrt:fegetenv.obj
 0001:00011dd8       fesetenv                   0000000140012dd8 f   libucrt:fesetenv.obj
 0001:00011e24       feholdexcept               0000000140012e24 f   libucrt:feholdexcept.obj
 0001:00011e74       ceil                       0000000140012e74 f   libucrt:ceil.obj
 0001:00011f40       log10                      0000000140012f40 f   libucrt:log10.obj
 0001:000124ec       __acrt_fenv_get_common_round_control 00000001400134ec f   libucrt:_fenvutils.obj
 0001:000124f8       __acrt_fenv_get_control    00000001400134f8 f   libucrt:_fenvutils.obj
 0001:000125ec       __acrt_fenv_get_status     00000001400135ec f   libucrt:_fenvutils.obj
 0001:00012640       __acrt_fenv_set_control    0000000140013640 f   libucrt:_fenvutils.obj
 0001:00012788       __acrt_fenv_set_status     0000000140013788 f   libucrt:_fenvutils.obj
 0001:000128a8       _lseeki64_nolock           00000001400138a8 f   libucrt:lseek.obj
 0001:000128b0       _fclose_nolock             00000001400138b0 f   libucrt:fclose.obj
 0001:00012934       fclose                     0000000140013934 f   libucrt:fclose.obj
 0001:00012998       _raise_exc                 0000000140013998 f   libucrt:fpexcept.obj
 0001:000129c0       _raise_exc_ex              00000001400139c0 f   libucrt:fpexcept.obj
 0001:00012cd0       _raise_excf                0000000140013cd0 f   libucrt:fpexcept.obj
 0001:00012cfc       _set_errno_from_matherr    0000000140013cfc f   libucrt:fpexcept.obj
 0001:00012d2c       _clrfp                     0000000140013d2c f   libucrt:fpctrl.obj
 0001:00012d4c       _ctrlfp                    0000000140013d4c f   libucrt:fpctrl.obj
 0001:00012dc8       _set_statfp                0000000140013dc8 f   libucrt:fpctrl.obj
 0001:00012de8       _statfp                    0000000140013de8 f   libucrt:fpctrl.obj
 0001:00012dfc       __strncnt                  0000000140013dfc f   libucrt:strncnt.obj
 0001:00012e14       _putwch_nolock             0000000140013e14 f   libucrt:putwch.obj
 0001:00012e50       _clearfp                   0000000140013e50 f   libucrt:ieee.obj
 0001:00012ec0       _control87                 0000000140013ec0 f   libucrt:ieee.obj
 0001:00013190       _log10_special             0000000140014190 f   libucrt:log_special.obj
 0001:000132bc       _close                     00000001400142bc f   libucrt:close.obj
 0001:00013360       _close_nolock              0000000140014360 f   libucrt:close.obj
 0001:00013420       ?__acrt_stdio_free_stream@@YAXV__crt_stdio_stream@@@Z 0000000140014420 f   libucrt:stream.obj
 0001:00013450       _get_fpsr                  0000000140014450 f   libucrt:fpsr.obj
 0001:00013460       _set_fpsr                  0000000140014460 f   libucrt:fpsr.obj
 0001:0001346a       _fclrf                     000000014001446a f   libucrt:fpsr.obj
 0001:0001347e       _frnd                      000000014001447e f   libucrt:fpsr.obj
 0001:000134a0       __dcrt_lowio_ensure_console_output_initialized 00000001400144a0 f   libucrt:initcon.obj
 0001:000134f4       __dcrt_terminate_console_output 00000001400144f4 f   libucrt:initcon.obj
 0001:00013510       __dcrt_write_console       0000000140014510 f   libucrt:initcon.obj
 0001:000135d0       _FindPESection             00000001400145d0 f   LIBCMT:pesect.obj
 0001:00013620       _IsNonwritableInCurrentImage 0000000140014620 f   LIBCMT:pesect.obj
 0001:00013670       _ValidateImageBase         0000000140014670 f   LIBCMT:pesect.obj
 0001:000136b0       __chkstk                   00000001400146b0 f   LIBCMT:chkstk.obj
 0001:000136b0       _alloca_probe              00000001400146b0 f   LIBCMT:chkstk.obj
 0001:00013710       memcmp                     0000000140014710 f   libvcruntime:memcmp.obj
 0001:000137d8       strrchr                    00000001400147d8 f   libvcruntime:strrchr.obj
 0001:00013920       _guard_dispatch_icall_nop  0000000140014920 f   LIBCMT:guard_dispatch.obj
 0001:00013940       _guard_xfg_dispatch_icall_nop 0000000140014940 f   LIBCMT:guard_xfg_dispatch.obj
 0002:00000000       __imp_StretchDIBits        0000000140015000     gdi32:GDI32.dll
 0002:00000008       \177GDI32_NULL_THUNK_DATA  0000000140015008     gdi32:GDI32.dll
 0002:00000010       __imp_CreateFileW          0000000140015010     kernel32:KERNEL32.dll
 0002:00000018       __imp_GetConsoleMode       0000000140015018     kernel32:KERNEL32.dll
 0002:00000020       __imp_GetConsoleOutputCP   0000000140015020     kernel32:KERNEL32.dll
 0002:00000028       __imp_WriteConsoleW        0000000140015028     kernel32:KERNEL32.dll
 0002:00000030       __imp_HeapReAlloc          0000000140015030     kernel32:KERNEL32.dll
 0002:00000038       __imp_HeapSize             0000000140015038     kernel32:KERNEL32.dll
 0002:00000040       __imp_SetFilePointerEx     0000000140015040     kernel32:KERNEL32.dll
 0002:00000048       __imp_FlushFileBuffers     0000000140015048     kernel32:KERNEL32.dll
 0002:00000050       __imp_TlsGetValue          0000000140015050     kernel32:KERNEL32.dll
 0002:00000058       __imp_GetProcessHeap       0000000140015058     kernel32:KERNEL32.dll
 0002:00000060       __imp_LCMapStringW         0000000140015060     kernel32:KERNEL32.dll
 0002:00000068       __imp_CreateFileA          0000000140015068     kernel32:KERNEL32.dll
 0002:00000070       __imp_GetFileSizeEx        0000000140015070     kernel32:KERNEL32.dll
 0002:00000078       __imp_ReadFile             0000000140015078     kernel32:KERNEL32.dll
 0002:00000080       __imp_WriteFile            0000000140015080     kernel32:KERNEL32.dll
 0002:00000088       __imp_OutputDebugStringA   0000000140015088     kernel32:KERNEL32.dll
 0002:00000090       __imp_CloseHandle          0000000140015090     kernel32:KERNEL32.dll
 0002:00000098       __imp_QueryPerformanceCounter 0000000140015098     kernel32:KERNEL32.dll
 0002:000000a0       __imp_Sleep                00000001400150a0     kernel32:KERNEL32.dll
 0002:000000a8       __imp_VirtualAlloc         00000001400150a8     kernel32:KERNEL32.dll
 0002:000000b0       __imp_VirtualFree          00000001400150b0     kernel32:KERNEL32.dll
 0002:000000b8       __imp_GetProcAddress       00000001400150b8     kernel32:KERNEL32.dll
 0002:000000c0       __imp_LoadLibraryA         00000001400150c0     kernel32:KERNEL32.dll
 0002:000000c8       __imp_RtlCaptureContext    00000001400150c8     kernel32:KERNEL32.dll
 0002:000000d0       __imp_RtlLookupFunctionEntry 00000001400150d0     kernel32:KERNEL32.dll
 0002:000000d8       __imp_RtlVirtualUnwind     00000001400150d8     kernel32:KERNEL32.dll
 0002:000000e0       __imp_UnhandledExceptionFilter 00000001400150e0     kernel32:KERNEL32.dll
 0002:000000e8       __imp_SetUnhandledExceptionFilter 00000001400150e8     kernel32:KERNEL32.dll
 0002:000000f0       __imp_GetCurrentProcess    00000001400150f0     kernel32:KERNEL32.dll
 0002:000000f8       __imp_TerminateProcess     00000001400150f8     kernel32:KERNEL32.dll
 0002:00000100       __imp_IsProcessorFeaturePresent 0000000140015100     kernel32:KERNEL32.dll
 0002:00000108       __imp_GetCurrentProcessId  0000000140015108     kernel32:KERNEL32.dll
 0002:00000110       __imp_GetCurrentThreadId   0000000140015110     kernel32:KERNEL32.dll
 0002:00000118       __imp_GetSystemTimeAsFileTime 0000000140015118     kernel32:KERNEL32.dll
 0002:00000120       __imp_InitializeSListHead  0000000140015120     kernel32:KERNEL32.dll
 0002:00000128       __imp_IsDebuggerPresent    0000000140015128     kernel32:KERNEL32.dll
 0002:00000130       __imp_GetStartupInfoW      0000000140015130     kernel32:KERNEL32.dll
 0002:00000138       __imp_GetModuleHandleW     0000000140015138     kernel32:KERNEL32.dll
 0002:00000140       __imp_RtlUnwindEx          0000000140015140     kernel32:KERNEL32.dll
 0002:00000148       __imp_GetLastError         0000000140015148     kernel32:KERNEL32.dll
 0002:00000150       __imp_SetLastError         0000000140015150     kernel32:KERNEL32.dll
 0002:00000158       __imp_EnterCriticalSection 0000000140015158     kernel32:KERNEL32.dll
 0002:00000160       __imp_LeaveCriticalSection 0000000140015160     kernel32:KERNEL32.dll
 0002:00000168       __imp_DeleteCriticalSection 0000000140015168     kernel32:KERNEL32.dll
 0002:00000170       __imp_InitializeCriticalSectionAndSpinCount 0000000140015170     kernel32:KERNEL32.dll
 0002:00000178       __imp_TlsAlloc             0000000140015178     kernel32:KERNEL32.dll
 0002:00000180       __imp_TlsSetValue          0000000140015180     kernel32:KERNEL32.dll
 0002:00000188       __imp_TlsFree              0000000140015188     kernel32:KERNEL32.dll
 0002:00000190       __imp_FreeLibrary          0000000140015190     kernel32:KERNEL32.dll
 0002:00000198       __imp_LoadLibraryExW       0000000140015198     kernel32:KERNEL32.dll
 0002:000001a0       __imp_RaiseException       00000001400151a0     kernel32:KERNEL32.dll
 0002:000001a8       __imp_GetStdHandle         00000001400151a8     kernel32:KERNEL32.dll
 0002:000001b0       __imp_GetModuleFileNameW   00000001400151b0     kernel32:KERNEL32.dll
 0002:000001b8       __imp_ExitProcess          00000001400151b8     kernel32:KERNEL32.dll
 0002:000001c0       __imp_GetModuleHandleExW   00000001400151c0     kernel32:KERNEL32.dll
 0002:000001c8       __imp_HeapFree             00000001400151c8     kernel32:KERNEL32.dll
 0002:000001d0       __imp_HeapAlloc            00000001400151d0     kernel32:KERNEL32.dll
 0002:000001d8       __imp_GetFileType          00000001400151d8     kernel32:KERNEL32.dll
 0002:000001e0       __imp_FindClose            00000001400151e0     kernel32:KERNEL32.dll
 0002:000001e8       __imp_FindFirstFileExW     00000001400151e8     kernel32:KERNEL32.dll
 0002:000001f0       __imp_FindNextFileW        00000001400151f0     kernel32:KERNEL32.dll
 0002:000001f8       __imp_IsValidCodePage      00000001400151f8     kernel32:KERNEL32.dll
 0002:00000200       __imp_GetACP               0000000140015200     kernel32:KERNEL32.dll
 0002:00000208       __imp_GetOEMCP             0000000140015208     kernel32:KERNEL32.dll
 0002:00000210       __imp_GetCPInfo            0000000140015210     kernel32:KERNEL32.dll
 0002:00000218       __imp_GetCommandLineA      0000000140015218     kernel32:KERNEL32.dll
 0002:00000220       __imp_GetCommandLineW      0000000140015220     kernel32:KERNEL32.dll
 0002:00000228       __imp_MultiByteToWideChar  0000000140015228     kernel32:KERNEL32.dll
 0002:00000230       __imp_WideCharToMultiByte  0000000140015230     kernel32:KERNEL32.dll
 0002:00000238       __imp_GetEnvironmentStringsW 0000000140015238     kernel32:KERNEL32.dll
 0002:00000240       __imp_FreeEnvironmentStringsW 0000000140015240     kernel32:KERNEL32.dll
 0002:00000248       __imp_SetStdHandle         0000000140015248     kernel32:KERNEL32.dll
 0002:00000250       __imp_GetStringTypeW       0000000140015250     kernel32:KERNEL32.dll
 0002:00000258       \177KERNEL32_NULL_THUNK_DATA 0000000140015258     kernel32:KERNEL32.dll
 0002:00000260       __imp_DispatchMessageA     0000000140015260     user32:USER32.dll
 0002:00000268       __imp_PeekMessageA         0000000140015268     user32:USER32.dll
 0002:00000270       __imp_DefWindowProcA       0000000140015270     user32:USER32.dll
 0002:00000278       __imp_GetClientRect        0000000140015278     user32:USER32.dll
 0002:00000280       __imp_EndPaint             0000000140015280     user32:USER32.dll
 0002:00000288       __imp_BeginPaint           0000000140015288     user32:USER32.dll
 0002:00000290       __imp_GetDC                0000000140015290     user32:USER32.dll
 0002:00000298       __imp_CreateWindowExA      0000000140015298     user32:USER32.dll
 0002:000002a0       __imp_RegisterClassA       00000001400152a0     user32:USER32.dll
 0002:000002a8       __imp_TranslateMessage     00000001400152a8     user32:USER32.dll
 0002:000002b0       \177USER32_NULL_THUNK_DATA 00000001400152b0     user32:USER32.dll
 0002:000002b8       __imp_timeBeginPeriod      00000001400152b8     winmm:WINMM.dll
 0002:000002c0       \177WINMM_NULL_THUNK_DATA  00000001400152c0     winmm:WINMM.dll
 0002:000002c8       __guard_check_icall_fptr   00000001400152c8     LIBCMT:guard_support.obj
 0002:000002d0       __guard_xfg_check_icall_fptr 00000001400152d0     LIBCMT:guard_support.obj
 0002:000002d8       __guard_dispatch_icall_fptr 00000001400152d8     LIBCMT:guard_support.obj
 0002:000002e0       __guard_xfg_dispatch_icall_fptr 00000001400152e0     LIBCMT:guard_support.obj
 0002:000002e8       __guard_xfg_table_dispatch_icall_fptr 00000001400152e8     LIBCMT:guard_support.obj
 0002:000002f0       __xc_a                     00000001400152f0     LIBCMT:initializers.obj
 0002:00000300       __xc_z                     0000000140015300     LIBCMT:initializers.obj
 0002:00000308       __xi_a                     0000000140015308     LIBCMT:initializers.obj
 0002:00000320       __acrt_stdio_initializer   0000000140015320     libucrt:stdio_initializer.obj
 0002:00000328       __acrt_tran_fma3_initializer 0000000140015328     libucrt:fma3_initializer.obj
 0002:00000330       __acrt_multibyte_initializer 0000000140015330     libucrt:multibyte_initializer.obj
 0002:00000338       __acrt_fmode_initializer   0000000140015338     libucrt:fmode_initializer.obj
 0002:00000340       __xi_z                     0000000140015340     LIBCMT:initializers.obj
 0002:00000348       __xp_a                     0000000140015348     LIBCMT:initializers.obj
 0002:00000350       __acrt_locale_terminator   0000000140015350     libucrt:locale_initializer.obj
 0002:00000358       __dcrt_console_output_terminator 0000000140015358     libucrt:console_output_initializer.obj
 0002:00000360       __acrt_stdio_terminator    0000000140015360     libucrt:stdio_initializer.obj
 0002:00000368       __xp_z                     0000000140015368     LIBCMT:initializers.obj
 0002:00000370       __xt_a                     0000000140015370     LIBCMT:initializers.obj
 0002:00000378       __xt_z                     0000000140015378     LIBCMT:initializers.obj
 0002:00000520       __real@00000000            0000000140015520     win32_made.obj
 0002:00000524       __real@3d088889            0000000140015524     win32_made.obj
 0002:00000528       __real@3f000000            0000000140015528     win32_made.obj
 0002:0000052c       __real@3f800000            000000014001552c     win32_made.obj
 0002:00000530       __real@40800000            0000000140015530     win32_made.obj
 0002:00000534       __real@40c90fdb            0000000140015534     win32_made.obj
 0002:00000538       __real@412e848000000000    0000000140015538     win32_made.obj
 0002:00000540       __real@43000000            0000000140015540     win32_made.obj
 0002:00000544       __real@447a0000            0000000140015544     win32_made.obj
 0002:00000548       __real@47000000            0000000140015548     win32_made.obj
 0002:0000054c       __real@bf800000            000000014001554c     win32_made.obj
 0002:00000550       __xmm@80000000800000008000000080000000 0000000140015550     win32_made.obj
 0002:00000570       __xmm@ffffffffffffffffffffffffffffffff 0000000140015570     LIBCMT:utility.obj
 0002:00000580       _pDestructExceptionObject  0000000140015580     libvcruntime:ehhelpers.obj
 0002:00000c90       ??_C@_08EHJDFFNH@__based?$CI@ 0000000140015c90     libvcruntime:undname.obj
 0002:00000ca0       ??_C@_07KOLFKCDI@__cdecl@  0000000140015ca0     libvcruntime:undname.obj
 0002:00000ca8       ??_C@_08GHMPAG@__pascal@   0000000140015ca8     libvcruntime:undname.obj
 0002:00000cb8       ??_C@_09IFJBGAPI@__stdcall@ 0000000140015cb8     libvcruntime:undname.obj
 0002:00000cc8       ??_C@_0L@NPHFGOKO@__thiscall@ 0000000140015cc8     libvcruntime:undname.obj
 0002:00000cd8       ??_C@_0L@JMKHOMEK@__fastcall@ 0000000140015cd8     libvcruntime:undname.obj
 0002:00000ce8       ??_C@_0N@BCKKPABJ@__vectorcall@ 0000000140015ce8     libvcruntime:undname.obj
 0002:00000cf8       ??_C@_09HIJEGCPM@__clrcall@ 0000000140015cf8     libvcruntime:undname.obj
 0002:00000d04       ??_C@_06GHPCKEAG@__eabi@   0000000140015d04     libvcruntime:undname.obj
 0002:00000d10       ??_C@_09IOPIDJLG@__swift_1@ 0000000140015d10     libvcruntime:undname.obj
 0002:00000d20       ??_C@_09KFNFGKHF@__swift_2@ 0000000140015d20     libvcruntime:undname.obj
 0002:00000d30       ??_C@_07JOMMBBKO@__ptr64@  0000000140015d30     libvcruntime:undname.obj
 0002:00000d38       ??_C@_0L@PILCLIHE@__restrict@ 0000000140015d38     libvcruntime:undname.obj
 0002:00000d48       ??_C@_0M@GFIIJFMG@__unaligned@ 0000000140015d48     libvcruntime:undname.obj
 0002:00000d58       ??_C@_09DHDLOLLB@restrict?$CI@ 0000000140015d58     libvcruntime:undname.obj
 0002:00000d62       ??_C@_00CNPNBAHC@@         0000000140015d62     libvcruntime:undname.obj
 0002:00000d64       ??_C@_04NIHEBCM@?5new@     0000000140015d64     libvcruntime:undname.obj
 0002:00000d70       ??_C@_07FPCDHGMM@?5delete@ 0000000140015d70     libvcruntime:undname.obj
 0002:00000d78       ??_C@_01NEMOKFLO@?$DN@     0000000140015d78     libvcruntime:undname.obj
 0002:00000d7c       ??_C@_02GPIOPFAK@?$DO?$DO@ 0000000140015d7c     libvcruntime:undname.obj
 0002:00000d80       ??_C@_02FODMEDOG@?$DM?$DM@ 0000000140015d80     libvcruntime:undname.obj
 0002:00000d84       ??_C@_01DCLJPIOD@?$CB@     0000000140015d84     libvcruntime:undname.obj
 0002:00000d88       ??_C@_02EGOFBIJA@?$DN?$DN@ 0000000140015d88     libvcruntime:undname.obj
 0002:00000d8c       ??_C@_02FDNJECIE@?$CB?$DN@ 0000000140015d8c     libvcruntime:undname.obj
 0002:00000d90       ??_C@_02GPECMEKF@?$FL?$FN@ 0000000140015d90     libvcruntime:undname.obj
 0002:00000d98       ??_C@_08LHJFAFGD@operator@ 0000000140015d98     libvcruntime:undname.obj
 0002:00000da4       ??_C@_02HBOOOICD@?9?$DO@   0000000140015da4     libvcruntime:undname.obj
 0002:00000da8       ??_C@_01NBENCBCI@?$CK@     0000000140015da8     libvcruntime:undname.obj
 0002:00000dac       ??_C@_02ECNGHCIF@?$CL?$CL@ 0000000140015dac     libvcruntime:undname.obj
 0002:00000db0       ??_C@_02BAABKJLB@?9?9@     0000000140015db0     libvcruntime:undname.obj
 0002:00000db4       ??_C@_01JOAMLHOP@?9@       0000000140015db4     libvcruntime:undname.obj
 0002:00000db8       ??_C@_01MIFGBAGJ@?$CL@     0000000140015db8     libvcruntime:undname.obj
 0002:00000dbc       ??_C@_01HNPIGOCE@?$CG@     0000000140015dbc     libvcruntime:undname.obj
 0002:00000dc0       ??_C@_03MNHNFDLC@?9?$DO?$CK@ 0000000140015dc0     libvcruntime:undname.obj
 0002:00000dc4       ??_C@_01KMDKNFGN@?1@       0000000140015dc4     libvcruntime:undname.obj
 0002:00000dc8       ??_C@_01FGNFDNOH@?$CF@     0000000140015dc8     libvcruntime:undname.obj
 0002:00000dcc       ??_C@_01MNNFJEPP@?$DM@     0000000140015dcc     libvcruntime:undname.obj
 0002:00000dd0       ??_C@_02EHCHHCKH@?$DM?$DN@ 0000000140015dd0     libvcruntime:undname.obj
 0002:00000dd4       ??_C@_01PPODPGHN@?$DO@     0000000140015dd4     libvcruntime:undname.obj
 0002:00000dd8       ??_C@_02EEKDKGMJ@?$DO?$DN@ 0000000140015dd8     libvcruntime:undname.obj
 0002:00000ddc       ??_C@_01IHBHIGKO@?0@       0000000140015ddc     libvcruntime:undname.obj
 0002:00000de0       ??_C@_02HCKGKOFO@?$CI?$CJ@ 0000000140015de0     libvcruntime:undname.obj
 0002:00000de4       ??_C@_01PJKLJHI@?$HO@      0000000140015de4     libvcruntime:undname.obj
 0002:00000de8       ??_C@_01JKBOJNNK@?$FO@     0000000140015de8     libvcruntime:undname.obj
 0002:00000dec       ??_C@_01DNKMNLPK@?$HM@     0000000140015dec     libvcruntime:undname.obj
 0002:00000df0       ??_C@_02PPKAJPJL@?$CG?$CG@ 0000000140015df0     libvcruntime:undname.obj
 0002:00000df4       ??_C@_02NONPIBCD@?$HM?$HM@ 0000000140015df4     libvcruntime:undname.obj
 0002:00000df8       ??_C@_02FPIMKNGF@?$CK?$DN@ 0000000140015df8     libvcruntime:undname.obj
 0002:00000dfc       ??_C@_02FOEOMHFC@?$CL?$DN@ 0000000140015dfc     libvcruntime:undname.obj
 0002:00000e00       ??_C@_02FKMDLLOA@?9?$DN@   0000000140015e00     libvcruntime:undname.obj
 0002:00000e04       ??_C@_02FJEHGPIO@?1?$DN@   0000000140015e04     libvcruntime:undname.obj
 0002:00000e08       ??_C@_02FENAOKFI@?$CF?$DN@ 0000000140015e08     libvcruntime:undname.obj
 0002:00000e0c       ??_C@_03IKFCCPFF@?$DO?$DO?$DN@ 0000000140015e0c     libvcruntime:undname.obj
 0002:00000e10       ??_C@_03CDNPDDLA@?$DM?$DM?$DN@ 0000000140015e10     libvcruntime:undname.obj
 0002:00000e14       ??_C@_02FGJGFEAB@?$CG?$DN@ 0000000140015e14     libvcruntime:undname.obj
 0002:00000e18       ??_C@_02DHLNPPGH@?$HM?$DN@ 0000000140015e18     libvcruntime:undname.obj
 0002:00000e1c       ??_C@_02MHEGNOJ@?$FO?$DN@  0000000140015e1c     libvcruntime:undname.obj
 0002:00000e20       ??_C@_09IFPLHPGF@?$GAvftable?8@ 0000000140015e20     libvcruntime:undname.obj
 0002:00000e30       ??_C@_09BLBHBJP@?$GAvbtable?8@ 0000000140015e30     libvcruntime:undname.obj
 0002:00000e40       ??_C@_07FEEIOKP@?$GAvcall?8@ 0000000140015e40     libvcruntime:undname.obj
 0002:00000e48       ??_C@_08LLFFHHDJ@?$GAtypeof?8@ 0000000140015e48     libvcruntime:undname.obj
 0002:00000e58       ??_C@_0BF@KDPPACIK@?$GAlocal?5static?5guard?8@ 0000000140015e58     libvcruntime:undname.obj
 0002:00000e70       ??_C@_08OBABFOLI@?$GAstring?8@ 0000000140015e70     libvcruntime:undname.obj
 0002:00000e80       ??_C@_0BD@JDLKDPAB@?$GAvbase?5destructor?8@ 0000000140015e80     libvcruntime:undname.obj
 0002:00000e98       ??_C@_0BN@DEGPLNFK@?$GAvector?5deleting?5destructor?8@ 0000000140015e98     libvcruntime:undname.obj
 0002:00000eb8       ??_C@_0BO@OBMKPJIG@?$GAdefault?5constructor?5closure?8@ 0000000140015eb8     libvcruntime:undname.obj
 0002:00000ed8       ??_C@_0BN@IMDCHIKM@?$GAscalar?5deleting?5destructor?8@ 0000000140015ed8     libvcruntime:undname.obj
 0002:00000ef8       ??_C@_0BO@PFGOCPJJ@?$GAvector?5constructor?5iterator?8@ 0000000140015ef8     libvcruntime:undname.obj
 0002:00000f18       ??_C@_0BN@LFPFMEDL@?$GAvector?5destructor?5iterator?8@ 0000000140015f18     libvcruntime:undname.obj
 0002:00000f38       ??_C@_0CE@IKBNEHA@?$GAvector?5vbase?5constructor?5itera@ 0000000140015f38     libvcruntime:undname.obj
 0002:00000f60       ??_C@_0BL@NILFHHPC@?$GAvirtual?5displacement?5map?8@ 0000000140015f60     libvcruntime:undname.obj
 0002:00000f80       ??_C@_0CB@JONCMFFK@?$GAeh?5vector?5constructor?5iterator@ 0000000140015f80     libvcruntime:undname.obj
 0002:00000fa8       ??_C@_0CA@GCEOPDGL@?$GAeh?5vector?5destructor?5iterator?8@ 0000000140015fa8     libvcruntime:undname.obj
 0002:00000fc8       ??_C@_0CH@OOJPLCPH@?$GAeh?5vector?5vbase?5constructor?5it@ 0000000140015fc8     libvcruntime:undname.obj
 0002:00000ff0       ??_C@_0BL@LLKPOHJI@?$GAcopy?5constructor?5closure?8@ 0000000140015ff0     libvcruntime:undname.obj
 0002:00001010       ??_C@_0BA@KBCDOMBN@?$GAudt?5returning?8@ 0000000140016010     libvcruntime:undname.obj
 0002:00001020       ??_C@_03KLGMFNMG@?$GAEH@   0000000140016020     libvcruntime:undname.obj
 0002:00001024       ??_C@_05KHLCHHI@?$GARTTI@  0000000140016024     libvcruntime:undname.obj
 0002:00001030       ??_C@_0BA@KKLDJDLB@?$GAlocal?5vftable?8@ 0000000140016030     libvcruntime:undname.obj
 0002:00001040       ??_C@_0CE@IIHCMGGL@?$GAlocal?5vftable?5constructor?5clos@ 0000000140016040     libvcruntime:undname.obj
 0002:00001064       ??_C@_06FHBGPFGH@?5new?$FL?$FN@ 0000000140016064     libvcruntime:undname.obj
 0002:00001070       ??_C@_09LBNFPBCA@?5delete?$FL?$FN@ 0000000140016070     libvcruntime:undname.obj
 0002:00001080       ??_C@_0P@HJKNJFNN@?$GAomni?5callsig?8@ 0000000140016080     libvcruntime:undname.obj
 0002:00001090       ??_C@_0BL@CNOONJFP@?$GAplacement?5delete?5closure?8@ 0000000140016090     libvcruntime:undname.obj
 0002:000010b0       ??_C@_0BN@CKNJLHMB@?$GAplacement?5delete?$FL?$FN?5closure?8@ 00000001400160b0     libvcruntime:undname.obj
 0002:000010d0       ??_C@_0CG@CFDHKGGD@?$GAmanaged?5vector?5constructor?5ite@ 00000001400160d0     libvcruntime:undname.obj
 0002:000010f8       ??_C@_0CF@IMGKMJNO@?$GAmanaged?5vector?5destructor?5iter@ 00000001400160f8     libvcruntime:undname.obj
 0002:00001120       ??_C@_0CG@HLDDJMAG@?$GAeh?5vector?5copy?5constructor?5ite@ 0000000140016120     libvcruntime:undname.obj
 0002:00001148       ??_C@_0CM@FCBBDIGB@?$GAeh?5vector?5vbase?5copy?5construct@ 0000000140016148     libvcruntime:undname.obj
 0002:00001178       ??_C@_0BL@CLIPGLGB@?$GAdynamic?5initializer?5for?5?8@ 0000000140016178     libvcruntime:undname.obj
 0002:00001198       ??_C@_0CB@PDBIFEP@?$GAdynamic?5atexit?5destructor?5for?5@ 0000000140016198     libvcruntime:undname.obj
 0002:000011c0       ??_C@_0CD@CGAJBKEJ@?$GAvector?5copy?5constructor?5iterat@ 00000001400161c0     libvcruntime:undname.obj
 0002:000011e8       ??_C@_0CJ@GJELGAMM@?$GAvector?5vbase?5copy?5constructor?5@ 00000001400161e8     libvcruntime:undname.obj
 0002:00001218       ??_C@_0CL@FGIJHLCE@?$GAmanaged?5vector?5copy?5constructo@ 0000000140016218     libvcruntime:undname.obj
 0002:00001248       ??_C@_0BM@PMGGMLDN@?$GAlocal?5static?5thread?5guard?8@ 0000000140016248     libvcruntime:undname.obj
 0002:00001268       ??_C@_0N@BDNMDMOL@operator?5?$CC?$CC?5@ 0000000140016268     libvcruntime:undname.obj
 0002:00001278       ??_C@_0BC@GGEBGALA@operator?5co_await@ 0000000140016278     libvcruntime:undname.obj
 0002:00001290       ??_C@_0M@GAAIMMOH@operator?$DM?$DN?$DO@ 0000000140016290     libvcruntime:undname.obj
 0002:000012a0       ??_C@_0BC@DAFEJGAK@?5Type?5Descriptor?8@ 00000001400162a0     libvcruntime:undname.obj
 0002:000012b8       ??_C@_0BM@LDKODKLH@?5Base?5Class?5Descriptor?5at?5?$CI@ 00000001400162b8     libvcruntime:undname.obj
 0002:000012d8       ??_C@_0BD@LGICGFMM@?5Base?5Class?5Array?8@ 00000001400162d8     libvcruntime:undname.obj
 0002:000012f0       ??_C@_0BN@MECKDCOJ@?5Class?5Hierarchy?5Descriptor?8@ 00000001400162f0     libvcruntime:undname.obj
 0002:00001310       ??_C@_0BK@CFCOFLF@?5Complete?5Object?5Locator?8@ 0000000140016310     libvcruntime:undname.obj
 0002:00001330       ??_C@_0BG@JNJLAMPM@?$GAanonymous?5namespace?8@ 0000000140016330     libvcruntime:undname.obj
 0002:00001360       ??_C@_1DM@KHCHBNEB@?$AAa?$AAp?$AAi?$AA?9?$AAm?$AAs?$AA?9?$AAw?$AAi?$AAn?$AA?9?$AAc?$AAo?$AAr?$AAe@ 0000000140016360     libvcruntime:winapi_downlevel.obj
 0002:000013a0       ??_C@_1DK@LPPGFMPP@?$AAa?$AAp?$AAi?$AA?9?$AAm?$AAs?$AA?9?$AAw?$AAi?$AAn?$AA?9?$AAc?$AAo?$AAr?$AAe@ 00000001400163a0     libvcruntime:winapi_downlevel.obj
 0002:000013e0       ??_C@_1BC@GDMECMAK@?$AAk?$AAe?$AAr?$AAn?$AAe?$AAl?$AA3?$AA2@ 00000001400163e0     libvcruntime:winapi_downlevel.obj
 0002:000013f8       ??_C@_1BA@PFFKHIOG@?$AAa?$AAp?$AAi?$AA?9?$AAm?$AAs?$AA?9@ 00000001400163f8     libvcruntime:winapi_downlevel.obj
 0002:00001410       ??_C@_08KNHFBNJ@FlsAlloc@  0000000140016410     libvcruntime:winapi_downlevel.obj
 0002:00001428       ??_C@_07PEJMOBNF@FlsFree@  0000000140016428     libvcruntime:winapi_downlevel.obj
 0002:00001438       ??_C@_0M@GDNOONDI@FlsGetValue@ 0000000140016438     libvcruntime:winapi_downlevel.obj
 0002:00001450       ??_C@_0M@JCPCPOEF@FlsSetValue@ 0000000140016450     libvcruntime:winapi_downlevel.obj
 0002:00001468       ??_C@_0BM@HCFOFFN@InitializeCriticalSectionEx@ 0000000140016468     libvcruntime:winapi_downlevel.obj
 0002:00001490       ?format_validation_lookup_table_spectre@__crt_stdio_output@@3V?$spectre_mitigated_lookup_table@Ustate_transition_pair@__crt_stdio_output@@$0IA@@1@B 0000000140016490     libucrt:output.obj
 0002:00001890       ??_C@_1O@CEDCILHN@?$AA?$CI?$AAn?$AAu?$AAl?$AAl?$AA?$CJ@ 0000000140016890     libucrt:output.obj
 0002:000018a0       ??_C@_06OJHGLDPL@?$CInull?$CJ@ 00000001400168a0     libucrt:output.obj
 0002:000019e0       __acrt_exception_action_table 00000001400169e0     libucrt:exception_filter.obj
 0002:00001aa0       __acrt_signal_action_table_count 0000000140016aa0     libucrt:exception_filter.obj
 0002:00001aa8       __acrt_signal_action_first_fpe_index 0000000140016aa8     libucrt:exception_filter.obj
 0002:00001ab0       __acrt_signal_action_fpe_count 0000000140016ab0     libucrt:exception_filter.obj
 0002:00001ab8       ??_C@_1BI@BGOHAHKC@?$AAm?$AAs?$AAc?$AAo?$AAr?$AAe?$AAe?$AA?4?$AAd?$AAl?$AAl@ 0000000140016ab8     libucrt:exit.obj
 0002:00001ad0       ??_C@_0P@MIGLKIOC@CorExitProcess@ 0000000140016ad0     libucrt:exit.obj
 0002:00001dd0       ??_C@_03OEIAHPBN@INF@      0000000140016dd0     libucrt:cvt.obj
 0002:00001dd4       ??_C@_03OJHLLCGB@inf@      0000000140016dd4     libucrt:cvt.obj
 0002:00001dd8       ??_C@_03LKNCIKJB@NAN@      0000000140016dd8     libucrt:cvt.obj
 0002:00001ddc       ??_C@_03LHCJEHON@nan@      0000000140016ddc     libucrt:cvt.obj
 0002:00001de0       ??_C@_09OFJJIMPC@NAN?$CISNAN?$CJ@ 0000000140016de0     libucrt:cvt.obj
 0002:00001df0       ??_C@_09IPFBKMDL@nan?$CIsnan?$CJ@ 0000000140016df0     libucrt:cvt.obj
 0002:00001e00       ??_C@_08IKHNHAJ@NAN?$CIIND?$CJ@ 0000000140016e00     libucrt:cvt.obj
 0002:00001e10       ??_C@_08OFCDMILK@nan?$CIind?$CJ@ 0000000140016e10     libucrt:cvt.obj
 0002:00001e1c       ??_C@_05KLBDPFGC@e?$CL000@ 0000000140016e1c     libucrt:cvt.obj
 0002:00001e30       __lc_time_c                0000000140016e30     libucrt:nlsdata.obj
 0002:000020f0       ??_C@_03KOEHGMDN@Sun@      00000001400170f0     libucrt:nlsdata.obj
 0002:000020f4       ??_C@_03PDAGKDH@Mon@       00000001400170f4     libucrt:nlsdata.obj
 0002:000020f8       ??_C@_03NAGEINEP@Tue@      00000001400170f8     libucrt:nlsdata.obj
 0002:000020fc       ??_C@_03MHOMLAJA@Wed@      00000001400170fc     libucrt:nlsdata.obj
 0002:00002100       ??_C@_03IOFIKPDN@Thu@      0000000140017100     libucrt:nlsdata.obj
 0002:00002104       ??_C@_03IDIOELNC@Fri@      0000000140017104     libucrt:nlsdata.obj
 0002:00002108       ??_C@_03FEFJNEK@Sat@       0000000140017108     libucrt:nlsdata.obj
 0002:0000210c       ??_C@_06OOPIFAJ@Sunday@    000000014001710c     libucrt:nlsdata.obj
 0002:00002114       ??_C@_06JLEDEDGH@Monday@   0000000140017114     libucrt:nlsdata.obj
 0002:00002120       ??_C@_07BAAGCFCM@Tuesday@  0000000140017120     libucrt:nlsdata.obj
 0002:00002128       ??_C@_09DLIGFAKA@Wednesday@ 0000000140017128     libucrt:nlsdata.obj
 0002:00002138       ??_C@_08HACCIKIA@Thursday@ 0000000140017138     libucrt:nlsdata.obj
 0002:00002144       ??_C@_06JECMNKMI@Friday@   0000000140017144     libucrt:nlsdata.obj
 0002:00002150       ??_C@_08INBOOONO@Saturday@ 0000000140017150     libucrt:nlsdata.obj
 0002:0000215c       ??_C@_03JIHJHPIE@Jan@      000000014001715c     libucrt:nlsdata.obj
 0002:00002160       ??_C@_03HJBDCHOM@Feb@      0000000140017160     libucrt:nlsdata.obj
 0002:00002164       ??_C@_03ODNJBKGA@Mar@      0000000140017164     libucrt:nlsdata.obj
 0002:00002168       ??_C@_03LEOLGMJP@Apr@      0000000140017168     libucrt:nlsdata.obj
 0002:0000216c       ??_C@_03CNMDKL@May@        000000014001716c     libucrt:nlsdata.obj
 0002:00002170       ??_C@_03IDFGHECI@Jun@      0000000140017170     libucrt:nlsdata.obj
 0002:00002174       ??_C@_03LBGABGKK@Jul@      0000000140017174     libucrt:nlsdata.obj
 0002:00002178       ??_C@_03IFJFEIGA@Aug@      0000000140017178     libucrt:nlsdata.obj
 0002:0000217c       ??_C@_03GGCAPAJC@Sep@      000000014001717c     libucrt:nlsdata.obj
 0002:00002180       ??_C@_03BMAOKBAD@Oct@      0000000140017180     libucrt:nlsdata.obj
 0002:00002184       ??_C@_03JPJOFNIA@Nov@      0000000140017184     libucrt:nlsdata.obj
 0002:00002188       ??_C@_03MKABNOCG@Dec@      0000000140017188     libucrt:nlsdata.obj
 0002:00002190       ??_C@_07CGJPFGJA@January@  0000000140017190     libucrt:nlsdata.obj
 0002:00002198       ??_C@_08GNJGEPFN@February@ 0000000140017198     libucrt:nlsdata.obj
 0002:000021a4       ??_C@_05HPCKOFNC@March@    00000001400171a4     libucrt:nlsdata.obj
 0002:000021ac       ??_C@_05DMJDNLEJ@April@    00000001400171ac     libucrt:nlsdata.obj
 0002:000021b4       ??_C@_04CNLMGBGM@June@     00000001400171b4     libucrt:nlsdata.obj
 0002:000021bc       ??_C@_04MIEPOIFP@July@     00000001400171bc     libucrt:nlsdata.obj
 0002:000021c4       ??_C@_06LBBHFDDG@August@   00000001400171c4     libucrt:nlsdata.obj
 0002:000021d0       ??_C@_09BHHEALKD@September@ 00000001400171d0     libucrt:nlsdata.obj
 0002:000021e0       ??_C@_07JJNFCEND@October@  00000001400171e0     libucrt:nlsdata.obj
 0002:000021e8       ??_C@_08HCHEGEOA@November@ 00000001400171e8     libucrt:nlsdata.obj
 0002:000021f8       ??_C@_08EDHMEBNP@December@ 00000001400171f8     libucrt:nlsdata.obj
 0002:00002204       ??_C@_02DEDBPAFC@AM@       0000000140017204     libucrt:nlsdata.obj
 0002:00002208       ??_C@_02CJNFDJBF@PM@       0000000140017208     libucrt:nlsdata.obj
 0002:00002210       ??_C@_08BPBNCDIB@MM?1dd?1yy@ 0000000140017210     libucrt:nlsdata.obj
 0002:00002220       ??_C@_0BE@CKGJFCPC@dddd?0?5MMMM?5dd?0?5yyyy@ 0000000140017220     libucrt:nlsdata.obj
 0002:00002238       ??_C@_08JCCMCCIL@HH?3mm?3ss@ 0000000140017238     libucrt:nlsdata.obj
 0002:00002248       ??_C@_17MBGCMIPB@?$AAS?$AAu?$AAn@ 0000000140017248     libucrt:nlsdata.obj
 0002:00002250       ??_C@_17KBOMKBF@?$AAM?$AAo?$AAn@ 0000000140017250     libucrt:nlsdata.obj
 0002:00002258       ??_C@_17BMKGEGOJ@?$AAT?$AAu?$AAe@ 0000000140017258     libucrt:nlsdata.obj
 0002:00002260       ??_C@_17CJEDCEPE@?$AAW?$AAe?$AAd@ 0000000140017260     libucrt:nlsdata.obj
 0002:00002268       ??_C@_17PDPHAADD@?$AAT?$AAh?$AAu@ 0000000140017268     libucrt:nlsdata.obj
 0002:00002270       ??_C@_17HFOLPPLP@?$AAF?$AAr?$AAi@ 0000000140017270     libucrt:nlsdata.obj
 0002:00002278       ??_C@_17GGIBDPIH@?$AAS?$AAa?$AAt@ 0000000140017278     libucrt:nlsdata.obj
 0002:00002280       ??_C@_1O@IHNHDHPB@?$AAS?$AAu?$AAn?$AAd?$AAa?$AAy@ 0000000140017280     libucrt:nlsdata.obj
 0002:00002290       ??_C@_1O@MMNBFLIA@?$AAM?$AAo?$AAn?$AAd?$AAa?$AAy@ 0000000140017290     libucrt:nlsdata.obj
 0002:000022a0       ??_C@_1BA@ENFBFFEK@?$AAT?$AAu?$AAe?$AAs?$AAd?$AAa?$AAy@ 00000001400172a0     libucrt:nlsdata.obj
 0002:000022b0       ??_C@_1BE@EBOGMDOH@?$AAW?$AAe?$AAd?$AAn?$AAe?$AAs?$AAd?$AAa?$AAy@ 00000001400172b0     libucrt:nlsdata.obj
 0002:000022c8       ??_C@_1BC@HHMNLIHE@?$AAT?$AAh?$AAu?$AAr?$AAs?$AAd?$AAa?$AAy@ 00000001400172c8     libucrt:nlsdata.obj
 0002:000022e0       ??_C@_1O@PDICJHAG@?$AAF?$AAr?$AAi?$AAd?$AAa?$AAy@ 00000001400172e0     libucrt:nlsdata.obj
 0002:000022f0       ??_C@_1BC@ENMNNPAJ@?$AAS?$AAa?$AAt?$AAu?$AAr?$AAd?$AAa?$AAy@ 00000001400172f0     libucrt:nlsdata.obj
 0002:00002308       ??_C@_17DKNBKCHM@?$AAJ?$AAa?$AAn@ 0000000140017308     libucrt:nlsdata.obj
 0002:00002310       ??_C@_17LMDJEKJN@?$AAF?$AAe?$AAb@ 0000000140017310     libucrt:nlsdata.obj
 0002:00002318       ??_C@_17CKNLEDEC@?$AAM?$AAa?$AAr@ 0000000140017318     libucrt:nlsdata.obj
 0002:00002320       ??_C@_17LFPOIHDD@?$AAA?$AAp?$AAr@ 0000000140017320     libucrt:nlsdata.obj
 0002:00002328       ??_C@_17PNNKMEED@?$AAM?$AAa?$AAy@ 0000000140017328     libucrt:nlsdata.obj
 0002:00002330       ??_C@_17KCJGOCPB@?$AAJ?$AAu?$AAn@ 0000000140017330     libucrt:nlsdata.obj
 0002:00002338       ??_C@_17IJPCKHK@?$AAJ?$AAu?$AAl@ 0000000140017338     libucrt:nlsdata.obj
 0002:00002340       ??_C@_17ICPELBCN@?$AAA?$AAu?$AAg@ 0000000140017340     libucrt:nlsdata.obj
 0002:00002348       ??_C@_17HCHCOKMG@?$AAS?$AAe?$AAp@ 0000000140017348     libucrt:nlsdata.obj
 0002:00002350       ??_C@_17FNLKOI@?$AAO?$AAc?$AAt@ 0000000140017350     libucrt:nlsdata.obj
 0002:00002358       ??_C@_17BBDMLCIG@?$AAN?$AAo?$AAv@ 0000000140017358     libucrt:nlsdata.obj
 0002:00002360       ??_C@_17EGKACKIF@?$AAD?$AAe?$AAc@ 0000000140017360     libucrt:nlsdata.obj
 0002:00002368       ??_C@_1BA@EFMEIEBA@?$AAJ?$AAa?$AAn?$AAu?$AAa?$AAr?$AAy@ 0000000140017368     libucrt:nlsdata.obj
 0002:00002378       ??_C@_1BC@JGDDFFAM@?$AAF?$AAe?$AAb?$AAr?$AAu?$AAa?$AAr?$AAy@ 0000000140017378     libucrt:nlsdata.obj
 0002:00002390       ??_C@_1M@IKEENEDF@?$AAM?$AAa?$AAr?$AAc?$AAh@ 0000000140017390     libucrt:nlsdata.obj
 0002:000023a0       ??_C@_1M@GJNLMHFD@?$AAA?$AAp?$AAr?$AAi?$AAl@ 00000001400173a0     libucrt:nlsdata.obj
 0002:000023b0       ??_C@_19EPFLPGAP@?$AAJ?$AAu?$AAn?$AAe@ 00000001400173b0     libucrt:nlsdata.obj
 0002:000023c0       ??_C@_19BIFMLPCD@?$AAJ?$AAu?$AAl?$AAy@ 00000001400173c0     libucrt:nlsdata.obj
 0002:000023d0       ??_C@_1O@PAHLKOAC@?$AAA?$AAu?$AAg?$AAu?$AAs?$AAt@ 00000001400173d0     libucrt:nlsdata.obj
 0002:000023e0       ??_C@_1BE@DKAAMBJL@?$AAS?$AAe?$AAp?$AAt?$AAe?$AAm?$AAb?$AAe?$AAr@ 00000001400173e0     libucrt:nlsdata.obj
 0002:000023f8       ??_C@_1BA@EPANDLNG@?$AAO?$AAc?$AAt?$AAo?$AAb?$AAe?$AAr@ 00000001400173f8     libucrt:nlsdata.obj
 0002:00002408       ??_C@_1BC@BGLIFPF@?$AAN?$AAo?$AAv?$AAe?$AAm?$AAb?$AAe?$AAr@ 0000000140017408     libucrt:nlsdata.obj
 0002:00002420       ??_C@_1BC@FEMKIFH@?$AAD?$AAe?$AAc?$AAe?$AAm?$AAb?$AAe?$AAr@ 0000000140017420     libucrt:nlsdata.obj
 0002:00002434       ??_C@_15ODEHAHHF@?$AAA?$AAM@ 0000000140017434     libucrt:nlsdata.obj
 0002:0000243c       ??_C@_15CLMNNGEL@?$AAP?$AAM@ 000000014001743c     libucrt:nlsdata.obj
 0002:00002448       ??_C@_1BC@IEBCMHCM@?$AAM?$AAM?$AA?1?$AAd?$AAd?$AA?1?$AAy?$AAy@ 0000000140017448     libucrt:nlsdata.obj
 0002:00002460       ??_C@_1CI@KNAKOEBC@?$AAd?$AAd?$AAd?$AAd?$AA?0?$AA?5?$AAM?$AAM?$AAM?$AAM?$AA?5?$AAd?$AAd?$AA?0?$AA?5@ 0000000140017460     libucrt:nlsdata.obj
 0002:00002488       ??_C@_1BC@GDGBMEMK@?$AAH?$AAH?$AA?3?$AAm?$AAm?$AA?3?$AAs?$AAs@ 0000000140017488     libucrt:nlsdata.obj
 0002:000024a0       ??_C@_1M@BMHNFIME@?$AAe?$AAn?$AA?9?$AAU?$AAS@ 00000001400174a0     libucrt:nlsdata.obj
 0002:000024b0       __Lcosfarray               00000001400174b0     libucrt:lsincosf_array.obj
 0002:000024e0       __Lsinfarray               00000001400174e0     libucrt:lsincosf_array.obj
 0002:00002500       __L_2_by_pi_bits           0000000140017500     libucrt:l2_by_pi_bits.obj
 0002:00002650       ??_C@_04LAGPAAHP@sinf@     0000000140017650     libucrt:sincos_special.obj
 0002:00002678       ??_C@_1M@HPNHIDJI@?$AAj?$AAa?$AA?9?$AAJ?$AAP@ 0000000140017678     libucrt:mbctype.obj
 0002:00002688       ??_C@_1M@BIBDDEMK@?$AAz?$AAh?$AA?9?$AAC?$AAN@ 0000000140017688     libucrt:mbctype.obj
 0002:00002698       ??_C@_1M@JLOOOEGK@?$AAk?$AAo?$AA?9?$AAK?$AAR@ 0000000140017698     libucrt:mbctype.obj
 0002:000026a8       ??_C@_1M@CLNBBOPM@?$AAz?$AAh?$AA?9?$AAT?$AAW@ 00000001400176a8     libucrt:mbctype.obj
 0002:000026c0       __newctype                 00000001400176c0     libucrt:ctype.obj
 0002:000029c0       __newclmap                 00000001400179c0     libucrt:ctype.obj
 0002:00002b40       __newcumap                 0000000140017b40     libucrt:ctype.obj
 0002:00002cc0       ??_C@_15PJPFLCCM@?$AAu?$AAk@ 0000000140017cc0     libucrt:get_qualified_locale.obj
 0002:00002d70       ??_C@_1EA@JGEFHKEI@?$AAa?$AAp?$AAi?$AA?9?$AAm?$AAs?$AA?9?$AAw?$AAi?$AAn?$AA?9?$AAc?$AAo?$AAr?$AAe@ 0000000140017d70     libucrt:winapi_thunks.obj
 0002:00002db0       ??_C@_1DI@IJCEHOCB@?$AAa?$AAp?$AAi?$AA?9?$AAm?$AAs?$AA?9?$AAw?$AAi?$AAn?$AA?9?$AAc?$AAo?$AAr?$AAe@ 0000000140017db0     libucrt:winapi_thunks.obj
 0002:00002df0       ??_C@_1EI@MPIAOHOC@?$AAa?$AAp?$AAi?$AA?9?$AAm?$AAs?$AA?9?$AAw?$AAi?$AAn?$AA?9?$AAc?$AAo?$AAr?$AAe@ 0000000140017df0     libucrt:winapi_thunks.obj
 0002:00002e40       ??_C@_1FK@FPHCKFIE@?$AAa?$AAp?$AAi?$AA?9?$AAm?$AAs?$AA?9?$AAw?$AAi?$AAn?$AA?9?$AAc?$AAo?$AAr?$AAe@ 0000000140017e40     libucrt:winapi_thunks.obj
 0002:00002ea0       ??_C@_1EM@DILCGIIO@?$AAa?$AAp?$AAi?$AA?9?$AAm?$AAs?$AA?9?$AAw?$AAi?$AAn?$AA?9?$AAc?$AAo?$AAr?$AAe@ 0000000140017ea0     libucrt:winapi_thunks.obj
 0002:00002ef0       ??_C@_1DM@LNCGDDPN@?$AAa?$AAp?$AAi?$AA?9?$AAm?$AAs?$AA?9?$AAw?$AAi?$AAn?$AA?9?$AAc?$AAo?$AAr?$AAe@ 0000000140017ef0     libucrt:winapi_thunks.obj
 0002:00002f30       ??_C@_1DO@FPAPJEMD@?$AAa?$AAp?$AAi?$AA?9?$AAm?$AAs?$AA?9?$AAw?$AAi?$AAn?$AA?9?$AAc?$AAo?$AAr?$AAe@ 0000000140017f30     libucrt:winapi_thunks.obj
 0002:00002f70       ??_C@_1DK@NDHNAHIO@?$AAa?$AAp?$AAi?$AA?9?$AAm?$AAs?$AA?9?$AAw?$AAi?$AAn?$AA?9?$AAc?$AAo?$AAr?$AAe@ 0000000140017f70     libucrt:winapi_thunks.obj
 0002:00002fb0       ??_C@_1DM@KGHDGBCM@?$AAa?$AAp?$AAi?$AA?9?$AAm?$AAs?$AA?9?$AAw?$AAi?$AAn?$AA?9?$AAc?$AAo?$AAr?$AAe@ 0000000140017fb0     libucrt:winapi_thunks.obj
 0002:00002ff0       ??_C@_1EO@IJIOEFOH@?$AAa?$AAp?$AAi?$AA?9?$AAm?$AAs?$AA?9?$AAw?$AAi?$AAn?$AA?9?$AAr?$AAt?$AAc?$AAo@ 0000000140017ff0     libucrt:winapi_thunks.obj
 0002:00003040       ??_C@_1FG@HHGEKANL@?$AAa?$AAp?$AAi?$AA?9?$AAm?$AAs?$AA?9?$AAw?$AAi?$AAn?$AA?9?$AAs?$AAe?$AAc?$AAu@ 0000000140018040     libucrt:winapi_thunks.obj
 0002:000030a0       ??_C@_1EG@DBIOJECG@?$AAe?$AAx?$AAt?$AA?9?$AAm?$AAs?$AA?9?$AAw?$AAi?$AAn?$AA?9?$AAn?$AAt?$AAu?$AAs@ 00000001400180a0     libucrt:winapi_thunks.obj
 0002:000030f0       ??_C@_1EO@FIHMJCLF@?$AAe?$AAx?$AAt?$AA?9?$AAm?$AAs?$AA?9?$AAw?$AAi?$AAn?$AA?9?$AAn?$AAt?$AAu?$AAs@ 00000001400180f0     libucrt:winapi_thunks.obj
 0002:00003140       ??_C@_1BC@DNHGCMLG@?$AAa?$AAd?$AAv?$AAa?$AAp?$AAi?$AA3?$AA2@ 0000000140018140     libucrt:winapi_thunks.obj
 0002:00003158       ??_C@_1M@OAIMIKLP@?$AAn?$AAt?$AAd?$AAl?$AAl@ 0000000140018158     libucrt:winapi_thunks.obj
 0002:00003170       ??_C@_1EG@DPGNFKGC@?$AAa?$AAp?$AAi?$AA?9?$AAm?$AAs?$AA?9?$AAw?$AAi?$AAn?$AA?9?$AAa?$AAp?$AAp?$AAm@ 0000000140018170     libucrt:winapi_thunks.obj
 0002:000031b8       ??_C@_1O@BCCLBEOE@?$AAu?$AAs?$AAe?$AAr?$AA3?$AA2@ 00000001400181b8     libucrt:winapi_thunks.obj
 0002:000031c8       ??_C@_1BA@IAIFMGEF@?$AAe?$AAx?$AAt?$AA?9?$AAm?$AAs?$AA?9@ 00000001400181c8     libucrt:winapi_thunks.obj
 0002:000031e0       ??_C@_0BA@FHFNEAED@AreFileApisANSI@ 00000001400181e0     libucrt:winapi_thunks.obj
 0002:00003220       ??_C@_0O@KKBNKAPF@LCMapStringEx@ 0000000140018220     libucrt:winapi_thunks.obj
 0002:00003238       ??_C@_0BB@HBDEELFH@LocaleNameToLCID@ 0000000140018238     libucrt:winapi_thunks.obj
 0002:00003250       ??_C@_0CF@OJOFEIGO@AppPolicyGetProcessTerminationM@ 0000000140018250     libucrt:winapi_thunks.obj
 0002:00003280       ?large_power_data@?1??multiply_by_power_of_ten@__crt_strtox@@YA_NAEAUbig_integer@2@I@Z@4QBIB 0000000140018280     libucrt:cfout.obj
 0002:00003b90       ?large_power_indices@?1??multiply_by_power_of_ten@__crt_strtox@@YA_NAEAUbig_integer@2@I@Z@4QBUunpack_index@?1??12@YA_N0I@Z@B 0000000140018b90     libucrt:cfout.obj
 0002:00003c28       ?small_powers_of_ten@?1??multiply_by_power_of_ten@__crt_strtox@@YA_NAEAUbig_integer@2@I@Z@4QBIB 0000000140018c28     libucrt:cfout.obj
 0002:00003c4c       ??_C@_01GBGANLPD@0@        0000000140018c4c     libucrt:cfout.obj
 0002:00003c50       ??_C@_05DNEBIAHO@1?$CDINF@ 0000000140018c50     libucrt:cfout.obj
 0002:00003c58       ??_C@_06IMKFLFPG@1?$CDQNAN@ 0000000140018c58     libucrt:cfout.obj
 0002:00003c60       ??_C@_06PGGFOGJG@1?$CDSNAN@ 0000000140018c60     libucrt:cfout.obj
 0002:00003c68       ??_C@_05PHHOCPM@1?$CDIND@  0000000140018c68     libucrt:cfout.obj
 0002:00004ab0       ??_C@_15EMKDOKLE@?$AAa?$AAr@ 0000000140019ab0     libucrt:lcidtoname_downlevel.obj
 0002:00004ab8       ??_C@_15KNPADPLH@?$AAb?$AAg@ 0000000140019ab8     libucrt:lcidtoname_downlevel.obj
 0002:00004ac0       ??_C@_15EDMHLDMO@?$AAc?$AAa@ 0000000140019ac0     libucrt:lcidtoname_downlevel.obj
 0002:00004ac8       ??_C@_1O@BPEAJADD@?$AAz?$AAh?$AA?9?$AAC?$AAH?$AAS@ 0000000140019ac8     libucrt:lcidtoname_downlevel.obj
 0002:00004ad8       ??_C@_15LJNHCMNK@?$AAc?$AAs@ 0000000140019ad8     libucrt:lcidtoname_downlevel.obj
 0002:00004ae0       ??_C@_15FOMCIDHG@?$AAd?$AAa@ 0000000140019ae0     libucrt:lcidtoname_downlevel.obj
 0002:00004ae8       ??_C@_15NBKABECB@?$AAd?$AAe@ 0000000140019ae8     libucrt:lcidtoname_downlevel.obj
 0002:00004af0       ??_C@_15GHPEIIAO@?$AAe?$AAl@ 0000000140019af0     libucrt:lcidtoname_downlevel.obj
 0002:00004af8       ??_C@_15MNPNEAIF@?$AAe?$AAn@ 0000000140019af8     libucrt:lcidtoname_downlevel.obj
 0002:00004b00       ??_C@_15GPIOMPMH@?$AAe?$AAs@ 0000000140019b00     libucrt:lcidtoname_downlevel.obj
 0002:00004b08       ??_C@_15NGLOAKJC@?$AAf?$AAi@ 0000000140019b08     libucrt:lcidtoname_downlevel.obj
[...]
 0002:000095c0       $unwind$_mbtowc_l          000000014001e5c0     libucrt:mbtowc.obj
 0002:000095c0       $unwind$__acrt_LCMapStringEx 000000014001e5c0     libucrt:winapi_thunks.obj
 0002:000095d4       $unwind$_wctomb_s_l        000000014001e5d4     libucrt:wctomb.obj
 0002:000095e4       $unwind$?construct_ptd_array@@YAXQEAU__acrt_ptd@@@Z 000000014001e5e4     libucrt:per_thread_data.obj
 0002:000095ec       $unwind$?destroy_ptd_array@@YAXQEAU__acrt_ptd@@@Z 000000014001e5ec     libucrt:per_thread_data.obj
 0002:000095f4       $unwind$??$?RV<lambda_0ae27a3a962d80f24befdcbee591983d>@@AEAV<lambda_8d0ee55de4b1038c4002e0adecdf1839>@@V<lambda_dc504788e8f1664fe9b84e20bfb512f2>@@@?$__crt_seh_guarded_call@X@@QEAAX$$QEAV<lambda_0ae27a3a962d80f24befdcbee591983d>@@AEAV<lambda_8d0ee55de4b1038c4002e0adecdf1839>@@$$QEAV<lambda_dc504788e8f1664fe9b84e20bfb512f2>@@@Z 000000014001e5f4     libucrt:per_thread_data.obj
 0002:00009618       $unwind$??$?RV<lambda_aa87e3671a710a21b5dc78c0bdf72e11>@@AEAV<lambda_92619d2358a28f41a33ba319515a20b9>@@V<lambda_6992ecaafeb10aed2b74cb1fae11a551>@@@?$__crt_seh_guarded_call@X@@QEAAX$$QEAV<lambda_aa87e3671a710a21b5dc78c0bdf72e11>@@AEAV<lambda_92619d2358a28f41a33ba319515a20b9>@@$$QEAV<lambda_6992ecaafeb10aed2b74cb1fae11a551>@@@Z 000000014001e618     libucrt:per_thread_data.obj
 0002:0000963c       $unwind$??$?RV<lambda_f2e299630e499de9f9a165e60fcd3db5>@@AEAV<lambda_2ae9d31cdba2644fcbeaf08da7c24588>@@V<lambda_40d01ff24d0e7b3814fdbdcee8eab3c7>@@@?$__crt_seh_guarded_call@X@@QEAAX$$QEAV<lambda_f2e299630e499de9f9a165e60fcd3db5>@@AEAV<lambda_2ae9d31cdba2644fcbeaf08da7c24588>@@$$QEAV<lambda_40d01ff24d0e7b3814fdbdcee8eab3c7>@@@Z 000000014001e63c     libucrt:per_thread_data.obj
 0002:00009660       $unwind$??$?RV<lambda_2d41944a1d46af3157314b8a01080d33>@@AEAV<lambda_8f455de75cd7d7f24b4096f044d8b9e6>@@V<lambda_aa500f224e6afead328df44964fe2772>@@@?$__crt_seh_guarded_call@X@@QEAAX$$QEAV<lambda_2d41944a1d46af3157314b8a01080d33>@@AEAV<lambda_8f455de75cd7d7f24b4096f044d8b9e6>@@$$QEAV<lambda_aa500f224e6afead328df44964fe2772>@@@Z 000000014001e660     libucrt:per_thread_data.obj
 0002:00009684       $unwind$__acrt_fp_format   000000014001e684     libucrt:cvt.obj
 0002:0000969c       $unwind$?fp_format_e_internal@@YAHQEAD_KH_NIQEAU_strflt@@2QEAU__crt_locale_pointers@@@Z 000000014001e69c     libucrt:cvt.obj
 0002:000096b4       $unwind$?fp_format_a@@YAHQEBNPEAD_KQEAD2H_NIQEAU__crt_locale_pointers@@W4__acrt_rounding_mode@@@Z 000000014001e6b4     libucrt:cvt.obj
 0002:000096d0       $unwind$__dcrt_get_narrow_environment_from_os 000000014001e6d0     libucrt:get_environment_from_os.obj
 0002:000096d0       $unwind$?fp_format_f_internal@@YAHQEAD_KHQEAU_strflt@@_NQEAU__crt_locale_pointers@@@Z 000000014001e6d0     libucrt:cvt.obj
 0002:000096d0       $unwind$??$__acrt_wcs_to_mbs_cp@U__crt_win32_buffer_internal_dynamic_resizing@@@@YAHQEB_WAEAV?$__crt_win32_buffer@DU__crt_win32_buffer_internal_dynamic_resizing@@@@I@Z 000000014001e6d0     libucrt:argv_wildcards.obj
 0002:000096e8       $unwind$?fp_format_g@@YAHQEBNQEAD_K12H_NIW4__acrt_rounding_mode@@QEAU__crt_locale_pointers@@@Z 000000014001e6e8     libucrt:cvt.obj
 0002:000096fc       $unwind$__acrt_initialize_lowio 000000014001e6fc     libucrt:ioinit.obj
 0002:0000971c       $unwind$?initialize_inherited_file_handles_nolock@@YAXXZ 000000014001e71c     libucrt:ioinit.obj
 0002:00009738       $unwind$__acrt_initialize_fma3 000000014001e738     libucrt:fma3_available.obj
 0002:00009740       $xdatasym                  000000014001e740     libucrt:remainder_piby2f_forc.obj
 0002:00009750       $unwind$_sincosf_special   000000014001e750     libucrt:sincos_special.obj
 0002:00009758       $unwind$??$__acrt_mbs_to_wcs_cp@U__crt_win32_buffer_internal_dynamic_resizing@@@@YAHQEBDAEAV?$__crt_win32_buffer@_WU__crt_win32_buffer_internal_dynamic_resizing@@@@I@Z 000000014001e758     libucrt:argv_wildcards.obj
 0002:00009770       $unwind$??$common_expand_argv_wildcards@D@@YAHQEAPEADQEAPEAPEAD@Z 000000014001e770     libucrt:argv_wildcards.obj
 0002:00009788       $unwind$??$copy_and_add_argument_to_buffer@D@@YAHQEBD0_KAEAV?$argument_list@D@?A0x5f5c8891@@@Z 000000014001e788     libucrt:argv_wildcards.obj
 0002:000097a4       $unwind$??$expand_argument_wildcards@D@@YAHQEAD0AEAV?$argument_list@D@?A0x5f5c8891@@@Z 000000014001e7a4     libucrt:argv_wildcards.obj
 0002:000097c8       $unwind$__acrt_GetModuleFileNameA 000000014001e7c8     libucrt:getmodulefilenamea.obj
 0002:000097e4       $unwind$__dcrt_write_console 000000014001e7e4     libucrt:initcon.obj
 0002:000097e4       $unwind$??$__acrt_wcs_to_mbs_cp@U__crt_win32_buffer_no_resizing@@@@YAHQEB_WAEAV?$__crt_win32_buffer@DU__crt_win32_buffer_no_resizing@@@@I@Z 000000014001e7e4     libucrt:getmodulefilenamea.obj
 0002:000097f8       $unwind$_setmbcp_nolock    000000014001e7f8     libucrt:mbctype.obj
 0002:00009818       $unwind$__dcrt_lowio_ensure_console_output_initialized 000000014001e818     libucrt:initcon.obj
 0002:00009818       $unwind$_isleadbyte_l      000000014001e818     libucrt:_wctype.obj
 0002:00009818       $unwind$?getSystemCP@@YAHH@Z 000000014001e818     libucrt:mbctype.obj
 0002:00009820       $unwind$?update_thread_multibyte_data_internal@@YAPEAU__crt_multibyte_data@@QEAU__acrt_ptd@@QEAPEAU1@@Z 000000014001e820     libucrt:mbctype.obj
 0002:00009848       $unwind$?setmbcp_internal@@YAHH_NQEAU__acrt_ptd@@QEAPEAU__crt_multibyte_data@@@Z 000000014001e848     libucrt:mbctype.obj
 0002:00009858       $unwind$?setSBUpLow@@YAXPEAU__crt_multibyte_data@@@Z 000000014001e858     libucrt:mbctype.obj
 0002:00009874       $unwind$??$?RV<lambda_efdfa57d1f175319df784efa44bb7b81>@@AEAV<lambda_5f0a4c1567f8adc6734073e5d1e1b35c>@@V<lambda_2e8a7d3640ea6ccb4c2413664c2db6fd>@@@?$__crt_seh_guarded_call@X@@QEAAX$$QEAV<lambda_efdfa57d1f175319df784efa44bb7b81>@@AEAV<lambda_5f0a4c1567f8adc6734073e5d1e1b35c>@@$$QEAV<lambda_2e8a7d3640ea6ccb4c2413664c2db6fd>@@@Z 000000014001e874     libucrt:mbctype.obj
 0002:00009898       $unwind$?x_ismbbtype_l@@YAHPEAU__crt_locale_pointers@@IHH@Z 000000014001e898     libucrt:ismbbyte.obj
 0002:000098a8       $unwind$__acrt_WideCharToMultiByte 000000014001e8a8     libucrt:widechartomultibyte.obj
 0002:000098b4       $unwind$__acrt_lowio_destroy_handle_array 000000014001e8b4     libucrt:osfinfo.obj
 0002:000098c4       $unwind$__acrt_lowio_ensure_fh_exists 000000014001e8c4     libucrt:osfinfo.obj
 0002:000098f0       $unwind$__acrt_locale_free_monetary 000000014001e8f0     libucrt:initmon.obj
 0002:000098f8       $unwind$__acrt_locale_free_time 000000014001e8f8     libucrt:inittime.obj
 0002:00009908       $unwind$__acrt_GetStringTypeA 000000014001e908     libucrt:getstringtypea.obj
 0002:00009930       $unwind$__acrt_update_thread_locale_data 000000014001e930     libucrt:locale_refcounting.obj
 0002:00009954       $unwind$__acrt_initialize_winapi_thunks 000000014001e954     libucrt:winapi_thunks.obj
 0002:0000995c       $unwind$_query_new_handler 000000014001e95c     libucrt:new_handler.obj
 0002:0000997c       $unwind$raise              000000014001e97c     libucrt:signal.obj
 0002:000099b8       $unwind$??$?RV<lambda_450d765d439847d4c735a33c368b5fc0>@@AEAV<lambda_44731a7d0e6d81c3e6aa82d741081786>@@V<lambda_601a2a7da3b7a96e9554ac7215c4b07c>@@@?$__crt_seh_guarded_call@P6AXH@Z@@QEAAP6AXH@Z$$QEAV<lambda_450d765d439847d4c735a33c368b5fc0>@@AEAV<lambda_44731a7d0e6d81c3e6aa82d741081786>@@$$QEAV<lambda_601a2a7da3b7a96e9554ac7215c4b07c>@@@Z 000000014001e9b8     libucrt:signal.obj
 0002:000099dc       $unwind$?common_flush_all@@YAH_N@Z 000000014001e9dc     libucrt:fflush.obj
 0002:000099e4       $unwind$??$?RV<lambda_842d9ff0dc9ef11c61343bbaebe7f885>@@AEAV<lambda_c5860995281e5c4ce005b3de8f5874ee>@@V<lambda_d90129c13df834fdcbf8d2b88dafcf2d>@@@?$__crt_seh_guarded_call@X@@QEAAX$$QEAV<lambda_842d9ff0dc9ef11c61343bbaebe7f885>@@AEAV<lambda_c5860995281e5c4ce005b3de8f5874ee>@@$$QEAV<lambda_d90129c13df834fdcbf8d2b88dafcf2d>@@@Z 000000014001e9e4     libucrt:fflush.obj
 0002:00009a08       $unwind$??$?RV<lambda_886d6c58226a84441f68b9f2b8217b83>@@AEAV<lambda_ab61a845afdef5b7c387490eaf3616ee>@@V<lambda_f7f22ab5edc0698d5f6905b0d3f44752>@@@?$__crt_seh_guarded_call@X@@QEAAX$$QEAV<lambda_886d6c58226a84441f68b9f2b8217b83>@@AEAV<lambda_ab61a845afdef5b7c387490eaf3616ee>@@$$QEAV<lambda_f7f22ab5edc0698d5f6905b0d3f44752>@@@Z 000000014001ea08     libucrt:fflush.obj
 0002:00009a30       $unwind$_isctype_l         000000014001ea30     libucrt:isctype.obj
 0002:00009a4c       $unwind$?__mbsrtowcs_utf8@__crt_mbstring@@YA_KPEA_WPEAPEBD_KPEAU_Mbstatet@@@Z 000000014001ea4c     libucrt:mbrtowc.obj
 0002:00009a64       $unwind$__acrt_fltout      000000014001ea64     libucrt:cfout.obj
 0002:00009a84       $unwind$?divide@__crt_strtox@@YA_KAEAUbig_integer@1@AEBU21@@Z 000000014001ea84     libucrt:cfout.obj
 0002:00009a9c       $chain$0$?divide@__crt_strtox@@YA_KAEAUbig_integer@1@AEBU21@@Z 000000014001ea9c     libucrt:cfout.obj
 0002:00009ab0       $chain$1$?divide@__crt_strtox@@YA_KAEAUbig_integer@1@AEBU21@@Z 000000014001eab0     libucrt:cfout.obj
 0002:00009ac0       $unwind$_fcloseall         000000014001eac0     libucrt:closeall.obj
 0002:00009ae4       $unwind$_call_matherr      000000014001eae4     libucrt:libm_error.obj
 0002:00009aec       $unwind$_handle_error      000000014001eaec     libucrt:libm_error.obj
 0002:00009aec       $unwind$_handle_errorf     000000014001eaec     libucrt:libm_error.obj
 0002:00009b0c       $unwind$qsort              000000014001eb0c     libucrt:qsort.obj
 0002:00009b24       $chain$4$qsort             000000014001eb24     libucrt:qsort.obj
 0002:00009b48       $chain$5$qsort             000000014001eb48     libucrt:qsort.obj
 0002:00009b58       $unwind$strpbrk            000000014001eb58     libucrt:strpbrk.obj
 0002:00009b68       $unwind$fallbackMethod     000000014001eb68     libucrt:strpbrk.obj
 0002:00009b78       $unwind$_mbsdec_l          000000014001eb78     libucrt:mbsdec.obj
 0002:00009b84       $unwind$__acrt_LCMapStringA 000000014001eb84     libucrt:lcmapstringa.obj
 0002:00009b94       $unwind$?__acrt_LCMapStringA_stat@@YAHPEAU__crt_locale_pointers@@PEB_WKPEBDHPEADHHH@Z 000000014001eb94     libucrt:lcmapstringa.obj
 0002:00009bbc       $unwind$_close             000000014001ebbc     libucrt:close.obj
 0002:00009bbc       $unwind$_commit            000000014001ebbc     libucrt:commit.obj
 0002:00009bc4       $unwind$??$?RV<lambda_a37b2b86f63e897a80ea819b0eb08c01>@@AEAV<lambda_38ce7e780aa69e748d6df282ebc68efe>@@V<lambda_99fb1378e971ab6e7edea83e3a7a83a2>@@@?$__crt_seh_guarded_call@H@@QEAAH$$QEAV<lambda_a37b2b86f63e897a80ea819b0eb08c01>@@AEAV<lambda_38ce7e780aa69e748d6df282ebc68efe>@@$$QEAV<lambda_99fb1378e971ab6e7edea83e3a7a83a2>@@@Z 000000014001ebc4     libucrt:commit.obj
 0002:00009be8       $unwind$_write             000000014001ebe8     libucrt:write.obj
 0002:00009c18       $unwind$_write_nolock      000000014001ec18     libucrt:write.obj
 0002:00009c30       $unwind$?write_double_translated_ansi_nolock@@YA?AUwrite_result@?A0x17268360@@HQEBDI@Z 000000014001ec30     libucrt:write.obj
 0002:00009c54       $unwind$?write_text_ansi_nolock@@YA?AUwrite_result@?A0x17268360@@HQEBDI@Z 000000014001ec54     libucrt:write.obj
 0002:00009c54       $unwind$?write_text_utf16le_nolock@@YA?AUwrite_result@?A0x17268360@@HQEBDI@Z 000000014001ec54     libucrt:write.obj
 0002:00009c74       $unwind$?write_text_utf8_nolock@@YA?AUwrite_result@?A0x17268360@@HQEBDI@Z 000000014001ec74     libucrt:write.obj
 0002:00009c98       $unwind$?__mbrtoc32_utf8@__crt_mbstring@@YA_KPEA_UPEBD_KPEAU_Mbstatet@@@Z 000000014001ec98     libucrt:mbrtoc32.obj
 0002:00009cb8       $xdatasym                  000000014001ecb8     libucrt:log10.obj
 0002:00009cc4       $unwind$__acrt_fenv_set_control 000000014001ecc4     libucrt:_fenvutils.obj
 0002:00009cd4       $unwind$fclose             000000014001ecd4     libucrt:fclose.obj
 0002:00009cf8       $unwind$_raise_exc         000000014001ecf8     libucrt:fpexcept.obj
 0002:00009cf8       $unwind$_raise_excf        000000014001ecf8     libucrt:fpexcept.obj
 0002:00009d00       $unwind$_raise_exc_ex      000000014001ed00     libucrt:fpexcept.obj
 0002:00009d14       $unwind$_ctrlfp            000000014001ed14     libucrt:fpctrl.obj
 0002:00009d3c       $unwind$_putwch_nolock     000000014001ed3c     libucrt:putwch.obj
 0002:00009d44       $unwind$common_control87   000000014001ed44     libucrt:ieee.obj
 0002:00009d70       $unwind$_log_special_common 000000014001ed70     libucrt:log_special.obj
 0002:00009d7c       $unwind$??$?RV<lambda_751a882b2c74d4b022dec766aa51a29a>@@AEAV<lambda_628dfdc04ba53c8bfc02c9951375f3f5>@@V<lambda_f6c7be5f7998530c34de24c7437d6b54>@@@?$__crt_seh_guarded_call@H@@QEAAH$$QEAV<lambda_751a882b2c74d4b022dec766aa51a29a>@@AEAV<lambda_628dfdc04ba53c8bfc02c9951375f3f5>@@$$QEAV<lambda_f6c7be5f7998530c34de24c7437d6b54>@@@Z 000000014001ed7c     libucrt:close.obj
 0002:00009da0       $xdatasym                  000000014001eda0     libucrt:fpsr.obj
 0002:00009da8       $unwind$_IsNonwritableInCurrentImage 000000014001eda8     LIBCMT:pesect.obj
 0002:00009dd0       $xdatasym                  000000014001edd0     LIBCMT:chkstk.obj
 0002:00009dd8       $xdatasym                  000000014001edd8     libvcruntime:memcmp.obj
 0002:0000a1b0       .idata$6                   000000014001f1b0     user32:USER32.dll
 0002:0000a1cc       .idata$6                   000000014001f1cc     gdi32:GDI32.dll
 0002:0000a1e8       .idata$6                   000000014001f1e8     winmm:WINMM.dll
 0002:0000a404       .idata$6                   000000014001f404     kernel32:KERNEL32.dll
 0003:00000000       ?XInputGetState_@@3P6AKKPEAU_XINPUT_STATE@@@ZEA 0000000140020000     win32_made.obj
 0003:00000008       ?XInputSetState_@@3P6AKKPEAU_XINPUT_VIBRATION@@@ZEA 0000000140020008     win32_made.obj
 0003:00000050       ?__vcrt_flsindex@@3KA      0000000140020050     libvcruntime:per_thread_data.obj
 0003:00000070       ?errno_no_memory@@3HA      0000000140020070     libucrt:errno.obj
 0003:00000074       ?doserrno_no_memory@@3KA   0000000140020074     libucrt:errno.obj
 0003:00000078       ?__acrt_flsindex@@3KA      0000000140020078     libucrt:per_thread_data.obj
 0003:00000530       _mbctypes                  0000000140020530     libucrt:mbctype.obj
 0003:00000640       _mbcasemaps                0000000140020640     libucrt:mbctype.obj
 0003:00000740       ?__rgctypeflag@@3PADA      0000000140020740     libucrt:mbctype.obj
 0003:00000750       ?__rgcode_page_info@@3PAUcode_page_info@@A 0000000140020750     libucrt:mbctype.obj
 0003:000008f0       ?dazSupported@?1??_ctrlfp@@9@9 00000001400208f0     libucrt:fpctrl.obj
 0003:00000a00       ?dazSupported@?1??common_control87@@9@9 0000000140020a00     libucrt:ieee.obj
 0003:00000a10       ?__dcrt_lowio_console_output_handle@@3PEAXEA 0000000140020a10     libucrt:initcon.obj
 0003:00000a20       ?tSine@?1??GameOutputSound@@YAXPEAUgame_sound_output_buffer@@H@Z@4MA 0000000140020a20     win32_made.obj
 0003:00000a30       ?GlobalRunning@@3HA        0000000140020a30     win32_made.obj
 0003:00000a34       ?GlobalPause@@3HA          0000000140020a34     win32_made.obj
 0003:00000a38       ?GlobalSecondaryBuffer@@3PEAUIDirectSoundBuffer@@EA 0000000140020a38     win32_made.obj
 0003:00000a40       ?GlobalBackbuffer@@3Uwin32_offscreen_buffer@@A 0000000140020a40     win32_made.obj
 0003:00000a88       ?GlobalPerfCountFrequency@@3_JA 0000000140020a88     win32_made.obj
 0003:00000a90       GS_ExceptionRecord         0000000140020a90     LIBCMT:gs_report.obj
 0003:00000b30       GS_ContextRecord           0000000140020b30     LIBCMT:gs_report.obj
 0003:00001010       ?is_initialized_as_dll@@3_NA 0000000140021010     LIBCMT:utility.obj
 0003:00001011       ?module_local_atexit_table_initialized@@3_NA 0000000140021011     LIBCMT:utility.obj
 0003:00001018       ?module_local_atexit_table@@3U_onexit_table_t@@A 0000000140021018     LIBCMT:utility.obj
 0003:00001030       ?module_local_at_quick_exit_table@@3U_onexit_table_t@@A 0000000140021030     LIBCMT:utility.obj
 0003:00001090       ?__vcrt_startup_thread_ptd@@3U__vcrt_ptd@@A 0000000140021090     libvcruntime:per_thread_data.obj
 0003:00001110       __vcrt_lock_table          0000000140021110     libvcruntime:locks.obj
 0003:00001138       __vcrt_locks_initialized   0000000140021138     libvcruntime:locks.obj
 0003:00001180       ?heap@@3V_HeapManager@@A   0000000140021180     libvcruntime:undname.obj
 0003:000011a8       ?module_handles@@3PAPEAUHINSTANCE__@@A 00000001400211a8     libvcruntime:winapi_downlevel.obj
 0003:000011c0       ?function_pointers@@3PAPEAXA 00000001400211c0     libvcruntime:winapi_downlevel.obj
 0003:000011f0       ?__acrt_app_type@@3W4_crt_app_type@@A 00000001400211f0     libucrt:report_runtime_error.obj
 0003:000011f8       ?user_matherr@@3V?$dual_state_global@P6AHPEAU_exception@@@Z@__crt_state_management@@A 00000001400211f8     libucrt:matherr.obj
 0003:00001200       ?program_name@?1???$common_configure_argv@D@@YAHW4_crt_argv_mode@@@Z@4PADA 0000000140021200     libucrt:argv_parsing.obj
 0003:00001328       ?empty_string@?1???$common_wincmdln@E@@YAPEAEXZ@4PAEA 0000000140021328     libucrt:argv_winmain.obj
 0003:0000132c       ?c_termination_complete@@3JA 000000014002132c     libucrt:exit.obj
 0003:00001330       ?thread_local_exit_callback_func@@3P6AXPEAXK0@ZEA 0000000140021330     libucrt:exit.obj
 0003:00001340       ?__acrt_global_new_mode@@3V?$dual_state_global@J@__crt_state_management@@A 0000000140021340     libucrt:new_mode.obj
 0003:00001378       ?__acrt_invalid_parameter_handler@@3V?$dual_state_global@P6AXPEB_W00I_K@Z@__crt_state_management@@A 0000000140021378     libucrt:invalid_parameter.obj
 0003:00001380       ?internal_state@?1??_mbtowc_l@@9@4U_Mbstatet@@A 0000000140021380     libucrt:mbtowc.obj
 0003:00001398       ?enable_percent_n@@3_KA    0000000140021398     libucrt:printf_count_output.obj
 0003:000017e8       ?fSystemSet@@3HA           00000001400217e8     libucrt:mbctype.obj
 0003:000017ec       ?initialized@?1??__acrt_initialize_multibyte@@9@4_NA 00000001400217ec     libucrt:mbctype.obj
 0003:00001820       ?__acrt_lock_table@@3PAU_RTL_CRITICAL_SECTION@@A 0000000140021820     libucrt:locks.obj
 0003:00001a50       ?__acrt_locks_initialized@@3IA 0000000140021a50     libucrt:locks.obj
 0003:00001a60       ?module_handles@@3PAPEAUHINSTANCE__@@A 0000000140021a60     libucrt:winapi_thunks.obj
 0003:00001b00       ?encoded_function_pointers@@3PAPEAXA 0000000140021b00     libucrt:winapi_thunks.obj
 0003:00001c20       ?__acrt_new_handler@@3V?$dual_state_global@P6AH_K@Z@__crt_state_management@@A 0000000140021c20     libucrt:new_handler.obj
 0003:00001c28       ?ctrlc_action@@3V?$dual_state_global@P6AXH@Z@__crt_state_management@@A 0000000140021c28     libucrt:signal.obj
 0003:00001c30       ?ctrlbreak_action@@3V?$dual_state_global@P6AXH@Z@__crt_state_management@@A 0000000140021c30     libucrt:signal.obj
 0003:00001c38       ?abort_action@@3V?$dual_state_global@P6AXH@Z@__crt_state_management@@A 0000000140021c38     libucrt:signal.obj
 0003:00001c40       ?term_action@@3V?$dual_state_global@P6AXH@Z@__crt_state_management@@A 0000000140021c40     libucrt:signal.obj
 0003:00001c48       ?internal_pst@?1??__mbrtoc32_utf8@__crt_mbstring@@YA_KPEA_UPEBD_KPEAU_Mbstatet@@@Z@4U3@A 0000000140021c48     libucrt:mbrtoc32.obj
 0005:00000000       MsetTab                    0000000140024000     libvcruntime:memset.obj
 0005:00000050       MoveSmall                  0000000140024050     libvcruntime:memcpy.obj
 0005:00000090       MoveSmallYmm               0000000140024090     libvcruntime:memcpy.obj
 0005:000000b4       MoveSmallYmmNT             00000001400240b4     libvcruntime:memcpy.obj
 0005:000000d8       MoveSmallXmm               00000001400240d8     libvcruntime:memcpy.obj
