 win32_made

 Timestamp is 61157040 (Thu Aug 12 22:02:24 2021)

 Preferred load address is 0000000140000000

 Start         Length     Name                   Class
 0001:00000000 0003a940H .text$mn                CODE
 0001:0003a940 00000040H .text$mn$00             CODE
 0001:0003a980 0000067dH .text$x                 CODE
 0002:00000000 00000358H .idata$5                DATA
 0002:00000358 00000028H .00cfg                  DATA
 0002:00000380 00000008H .CRT$XCA                DATA
 0002:00000388 00000008H .CRT$XCAA               DATA
 0002:00000390 00000008H .CRT$XCZ                DATA
 0002:00000398 00000008H .CRT$XIA                DATA
 0002:000003a0 00000008H .CRT$XIAA               DATA
 0002:000003a8 00000008H .CRT$XIAC               DATA
 0002:000003b0 00000020H .CRT$XIC                DATA
 0002:000003d0 00000008H .CRT$XIZ                DATA
 0002:000003d8 00000008H .CRT$XPA                DATA
 0002:000003e0 00000010H .CRT$XPX                DATA
 0002:000003f0 00000008H .CRT$XPXA               DATA
 0002:000003f8 00000008H .CRT$XPZ                DATA
 0002:00000400 00000008H .CRT$XTA                DATA
 0002:00000408 00000008H .CRT$XTZ                DATA
 0002:00000410 00000000H .gehcont$y              DATA
 0002:00000410 00000000H .gfids$y                DATA
 0002:00000410 00010cf0H .rdata                  DATA
 0002:00011100 00000000H .rdata$CastGuardVftablesA DATA
 0002:00011100 00000000H .rdata$CastGuardVftablesC DATA
 0002:00011100 0000016cH .rdata$r                DATA
 0002:0001126c 00000124H .rdata$voltmd           DATA
 0002:00011390 00000338H .rdata$zzzdbg           DATA
 0002:000116c8 00000008H .rtc$IAA                DATA
 0002:000116d0 00000008H .rtc$IZZ                DATA
 0002:000116d8 00000008H .rtc$TAA                DATA
 0002:000116e0 00000010H .rtc$TZZ                DATA
 0002:000116f0 000011a0H .xdata                  DATA
 0002:00012890 00000084H .xdata$x                DATA
 0002:00012914 00000000H .edata                  DATA
 0002:00012914 00000050H .idata$2                DATA
 0002:00012964 00000014H .idata$3                DATA
 0002:00012978 00000358H .idata$4                DATA
 0002:00012cd0 00000764H .idata$6                DATA
 0003:00000000 00000a80H .data                   DATA
 0003:00000a80 00000050H .data$r                 DATA
 0003:00000ad0 00000020H .data$rs                DATA
 0003:00000af0 000018e0H .bss                    DATA
 0004:00000000 00002f70H .pdata                  DATA
 0005:00000000 000000f4H _RDATA                  DATA

  Address         Publics by Value              Rva+Base               Lib:Object

 0000:00000000       __x64_code_ranges_to_entry_points_count 0000000000000000     <absolute>
 0000:00000000       __arm64x_redirection_metadata 0000000000000000     <absolute>
 0000:00000000       __guard_iat_table          0000000000000000     <absolute>
 0000:00000000       __guard_iat_count          0000000000000000     <absolute>
 0000:00000000       __guard_longjmp_count      0000000000000000     <absolute>
 0000:00000000       __guard_longjmp_table      0000000000000000     <absolute>
 0000:00000000       __x64_code_ranges_to_entry_points 0000000000000000     <absolute>
 0000:00000000       __dynamic_value_reloc_table 0000000000000000     <absolute>
 0000:00000000       __hybrid_auxiliary_iat     0000000000000000     <absolute>
 0000:00000000       __hybrid_auxiliary_iat_copy 0000000000000000     <absolute>
 0000:00000000       __guard_fids_count         0000000000000000     <absolute>
 0000:00000000       ___safe_se_handler_table   0000000000000000     <absolute>
 0000:00000000       __arm64x_extra_rfe_table   0000000000000000     <absolute>
 0000:00000000       __AbsoluteZero             0000000000000000     <absolute>
 0000:00000000       __hybrid_code_map          0000000000000000     <absolute>
 0000:00000000       __arm64x_extra_rfe_table_size 0000000000000000     <absolute>
 0000:00000000       ___safe_se_handler_count   0000000000000000     <absolute>
 0000:00000000       __guard_check_icall_a64n_fptr 0000000000000000     <absolute>
 0000:00000000       __guard_fids_table         0000000000000000     <absolute>
 0000:00000000       __guard_eh_cont_count      0000000000000000     <absolute>
 0000:00000000       __arm64x_redirection_metadata_count 0000000000000000     <absolute>
 0000:00000000       __enclave_config           0000000000000000     <absolute>
 0000:00000000       __guard_eh_cont_table      0000000000000000     <absolute>
 0000:00000000       __arm64x_native_entrypoint 0000000000000000     <absolute>
 0000:00000000       __hybrid_code_map_count    0000000000000000     <absolute>
 0000:00000100       __guard_flags              0000000000000100     <absolute>
 0000:00000000       __ImageBase                0000000140000000     <linker-defined>
 0001:00000000       WinMain                    0000000140001000 f   win32_made.obj
 0001:00001820       ?XInputGetStateStub@@YAKKPEAU_XINPUT_STATE@@@Z 0000000140002820 f   win32_made.obj
 0001:00001840       ?XInputSetStateStub@@YAKKPEAU_XINPUT_VIBRATION@@@Z 0000000140002840 f   win32_made.obj
 0001:00001ac0       ?DEBUGPlatformFreeFileMemory@@YAXPEAUthread_context@@PEAX@Z 0000000140002ac0 f   win32_made.obj
 0001:00001b00       ?DEBUGPlatformReadEntireFile@@YA?AUdebug_read_file_result@@PEAUthread_context@@PEAD@Z 0000000140002b00 f   win32_made.obj
 0001:00001c60       ?DEBUGPlatformWriteEntireFile@@YAHPEAUthread_context@@PEADIPEAX@Z 0000000140002c60 f   win32_made.obj
 0001:00003270       ??$_snprintf_s@$0BAA@@@YAHAEAY0BAA@D_KPEBDZZ 0000000140004270 f i win32_made.obj
 0001:000032c0       ?GetController@@YAPEAUgame_controller_input@@PEAUgame_input@@I@Z 00000001400042c0 f i win32_made.obj
 0001:00003310       ?SafeTruncateUInt64@@YAI_K@Z 0000000140004310 f i win32_made.obj
 0001:00003340       ?Win32GetLastWriteTime@@YA?AU_FILETIME@@PEAD@Z 0000000140004340 f i win32_made.obj
 0001:000033b0       ?Win32GetSecondsElapsed@@YAMT_LARGE_INTEGER@@0@Z 00000001400043b0 f i win32_made.obj
 0001:000033f0       ?Win32GetWallClock@@YA?AT_LARGE_INTEGER@@XZ 00000001400043f0 f i win32_made.obj
 0001:00003410       __local_stdio_printf_options 0000000140004410 f i win32_made.obj
 0001:00003420       _vsnprintf_s               0000000140004420 f i win32_made.obj
 0001:00003470       _vsnprintf_s_l             0000000140004470 f i win32_made.obj
 0001:000034f0       __GSHandlerCheck           00000001400044f0 f   LIBCMTD:gshandler.obj
 0001:00003530       __GSHandlerCheckCommon     0000000140004530 f   LIBCMTD:gshandler.obj
 0001:00003640       _alloca_probe              0000000140004640 f   LIBCMTD:chkstk.obj
 0001:00003640       __chkstk                   0000000140004640 f   LIBCMTD:chkstk.obj
 0001:000036a0       __security_check_cookie    00000001400046a0 f   LIBCMTD:amdsecgs.obj
 0001:00003970       ?configure_argv@__scrt_narrow_argv_policy@@SAHXZ 0000000140004970 f i LIBCMTD:exe_winmain.obj
 0001:00003990       ?initialize_environment@__scrt_narrow_environment_policy@@SAHXZ 0000000140004990 f i LIBCMTD:exe_winmain.obj
 0001:000039e0       ?set_app_type@__scrt_winmain_policy@@SAXXZ 00000001400049e0 f i LIBCMTD:exe_winmain.obj
 0001:00003a00       ?set_commode@__scrt_file_policy@@SAXXZ 0000000140004a00 f i LIBCMTD:exe_winmain.obj
 0001:00003a20       ?set_fmode@__scrt_file_policy@@SAXXZ 0000000140004a20 f i LIBCMTD:exe_winmain.obj
 0001:00003a40       WinMainCRTStartup          0000000140004a40 f   LIBCMTD:exe_winmain.obj
 0001:00003a60       __raise_securityfailure    0000000140004a60 f   LIBCMTD:gs_report.obj
 0001:00003aa0       __report_gsfailure         0000000140004aa0 f   LIBCMTD:gs_report.obj
 0001:00003b80       __report_rangecheckfailure 0000000140004b80 f   LIBCMTD:gs_report.obj
 0001:00003ba0       __report_securityfailure   0000000140004ba0 f   LIBCMTD:gs_report.obj
 0001:00003f00       NtCurrentTeb               0000000140004f00 f i LIBCMTD:utility.obj
 0001:00003f10       __scrt_acquire_startup_lock 0000000140004f10 f   LIBCMTD:utility.obj
 0001:00003f80       __scrt_initialize_crt      0000000140004f80 f   LIBCMTD:utility.obj
 0001:00003fd0       __scrt_initialize_onexit_tables 0000000140004fd0 f   LIBCMTD:utility.obj
 0001:000040e0       __scrt_is_nonwritable_in_current_image 00000001400050e0 f   LIBCMTD:utility.obj
 0001:00004170       __scrt_release_startup_lock 0000000140005170 f   LIBCMTD:utility.obj
 0001:000041a0       __scrt_uninitialize_crt    00000001400051a0 f   LIBCMTD:utility.obj
 0001:000041e0       _onexit                    00000001400051e0 f   LIBCMTD:utility.obj
 0001:00004260       atexit                     0000000140005260 f   LIBCMTD:utility.obj
 0001:00004360       __security_init_cookie     0000000140005360 f   LIBCMTD:gs_support.obj
 0001:000043e0       _matherr                   00000001400053e0 f   LIBCMTD:matherr.obj
 0001:000043e0       ?get_current_state_index@__crt_state_management@@YA_KAEBV__crt_scoped_get_last_error_reset@@@Z 00000001400053e0 f   libucrtd:per_thread_data.obj
 0001:000043f0       _get_startup_argv_mode     00000001400053f0 f   LIBCMTD:argv_mode.obj
 0001:00004400       __scrt_initialize_winrt    0000000140005400 f   LIBCMTD:utility_desktop.obj
 0001:00004400       _get_startup_new_mode      0000000140005400 f   LIBCMTD:new_mode.obj
 0001:00004400       ?get_current_state_index@__crt_state_management@@YA_KXZ 0000000140005400 f   libucrtd:matherr.obj
 0001:00004400       __scrt_exe_initialize_mta  0000000140005400 f   LIBCMTD:utility_desktop.obj
 0001:00004400       _get_startup_thread_locale_mode 0000000140005400 f   LIBCMTD:thread_locale.obj
 0001:00004400       __scrt_stub_for_initialize_mta 0000000140005400 f   LIBCMTD:utility_desktop.obj
 0001:00004400       ?get_invalid_value@__crt_hmodule_traits@@SAPEAUHINSTANCE__@@XZ 0000000140005400 f   libucrtd:exit.obj
 0001:00004400       _get_startup_commit_mode   0000000140005400 f   LIBCMTD:commit_mode.obj
 0001:00004410       _get_startup_file_mode     0000000140005410 f   LIBCMTD:file_mode.obj
 0001:00004420       ?__scrt_initialize_type_info@@YAXXZ 0000000140005420 f   LIBCMTD:tncleanup.obj
 0001:00004440       _should_initialize_environment 0000000140005440 f   LIBCMTD:env_mode.obj
 0001:00004450       _initialize_invalid_parameter_handler 0000000140005450 f   LIBCMTD:invalid_parameter_handler.obj
 0001:00004450       _initialize_denormal_control 0000000140005450 f   LIBCMTD:denormal_control.obj
 0001:00004460       __local_stdio_scanf_options 0000000140005460 f i LIBCMTD:default_local_stdio_options.obj
 0001:00004470       __scrt_initialize_default_local_stdio_options 0000000140005470 f   LIBCMTD:default_local_stdio_options.obj
 0001:000044c0       __scrt_is_user_matherr_present 00000001400054c0 f   LIBCMTD:matherr_detection.obj
 0001:000044f0       __scrt_get_dyn_tls_init_callback 00000001400054f0 f   LIBCMTD:dyn_tls_init.obj
 0001:00004500       __scrt_get_dyn_tls_dtor_callback 0000000140005500 f   LIBCMTD:dyn_tls_dtor.obj
 0001:00004510       __crt_debugger_hook        0000000140005510 f   LIBCMTD:utility_desktop.obj
 0001:00004520       __scrt_fastfail            0000000140005520 f   LIBCMTD:utility_desktop.obj
 0001:000046c0       __scrt_get_show_window_mode 00000001400056c0 f   LIBCMTD:utility_desktop.obj
 0001:00004720       __scrt_initialize_mta      0000000140005720 f   LIBCMTD:utility_desktop.obj
 0001:00004730       __scrt_is_managed_app      0000000140005730 f   LIBCMTD:utility_desktop.obj
 0001:000047e0       __scrt_set_unhandled_exception_filter 00000001400057e0 f   LIBCMTD:utility_desktop.obj
 0001:00004800       __scrt_unhandled_exception_filter 0000000140005800 f   LIBCMTD:utility_desktop.obj
 0001:000048a0       _RTC_Initialize            00000001400058a0 f   LIBCMTD:initsect.obj
 0001:000048f0       _RTC_Terminate             00000001400058f0 f   LIBCMTD:initsect.obj
 0001:00004940       ??1?$__crt_simd_cleanup_guard@$0A@@@QEAA@XZ 0000000140005940 f i libucrtd:strnlen.obj
 0001:00004940       ??1scoped_global_state_reset@__crt_state_management@@QEAA@XZ 0000000140005940 f i libucrtd:onexit.obj
 0001:00004940       _guard_check_icall_nop     0000000140005940 f i LIBCMTD:guard_support.obj
 0001:00004950       ReadNoFence64              0000000140005950 f i LIBCMTD:guard_support.obj
 0001:00004970       ReadPointerNoFence         0000000140005970 f i LIBCMTD:guard_support.obj
 0001:00004990       _guard_icall_checks_enforced 0000000140005990 f i LIBCMTD:guard_support.obj
 0001:000049d0       __isa_available_init       00000001400059d0 f   LIBCMTD:cpu_disp.obj
 0001:00004d70       __scrt_is_ucrt_dll_in_use  0000000140005d70 f   LIBCMTD:ucrt_detection.obj
 0001:00004da0       __C_specific_handler       0000000140005da0 f   libvcruntimed:riscchandler.obj
 0001:00005210       __vcrt_initialize          0000000140006210 f   libvcruntimed:initialization.obj
 0001:00005250       __vcrt_uninitialize        0000000140006250 f   libvcruntimed:initialization.obj
 0001:00005270       ??$?RD@__crt_internal_free_policy@@QEBAXQEBD@Z 0000000140006270 f i libvcruntimed:std_type_info.obj
 0001:00005270       ??$?RU__vcrt_ptd@@@__crt_internal_free_policy@@QEBAXQEBU__vcrt_ptd@@@Z 0000000140006270 f i libvcruntimed:per_thread_data.obj
 0001:00005270       ??$?RU__crt_lowio_handle_data@@@__crt_internal_free_policy@@QEBAXQEBU__crt_lowio_handle_data@@@Z 0000000140006270 f i libucrtd:osfinfo.obj
 0001:00005270       ??$?RU__acrt_ptd@@@__crt_internal_free_policy@@QEBAXQEBU__acrt_ptd@@@Z 0000000140006270 f i libucrtd:per_thread_data.obj
 0001:00005270       ??$?RP6AXXZ@__crt_internal_free_policy@@QEBAXQEBQ6AXXZ@Z 0000000140006270 f i libucrtd:onexit.obj
 0001:00005270       ??$?RPEAD@__crt_internal_free_policy@@QEBAXQEBQEAD@Z 0000000140006270 f i libucrtd:argv_parsing.obj
 0001:00005270       ??$?RPEAU__crt_stdio_stream_data@@@__crt_internal_free_policy@@QEBAXQEBQEAU__crt_stdio_stream_data@@@Z 0000000140006270 f i libucrtd:_file.obj
 0001:00005270       ??$?RE@__crt_internal_free_policy@@QEBAXQEBE@Z 0000000140006270 f i libucrtd:argv_parsing.obj
 0001:00005270       ??$?RU__crt_multibyte_data@@@__crt_internal_free_policy@@QEBAXQEBU__crt_multibyte_data@@@Z 0000000140006270 f i libucrtd:wsetlocale.obj
 0001:000052a0       ??0?$__crt_unique_heap_ptr@P6AXXZU__crt_internal_free_policy@@@@QEAA@QEAP6AXXZ@Z 00000001400062a0 f i libucrtd:onexit.obj
 0001:000052a0       ??0?$__crt_unique_heap_ptr@U__crt_multibyte_data@@U__crt_internal_free_policy@@@@QEAA@QEAU__crt_multibyte_data@@@Z 00000001400062a0 f i libucrtd:wsetlocale.obj
 0001:000052a0       ??0?$__crt_unique_heap_ptr@U__vcrt_ptd@@U__crt_internal_free_policy@@@@QEAA@QEAU__vcrt_ptd@@@Z 00000001400062a0 f i libvcruntimed:per_thread_data.obj
 0001:000052a0       ??0?$__crt_unique_heap_ptr@U__crt_lowio_handle_data@@U__crt_internal_free_policy@@@@QEAA@QEAU__crt_lowio_handle_data@@@Z 00000001400062a0 f i libucrtd:osfinfo.obj
 0001:000052a0       ??0?$__crt_unique_heap_ptr@PEAU__crt_stdio_stream_data@@U__crt_internal_free_policy@@@@QEAA@QEAPEAU__crt_stdio_stream_data@@@Z 00000001400062a0 f i libucrtd:_file.obj
 0001:000052a0       ??0?$__crt_scoped_stack_ptr@_W@@QEAA@U?$__crt_scoped_stack_ptr_tag@_W@@@Z 00000001400062a0 f i libucrtd:getstringtypea.obj
 0001:000052a0       ??0?$string_output_adapter@D@__crt_stdio_output@@QEAA@QEAU?$string_output_adapter_context@D@1@@Z 00000001400062a0 f i libucrtd:output.obj
 0001:000052a0       ??0?$__crt_unique_heap_ptr@DU__crt_public_free_policy@@@@QEAA@QEAD@Z 00000001400062a0 f i libvcruntimed:std_exception.obj
 0001:000052a0       ??0?$__crt_unique_handle_t@U__crt_findfile_traits@@@@QEAA@QEAX@Z 00000001400062a0 f i libucrtd:argv_wildcards.obj
 0001:000052a0       ??0?$__crt_unique_heap_ptr@PEADU__crt_internal_free_policy@@@@QEAA@QEAPEAD@Z 00000001400062a0 f i libucrtd:argv_parsing.obj
 0001:000052a0       ??0?$__crt_unique_heap_ptr@DU__crt_internal_free_policy@@@@QEAA@QEAD@Z 00000001400062a0 f i libvcruntimed:std_type_info.obj
 0001:000052a0       ??0?$__crt_scoped_stack_ptr_tag@_W@@QEAA@QEA_W@Z 00000001400062a0 f i libucrtd:getstringtypea.obj
 0001:000052a0       ??0__crt_stdio_stream@@QEAA@QEAU_iobuf@@@Z 00000001400062a0 f i libucrtd:output.obj
 0001:000052a0       ??0?$__crt_unique_heap_ptr@U__acrt_ptd@@U__crt_internal_free_policy@@@@QEAA@QEAU__acrt_ptd@@@Z 00000001400062a0 f i libucrtd:per_thread_data.obj
 0001:000052a0       ??0?$__crt_unique_handle_t@U__crt_hmodule_traits@@@@QEAA@QEAUHINSTANCE__@@@Z 00000001400062a0 f i libucrtd:exit.obj
 0001:000052a0       ??0__crt_stdio_stream@@QEAA@QEAU__crt_stdio_stream_data@@@Z 00000001400062a0 f i libucrtd:closeall.obj
 0001:000052a0       ??0?$__crt_unique_heap_ptr@EU__crt_internal_free_policy@@@@QEAA@QEAE@Z 00000001400062a0 f i libucrtd:argv_parsing.obj
 0001:000052a0       ??0?$string_output_adapter@_W@__crt_stdio_output@@QEAA@QEAU?$string_output_adapter_context@_W@1@@Z 00000001400062a0 f i libucrtd:output.obj
 0001:000052c0       ??1?$__crt_unique_heap_ptr@PEADU__crt_internal_free_policy@@@@QEAA@XZ 00000001400062c0 f i libucrtd:argv_parsing.obj
 0001:000052c0       ??1?$__crt_unique_heap_ptr@U__crt_multibyte_data@@U__crt_internal_free_policy@@@@QEAA@XZ 00000001400062c0 f i libucrtd:wsetlocale.obj
 0001:000052c0       ??1?$__crt_unique_heap_ptr@EU__crt_internal_free_policy@@@@QEAA@XZ 00000001400062c0 f i libucrtd:argv_parsing.obj
 0001:000052c0       ??1?$__crt_unique_heap_ptr@U__vcrt_ptd@@U__crt_internal_free_policy@@@@QEAA@XZ 00000001400062c0 f i libvcruntimed:per_thread_data.obj
 0001:000052c0       ??1?$__crt_unique_heap_ptr@P6AXXZU__crt_internal_free_policy@@@@QEAA@XZ 00000001400062c0 f i libucrtd:onexit.obj
 0001:000052c0       ??1?$__crt_unique_heap_ptr@DU__crt_internal_free_policy@@@@QEAA@XZ 00000001400062c0 f i libvcruntimed:std_type_info.obj
 0001:000052c0       ??1?$__crt_unique_heap_ptr@PEAU__crt_stdio_stream_data@@U__crt_internal_free_policy@@@@QEAA@XZ 00000001400062c0 f i libucrtd:_file.obj
 0001:000052c0       ??1?$__crt_unique_heap_ptr@U__crt_lowio_handle_data@@U__crt_internal_free_policy@@@@QEAA@XZ 00000001400062c0 f i libucrtd:osfinfo.obj
 0001:000052c0       ??1?$__crt_unique_heap_ptr@U__acrt_ptd@@U__crt_internal_free_policy@@@@QEAA@XZ 00000001400062c0 f i libucrtd:per_thread_data.obj
 0001:000052e0       ??B?$__crt_unique_heap_ptr@DU__crt_internal_free_policy@@@@QEBA_NXZ 00000001400062e0 f i libvcruntimed:std_type_info.obj
 0001:000052e0       ??B?$__crt_unique_heap_ptr@U__crt_lowio_handle_data@@U__crt_internal_free_policy@@@@QEBA_NXZ 00000001400062e0 f i libucrtd:osfinfo.obj
 0001:000052e0       ??B?$__crt_unique_heap_ptr@DU__crt_public_free_policy@@@@QEBA_NXZ 00000001400062e0 f i libvcruntimed:std_exception.obj
 0001:000052e0       ??B?$__crt_unique_heap_ptr@EU__crt_internal_free_policy@@@@QEBA_NXZ 00000001400062e0 f i libucrtd:argv_parsing.obj
 0001:000052e0       ??B?$__crt_unique_heap_ptr@U__vcrt_ptd@@U__crt_internal_free_policy@@@@QEBA_NXZ 00000001400062e0 f i libvcruntimed:per_thread_data.obj
 0001:000052e0       ??B?$__crt_unique_heap_ptr@U__crt_multibyte_data@@U__crt_internal_free_policy@@@@QEBA_NXZ 00000001400062e0 f i libucrtd:wsetlocale.obj
 0001:000052e0       ??B?$__crt_unique_heap_ptr@U__acrt_ptd@@U__crt_internal_free_policy@@@@QEBA_NXZ 00000001400062e0 f i libucrtd:per_thread_data.obj
 0001:00005300       ?__crt_interlocked_read_64@@YA_JPED_J@Z 0000000140006300 f i libvcruntimed:std_type_info.obj
 0001:00005320       ?get@?$__crt_unique_heap_ptr@U__crt_multibyte_data@@U__crt_internal_free_policy@@@@QEBAPEAU__crt_multibyte_data@@XZ 0000000140006320 f i libucrtd:wsetlocale.obj
 0001:00005320       ?get@?$__crt_unique_heap_ptr@U__crt_lowio_handle_data@@U__crt_internal_free_policy@@@@QEBAPEAU__crt_lowio_handle_data@@XZ 0000000140006320 f i libucrtd:osfinfo.obj
 0001:00005320       ?get@?$__crt_unique_heap_ptr@EU__crt_internal_free_policy@@@@QEBAPEAEXZ 0000000140006320 f i libucrtd:argv_parsing.obj
 0001:00005320       ?get@?$__crt_unique_heap_ptr@DU__crt_internal_free_policy@@@@QEBAPEADXZ 0000000140006320 f i libvcruntimed:std_type_info.obj
 0001:00005320       ?public_stream@__crt_stdio_stream@@QEBAPEAU_iobuf@@XZ 0000000140006320 f i libucrtd:output.obj
 0001:00005320       ?get@?$__crt_scoped_stack_ptr@_W@@QEBAPEA_WXZ 0000000140006320 f i libucrtd:getstringtypea.obj
 0001:00005320       ?save_state@?$c_string_character_source@_W@__crt_strtox@@QEBAPEB_WXZ 0000000140006320 f i libucrtd:atox.obj
 0001:00005320       ?get@?$__crt_unique_heap_ptr@PEADU__crt_internal_free_policy@@@@QEBAPEAPEADXZ 0000000140006320 f i libucrtd:argv_parsing.obj
 0001:00005320       ?get@?$__crt_unique_heap_ptr@DU__crt_public_free_policy@@@@QEBAPEADXZ 0000000140006320 f i libvcruntimed:std_exception.obj
 0001:00005320       ?get@?$__crt_unique_handle_t@U__crt_hmodule_traits@@@@QEBAPEAUHINSTANCE__@@XZ 0000000140006320 f i libucrtd:exit.obj
 0001:00005320       ?get@?$__crt_unique_heap_ptr@U__acrt_ptd@@U__crt_internal_free_policy@@@@QEBAPEAU__acrt_ptd@@XZ 0000000140006320 f i libucrtd:per_thread_data.obj
 0001:00005320       ?save_state@?$c_string_character_source@D@__crt_strtox@@QEBAPEBDXZ 0000000140006320 f i libucrtd:atox.obj
 0001:00005320       ?get@?$__crt_unique_handle_t@U__crt_findfile_traits@@@@QEBAPEAXXZ 0000000140006320 f i libucrtd:argv_wildcards.obj
 0001:00005320       ??C__crt_stdio_stream@@QEBAPEAU__crt_stdio_stream_data@@XZ 0000000140006320 f i libucrtd:output.obj
 0001:00005320       ?get@?$__crt_unique_heap_ptr@U__vcrt_ptd@@U__crt_internal_free_policy@@@@QEBAPEAU__vcrt_ptd@@XZ 0000000140006320 f i libvcruntimed:per_thread_data.obj
 0001:00005330       ?valid@__crt_stdio_stream@@QEBA_NXZ 0000000140006330 f i libucrtd:output.obj
 0001:00005330       ?is_valid@?$__crt_unique_heap_ptr@DU__crt_public_free_policy@@@@QEBA_NXZ 0000000140006330 f i libvcruntimed:std_exception.obj
 0001:00005330       ?is_valid@?$__crt_unique_heap_ptr@U__vcrt_ptd@@U__crt_internal_free_policy@@@@QEBA_NXZ 0000000140006330 f i libvcruntimed:per_thread_data.obj
 0001:00005330       ?is_valid@?$__crt_unique_heap_ptr@U__crt_multibyte_data@@U__crt_internal_free_policy@@@@QEBA_NXZ 0000000140006330 f i libucrtd:wsetlocale.obj
 0001:00005330       ?is_valid@?$__crt_unique_heap_ptr@EU__crt_internal_free_policy@@@@QEBA_NXZ 0000000140006330 f i libucrtd:argv_parsing.obj
 0001:00005330       ?is_valid@?$__crt_unique_heap_ptr@U__crt_lowio_handle_data@@U__crt_internal_free_policy@@@@QEBA_NXZ 0000000140006330 f i libucrtd:osfinfo.obj
 0001:00005330       ?is_valid@?$__crt_unique_heap_ptr@DU__crt_internal_free_policy@@@@QEBA_NXZ 0000000140006330 f i libvcruntimed:std_type_info.obj
 0001:00005330       ?is_valid@?$__crt_unique_heap_ptr@U__acrt_ptd@@U__crt_internal_free_policy@@@@QEBA_NXZ 0000000140006330 f i libucrtd:per_thread_data.obj
 0001:00005330       ??B?$__crt_scoped_stack_ptr@_W@@QEBA_NXZ 0000000140006330 f i libucrtd:lcmapstringa.obj
 0001:00005360       ?release@?$__crt_unique_heap_ptr@PEAU__crt_stdio_stream_data@@U__crt_internal_free_policy@@@@QEAAXXZ 0000000140006360 f i libucrtd:_file.obj
 0001:00005360       ?release@?$__crt_unique_heap_ptr@U__acrt_ptd@@U__crt_internal_free_policy@@@@QEAAXXZ 0000000140006360 f i libucrtd:per_thread_data.obj
 0001:00005360       ?release@?$__crt_unique_heap_ptr@U__crt_lowio_handle_data@@U__crt_internal_free_policy@@@@QEAAXXZ 0000000140006360 f i libucrtd:osfinfo.obj
 0001:00005360       ?release@?$__crt_unique_heap_ptr@DU__crt_internal_free_policy@@@@QEAAXXZ 0000000140006360 f i libvcruntimed:std_type_info.obj
 0001:00005360       ?release@?$__crt_unique_heap_ptr@U__crt_multibyte_data@@U__crt_internal_free_policy@@@@QEAAXXZ 0000000140006360 f i libucrtd:wsetlocale.obj
 0001:00005360       ?release@?$__crt_unique_heap_ptr@PEADU__crt_internal_free_policy@@@@QEAAXXZ 0000000140006360 f i libucrtd:argv_parsing.obj
 0001:00005360       ?release@?$__crt_unique_heap_ptr@EU__crt_internal_free_policy@@@@QEAAXXZ 0000000140006360 f i libucrtd:argv_parsing.obj
 0001:00005360       ?release@?$__crt_unique_heap_ptr@P6AXXZU__crt_internal_free_policy@@@@QEAAXXZ 0000000140006360 f i libucrtd:onexit.obj
 0001:00005360       ?release@?$__crt_unique_heap_ptr@U__vcrt_ptd@@U__crt_internal_free_policy@@@@QEAAXXZ 0000000140006360 f i libvcruntimed:per_thread_data.obj
 0001:00005390       __std_type_info_compare    0000000140006390 f   libvcruntimed:std_type_info.obj
 0001:000053d0       __DestructExceptionObject  00000001400063d0 f   libvcruntimed:ehhelpers.obj
 0001:000054d0       ?_CallMemberFunction0@@YAXQEAX0@Z 00000001400064d0 f i libvcruntimed:ehhelpers.obj
 0001:000055a0       _IsExceptionObjectToBeDestroyed 00000001400065a0 f   libvcruntimed:ehhelpers.obj
 0001:000055f0       __AdjustPointer            00000001400065f0 f   libvcruntimed:ehhelpers.obj
 0001:00005670       __FrameUnwindFilter        0000000140006670 f   libvcruntimed:ehhelpers.obj
 0001:00005720       __current_exception        0000000140006720 f   libvcruntimed:ehhelpers.obj
 0001:00005740       __current_exception_context 0000000140006740 f   libvcruntimed:ehhelpers.obj
 0001:00005770       _NLG_Notify                0000000140006770 f   libvcruntimed:notify.obj
 0001:00005790       __NLG_Dispatch2            0000000140006790 f   libvcruntimed:notify.obj
 0001:000057a0       __NLG_Return2              00000001400067a0 f   libvcruntimed:notify.obj
 0001:000057b0       __except_validate_context_record 00000001400067b0 f   libvcruntimed:jbcxrval.obj
 0001:00005850       ?detach@?$__crt_unique_heap_ptr@PEAU__crt_stdio_stream_data@@U__crt_internal_free_policy@@@@QEAAPEAPEAU__crt_stdio_stream_data@@XZ 0000000140006850 f i libucrtd:_file.obj
 0001:00005850       ?detach@?$__crt_unique_heap_ptr@U__acrt_ptd@@U__crt_internal_free_policy@@@@QEAAPEAU__acrt_ptd@@XZ 0000000140006850 f i libucrtd:per_thread_data.obj
 0001:00005850       ?detach@?$__crt_unique_heap_ptr@U__vcrt_ptd@@U__crt_internal_free_policy@@@@QEAAPEAU__vcrt_ptd@@XZ 0000000140006850 f i libvcruntimed:per_thread_data.obj
 0001:00005850       ?detach@?$__crt_unique_heap_ptr@P6AXXZU__crt_internal_free_policy@@@@QEAAPEAP6AXXZXZ 0000000140006850 f i libucrtd:onexit.obj
 0001:00005850       ?detach@?$__crt_unique_heap_ptr@DU__crt_public_free_policy@@@@QEAAPEADXZ 0000000140006850 f i libvcruntimed:std_exception.obj
 0001:00005850       ?detach@?$__crt_unique_heap_ptr@U__crt_lowio_handle_data@@U__crt_internal_free_policy@@@@QEAAPEAU__crt_lowio_handle_data@@XZ 0000000140006850 f i libucrtd:osfinfo.obj
 0001:00005850       ?detach@?$__crt_unique_heap_ptr@U__crt_multibyte_data@@U__crt_internal_free_policy@@@@QEAAPEAU__crt_multibyte_data@@XZ 0000000140006850 f i libucrtd:wsetlocale.obj
 0001:00005850       ?detach@?$__crt_unique_heap_ptr@EU__crt_internal_free_policy@@@@QEAAPEAEXZ 0000000140006850 f i libucrtd:argv_parsing.obj
 0001:00005850       ?detach@?$__crt_unique_heap_ptr@PEADU__crt_internal_free_policy@@@@QEAAPEAPEADXZ 0000000140006850 f i libucrtd:argv_parsing.obj
 0001:000058c0       __vcrt_freefls             00000001400068c0 f   libvcruntimed:per_thread_data.obj
 0001:00005900       __vcrt_getptd              0000000140006900 f   libvcruntimed:per_thread_data.obj
 0001:00005930       __vcrt_getptd_noexit       0000000140006930 f   libvcruntimed:per_thread_data.obj
 0001:00005ad0       __vcrt_initialize_ptd      0000000140006ad0 f   libvcruntimed:per_thread_data.obj
 0001:00005b20       __vcrt_uninitialize_ptd    0000000140006b20 f   libvcruntimed:per_thread_data.obj
 0001:00005b50       __vcrt_initialize_locks    0000000140006b50 f   libvcruntimed:locks.obj
 0001:00005bc0       __vcrt_uninitialize_locks  0000000140006bc0 f   libvcruntimed:locks.obj
 0001:00005c20       _vsprintf_s_l              0000000140006c20 f i libvcruntimed:undname.obj
 0001:00005c90       sprintf_s                  0000000140006c90 f i libvcruntimed:undname.obj
 0001:00005cf0       ??$__crt_interlocked_exchange_pointer@UHINSTANCE__@@PEAX@@YAPEAUHINSTANCE__@@PEDSEAU0@QEAX@Z 0000000140006cf0 f i libvcruntimed:winapi_downlevel.obj
 0001:00005cf0       ??$__crt_interlocked_exchange_pointer@XPEAX@@YAPEAXPEDSEAXQEAX@Z 0000000140006cf0 f i libvcruntimed:winapi_downlevel.obj
 0001:00005cf0       ??$__crt_interlocked_exchange_pointer@UHINSTANCE__@@PEAU1@@@YAPEAUHINSTANCE__@@PEDSEAU0@QEAU0@@Z 0000000140006cf0 f i libvcruntimed:winapi_downlevel.obj
 0001:00005d10       ??$__crt_interlocked_read_pointer@X@@YAPEAXPEDSEAX@Z 0000000140006d10 f i libvcruntimed:winapi_downlevel.obj
 0001:00005d10       ??$__crt_interlocked_read_pointer@UHINSTANCE__@@@@YAPEAUHINSTANCE__@@PEDSEAU0@@Z 0000000140006d10 f i libvcruntimed:winapi_downlevel.obj
 0001:00005d30       ?get_invalid_value@__crt_findfile_traits@@SAPEAXXZ 0000000140006d30 f   libucrtd:argv_wildcards.obj
 0001:00006220       __vcrt_FlsAlloc            0000000140007220 f   libvcruntimed:winapi_downlevel.obj
 0001:00006270       __vcrt_FlsFree             0000000140007270 f   libvcruntimed:winapi_downlevel.obj
 0001:000062c0       __vcrt_FlsGetValue         00000001400072c0 f   libvcruntimed:winapi_downlevel.obj
 0001:00006310       __vcrt_FlsSetValue         0000000140007310 f   libvcruntimed:winapi_downlevel.obj
 0001:00006370       __vcrt_InitializeCriticalSectionEx 0000000140007370 f   libvcruntimed:winapi_downlevel.obj
 0001:000063f0       memcpy_repmovs             00000001400073f0 f   libvcruntimed:memcpy.obj
 0001:00006410       memcpy                     0000000140007410 f   libvcruntimed:memcpy.obj
 0001:00006410       memmove                    0000000140007410 f   libvcruntimed:memcpy.obj
 0001:00006a90       ??$?0AEAViterator@TryBlockMap@__FrameHandler3@@AEAV012@$0A@@?$pair@Viterator@TryBlockMap@__FrameHandler3@@V123@@std@@QEAA@AEAViterator@TryBlockMap@__FrameHandler3@@0@Z 0000000140007a90 f i libvcruntimed:risctrnsctrl.obj
 0001:00006ba0       ??$_CallSETranslator@V__FrameHandler3@@@@YAHPEAUEHExceptionRecord@@PEA_KPEAU_CONTEXT@@PEAU_xDISPATCHER_CONTEXT@@PEBU_s_FuncInfo@@K1H@Z 0000000140007ba0 f i libvcruntimed:risctrnsctrl.obj
 0001:00006c30       ?dangerous_get_state_array@?$dual_state_global@H@__crt_state_management@@QEAAPEAHXZ 0000000140007c30 f i libucrtd:txtmode.obj
 0001:00006c30       ?debug_info@?$__crt_win32_buffer@_WU__crt_win32_buffer_internal_dynamic_resizing@@@@QEBAAEBV__crt_win32_buffer_empty_debug_info@@XZ 0000000140007c30 f i libucrtd:argv_wildcards.obj
 0001:00006c30       ?debug_info@?$__crt_win32_buffer@DU__crt_win32_buffer_internal_dynamic_resizing@@@@QEBAAEBV__crt_win32_buffer_empty_debug_info@@XZ 0000000140007c30 f i libucrtd:argv_wildcards.obj
 0001:00006c30       ?dangerous_get_state_array@?$dual_state_global@PEAU__crt_locale_data@@@__crt_state_management@@QEAAPEAPEAU__crt_locale_data@@XZ 0000000140007c30 f i libucrtd:per_thread_data.obj
 0001:00006c30       ?dangerous_get_state_array@?$dual_state_global@P6AXPEB_W00I_K@Z@__crt_state_management@@QEAAPEAP6AXPEB_W00I_K@ZXZ 0000000140007c30 f i libucrtd:invalid_parameter.obj
 0001:00006c30       ?get_address_of@?$__crt_unique_heap_ptr@PEADU__crt_internal_free_policy@@@@QEAAPEAPEAPEADXZ 0000000140007c30 f i libucrtd:argv_parsing.obj
 0001:00006c30       ?get_address_of@?$__crt_unique_handle_t@U__crt_hmodule_traits@@@@QEAAPEAPEAUHINSTANCE__@@XZ 0000000140007c30 f i libucrtd:exit.obj
 0001:00006c30       ?dangerous_get_state_array@?$dual_state_global@PEAU__crt_multibyte_data@@@__crt_state_management@@QEAAPEAPEAU__crt_multibyte_data@@XZ 0000000140007c30 f i libucrtd:mbctype.obj
 0001:00006c30       ?debug_info@?$__crt_win32_buffer@DU__crt_win32_buffer_no_resizing@@@@QEBAAEBV__crt_win32_buffer_empty_debug_info@@XZ 0000000140007c30 f i libucrtd:getmodulefilenamea.obj
 0001:00006c30       ??$forward@AEAViterator@TryBlockMap@__FrameHandler3@@@std@@YAAEAViterator@TryBlockMap@__FrameHandler3@@AEAV123@@Z 0000000140007c30 f i libvcruntimed:risctrnsctrl.obj
 0001:00006c30       ?dangerous_get_state_array@?$dual_state_global@PEAE@__crt_state_management@@QEAAPEAPEAEXZ 0000000140007c30 f i libucrtd:mbctype.obj
 0001:00006c40       ??0iterator@HandlerMap@__FrameHandler3@@QEAA@AEAV12@I@Z 0000000140007c40 f i libvcruntimed:frame.obj
 0001:00006c40       ??0iterator@TryBlockMap@__FrameHandler3@@QEAA@AEAV12@I@Z 0000000140007c40 f i libvcruntimed:risctrnsctrl.obj
 0001:00006c70       ?CatchTryBlock@__FrameHandler3@@SAPEBU_s_TryBlockMapEntry@@PEBU_s_FuncInfo@@H@Z 0000000140007c70 f   libvcruntimed:risctrnsctrl.obj
 0001:00006d00       ?ExecutionInCatch@__FrameHandler3@@SA_NPEAU_xDISPATCHER_CONTEXT@@PEBU_s_FuncInfo@@@Z 0000000140007d00 f   libvcruntimed:risctrnsctrl.obj
 0001:00006d50       ?FrameUnwindToEmptyState@__FrameHandler3@@SAXPEA_KPEAU_xDISPATCHER_CONTEXT@@PEBU_s_FuncInfo@@@Z 0000000140007d50 f   libvcruntimed:risctrnsctrl.obj
 0001:00006df0       ?GetEstablisherFrame@__FrameHandler3@@SAPEA_KPEA_KPEAU_xDISPATCHER_CONTEXT@@PEBU_s_FuncInfo@@0@Z 0000000140007df0 f   libvcruntimed:risctrnsctrl.obj
 0001:00006f60       ?GetRangeOfTrysToCheck@__FrameHandler3@@SA?AU?$pair@Viterator@TryBlockMap@__FrameHandler3@@V123@@std@@AEAVTryBlockMap@1@HPEAU_xDISPATCHER_CONTEXT@@PEBU_s_FuncInfo@@H@Z 0000000140007f60 f   libvcruntimed:risctrnsctrl.obj
 0001:000071a0       ?UnwindNestedFrames@__FrameHandler3@@SAXPEA_KPEAUEHExceptionRecord@@PEAU_CONTEXT@@0PEAXPEBU_s_FuncInfo@@HHPEBU_s_HandlerType@@PEAU_xDISPATCHER_CONTEXT@@E@Z 00000001400081a0 f   libvcruntimed:risctrnsctrl.obj
 0001:00007310       _CreateFrameInfo           0000000140008310 f   libvcruntimed:risctrnsctrl.obj
 0001:00007380       _FindAndUnlinkFrame        0000000140008380 f   libvcruntimed:risctrnsctrl.obj
 0001:00007400       _GetImageBase              0000000140008400 f   libvcruntimed:risctrnsctrl.obj
 0001:00007420       _GetThrowImageBase         0000000140008420 f   libvcruntimed:risctrnsctrl.obj
 0001:00007440       _SetImageBase              0000000140008440 f   libvcruntimed:risctrnsctrl.obj
 0001:00007460       _SetThrowImageBase         0000000140008460 f   libvcruntimed:risctrnsctrl.obj
 0001:00007480       __CxxFrameHandler3         0000000140008480 f   libvcruntimed:risctrnsctrl.obj
 0001:00007560       ?GetCurrentState@__FrameHandler3@@SAHPEA_KPEAU_xDISPATCHER_CONTEXT@@PEBU_s_FuncInfo@@@Z 0000000140008560 f   libvcruntimed:ehstate.obj
 0001:000075c0       ?GetUnwindTryBlock@__FrameHandler3@@SAHPEA_KPEAU_xDISPATCHER_CONTEXT@@PEBU_s_FuncInfo@@@Z 00000001400085c0 f   libvcruntimed:ehstate.obj
 0001:00007610       ?SetState@__FrameHandler3@@SAXPEA_KPEBU_s_FuncInfo@@H@Z 0000000140008610 f   libvcruntimed:ehstate.obj
 0001:00007640       ?SetUnwindTryBlock@__FrameHandler3@@SAXPEA_KPEAU_xDISPATCHER_CONTEXT@@PEBU_s_FuncInfo@@H@Z 0000000140008640 f   libvcruntimed:ehstate.obj
 0001:000076b0       ?StateFromControlPc@__FrameHandler3@@SAHPEBU_s_FuncInfo@@PEAU_xDISPATCHER_CONTEXT@@@Z 00000001400086b0 f   libvcruntimed:ehstate.obj
 0001:000076f0       ?StateFromIp@__FrameHandler3@@SAHPEBU_s_FuncInfo@@PEAU_xDISPATCHER_CONTEXT@@_K@Z 00000001400086f0 f   libvcruntimed:ehstate.obj
 0001:000077e0       ?__RVAtoRealOffset@@YA_KPEAU_xDISPATCHER_CONTEXT@@H@Z 00000001400087e0 f i libvcruntimed:ehstate.obj
 0001:000089b0       ??$TypeMatchHelper@V__FrameHandler3@@@@YAHPEBU_s_HandlerType@@PEBU_s_CatchableType@@PEBU_s_ThrowInfo@@@Z 00000001400099b0 f i libvcruntimed:frame.obj
 0001:00008bb0       ??$__InternalCxxFrameHandler@V__FrameHandler3@@@@YA?AW4_EXCEPTION_DISPOSITION@@PEAUEHExceptionRecord@@PEA_KPEAU_CONTEXT@@PEAU_xDISPATCHER_CONTEXT@@PEBU_s_FuncInfo@@H1E@Z 0000000140009bb0 f i libvcruntimed:frame.obj
 0001:00009020       ??0HandlerMap@__FrameHandler3@@QEAA@PEBU_s_TryBlockMapEntry@@_KI@Z 000000014000a020 f i libvcruntimed:frame.obj
 0001:00009070       ??0TryBlockMap@__FrameHandler3@@QEAA@PEBU_s_FuncInfo@@_K@Z 000000014000a070 f i libvcruntimed:frame.obj
 0001:000090a0       ??0bad_exception@std@@QEAA@AEBV01@@Z 000000014000a0a0 f i libvcruntimed:frame.obj
 0001:000090e0       ??0bad_exception@std@@QEAA@XZ 000000014000a0e0 f i libvcruntimed:frame.obj
 0001:00009120       ??0exception@std@@QEAA@AEBV01@@Z 000000014000a120 f i libvcruntimed:frame.obj
 0001:00009180       ??0exception@std@@QEAA@QEBDH@Z 000000014000a180 f i libvcruntimed:frame.obj
 0001:000091d0       ??1bad_exception@std@@UEAA@XZ 000000014000a1d0 f i libvcruntimed:frame.obj
 0001:000091f0       ??1exception@std@@UEAA@XZ  000000014000a1f0 f i libvcruntimed:frame.obj
 0001:00009220       ??8iterator@HandlerMap@__FrameHandler3@@QEBA_NAEBV012@@Z 000000014000a220 f i libvcruntimed:frame.obj
 0001:00009260       ??8type_info@@QEBA_NAEBV0@@Z 000000014000a260 f i libvcruntimed:frame.obj
 0001:000092b0       ??9iterator@HandlerMap@__FrameHandler3@@QEBA_NAEBV012@@Z 000000014000a2b0 f i libvcruntimed:frame.obj
 0001:000092f0       ??Diterator@HandlerMap@__FrameHandler3@@QEAA?BU_s_HandlerType@@XZ 000000014000a2f0 f i libvcruntimed:frame.obj
 0001:00009330       ??Diterator@TryBlockMap@__FrameHandler3@@QEAA?BU_s_TryBlockMapEntry@@XZ 000000014000a330 f i libvcruntimed:frame.obj
 0001:00009380       ??Eiterator@TryBlockMap@__FrameHandler3@@QEAAAEAV012@XZ 000000014000a380 f i libvcruntimed:frame.obj
 0001:00009380       ??Eiterator@HandlerMap@__FrameHandler3@@QEAAAEAV012@XZ 000000014000a380 f i libvcruntimed:frame.obj
 0001:000093a0       ??Miterator@TryBlockMap@__FrameHandler3@@QEBA_NAEBV012@@Z 000000014000a3a0 f i libvcruntimed:frame.obj
 0001:000093e0       ??_Ebad_exception@std@@UEAAPEAXI@Z 000000014000a3e0 f i libvcruntimed:frame.obj
 0001:000093e0       ??_Gbad_exception@std@@UEAAPEAXI@Z 000000014000a3e0 f i libvcruntimed:frame.obj
 0001:00009420       ??_Gexception@std@@UEAAPEAXI@Z 000000014000a420 f i libvcruntimed:frame.obj
 0001:00009420       ??_Eexception@std@@UEAAPEAXI@Z 000000014000a420 f i libvcruntimed:frame.obj
 0001:00009460       ?BuildCatchObject@__FrameHandler3@@SAXPEAUEHExceptionRecord@@PEAXPEBU_s_HandlerType@@PEBU_s_CatchableType@@@Z 000000014000a460 f   libvcruntimed:frame.obj
 0001:000094a0       ?CxxCallCatchBlock@__FrameHandler3@@SAPEAXPEAU_EXCEPTION_RECORD@@@Z 000000014000a4a0 f   libvcruntimed:frame.obj
 0001:00009800       ?FrameUnwindToState@__FrameHandler3@@SAXPEA_KPEAU_xDISPATCHER_CONTEXT@@PEBU_s_FuncInfo@@H@Z 000000014000a800 f   libvcruntimed:frame.obj
 0001:00009a50       ?GetHandlerSearchState@__FrameHandler3@@SAHPEA_KPEAU_xDISPATCHER_CONTEXT@@PEBU_s_FuncInfo@@@Z 000000014000aa50 f i libvcruntimed:frame.obj
 0001:00009b00       ?GetMaxState@__FrameHandler3@@SAHPEAU_xDISPATCHER_CONTEXT@@PEBU_s_FuncInfo@@@Z 000000014000ab00 f i libvcruntimed:frame.obj
 0001:00009d00       ?TypeMatch@__FrameHandler3@@SAHPEBU_s_HandlerType@@PEBU_s_CatchableType@@PEBU_s_ThrowInfo@@@Z 000000014000ad00 f   libvcruntimed:frame.obj
 0001:00009d00       __TypeMatch                000000014000ad00 f   libvcruntimed:frame.obj
 0001:00009d30       ?_CallMemberFunction1@@YAXQEAX00@Z 000000014000ad30 f i libvcruntimed:frame.obj
 0001:00009d70       ?_CallMemberFunction2@@YAXQEAX00H@Z 000000014000ad70 f i libvcruntimed:frame.obj
 0001:00009e00       ?begin@HandlerMap@__FrameHandler3@@QEAA?AViterator@12@XZ 000000014000ae00 f i libvcruntimed:frame.obj
 0001:00009e30       ?end@HandlerMap@__FrameHandler3@@QEAA?AViterator@12@XZ 000000014000ae30 f i libvcruntimed:frame.obj
 0001:00009e60       ?getESTypes@__FrameHandler3@@SAPEBU_s_ESTypeList@@PEBU_s_FuncInfo@@@Z 000000014000ae60 f i libvcruntimed:frame.obj
 0001:00009ea0       ?getLastEntry@HandlerMap@__FrameHandler3@@QEAAPEBU_s_HandlerType@@XZ 000000014000aea0 f i libvcruntimed:frame.obj
 0001:00009ec0       ?getMagicNum@__FrameHandler3@@SAIPEBU_s_FuncInfo@@@Z 000000014000aec0 f i libvcruntimed:frame.obj
 0001:00009ee0       ?getNumTryBlocks@TryBlockMap@__FrameHandler3@@QEAAIXZ 000000014000aee0 f i libvcruntimed:frame.obj
 0001:00009f00       ?isEHs@__FrameHandler3@@SA_NPEBU_s_FuncInfo@@@Z 000000014000af00 f i libvcruntimed:frame.obj
 0001:00009f40       ?isNoExcept@__FrameHandler3@@SA_NPEBU_s_FuncInfo@@@Z 000000014000af40 f i libvcruntimed:frame.obj
 0001:00009f80       ?what@exception@std@@UEBAPEBDXZ 000000014000af80 f i libvcruntimed:frame.obj
 0001:00009fc0       __vcrt_EncodePointer       000000014000afc0 f i libvcruntimed:frame.obj
 0001:00009ff0       memset_repmovs             000000014000aff0 f   libvcruntimed:memset.obj
 0001:0000a010       memset                     000000014000b010 f   libvcruntimed:memset.obj
 0001:0000a1b0       _CallSettingFrame          000000014000b1b0 f   libvcruntimed:handlers.obj
 0001:0000a200       _CallSettingFrame_LookupContinuationIndex 000000014000b200 f   libvcruntimed:handlers.obj
 0001:0000a230       _CallSettingFrame_NotifyContinuationAddr 000000014000b230 f   libvcruntimed:handlers.obj
 0001:0000a260       _CallSettingFrameEncoded   000000014000b260 f   libvcruntimed:handlers.obj
 0001:0000a2b0       ??$?RD@__crt_public_free_policy@@QEBAXQEBD@Z 000000014000b2b0 f i libvcruntimed:std_exception.obj
 0001:0000a2d0       ??1?$__crt_unique_heap_ptr@DU__crt_public_free_policy@@@@QEAA@XZ 000000014000b2d0 f i libvcruntimed:std_exception.obj
 0001:0000a2f0       ?release@?$__crt_unique_heap_ptr@DU__crt_public_free_policy@@@@QEAAXXZ 000000014000b2f0 f i libvcruntimed:std_exception.obj
 0001:0000a320       __std_exception_copy       000000014000b320 f   libvcruntimed:std_exception.obj
 0001:0000a460       __std_exception_destroy    000000014000b460 f   libvcruntimed:std_exception.obj
 0001:0000a4a0       _CxxThrowException         000000014000b4a0 f   libvcruntimed:throw.obj
 0001:0000a5d0       ??$?0AEBV?$string_output_adapter@D@__crt_stdio_output@@AEB_KAEBQEBDAEBQEAU__crt_locale_pointers@@AEBQEAD@?$format_validation_base@DV?$string_output_adapter@D@__crt_stdio_output@@@__crt_stdio_output@@IEAA@AEBV?$string_output_adapter@D@1@AEB_KAEBQEBDAEBQEAU__crt_locale_pointers@@AEBQEAD@Z 000000014000b5d0 f i libucrtd:output.obj
 0001:0000a620       ??$?0AEBV?$string_output_adapter@D@__crt_stdio_output@@AEB_KAEBQEBDAEBQEAU__crt_locale_pointers@@AEBQEAD@?$standard_base@DV?$string_output_adapter@D@__crt_stdio_output@@@__crt_stdio_output@@IEAA@AEBV?$string_output_adapter@D@1@AEB_KAEBQEBDAEBQEAU__crt_locale_pointers@@AEBQEAD@Z 000000014000b620 f i libucrtd:output.obj
 0001:0000a690       ??$?0AEBV?$string_output_adapter@_W@__crt_stdio_output@@AEB_KAEBQEB_WAEBQEAU__crt_locale_pointers@@AEBQEAD@?$format_validation_base@_WV?$string_output_adapter@_W@__crt_stdio_output@@@__crt_stdio_output@@IEAA@AEBV?$string_output_adapter@_W@1@AEB_KAEBQEB_WAEBQEAU__crt_locale_pointers@@AEBQEAD@Z 000000014000b690 f i libucrtd:output.obj
 0001:0000a6e0       ??$?0AEBV?$string_output_adapter@_W@__crt_stdio_output@@AEB_KAEBQEB_WAEBQEAU__crt_locale_pointers@@AEBQEAD@?$standard_base@_WV?$string_output_adapter@_W@__crt_stdio_output@@@__crt_stdio_output@@IEAA@AEBV?$string_output_adapter@_W@1@AEB_KAEBQEB_WAEBQEAU__crt_locale_pointers@@AEBQEAD@Z 000000014000b6e0 f i libucrtd:output.obj
 0001:0000a750       ??$__crt_interlocked_read@J@@YAJPEDJ@Z 000000014000b750 f i libucrtd:output.obj
 0001:0000c080       ??$count@D@formatting_buffer@__crt_stdio_output@@QEBA_KXZ 000000014000d080 f i libucrtd:output.obj
 0001:0000c0d0       ??$count@_W@formatting_buffer@__crt_stdio_output@@QEBA_KXZ 000000014000d0d0 f i libucrtd:output.obj
 0001:0000c120       ??$data@_W@formatting_buffer@__crt_stdio_output@@QEAAPEA_WXZ 000000014000d120 f i libucrtd:output.obj
 0001:0000c120       ??$data@D@formatting_buffer@__crt_stdio_output@@QEAAPEADXZ 000000014000d120 f i libucrtd:output.obj
 0001:0000c170       ??$ensure_buffer_is_big_enough@D@formatting_buffer@__crt_stdio_output@@QEAA_N_K@Z 000000014000d170 f i libucrtd:output.obj
 0001:0000c2a0       ??$ensure_buffer_is_big_enough@_W@formatting_buffer@__crt_stdio_output@@QEAA_N_K@Z 000000014000d2a0 f i libucrtd:output.obj
 0001:0000c3d0       ??$extract_argument_from_va_list@C_J@?$standard_base@_WV?$string_output_adapter@_W@__crt_stdio_output@@@__crt_stdio_output@@IEAA_NAEA_J@Z 000000014000d3d0 f i libucrtd:output.obj
 0001:0000c3d0       ??$extract_argument_from_va_list@C_J@?$standard_base@DV?$string_output_adapter@D@__crt_stdio_output@@@__crt_stdio_output@@IEAA_NAEA_J@Z 000000014000d3d0 f i libucrtd:output.obj
 0001:0000c410       ??$extract_argument_from_va_list@E_J@?$standard_base@_WV?$string_output_adapter@_W@__crt_stdio_output@@@__crt_stdio_output@@IEAA_NAEA_J@Z 000000014000d410 f i libucrtd:output.obj
 0001:0000c410       ??$extract_argument_from_va_list@E_J@?$standard_base@DV?$string_output_adapter@D@__crt_stdio_output@@@__crt_stdio_output@@IEAA_NAEA_J@Z 000000014000d410 f i libucrtd:output.obj
 0001:0000c450       ??$extract_argument_from_va_list@F_J@?$standard_base@_WV?$string_output_adapter@_W@__crt_stdio_output@@@__crt_stdio_output@@IEAA_NAEA_J@Z 000000014000d450 f i libucrtd:output.obj
 0001:0000c450       ??$extract_argument_from_va_list@F_J@?$standard_base@DV?$string_output_adapter@D@__crt_stdio_output@@@__crt_stdio_output@@IEAA_NAEA_J@Z 000000014000d450 f i libucrtd:output.obj
 0001:0000c490       ??$extract_argument_from_va_list@GD@?$standard_base@DV?$string_output_adapter@D@__crt_stdio_output@@@__crt_stdio_output@@IEAA_NAEAD@Z 000000014000d490 f i libucrtd:output.obj
 0001:0000c4c0       ??$extract_argument_from_va_list@G_J@?$standard_base@_WV?$string_output_adapter@_W@__crt_stdio_output@@@__crt_stdio_output@@IEAA_NAEA_J@Z 000000014000d4c0 f i libucrtd:output.obj
 0001:0000c4c0       ??$extract_argument_from_va_list@G_J@?$standard_base@DV?$string_output_adapter@D@__crt_stdio_output@@@__crt_stdio_output@@IEAA_NAEA_J@Z 000000014000d4c0 f i libucrtd:output.obj
 0001:0000c500       ??$extract_argument_from_va_list@H_J@?$standard_base@_WV?$string_output_adapter@_W@__crt_stdio_output@@@__crt_stdio_output@@IEAA_NAEA_J@Z 000000014000d500 f i libucrtd:output.obj
 0001:0000c500       ??$extract_argument_from_va_list@H_J@?$standard_base@DV?$string_output_adapter@D@__crt_stdio_output@@@__crt_stdio_output@@IEAA_NAEA_J@Z 000000014000d500 f i libucrtd:output.obj
 0001:0000c530       ??$extract_argument_from_va_list@I_J@?$standard_base@_WV?$string_output_adapter@_W@__crt_stdio_output@@@__crt_stdio_output@@IEAA_NAEA_J@Z 000000014000d530 f i libucrtd:output.obj
 0001:0000c530       ??$extract_argument_from_va_list@I_J@?$standard_base@DV?$string_output_adapter@D@__crt_stdio_output@@@__crt_stdio_output@@IEAA_NAEA_J@Z 000000014000d530 f i libucrtd:output.obj
 0001:0000c560       ??$extract_argument_from_va_list@PEAUansi_string@?1??type_case_Z@?$output_processor@DV?$string_output_adapter@D@__crt_stdio_output@@V?$format_validation_base@DV?$string_output_adapter@D@__crt_stdio_output@@@2@@__crt_stdio_output@@AEAA_NXZ@PEAU1?1??234@AEAA_NXZ@@?$standard_base@DV?$string_output_adapter@D@__crt_stdio_output@@@__crt_stdio_output@@IEAA_NAEAPEAUansi_string@?1??type_case_Z@?$output_processor@DV?$string_output_adapter@D@__crt_stdio_output@@V?$format_validation_base@DV?$string_output_adapter@D@__crt_stdio_output@@@2@@1@AEAA_NXZ@@Z 000000014000d560 f i libucrtd:output.obj
 0001:0000c560       ??$extract_argument_from_va_list@PEAXPEAX@?$standard_base@DV?$string_output_adapter@D@__crt_stdio_output@@@__crt_stdio_output@@IEAA_NAEAPEAX@Z 000000014000d560 f i libucrtd:output.obj
 0001:0000c560       ??$extract_argument_from_va_list@PEAXPEAX@?$standard_base@_WV?$string_output_adapter@_W@__crt_stdio_output@@@__crt_stdio_output@@IEAA_NAEAPEAX@Z 000000014000d560 f i libucrtd:output.obj
 0001:0000c560       ??$extract_argument_from_va_list@_J_J@?$standard_base@_WV?$string_output_adapter@_W@__crt_stdio_output@@@__crt_stdio_output@@IEAA_NAEA_J@Z 000000014000d560 f i libucrtd:output.obj
 0001:0000c560       ??$extract_argument_from_va_list@PEAUansi_string@?1??type_case_Z@?$output_processor@_WV?$string_output_adapter@_W@__crt_stdio_output@@V?$format_validation_base@_WV?$string_output_adapter@_W@__crt_stdio_output@@@2@@__crt_stdio_output@@AEAA_NXZ@PEAU1?1??234@AEAA_NXZ@@?$standard_base@_WV?$string_output_adapter@_W@__crt_stdio_output@@@__crt_stdio_output@@IEAA_NAEAPEAUansi_string@?1??type_case_Z@?$output_processor@_WV?$string_output_adapter@_W@__crt_stdio_output@@V?$format_validation_base@_WV?$string_output_adapter@_W@__crt_stdio_output@@@2@@1@AEAA_NXZ@@Z 000000014000d560 f i libucrtd:output.obj
 0001:0000c560       ??$extract_argument_from_va_list@_K_J@?$standard_base@DV?$string_output_adapter@D@__crt_stdio_output@@@__crt_stdio_output@@IEAA_NAEA_J@Z 000000014000d560 f i libucrtd:output.obj
 0001:0000c560       ??$extract_argument_from_va_list@PEADPEAD@?$standard_base@DV?$string_output_adapter@D@__crt_stdio_output@@@__crt_stdio_output@@IEAA_NAEAPEAD@Z 000000014000d560 f i libucrtd:output.obj
 0001:0000c560       ??$extract_argument_from_va_list@PEADPEAD@?$standard_base@_WV?$string_output_adapter@_W@__crt_stdio_output@@@__crt_stdio_output@@IEAA_NAEAPEAD@Z 000000014000d560 f i libucrtd:output.obj
 0001:0000c560       ??$extract_argument_from_va_list@_K_J@?$standard_base@_WV?$string_output_adapter@_W@__crt_stdio_output@@@__crt_stdio_output@@IEAA_NAEA_J@Z 000000014000d560 f i libucrtd:output.obj
 0001:0000c560       ??$extract_argument_from_va_list@_J_J@?$standard_base@DV?$string_output_adapter@D@__crt_stdio_output@@@__crt_stdio_output@@IEAA_NAEA_J@Z 000000014000d560 f i libucrtd:output.obj
 0001:0000c590       ??$extract_argument_from_va_list@U_CRT_DOUBLE@@U1@@?$standard_base@DV?$string_output_adapter@D@__crt_stdio_output@@@__crt_stdio_output@@IEAA_NAEAU_CRT_DOUBLE@@@Z 000000014000d590 f i libucrtd:output.obj
 0001:0000c590       ??$extract_argument_from_va_list@U_CRT_DOUBLE@@U1@@?$standard_base@_WV?$string_output_adapter@_W@__crt_stdio_output@@@__crt_stdio_output@@IEAA_NAEAU_CRT_DOUBLE@@@Z 000000014000d590 f i libucrtd:output.obj
 0001:0000c5e0       ??$extract_argument_from_va_list@_W_W@?$standard_base@DV?$string_output_adapter@D@__crt_stdio_output@@@__crt_stdio_output@@IEAA_NAEA_W@Z 000000014000d5e0 f i libucrtd:output.obj
 0001:0000c5e0       ??$extract_argument_from_va_list@_W_W@?$standard_base@_WV?$string_output_adapter@_W@__crt_stdio_output@@@__crt_stdio_output@@IEAA_NAEA_W@Z 000000014000d5e0 f i libucrtd:output.obj
 0001:0000c610       ??$is_wide_character_specifier@D@__crt_stdio_output@@YA_N_KDW4length_modifier@0@@Z 000000014000d610 f i libucrtd:output.obj
 0001:0000c6b0       ??$is_wide_character_specifier@_W@__crt_stdio_output@@YA_N_K_WW4length_modifier@0@@Z 000000014000d6b0 f i libucrtd:output.obj
 0001:0000c780       ??$read_va_arg@C@__crt_stdio_output@@YACAEAPEAD@Z 000000014000d780 f i libucrtd:output.obj
 0001:0000c780       ??$read_va_arg@E@__crt_stdio_output@@YAEAEAPEAD@Z 000000014000d780 f i libucrtd:output.obj
 0001:0000c7f0       ??$read_va_arg@F@__crt_stdio_output@@YAFAEAPEAD@Z 000000014000d7f0 f i libucrtd:output.obj
 0001:0000c7f0       ??$read_va_arg@_W@__crt_stdio_output@@YA_WAEAPEAD@Z 000000014000d7f0 f i libucrtd:output.obj
 0001:0000c7f0       ??$read_va_arg@G@__crt_stdio_output@@YAGAEAPEAD@Z 000000014000d7f0 f i libucrtd:output.obj
 0001:0000c860       ??$read_va_arg@I@__crt_stdio_output@@YAIAEAPEAD@Z 000000014000d860 f i libucrtd:output.obj
 0001:0000c860       ??$read_va_arg@H@__crt_stdio_output@@YAHAEAPEAD@Z 000000014000d860 f i libucrtd:output.obj
 0001:0000c8c0       ??$read_va_arg@PEAUansi_string@?1??type_case_Z@?$output_processor@DV?$string_output_adapter@D@__crt_stdio_output@@V?$format_validation_base@DV?$string_output_adapter@D@__crt_stdio_output@@@2@@__crt_stdio_output@@AEAA_NXZ@@__crt_stdio_output@@YAPEAUansi_string@?1??type_case_Z@?$output_processor@DV?$string_output_adapter@D@__crt_stdio_output@@V?$format_validation_base@DV?$string_output_adapter@D@__crt_stdio_output@@@2@@0@AEAA_NXZ@AEAPEAD@Z 000000014000d8c0 f i libucrtd:output.obj
 0001:0000c8c0       ??$read_va_arg@U_CRT_DOUBLE@@@__crt_stdio_output@@YA?AU_CRT_DOUBLE@@AEAPEAD@Z 000000014000d8c0 f i libucrtd:output.obj
 0001:0000c8c0       ??$read_va_arg@_K@__crt_stdio_output@@YA_KAEAPEAD@Z 000000014000d8c0 f i libucrtd:output.obj
 0001:0000c8c0       ??$read_va_arg@_J@__crt_stdio_output@@YA_JAEAPEAD@Z 000000014000d8c0 f i libucrtd:output.obj
 0001:0000c8c0       ??$read_va_arg@PEAX@__crt_stdio_output@@YAPEAXAEAPEAD@Z 000000014000d8c0 f i libucrtd:output.obj
 0001:0000c8c0       ??$read_va_arg@PEAUansi_string@?1??type_case_Z@?$output_processor@_WV?$string_output_adapter@_W@__crt_stdio_output@@V?$format_validation_base@_WV?$string_output_adapter@_W@__crt_stdio_output@@@2@@__crt_stdio_output@@AEAA_NXZ@@__crt_stdio_output@@YAPEAUansi_string@?1??type_case_Z@?$output_processor@_WV?$string_output_adapter@_W@__crt_stdio_output@@V?$format_validation_base@_WV?$string_output_adapter@_W@__crt_stdio_output@@@2@@0@AEAA_NXZ@AEAPEAD@Z 000000014000d8c0 f i libucrtd:output.obj
 0001:0000c8c0       ??$read_va_arg@PEAD@__crt_stdio_output@@YAPEADAEAPEAD@Z 000000014000d8c0 f i libucrtd:output.obj
 0001:0000c930       ??$scratch_count@D@formatting_buffer@__crt_stdio_output@@QEBA_KXZ 000000014000d930 f i libucrtd:output.obj
 0001:0000c950       ??$scratch_data@D@formatting_buffer@__crt_stdio_output@@QEAAPEADXZ 000000014000d950 f i libucrtd:output.obj
 0001:0000c9c0       ??$tcstol@PEBDPEAPEADH@?$__crt_char_traits@D@@SAJ$$QEAPEBD$$QEAPEAPEAD$$QEAH@Z 000000014000d9c0 f i libucrtd:output.obj
 0001:0000ca00       ??$tcstol@PEB_WPEAPEA_WH@?$__crt_char_traits@_W@@SAJ$$QEAPEB_W$$QEAPEAPEA_W$$QEAH@Z 000000014000da00 f i libucrtd:output.obj
 0001:0000ca40       ??$type_case_integer_parse_into_buffer@I@?$output_processor@DV?$string_output_adapter@D@__crt_stdio_output@@V?$format_validation_base@DV?$string_output_adapter@D@__crt_stdio_output@@@2@@__crt_stdio_output@@AEAAXII_N@Z 000000014000da40 f i libucrtd:output.obj
 0001:0000cb70       ??$type_case_integer_parse_into_buffer@I@?$output_processor@_WV?$string_output_adapter@_W@__crt_stdio_output@@V?$format_validation_base@_WV?$string_output_adapter@_W@__crt_stdio_output@@@2@@__crt_stdio_output@@AEAAXII_N@Z 000000014000db70 f i libucrtd:output.obj
 0001:0000ccb0       ??$type_case_integer_parse_into_buffer@_K@?$output_processor@DV?$string_output_adapter@D@__crt_stdio_output@@V?$format_validation_base@DV?$string_output_adapter@D@__crt_stdio_output@@@2@@__crt_stdio_output@@AEAAX_KI_N@Z 000000014000dcb0 f i libucrtd:output.obj
 0001:0000ce00       ??$type_case_integer_parse_into_buffer@_K@?$output_processor@_WV?$string_output_adapter@_W@__crt_stdio_output@@V?$format_validation_base@_WV?$string_output_adapter@_W@__crt_stdio_output@@@2@@__crt_stdio_output@@AEAAX_KI_N@Z 000000014000de00 f i libucrtd:output.obj
 0001:0000cf60       ??$write_multiple_characters@V?$string_output_adapter@D@__crt_stdio_output@@D@__crt_stdio_output@@YAXAEBV?$string_output_adapter@D@0@DHQEAH@Z 000000014000df60 f i libucrtd:output.obj
 0001:0000cfc0       ??$write_multiple_characters@V?$string_output_adapter@_W@__crt_stdio_output@@D@__crt_stdio_output@@YAXAEBV?$string_output_adapter@_W@0@DHQEAH@Z 000000014000dfc0 f i libucrtd:output.obj
 0001:0000d020       ??0?$common_data@D@__crt_stdio_output@@IEAA@XZ 000000014000e020 f i libucrtd:output.obj
 0001:0000d0f0       ??0?$common_data@_W@__crt_stdio_output@@IEAA@XZ 000000014000e0f0 f i libucrtd:output.obj
 0001:0000d1c0       ??0?$output_adapter_data@DV?$string_output_adapter@D@__crt_stdio_output@@@__crt_stdio_output@@IEAA@AEBV?$string_output_adapter@D@1@_KQEBDQEAU__crt_locale_pointers@@QEAD@Z 000000014000e1c0 f i libucrtd:output.obj
 0001:0000d240       ??0?$output_adapter_data@_WV?$string_output_adapter@_W@__crt_stdio_output@@@__crt_stdio_output@@IEAA@AEBV?$string_output_adapter@_W@1@_KQEB_WQEAU__crt_locale_pointers@@QEAD@Z 000000014000e240 f i libucrtd:output.obj
 0001:0000d2c0       ??0?$output_processor@DV?$string_output_adapter@D@__crt_stdio_output@@V?$format_validation_base@DV?$string_output_adapter@D@__crt_stdio_output@@@2@@__crt_stdio_output@@QEAA@AEBV?$string_output_adapter@D@1@_KQEBDQEAU__crt_locale_pointers@@QEAD@Z 000000014000e2c0 f i libucrtd:output.obj
 0001:0000d310       ??0?$output_processor@_WV?$string_output_adapter@_W@__crt_stdio_output@@V?$format_validation_base@_WV?$string_output_adapter@_W@__crt_stdio_output@@@2@@__crt_stdio_output@@QEAA@AEBV?$string_output_adapter@_W@1@_KQEB_WQEAU__crt_locale_pointers@@QEAD@Z 000000014000e310 f i libucrtd:output.obj
 0001:0000d360       ??0_LocaleUpdate@@QEAA@QEAU__crt_locale_pointers@@@Z 000000014000e360 f i libucrtd:output.obj
 0001:0000d480       ??0__crt_deferred_errno_cache@@QEAA@XZ 000000014000e480 f i libucrtd:output.obj
 0001:0000d4a0       ??0__crt_errno_guard@@QEAA@QEAH@Z 000000014000e4a0 f i libucrtd:output.obj
 0001:0000d4e0       ??0formatting_buffer@__crt_stdio_output@@QEAA@XZ 000000014000e4e0 f i libucrtd:output.obj
 0001:0000d520       ??1?$common_data@D@__crt_stdio_output@@QEAA@XZ 000000014000e520 f i libucrtd:output.obj
 0001:0000d520       ??1?$common_data@_W@__crt_stdio_output@@QEAA@XZ 000000014000e520 f i libucrtd:output.obj
 0001:0000d540       ??1?$format_validation_base@_WV?$string_output_adapter@_W@__crt_stdio_output@@@__crt_stdio_output@@QEAA@XZ 000000014000e540 f i libucrtd:output.obj
 0001:0000d540       ??1?$format_validation_base@DV?$string_output_adapter@D@__crt_stdio_output@@@__crt_stdio_output@@QEAA@XZ 000000014000e540 f i libucrtd:output.obj
 0001:0000d560       ??1?$output_adapter_data@_WV?$string_output_adapter@_W@__crt_stdio_output@@@__crt_stdio_output@@QEAA@XZ 000000014000e560 f i libucrtd:output.obj
 0001:0000d560       ??1?$output_adapter_data@DV?$string_output_adapter@D@__crt_stdio_output@@@__crt_stdio_output@@QEAA@XZ 000000014000e560 f i libucrtd:output.obj
 0001:0000d580       ??1?$output_processor@DV?$string_output_adapter@D@__crt_stdio_output@@V?$format_validation_base@DV?$string_output_adapter@D@__crt_stdio_output@@@2@@__crt_stdio_output@@QEAA@XZ 000000014000e580 f i libucrtd:output.obj
 0001:0000d580       ??1?$output_processor@_WV?$string_output_adapter@_W@__crt_stdio_output@@V?$format_validation_base@_WV?$string_output_adapter@_W@__crt_stdio_output@@@2@@__crt_stdio_output@@QEAA@XZ 000000014000e580 f i libucrtd:output.obj
 0001:0000d5a0       ??1?$standard_base@DV?$string_output_adapter@D@__crt_stdio_output@@@__crt_stdio_output@@QEAA@XZ 000000014000e5a0 f i libucrtd:output.obj
 0001:0000d5a0       ??1?$standard_base@_WV?$string_output_adapter@_W@__crt_stdio_output@@@__crt_stdio_output@@QEAA@XZ 000000014000e5a0 f i libucrtd:output.obj
 0001:0000d5c0       ??1_LocaleUpdate@@QEAA@XZ  000000014000e5c0 f i libucrtd:output.obj
 0001:0000d5f0       ??1__crt_errno_guard@@QEAA@XZ 000000014000e5f0 f i libucrtd:output.obj
 0001:0000d620       ??1formatting_buffer@__crt_stdio_output@@QEAA@XZ 000000014000e620 f i libucrtd:output.obj
 0001:0000d650       ??4?$__crt_unique_heap_ptr@DU__crt_internal_free_policy@@@@QEAAAEAV0@$$QEAV0@@Z 000000014000e650 f i libucrtd:output.obj
 0001:0000d690       ??A?$spectre_mitigated_lookup_table@Ustate_transition_pair@__crt_stdio_output@@$0IA@@__crt_stdio_output@@QEBAAEBUstate_transition_pair@1@_K@Z 000000014000e690 f i libucrtd:output.obj
 0001:0000d6b0       ?GetLocaleT@_LocaleUpdate@@QEAAPEAU__crt_locale_pointers@@XZ 000000014000e6b0 f i libucrtd:output.obj
 0001:0000d6c0       ?__crt_interlocked_read_32@@YAHPEDH@Z 000000014000e6c0 f i libucrtd:output.obj
 0001:0000d6e0       ?adjust_hexit@?$output_processor@DV?$string_output_adapter@D@__crt_stdio_output@@V?$format_validation_base@DV?$string_output_adapter@D@__crt_stdio_output@@@2@@__crt_stdio_output@@CADH_N@Z 000000014000e6e0 f i libucrtd:output.obj
 0001:0000d6e0       ?adjust_hexit@?$output_processor@_WV?$string_output_adapter@_W@__crt_stdio_output@@V?$format_validation_base@_WV?$string_output_adapter@_W@__crt_stdio_output@@@2@@__crt_stdio_output@@CADH_N@Z 000000014000e6e0 f i libucrtd:output.obj
 0001:0000d730       ?advance_to_next_pass@?$standard_base@DV?$string_output_adapter@D@__crt_stdio_output@@@__crt_stdio_output@@IEAA_NXZ 000000014000e730 f i libucrtd:output.obj
 0001:0000d730       ?advance_to_next_pass@?$standard_base@_WV?$string_output_adapter@_W@__crt_stdio_output@@@__crt_stdio_output@@IEAA_NXZ 000000014000e730 f i libucrtd:output.obj
 0001:0000d780       ?crop_zeroes@__crt_stdio_output@@YAXPEADQEAU__crt_locale_pointers@@@Z 000000014000e780 f i libucrtd:output.obj
 0001:0000d8c0       ?find_next_state@?$output_processor@DV?$string_output_adapter@D@__crt_stdio_output@@V?$format_validation_base@DV?$string_output_adapter@D@__crt_stdio_output@@@2@@__crt_stdio_output@@AEBA?AW4state@2@DW432@@Z 000000014000e8c0 f i libucrtd:output.obj
 0001:0000d950       ?find_next_state@?$output_processor@_WV?$string_output_adapter@_W@__crt_stdio_output@@V?$format_validation_base@_WV?$string_output_adapter@_W@__crt_stdio_output@@@2@@__crt_stdio_output@@AEBA?AW4state@2@_WW432@@Z 000000014000e950 f i libucrtd:output.obj
 0001:0000d9e0       ?force_decimal_point@__crt_stdio_output@@YAXPEADQEAU__crt_locale_pointers@@@Z 000000014000e9e0 f i libucrtd:output.obj
 0001:0000dae0       ?get@__crt_deferred_errno_cache@@QEAAAEAHXZ 000000014000eae0 f i libucrtd:output.obj
 0001:0000db10       ?get_flags@__crt_stdio_stream@@QEBAJXZ 000000014000eb10 f i libucrtd:output.obj
 0001:0000db40       ?has_flag@?$output_processor@DV?$string_output_adapter@D@__crt_stdio_output@@V?$format_validation_base@DV?$string_output_adapter@D@__crt_stdio_output@@@2@@__crt_stdio_output@@AEBA_NI@Z 000000014000eb40 f i libucrtd:output.obj
 0001:0000db40       ?has_flag@?$output_processor@_WV?$string_output_adapter@_W@__crt_stdio_output@@V?$format_validation_base@_WV?$string_output_adapter@_W@__crt_stdio_output@@@2@@__crt_stdio_output@@AEBA_NI@Z 000000014000eb40 f i libucrtd:output.obj
 0001:0000db80       ?is_string_backed@__crt_stdio_stream@@QEBA_NXZ 000000014000eb80 f i libucrtd:output.obj
 0001:0000dbc0       ?narrow_null_string@?$output_processor@DV?$string_output_adapter@D@__crt_stdio_output@@V?$format_validation_base@DV?$string_output_adapter@D@__crt_stdio_output@@@2@@__crt_stdio_output@@CAPEADXZ 000000014000ebc0 f i libucrtd:output.obj
 0001:0000dbc0       ?narrow_null_string@?$output_processor@_WV?$string_output_adapter@_W@__crt_stdio_output@@V?$format_validation_base@_WV?$string_output_adapter@_W@__crt_stdio_output@@@2@@__crt_stdio_output@@CAPEADXZ 000000014000ebc0 f i libucrtd:output.obj
 0001:0000dbd0       ?parse_int_from_format_string@?$output_processor@DV?$string_output_adapter@D@__crt_stdio_output@@V?$format_validation_base@DV?$string_output_adapter@D@__crt_stdio_output@@@2@@__crt_stdio_output@@AEAA_NQEAH@Z 000000014000ebd0 f i libucrtd:output.obj
 0001:0000dcc0       ?parse_int_from_format_string@?$output_processor@_WV?$string_output_adapter@_W@__crt_stdio_output@@V?$format_validation_base@_WV?$string_output_adapter@_W@__crt_stdio_output@@@2@@__crt_stdio_output@@AEAA_NQEAH@Z 000000014000ecc0 f i libucrtd:output.obj
 0001:0000ddb0       ?process@?$output_processor@DV?$string_output_adapter@D@__crt_stdio_output@@V?$format_validation_base@DV?$string_output_adapter@D@__crt_stdio_output@@@2@@__crt_stdio_output@@QEAAHXZ 000000014000edb0 f i libucrtd:output.obj
 0001:0000e110       ?process@?$output_processor@_WV?$string_output_adapter@_W@__crt_stdio_output@@V?$format_validation_base@_WV?$string_output_adapter@_W@__crt_stdio_output@@@2@@__crt_stdio_output@@QEAAHXZ 000000014000f110 f i libucrtd:output.obj
 0001:0000e470       ?set_flag@?$output_processor@DV?$string_output_adapter@D@__crt_stdio_output@@V?$format_validation_base@DV?$string_output_adapter@D@__crt_stdio_output@@@2@@__crt_stdio_output@@AEAAXI@Z 000000014000f470 f i libucrtd:output.obj
 0001:0000e470       ?set_flag@?$output_processor@_WV?$string_output_adapter@_W@__crt_stdio_output@@V?$format_validation_base@_WV?$string_output_adapter@_W@__crt_stdio_output@@@2@@__crt_stdio_output@@AEAAXI@Z 000000014000f470 f i libucrtd:output.obj
 0001:0000e490       ?validate_state_for_type_case_a@?$standard_base@DV?$string_output_adapter@D@__crt_stdio_output@@@__crt_stdio_output@@IEBA_NXZ 000000014000f490 f i libucrtd:output.obj
 0001:0000e490       ?validate_and_update_state_at_beginning_of_format_character@?$standard_base@DV?$string_output_adapter@D@__crt_stdio_output@@@__crt_stdio_output@@IEAA_NXZ 000000014000f490 f i libucrtd:output.obj
 0001:0000e490       ?should_format@?$standard_base@DV?$string_output_adapter@D@__crt_stdio_output@@@__crt_stdio_output@@IEAA_NXZ 000000014000f490 f i libucrtd:output.obj
 0001:0000e490       ?validate_and_update_state_at_beginning_of_format_character@?$standard_base@_WV?$string_output_adapter@_W@__crt_stdio_output@@@__crt_stdio_output@@IEAA_NXZ 000000014000f490 f i libucrtd:output.obj
 0001:0000e490       ?should_format@?$standard_base@_WV?$string_output_adapter@_W@__crt_stdio_output@@@__crt_stdio_output@@IEAA_NXZ 000000014000f490 f i libucrtd:output.obj
 0001:0000e490       ?validate_state_for_type_case_a@?$standard_base@_WV?$string_output_adapter@_W@__crt_stdio_output@@@__crt_stdio_output@@IEBA_NXZ 000000014000f490 f i libucrtd:output.obj
 0001:0000e4a0       ?should_skip_normal_state_processing@?$standard_base@_WV?$string_output_adapter@_W@__crt_stdio_output@@@__crt_stdio_output@@IEAA_NXZ 000000014000f4a0 f i libucrtd:output.obj
 0001:0000e4a0       ?should_skip_normal_state_processing@?$standard_base@DV?$string_output_adapter@D@__crt_stdio_output@@@__crt_stdio_output@@IEAA_NXZ 000000014000f4a0 f i libucrtd:output.obj
 0001:0000e4a0       ?should_skip_type_state_output@?$standard_base@_WV?$string_output_adapter@_W@__crt_stdio_output@@@__crt_stdio_output@@IEBA_NXZ 000000014000f4a0 f i libucrtd:output.obj
 0001:0000e4a0       ?should_skip_type_state_output@?$standard_base@DV?$string_output_adapter@D@__crt_stdio_output@@@__crt_stdio_output@@IEBA_NXZ 000000014000f4a0 f i libucrtd:output.obj
 0001:0000e4b0       ?state_case_dot@?$output_processor@DV?$string_output_adapter@D@__crt_stdio_output@@V?$format_validation_base@DV?$string_output_adapter@D@__crt_stdio_output@@@2@@__crt_stdio_output@@AEAA_NXZ 000000014000f4b0 f i libucrtd:output.obj
 0001:0000e4b0       ?state_case_dot@?$output_processor@_WV?$string_output_adapter@_W@__crt_stdio_output@@V?$format_validation_base@_WV?$string_output_adapter@_W@__crt_stdio_output@@@2@@__crt_stdio_output@@AEAA_NXZ 000000014000f4b0 f i libucrtd:output.obj
 0001:0000e4d0       ?state_case_flag@?$output_processor@DV?$string_output_adapter@D@__crt_stdio_output@@V?$format_validation_base@DV?$string_output_adapter@D@__crt_stdio_output@@@2@@__crt_stdio_output@@AEAA_NXZ 000000014000f4d0 f i libucrtd:output.obj
 0001:0000e570       ?state_case_flag@?$output_processor@_WV?$string_output_adapter@_W@__crt_stdio_output@@V?$format_validation_base@_WV?$string_output_adapter@_W@__crt_stdio_output@@@2@@__crt_stdio_output@@AEAA_NXZ 000000014000f570 f i libucrtd:output.obj
 0001:0000e610       ?state_case_normal@?$output_processor@DV?$string_output_adapter@D@__crt_stdio_output@@V?$format_validation_base@DV?$string_output_adapter@D@__crt_stdio_output@@@2@@__crt_stdio_output@@AEAA_NXZ 000000014000f610 f i libucrtd:output.obj
 0001:0000e6f0       ?state_case_normal@?$output_processor@_WV?$string_output_adapter@_W@__crt_stdio_output@@V?$format_validation_base@_WV?$string_output_adapter@_W@__crt_stdio_output@@@2@@__crt_stdio_output@@AEAA_NXZ 000000014000f6f0 f i libucrtd:output.obj
 0001:0000e7d0       ?state_case_normal_common@?$output_processor@DV?$string_output_adapter@D@__crt_stdio_output@@V?$format_validation_base@DV?$string_output_adapter@D@__crt_stdio_output@@@2@@__crt_stdio_output@@AEAA_NXZ 000000014000f7d0 f i libucrtd:output.obj
 0001:0000e820       ?state_case_normal_common@?$output_processor@_WV?$string_output_adapter@_W@__crt_stdio_output@@V?$format_validation_base@_WV?$string_output_adapter@_W@__crt_stdio_output@@@2@@__crt_stdio_output@@AEAA_NXZ 000000014000f820 f i libucrtd:output.obj
 0001:0000e870       ?state_case_normal_tchar@?$output_processor@DV?$string_output_adapter@D@__crt_stdio_output@@V?$format_validation_base@DV?$string_output_adapter@D@__crt_stdio_output@@@2@@__crt_stdio_output@@AEAA_ND@Z 000000014000f870 f i libucrtd:output.obj
 0001:0000e9b0       ?state_case_normal_tchar@?$output_processor@_WV?$string_output_adapter@_W@__crt_stdio_output@@V?$format_validation_base@_WV?$string_output_adapter@_W@__crt_stdio_output@@@2@@__crt_stdio_output@@AEAA_N_W@Z 000000014000f9b0 f i libucrtd:output.obj
 0001:0000e9d0       ?state_case_percent@?$output_processor@DV?$string_output_adapter@D@__crt_stdio_output@@V?$format_validation_base@DV?$string_output_adapter@D@__crt_stdio_output@@@2@@__crt_stdio_output@@AEAA_NXZ 000000014000f9d0 f i libucrtd:output.obj
 0001:0000e9d0       ?state_case_percent@?$output_processor@_WV?$string_output_adapter@_W@__crt_stdio_output@@V?$format_validation_base@_WV?$string_output_adapter@_W@__crt_stdio_output@@@2@@__crt_stdio_output@@AEAA_NXZ 000000014000f9d0 f i libucrtd:output.obj
 0001:0000ea20       ?state_case_precision@?$output_processor@DV?$string_output_adapter@D@__crt_stdio_output@@V?$format_validation_base@DV?$string_output_adapter@D@__crt_stdio_output@@@2@@__crt_stdio_output@@AEAA_NXZ 000000014000fa20 f i libucrtd:output.obj
 0001:0000eaa0       ?state_case_precision@?$output_processor@_WV?$string_output_adapter@_W@__crt_stdio_output@@V?$format_validation_base@_WV?$string_output_adapter@_W@__crt_stdio_output@@@2@@__crt_stdio_output@@AEAA_NXZ 000000014000faa0 f i libucrtd:output.obj
 0001:0000eb20       ?state_case_size@?$output_processor@DV?$string_output_adapter@D@__crt_stdio_output@@V?$format_validation_base@DV?$string_output_adapter@D@__crt_stdio_output@@@2@@__crt_stdio_output@@AEAA_NXZ 000000014000fb20 f i libucrtd:output.obj
 0001:0000efa0       ?state_case_size@?$output_processor@_WV?$string_output_adapter@_W@__crt_stdio_output@@V?$format_validation_base@_WV?$string_output_adapter@_W@__crt_stdio_output@@@2@@__crt_stdio_output@@AEAA_NXZ 000000014000ffa0 f i libucrtd:output.obj
 0001:0000f420       ?state_case_type@?$output_processor@DV?$string_output_adapter@D@__crt_stdio_output@@V?$format_validation_base@DV?$string_output_adapter@D@__crt_stdio_output@@@2@@__crt_stdio_output@@AEAA_NXZ 0000000140010420 f i libucrtd:output.obj
 0001:0000f8c0       ?state_case_type@?$output_processor@_WV?$string_output_adapter@_W@__crt_stdio_output@@V?$format_validation_base@_WV?$string_output_adapter@_W@__crt_stdio_output@@@2@@__crt_stdio_output@@AEAA_NXZ 00000001400108c0 f i libucrtd:output.obj
 0001:0000fe20       ?state_case_width@?$output_processor@DV?$string_output_adapter@D@__crt_stdio_output@@V?$format_validation_base@DV?$string_output_adapter@D@__crt_stdio_output@@@2@@__crt_stdio_output@@AEAA_NXZ 0000000140010e20 f i libucrtd:output.obj
 0001:0000feb0       ?state_case_width@?$output_processor@_WV?$string_output_adapter@_W@__crt_stdio_output@@V?$format_validation_base@_WV?$string_output_adapter@_W@__crt_stdio_output@@@2@@__crt_stdio_output@@AEAA_NXZ 0000000140010eb0 f i libucrtd:output.obj
 0001:0000ff40       ?state_count@?$format_validation_base@DV?$string_output_adapter@D@__crt_stdio_output@@@__crt_stdio_output@@KAIXZ 0000000140010f40 f i libucrtd:output.obj
 0001:0000ff40       ?state_count@?$format_validation_base@_WV?$string_output_adapter@_W@__crt_stdio_output@@@__crt_stdio_output@@KAIXZ 0000000140010f40 f i libucrtd:output.obj
 0001:0000ff50       ?state_transition_table@?$format_validation_base@_WV?$string_output_adapter@_W@__crt_stdio_output@@@__crt_stdio_output@@KAAEBV?$spectre_mitigated_lookup_table@Ustate_transition_pair@__crt_stdio_output@@$0IA@@2@XZ 0000000140010f50 f i libucrtd:output.obj
 0001:0000ff50       ?state_transition_table@?$format_validation_base@DV?$string_output_adapter@D@__crt_stdio_output@@@__crt_stdio_output@@KAAEBV?$spectre_mitigated_lookup_table@Ustate_transition_pair@__crt_stdio_output@@$0IA@@2@XZ 0000000140010f50 f i libucrtd:output.obj
 0001:0000ff60       ?tchar_string@?$common_data@D@__crt_stdio_output@@IEAAAEAPEADD@Z 0000000140010f60 f i libucrtd:output.obj
 0001:0000ff80       ?tchar_string@?$common_data@D@__crt_stdio_output@@IEAAAEAPEADXZ 0000000140010f80 f i libucrtd:output.obj
 0001:0000ffa0       ?tchar_string@?$common_data@_W@__crt_stdio_output@@IEAAAEAPEA_WXZ 0000000140010fa0 f i libucrtd:output.obj
 0001:0000ffc0       ?tchar_string@?$common_data@_W@__crt_stdio_output@@IEAAAEAPEA_W_W@Z 0000000140010fc0 f i libucrtd:output.obj
 0001:0000ffe0       ?to_integer_size@__crt_stdio_output@@YA_KW4length_modifier@1@@Z 0000000140010fe0 f i libucrtd:output.obj
 0001:00010090       ?type_case_X@?$output_processor@DV?$string_output_adapter@D@__crt_stdio_output@@V?$format_validation_base@DV?$string_output_adapter@D@__crt_stdio_output@@@2@@__crt_stdio_output@@AEAA_NXZ 0000000140011090 f i libucrtd:output.obj
 0001:000100b0       ?type_case_X@?$output_processor@_WV?$string_output_adapter@_W@__crt_stdio_output@@V?$format_validation_base@_WV?$string_output_adapter@_W@__crt_stdio_output@@@2@@__crt_stdio_output@@AEAA_NXZ 00000001400110b0 f i libucrtd:output.obj
 0001:000100d0       ?type_case_Z@?$output_processor@DV?$string_output_adapter@D@__crt_stdio_output@@V?$format_validation_base@DV?$string_output_adapter@D@__crt_stdio_output@@@2@@__crt_stdio_output@@AEAA_NXZ 00000001400110d0 f i libucrtd:output.obj
 0001:000101f0       ?type_case_Z@?$output_processor@_WV?$string_output_adapter@_W@__crt_stdio_output@@V?$format_validation_base@_WV?$string_output_adapter@_W@__crt_stdio_output@@@2@@__crt_stdio_output@@AEAA_NXZ 00000001400111f0 f i libucrtd:output.obj
 0001:00010310       ?type_case_a@?$output_processor@DV?$string_output_adapter@D@__crt_stdio_output@@V?$format_validation_base@DV?$string_output_adapter@D@__crt_stdio_output@@@2@@__crt_stdio_output@@AEAA_NXZ 0000000140011310 f i libucrtd:output.obj
 0001:000106e0       ?type_case_a@?$output_processor@_WV?$string_output_adapter@_W@__crt_stdio_output@@V?$format_validation_base@_WV?$string_output_adapter@_W@__crt_stdio_output@@@2@@__crt_stdio_output@@AEAA_NXZ 00000001400116e0 f i libucrtd:output.obj
 0001:00010ab0       ?type_case_c@?$output_processor@DV?$string_output_adapter@D@__crt_stdio_output@@V?$format_validation_base@DV?$string_output_adapter@D@__crt_stdio_output@@@2@@__crt_stdio_output@@AEAA_NXZ 0000000140011ab0 f i libucrtd:output.obj
 0001:00010ad0       ?type_case_c@?$output_processor@_WV?$string_output_adapter@_W@__crt_stdio_output@@V?$format_validation_base@_WV?$string_output_adapter@_W@__crt_stdio_output@@@2@@__crt_stdio_output@@AEAA_NXZ 0000000140011ad0 f i libucrtd:output.obj
 0001:00010af0       ?type_case_c_tchar@?$output_processor@DV?$string_output_adapter@D@__crt_stdio_output@@V?$format_validation_base@DV?$string_output_adapter@D@__crt_stdio_output@@@2@@__crt_stdio_output@@AEAA_ND@Z 0000000140011af0 f i libucrtd:output.obj
 0001:00010c50       ?type_case_c_tchar@?$output_processor@_WV?$string_output_adapter@_W@__crt_stdio_output@@V?$format_validation_base@_WV?$string_output_adapter@_W@__crt_stdio_output@@@2@@__crt_stdio_output@@AEAA_N_W@Z 0000000140011c50 f i libucrtd:output.obj
 0001:00010d80       ?type_case_d@?$output_processor@DV?$string_output_adapter@D@__crt_stdio_output@@V?$format_validation_base@DV?$string_output_adapter@D@__crt_stdio_output@@@2@@__crt_stdio_output@@AEAA_NXZ 0000000140011d80 f i libucrtd:output.obj
 0001:00010db0       ?type_case_d@?$output_processor@_WV?$string_output_adapter@_W@__crt_stdio_output@@V?$format_validation_base@_WV?$string_output_adapter@_W@__crt_stdio_output@@@2@@__crt_stdio_output@@AEAA_NXZ 0000000140011db0 f i libucrtd:output.obj
 0001:00010de0       ?type_case_integer@?$output_processor@DV?$string_output_adapter@D@__crt_stdio_output@@V?$format_validation_base@DV?$string_output_adapter@D@__crt_stdio_output@@@2@@__crt_stdio_output@@AEAA_NI_N@Z 0000000140011de0 f i libucrtd:output.obj
 0001:00011230       ?type_case_integer@?$output_processor@_WV?$string_output_adapter@_W@__crt_stdio_output@@V?$format_validation_base@_WV?$string_output_adapter@_W@__crt_stdio_output@@@2@@__crt_stdio_output@@AEAA_NI_N@Z 0000000140012230 f i libucrtd:output.obj
 0001:00011680       ?type_case_n@?$output_processor@DV?$string_output_adapter@D@__crt_stdio_output@@V?$format_validation_base@DV?$string_output_adapter@D@__crt_stdio_output@@@2@@__crt_stdio_output@@AEAA_NXZ 0000000140012680 f i libucrtd:output.obj
 0001:000118c0       ?type_case_n@?$output_processor@_WV?$string_output_adapter@_W@__crt_stdio_output@@V?$format_validation_base@_WV?$string_output_adapter@_W@__crt_stdio_output@@@2@@__crt_stdio_output@@AEAA_NXZ 00000001400128c0 f i libucrtd:output.obj
 0001:00011b00       ?type_case_o@?$output_processor@DV?$string_output_adapter@D@__crt_stdio_output@@V?$format_validation_base@DV?$string_output_adapter@D@__crt_stdio_output@@@2@@__crt_stdio_output@@AEAA_NXZ 0000000140012b00 f i libucrtd:output.obj
 0001:00011b50       ?type_case_o@?$output_processor@_WV?$string_output_adapter@_W@__crt_stdio_output@@V?$format_validation_base@_WV?$string_output_adapter@_W@__crt_stdio_output@@@2@@__crt_stdio_output@@AEAA_NXZ 0000000140012b50 f i libucrtd:output.obj
 0001:00011ba0       ?type_case_p@?$output_processor@DV?$string_output_adapter@D@__crt_stdio_output@@V?$format_validation_base@DV?$string_output_adapter@D@__crt_stdio_output@@@2@@__crt_stdio_output@@AEAA_NXZ 0000000140012ba0 f i libucrtd:output.obj
 0001:00011be0       ?type_case_p@?$output_processor@_WV?$string_output_adapter@_W@__crt_stdio_output@@V?$format_validation_base@_WV?$string_output_adapter@_W@__crt_stdio_output@@@2@@__crt_stdio_output@@AEAA_NXZ 0000000140012be0 f i libucrtd:output.obj
 0001:00011c20       ?type_case_s@?$output_processor@DV?$string_output_adapter@D@__crt_stdio_output@@V?$format_validation_base@DV?$string_output_adapter@D@__crt_stdio_output@@@2@@__crt_stdio_output@@AEAA_NXZ 0000000140012c20 f i libucrtd:output.obj
 0001:00011d40       ?type_case_s@?$output_processor@_WV?$string_output_adapter@_W@__crt_stdio_output@@V?$format_validation_base@_WV?$string_output_adapter@_W@__crt_stdio_output@@@2@@__crt_stdio_output@@AEAA_NXZ 0000000140012d40 f i libucrtd:output.obj
 0001:00011e60       ?type_case_s_compute_narrow_string_length@?$output_processor@DV?$string_output_adapter@D@__crt_stdio_output@@V?$format_validation_base@DV?$string_output_adapter@D@__crt_stdio_output@@@2@@__crt_stdio_output@@AEBAHHD@Z 0000000140012e60 f i libucrtd:output.obj
 0001:00011e90       ?type_case_s_compute_narrow_string_length@?$output_processor@_WV?$string_output_adapter@_W@__crt_stdio_output@@V?$format_validation_base@_WV?$string_output_adapter@_W@__crt_stdio_output@@@2@@__crt_stdio_output@@AEBAHH_W@Z 0000000140012e90 f i libucrtd:output.obj
 0001:00011f20       ?type_case_u@?$output_processor@DV?$string_output_adapter@D@__crt_stdio_output@@V?$format_validation_base@DV?$string_output_adapter@D@__crt_stdio_output@@@2@@__crt_stdio_output@@AEAA_NXZ 0000000140012f20 f i libucrtd:output.obj
 0001:00011f40       ?type_case_u@?$output_processor@_WV?$string_output_adapter@_W@__crt_stdio_output@@V?$format_validation_base@_WV?$string_output_adapter@_W@__crt_stdio_output@@@2@@__crt_stdio_output@@AEAA_NXZ 0000000140012f40 f i libucrtd:output.obj
 0001:00011f60       ?type_case_x@?$output_processor@DV?$string_output_adapter@D@__crt_stdio_output@@V?$format_validation_base@DV?$string_output_adapter@D@__crt_stdio_output@@@2@@__crt_stdio_output@@AEAA_NXZ 0000000140012f60 f i libucrtd:output.obj
 0001:00011f80       ?type_case_x@?$output_processor@_WV?$string_output_adapter@_W@__crt_stdio_output@@V?$format_validation_base@_WV?$string_output_adapter@_W@__crt_stdio_output@@@2@@__crt_stdio_output@@AEAA_NXZ 0000000140012f80 f i libucrtd:output.obj
 0001:00011fa0       ?unset_flag@?$output_processor@_WV?$string_output_adapter@_W@__crt_stdio_output@@V?$format_validation_base@_WV?$string_output_adapter@_W@__crt_stdio_output@@@2@@__crt_stdio_output@@AEAAXI@Z 0000000140012fa0 f i libucrtd:output.obj
 0001:00011fa0       ?unset_flag@?$output_processor@DV?$string_output_adapter@D@__crt_stdio_output@@V?$format_validation_base@DV?$string_output_adapter@D@__crt_stdio_output@@@2@@__crt_stdio_output@@AEAAXI@Z 0000000140012fa0 f i libucrtd:output.obj
 0001:00011fd0       ?update_field_width@?$standard_base@_WV?$string_output_adapter@_W@__crt_stdio_output@@@__crt_stdio_output@@IEAA_NXZ 0000000140012fd0 f i libucrtd:output.obj
[...]
 0002:000121c0       $unwind$?setmbcp_internal@@YAHH_NQEAU__acrt_ptd@@QEAPEAU__crt_multibyte_data@@@Z 000000014004e1c0     libucrtd:mbctype.obj
 0002:000121cc       $unwind$?setSBUpLow@@YAXPEAU__crt_multibyte_data@@@Z 000000014004e1cc     libucrtd:mbctype.obj
 0002:000121dc       $unwind$??$?RV<lambda_efa02eb69bf647d2f7ff0dd6f1103f72>@@AEAV<lambda_bd5a608237428601b7e45fbdc72b1ae8>@@V<lambda_728235dc0fc2b1f82d1fa5b3e7102d8f>@@@?$__crt_seh_guarded_call@X@@QEAAX$$QEAV<lambda_efa02eb69bf647d2f7ff0dd6f1103f72>@@AEAV<lambda_bd5a608237428601b7e45fbdc72b1ae8>@@$$QEAV<lambda_728235dc0fc2b1f82d1fa5b3e7102d8f>@@@Z 000000014004e1dc     libucrtd:mbctype.obj
 0002:000121fc       $unwind$?x_ismbbtype_l@@YAHPEAU__crt_locale_pointers@@IHH@Z 000000014004e1fc     libucrtd:ismbbyte.obj
 0002:0001220c       $unwind$__acrt_MultiByteToWideChar 000000014004e20c     libucrtd:multibytetowidechar.obj
 0002:00012214       $unwind$__acrt_WideCharToMultiByte 000000014004e214     libucrtd:widechartomultibyte.obj
 0002:0001221c       $unwind$__dcrt_get_narrow_environment_from_os 000000014004e21c     libucrtd:get_environment_from_os.obj
 0002:00012234       $unwind$__acrt_lowio_create_handle_array 000000014004e234     libucrtd:osfinfo.obj
 0002:0001223c       $unwind$__acrt_lowio_ensure_fh_exists 000000014004e23c     libucrtd:osfinfo.obj
 0002:0001225c       $unwind$_isctype_l         000000014004e25c     libucrtd:isctype.obj
 0002:00012270       $unwind$_chvalidator_l     000000014004e270     libucrtd:isctype.obj
 0002:00012278       $unwind$__acrt_GetStringTypeA 000000014004e278     libucrtd:getstringtypea.obj
 0002:00012280       $unwind$__acrt_update_thread_locale_data 000000014004e280     libucrtd:locale_refcounting.obj
 0002:000122a0       $unwind$__acrt_InitializeCriticalSectionEx 000000014004e2a0     libucrtd:winapi_thunks.obj
 0002:000122a8       $unwind$??$common_xtox@KD@@YAHKQEAD_KI_N@Z 000000014004e2a8     libucrtd:xtoa.obj
 0002:000122a8       $unwind$??$common_xtox@K_W@@YAHKQEA_W_KI_N@Z 000000014004e2a8     libucrtd:xtoa.obj
 0002:000122a8       $unwind$__acrt_LCMapStringEx 000000014004e2a8     libucrtd:winapi_thunks.obj
 0002:000122b0       $unwind$__acrt_is_interactive 000000014004e2b0     libucrtd:winapi_thunks.obj
 0002:000122c0       $unwind$_query_new_handler 000000014004e2c0     libucrtd:new_handler.obj
 0002:000122e0       $unwind$raise              000000014004e2e0     libucrtd:signal.obj
 0002:00012300       $unwind$??$?RV<lambda_450d765d439847d4c735a33c368b5fc0>@@AEAV<lambda_44731a7d0e6d81c3e6aa82d741081786>@@V<lambda_601a2a7da3b7a96e9554ac7215c4b07c>@@@?$__crt_seh_guarded_call@P6AXH@Z@@QEAAP6AXH@Z$$QEAV<lambda_450d765d439847d4c735a33c368b5fc0>@@AEAV<lambda_44731a7d0e6d81c3e6aa82d741081786>@@$$QEAV<lambda_601a2a7da3b7a96e9554ac7215c4b07c>@@@Z 000000014004e300     libucrtd:signal.obj
 0002:00012320       $unwind$_expand_base       000000014004e320     libucrtd:expand.obj
 0002:00012328       $unwind$_VCrtDbgReportA    000000014004e328     libucrtd:dbgrptt.obj
 0002:00012360       $unwind$_VCrtDbgReportW    000000014004e360     libucrtd:dbgrptt.obj
 0002:00012398       $unwind$_isleadbyte_l      000000014004e398     libucrtd:_wctype.obj
 0002:000123a0       $unwind$?__mbsrtowcs_utf8@__crt_mbstring@@YA_KPEA_WPEAPEBD_KPEAU_Mbstatet@@@Z 000000014004e3a0     libucrtd:mbrtowc.obj
 0002:000123a8       $unwind$?__c32rtomb_utf8@__crt_mbstring@@YA_KPEAD_UPEAU_Mbstatet@@@Z 000000014004e3a8     libucrtd:c32rtomb.obj
 0002:000123b0       $unwind$?reset_and_return@__crt_mbstring@@YA_K_KPEAU_Mbstatet@@@Z 000000014004e3b0     libucrtd:c32rtomb.obj
 0002:000123b8       $unwind$__acrt_fltout      000000014004e3b8     libucrtd:cfout.obj
 0002:000123c0       $unwind$?make_big_integer@__crt_strtox@@YA?AUbig_integer@1@_K@Z 000000014004e3c0     libucrtd:cfout.obj
 0002:000123d0       $unwind$?make_big_integer_power_of_two@__crt_strtox@@YA?AUbig_integer@1@I@Z 000000014004e3d0     libucrtd:cfout.obj
 0002:000123e0       $unwind$?shift_left@__crt_strtox@@YA_NAEAUbig_integer@1@I@Z 000000014004e3e0     libucrtd:cfout.obj
 0002:000123f0       $unwind$?add_multiply_carry@__crt_strtox@@YAIAEAIIII@Z 000000014004e3f0     libucrtd:cfout.obj
 0002:000123f8       $unwind$?multiply@__crt_strtox@@YA_NAEAUbig_integer@1@I@Z 000000014004e3f8     libucrtd:cfout.obj
 0002:00012408       $unwind$?multiply@__crt_strtox@@YA_NAEAUbig_integer@1@AEBU21@@Z 000000014004e408     libucrtd:cfout.obj
 0002:00012418       $unwind$?multiply_by_power_of_ten@__crt_strtox@@YA_NAEAUbig_integer@1@I@Z 000000014004e418     libucrtd:cfout.obj
 0002:00012428       $unwind$?divide@__crt_strtox@@YA_KAEAUbig_integer@1@AEBU21@@Z 000000014004e428     libucrtd:cfout.obj
 0002:00012438       $unwind$??$convert_to_fos_high_precision@N@@YA?AW4__acrt_has_trailing_digits@@NIQEAHQEAD_K@Z 000000014004e438     libucrtd:cfout.obj
 0002:00012448       $unwind$_fcloseall         000000014004e448     libucrtd:closeall.obj
 0002:00012468       $unwind$??R<lambda_ab61a845afdef5b7c387490eaf3616ee>@@QEBA@XZ 000000014004e468     libucrtd:fflush.obj
 0002:00012470       $unwind$??$?RV<lambda_842d9ff0dc9ef11c61343bbaebe7f885>@@AEAV<lambda_c5860995281e5c4ce005b3de8f5874ee>@@V<lambda_d90129c13df834fdcbf8d2b88dafcf2d>@@@?$__crt_seh_guarded_call@X@@QEAAX$$QEAV<lambda_842d9ff0dc9ef11c61343bbaebe7f885>@@AEAV<lambda_c5860995281e5c4ce005b3de8f5874ee>@@$$QEAV<lambda_d90129c13df834fdcbf8d2b88dafcf2d>@@@Z 000000014004e470     libucrtd:fflush.obj
 0002:00012490       $unwind$??$?RV<lambda_886d6c58226a84441f68b9f2b8217b83>@@AEAV<lambda_ab61a845afdef5b7c387490eaf3616ee>@@V<lambda_f7f22ab5edc0698d5f6905b0d3f44752>@@@?$__crt_seh_guarded_call@X@@QEAAX$$QEAV<lambda_886d6c58226a84441f68b9f2b8217b83>@@AEAV<lambda_ab61a845afdef5b7c387490eaf3616ee>@@$$QEAV<lambda_f7f22ab5edc0698d5f6905b0d3f44752>@@@Z 000000014004e490     libucrtd:fflush.obj
 0002:000124b0       $unwind$__acrt_OutputDebugStringA 000000014004e4b0     libucrtd:outputdebugstringa.obj
 0002:000124c4       $unwind$qsort              000000014004e4c4     libucrtd:qsort.obj
 0002:000124d4       $unwind$?shortsort@@YAXPEAD0_KP6AHPEBX2@Z@Z 000000014004e4d4     libucrtd:qsort.obj
 0002:000124e4       $stateUnwindMap$?shortsort@@YAXPEAD0_KP6AHPEBX2@Z@Z 000000014004e4e4     libucrtd:qsort.obj
 0002:000124f0       $ip2state$?shortsort@@YAXPEAD0_KP6AHPEBX2@Z@Z 000000014004e4f0     libucrtd:qsort.obj
 0002:00012508       $unwind$strpbrk            000000014004e508     libucrtd:strpbrk.obj
 0002:00012510       $unwind$fallbackMethod     000000014004e510     libucrtd:strpbrk.obj
 0002:00012520       $unwind$_mbsdec_l          000000014004e520     libucrtd:mbsdec.obj
 0002:0001252c       $unwind$__acrt_LCMapStringA 000000014004e52c     libucrtd:lcmapstringa.obj
 0002:00012534       $unwind$_mbstowcs_s_l      000000014004e534     libucrtd:mbstowcs.obj
 0002:00012534       $unwind$?__acrt_LCMapStringA_stat@@YAHPEAU__crt_locale_pointers@@PEB_WKPEBDHPEADHHH@Z 000000014004e534     libucrtd:lcmapstringa.obj
 0002:0001253c       $unwind$??$common_xtox_s@KD@@YAHKQEAD_KI_N@Z 000000014004e53c     libucrtd:xtoa.obj
 0002:0001253c       $unwind$??$common_xtox_s@K_W@@YAHKQEA_W_KI_N@Z 000000014004e53c     libucrtd:xtoa.obj
 0002:00012544       $unwind$?_mbstowcs_l_helper@@YA_KPEA_WPEBD_KPEAU__crt_locale_pointers@@@Z 000000014004e544     libucrtd:mbstowcs.obj
 0002:00012550       $unwind$?_wcstombs_l_helper@@YA_KPEADPEB_W_KPEAU__crt_locale_pointers@@@Z 000000014004e550     libucrtd:wcstombs.obj
 0002:00012568       $stateUnwindMap$?_wcstombs_l_helper@@YA_KPEADPEB_W_KPEAU__crt_locale_pointers@@@Z 000000014004e568     libucrtd:wcstombs.obj
 0002:00012570       $ip2state$?_wcstombs_l_helper@@YA_KPEADPEB_W_KPEAU__crt_locale_pointers@@@Z 000000014004e570     libucrtd:wcstombs.obj
 0002:00012688       $unwind$?__mbrtoc32_utf8@__crt_mbstring@@YA_KPEA_UPEBD_KPEAU_Mbstatet@@@Z 000000014004e688     libucrtd:mbrtoc32.obj
 0002:00012698       $xdatasym                  000000014004e698     libucrtd:log10.obj
 0002:000126a4       $unwind$ceil               000000014004e6a4     libucrtd:ceil.obj
 0002:000126ac       $unwind$_write             000000014004e6ac     libucrtd:write.obj
 0002:000126cc       $unwind$_write_nolock      000000014004e6cc     libucrtd:write.obj
 0002:000126e0       $unwind$?write_double_translated_ansi_nolock@@YA?AUwrite_result@?A0x17268360@@HQEBDI@Z 000000014004e6e0     libucrtd:write.obj
 0002:000126f4       $unwind$?write_double_translated_unicode_nolock@@YA?AUwrite_result@?A0x17268360@@QEBDI@Z 000000014004e6f4     libucrtd:write.obj
 0002:00012708       $unwind$?write_text_ansi_nolock@@YA?AUwrite_result@?A0x17268360@@HQEBDI@Z 000000014004e708     libucrtd:write.obj
 0002:00012708       $unwind$?write_text_utf16le_nolock@@YA?AUwrite_result@?A0x17268360@@HQEBDI@Z 000000014004e708     libucrtd:write.obj
 0002:0001271c       $unwind$?write_text_utf8_nolock@@YA?AUwrite_result@?A0x17268360@@HQEBDI@Z 000000014004e71c     libucrtd:write.obj
 0002:00012730       $unwind$?write_binary_nolock@@YA?AUwrite_result@?A0x17268360@@HQEBDI@Z 000000014004e730     libucrtd:write.obj
 0002:00012744       $unwind$fclose             000000014004e744     libucrtd:fclose.obj
 0002:00012764       $unwind$??$?RV<lambda_4e3dbe6921bc0b5a1a6bc6573fdc859e>@@AEAV<lambda_5533cddd4bda0037814beee657757329>@@V<lambda_47cffbaa968af5c721c38a4a6f8da44d>@@@?$__crt_seh_guarded_call@H@@QEAAH$$QEAV<lambda_4e3dbe6921bc0b5a1a6bc6573fdc859e>@@AEAV<lambda_5533cddd4bda0037814beee657757329>@@$$QEAV<lambda_47cffbaa968af5c721c38a4a6f8da44d>@@@Z 000000014004e764     libucrtd:commit.obj
 0002:00012784       $unwind$?__wcsrtombs_utf8@__crt_mbstring@@YA_KPEADPEAPEB_W_KPEAU_Mbstatet@@@Z 000000014004e784     libucrtd:wcrtomb.obj
 0002:00012794       $unwind$__acrt_initialize_fma3 000000014004e794     libucrtd:fma3_available.obj
 0002:000127a4       $unwind$_log_special_common 000000014004e7a4     libucrtd:log_special.obj
 0002:000127b4       $unwind$_log10_special     000000014004e7b4     libucrtd:log_special.obj
 0002:000127bc       $unwind$_handle_error      000000014004e7bc     libucrtd:libm_error.obj
 0002:000127cc       $unwind$common_control87   000000014004e7cc     libucrtd:ieee.obj
 0002:000127ec       $unwind$??$?RV<lambda_53fc7fc888e23d815d7080162c0aeeb2>@@AEAV<lambda_4e7105787b7b0e0227fbf2b2d883fa65>@@V<lambda_8ddc48ad9d26c778cb15812d1d88fc8a>@@@?$__crt_seh_guarded_call@H@@QEAAH$$QEAV<lambda_53fc7fc888e23d815d7080162c0aeeb2>@@AEAV<lambda_4e7105787b7b0e0227fbf2b2d883fa65>@@$$QEAV<lambda_8ddc48ad9d26c778cb15812d1d88fc8a>@@@Z 000000014004e7ec     libucrtd:close.obj
 0002:0001280c       $unwind$?__c16rtomb_utf8@__crt_mbstring@@YA_KPEAD_SPEAU_Mbstatet@@@Z 000000014004e80c     libucrtd:c16rtomb.obj
 0002:00012814       $unwind$_ctrlfp            000000014004e814     libucrtd:fpctrl.obj
 0002:00012838       $xdatasym                  000000014004e838     libucrtd:fpsr.obj
 0002:00012840       $unwind$__dcrt_lowio_ensure_console_output_initialized 000000014004e840     libucrtd:initcon.obj
 0002:00012848       $unwind$__dcrt_write_console 000000014004e848     libucrtd:initcon.obj
 0002:0001285c       $unwind$_IsNonwritableInCurrentImage 000000014004e85c     LIBCMTD:pesect.obj
 0002:00012880       $xdatasym                  000000014004e880     libvcruntimed:memcmp.obj
 0002:00012884       $unwind$strrchr            000000014004e884     libvcruntimed:strrchr.obj
 0002:00012db8       .idata$6                   000000014004edb8     user32:USER32.dll
 0002:00012de4       .idata$6                   000000014004ede4     gdi32:GDI32.dll
 0002:00012e00       .idata$6                   000000014004ee00     winmm:WINMM.dll
 0002:0001309c       .idata$6                   000000014004f09c     kernel32:KERNEL32.dll
 0003:00000000       ?XInputGetState_@@3P6AKKPEAU_XINPUT_STATE@@@ZEA 0000000140050000     win32_made.obj
 0003:00000008       ?XInputSetState_@@3P6AKKPEAU_XINPUT_VIBRATION@@@ZEA 0000000140050008     win32_made.obj
 0003:00000050       ?__vcrt_flsindex@@3KA      0000000140050050     libvcruntimed:per_thread_data.obj
 0003:00000060       ?__acrt_current_request_number@@3JA 0000000140050060     libucrtd:debug_heap.obj
 0003:00000080       ?__acrt_debug_fill_threshold@@3_KA 0000000140050080     libucrtd:debug_fill_threshold.obj
 0003:00000088       ?errno_no_memory@@3HA      0000000140050088     libucrtd:errno.obj
 0003:0000008c       ?doserrno_no_memory@@3KA   000000014005008c     libucrtd:errno.obj
 0003:00000090       ?__acrt_flsindex@@3KA      0000000140050090     libucrtd:per_thread_data.obj
 0003:00000550       _mbctypes                  0000000140050550     libucrtd:mbctype.obj
 0003:00000660       _mbcasemaps                0000000140050660     libucrtd:mbctype.obj
 0003:00000760       ?__rgctypeflag@@3PADA      0000000140050760     libucrtd:mbctype.obj
 0003:00000770       ?__rgcode_page_info@@3PAUcode_page_info@@A 0000000140050770     libucrtd:mbctype.obj
 0003:00000950       ?dazSupported@?1??common_control87@@9@9 0000000140050950     libucrtd:ieee.obj
 0003:00000a60       ?dazSupported@?1??_ctrlfp@@9@9 0000000140050a60     libucrtd:fpctrl.obj
 0003:00000a70       ?__dcrt_lowio_console_output_handle@@3PEAXEA 0000000140050a70     libucrtd:initcon.obj
 0003:00000b00       ?GlobalRunning@@3HA        0000000140050b00     win32_made.obj
 0003:00000b04       ?GlobalPause@@3HA          0000000140050b04     win32_made.obj
 0003:00000b08       ?GlobalSecondaryBuffer@@3PEAUIDirectSoundBuffer@@EA 0000000140050b08     win32_made.obj
 0003:00000b10       ?GlobalBackbuffer@@3Uwin32_offscreen_buffer@@A 0000000140050b10     win32_made.obj
 0003:00000b58       ?GlobalPerfCountFrequency@@3_JA 0000000140050b58     win32_made.obj
 0003:00000b60       GS_ExceptionRecord         0000000140050b60     LIBCMTD:gs_report.obj
 0003:00000c00       GS_ContextRecord           0000000140050c00     LIBCMTD:gs_report.obj
 0003:000010e0       ?is_initialized_as_dll@@3_NA 00000001400510e0     LIBCMTD:utility.obj
 0003:000010e1       ?module_local_atexit_table_initialized@@3_NA 00000001400510e1     LIBCMTD:utility.obj
 0003:000010e8       ?module_local_atexit_table@@3U_onexit_table_t@@A 00000001400510e8     LIBCMTD:utility.obj
 0003:00001100       ?module_local_at_quick_exit_table@@3U_onexit_table_t@@A 0000000140051100     LIBCMTD:utility.obj
 0003:00001160       ?__vcrt_startup_thread_ptd@@3U__vcrt_ptd@@A 0000000140051160     libvcruntimed:per_thread_data.obj
 0003:000011e0       __vcrt_lock_table          00000001400511e0     libvcruntimed:locks.obj
 0003:00001208       __vcrt_locks_initialized   0000000140051208     libvcruntimed:locks.obj
 0003:00001250       ?heap@@3V_HeapManager@@A   0000000140051250     libvcruntimed:undname.obj
 0003:00001278       ?module_handles@@3PAPEAUHINSTANCE__@@A 0000000140051278     libvcruntimed:winapi_downlevel.obj
 0003:00001290       ?function_pointers@@3PAPEAXA 0000000140051290     libvcruntimed:winapi_downlevel.obj
 0003:000012c0       ?__acrt_app_type@@3W4_crt_app_type@@A 00000001400512c0     libucrtd:report_runtime_error.obj
 0003:000012d0       ?outmsg@?9??__acrt_report_runtime_error@@9@4PA_WA 00000001400512d0     libucrtd:report_runtime_error.obj
 0003:000018f8       ?user_matherr@@3V?$dual_state_global@P6AHPEAU_exception@@@Z@__crt_state_management@@A 00000001400518f8     libucrtd:matherr.obj
 0003:00001900       ?program_name@?1???$common_configure_argv@D@@YAHW4_crt_argv_mode@@@Z@4PADA 0000000140051900     libucrtd:argv_parsing.obj
 0003:00001a28       ?empty_string@?1???$common_wincmdln@E@@YAPEAEXZ@4PAEA 0000000140051a28     libucrtd:argv_winmain.obj
 0003:00001a2c       ?c_termination_complete@@3JA 0000000140051a2c     libucrtd:exit.obj
 0003:00001a30       ?thread_local_exit_callback_func@@3P6AXPEAXK0@ZEA 0000000140051a30     libucrtd:exit.obj
 0003:00001a40       ?__acrt_global_new_mode@@3V?$dual_state_global@J@__crt_state_management@@A 0000000140051a40     libucrtd:new_mode.obj
 0003:00001a78       ?__acrt_first_block@@3PEAU_CrtMemBlockHeader@@EA 0000000140051a78     libucrtd:debug_heap.obj
 0003:00001a80       ?__acrt_last_block@@3PEAU_CrtMemBlockHeader@@EA 0000000140051a80     libucrtd:debug_heap.obj
 0003:00001a88       ?__acrt_total_allocations@@3_KA 0000000140051a88     libucrtd:debug_heap.obj
 0003:00001a90       ?__acrt_current_allocations@@3_KA 0000000140051a90     libucrtd:debug_heap.obj
 0003:00001a98       ?__acrt_max_allocations@@3_KA 0000000140051a98     libucrtd:debug_heap.obj
 0003:00001aa0       ?__acrt_check_frequency@@3IA 0000000140051aa0     libucrtd:debug_heap.obj
 0003:00001aa4       ?__acrt_check_counter@@3IA 0000000140051aa4     libucrtd:debug_heap.obj
 0003:00001ab0       ?heap_validation_pending@@3_NA 0000000140051ab0     libucrtd:debug_heap.obj
 0003:00001ab8       ?__acrt_invalid_parameter_handler@@3V?$dual_state_global@P6AXPEB_W00I_K@Z@__crt_state_management@@A 0000000140051ab8     libucrtd:invalid_parameter.obj
 0003:00001ac0       ?internal_state@?1??_mbtowc_l@@9@4U_Mbstatet@@A 0000000140051ac0     libucrtd:mbtowc.obj
 0003:00001ad8       ?enable_percent_n@@3_KA    0000000140051ad8     libucrtd:printf_count_output.obj
 0003:00001f04       __acrt_error_mode          0000000140051f04     libucrtd:set_error_mode.obj
 0003:00001f20       ?fSystemSet@@3HA           0000000140051f20     libucrtd:mbctype.obj
 0003:00001f24       ?initialized@?1??__acrt_initialize_multibyte@@9@4_NA 0000000140051f24     libucrtd:mbctype.obj
 0003:00001f60       ?__acrt_lock_table@@3PAU_RTL_CRITICAL_SECTION@@A 0000000140051f60     libucrtd:locks.obj
 0003:00002190       ?__acrt_locks_initialized@@3IA 0000000140052190     libucrtd:locks.obj
 0003:00002194       ?state_cache@?1???$get_cached_win_policy@Udeveloper_information_policy_properties@?1??__acrt_get_developer_information_policy@@YA?AW4developer_information_policy@@XZ@@@YA?AW4developer_information_policy@@W4AppPolicyShowDeveloperDiagnostic@@@Z@4JA 0000000140052194     libucrtd:win_policies.obj
 0003:00002198       ?state_cache@?1???$get_cached_win_policy@Uwindowing_model_policy_properties@?1??__acrt_get_windowing_model_policy@@YA?AW4windowing_model_policy@@XZ@@@YA?AW4windowing_model_policy@@W4AppPolicyWindowingModel@@@Z@4JA 0000000140052198     libucrtd:win_policies.obj
 0003:000021a0       ?module_handles@@3PAPEAUHINSTANCE__@@A 00000001400521a0     libucrtd:winapi_thunks.obj
 0003:00002240       ?encoded_function_pointers@@3PAPEAXA 0000000140052240     libucrtd:winapi_thunks.obj
 0003:00002360       ?__acrt_new_handler@@3V?$dual_state_global@P6AH_K@Z@__crt_state_management@@A 0000000140052360     libucrtd:new_handler.obj
 0003:00002368       ?ctrlc_action@@3V?$dual_state_global@P6AXH@Z@__crt_state_management@@A 0000000140052368     libucrtd:signal.obj
 0003:00002370       ?ctrlbreak_action@@3V?$dual_state_global@P6AXH@Z@__crt_state_management@@A 0000000140052370     libucrtd:signal.obj
 0003:00002378       ?abort_action@@3V?$dual_state_global@P6AXH@Z@__crt_state_management@@A 0000000140052378     libucrtd:signal.obj
 0003:00002380       ?term_action@@3V?$dual_state_global@P6AXH@Z@__crt_state_management@@A 0000000140052380     libucrtd:signal.obj
 0003:000023a0       ?internal_pst@?1??__mbrtoc32_utf8@__crt_mbstring@@YA_KPEA_UPEBD_KPEAU_Mbstatet@@@Z@4U3@A 00000001400523a0     libucrtd:mbrtoc32.obj
 0003:000023b0       ?internal_pst@?1??__c16rtomb_utf8@__crt_mbstring@@YA_KPEAD_SPEAU_Mbstatet@@@Z@4U3@A 00000001400523b0     libucrtd:c16rtomb.obj
 0005:00000000       MoveSmall                  0000000140056000     libvcruntimed:memcpy.obj
 0005:00000040       MoveSmallYmm               0000000140056040     libvcruntimed:memcpy.obj
 0005:00000064       MoveSmallYmmNT             0000000140056064     libvcruntimed:memcpy.obj
 0005:00000088       MoveSmallXmm               0000000140056088     libvcruntimed:memcpy.obj
 0005:000000b0       MsetTab                    00000001400560b0     libvcruntimed:memset.obj
