 win32_made

 Timestamp is 61281c59 (Fri Aug 27 01:57:29 2021)

 Preferred load address is 0000000140000000

 Start         Length     Name                   Class
 0001:00000000 0003a980H .text$mn                CODE
 0001:0003a980 00000040H .text$mn$00             CODE
 0001:0003a9c0 0000067dH .text$x                 CODE
 0002:00000000 00000360H .idata$5                DATA
 0002:00000360 00000028H .00cfg                  DATA
 0002:00000388 00000008H .CRT$XCA                DATA
 0002:00000390 00000008H .CRT$XCAA               DATA
 0002:00000398 00000008H .CRT$XCZ                DATA
 0002:000003a0 00000008H .CRT$XIA                DATA
 0002:000003a8 00000008H .CRT$XIAA               DATA
 0002:000003b0 00000008H .CRT$XIAC               DATA
 0002:000003b8 00000020H .CRT$XIC                DATA
 0002:000003d8 00000008H .CRT$XIZ                DATA
 0002:000003e0 00000008H .CRT$XPA                DATA
 0002:000003e8 00000010H .CRT$XPX                DATA
 0002:000003f8 00000008H .CRT$XPXA               DATA
 0002:00000400 00000008H .CRT$XPZ                DATA
 0002:00000408 00000008H .CRT$XTA                DATA
 0002:00000410 00000010H .CRT$XTZ                DATA
 0002:00000418 00000000H .gehcont$y              DATA
 0002:00000418 00000000H .gfids$y                DATA
 0002:00000420 00010c60H .rdata                  DATA
 0002:00011080 00000000H .rdata$CastGuardVftablesA DATA
 0002:00011080 00000000H .rdata$CastGuardVftablesC DATA
 0002:00011080 0000016cH .rdata$r                DATA
 0002:000111ec 00000124H .rdata$voltmd           DATA
 0002:00011310 00000338H .rdata$zzzdbg           DATA
 0002:00011648 00000008H .rtc$IAA                DATA
 0002:00011650 00000008H .rtc$IZZ                DATA
 0002:00011658 00000008H .rtc$TAA                DATA
 0002:00011660 00000010H .rtc$TZZ                DATA
 0002:00011670 000011b8H .xdata                  DATA
 0002:00012828 00000084H .xdata$x                DATA
 0002:000128ac 00000000H .edata                  DATA
 0002:000128ac 00000050H .idata$2                DATA
 0002:000128fc 00000014H .idata$3                DATA
 0002:00012910 00000360H .idata$4                DATA
 0002:00012c70 0000076eH .idata$6                DATA
 0003:00000000 00000a70H .data                   DATA
 0003:00000a70 00000050H .data$r                 DATA
 0003:00000ac0 00000020H .data$rs                DATA
 0003:00000ae0 000018d0H .bss                    DATA
 0004:00000000 00002f70H .pdata                  DATA
 0005:00000000 000000f4H _RDATA                  DATA

  Address         Publics by Value              Rva+Base               Lib:Object

 0000:00000000       __x64_code_ranges_to_entry_points_count 0000000000000000     <absolute>
 0000:00000000       __arm64x_redirection_metadata 0000000000000000     <absolute>
 0000:00000000       __guard_iat_table          0000000000000000     <absolute>
 0000:00000000       __guard_iat_count          0000000000000000     <absolute>
 0000:00000000       __guard_longjmp_count      0000000000000000     <absolute>
 0000:00000000       __guard_longjmp_table      0000000000000000     <absolute>
 0000:00000000       __x64_code_ranges_to_entry_points 0000000000000000     <absolute>
 0000:00000000       __dynamic_value_reloc_table 0000000000000000     <absolute>
 0000:00000000       __hybrid_auxiliary_iat     0000000000000000     <absolute>
 0000:00000000       __hybrid_auxiliary_iat_copy 0000000000000000     <absolute>
 0000:00000000       __guard_fids_count         0000000000000000     <absolute>
 0000:00000000       ___safe_se_handler_table   0000000000000000     <absolute>
 0000:00000000       __arm64x_extra_rfe_table   0000000000000000     <absolute>
 0000:00000000       __AbsoluteZero             0000000000000000     <absolute>
 0000:00000000       __hybrid_code_map          0000000000000000     <absolute>
 0000:00000000       __arm64x_extra_rfe_table_size 0000000000000000     <absolute>
 0000:00000000       ___safe_se_handler_count   0000000000000000     <absolute>
 0000:00000000       __guard_check_icall_a64n_fptr 0000000000000000     <absolute>
 0000:00000000       __guard_fids_table         0000000000000000     <absolute>
 0000:00000000       __guard_eh_cont_count      0000000000000000     <absolute>
 0000:00000000       __arm64x_redirection_metadata_count 0000000000000000     <absolute>
 0000:00000000       __enclave_config           0000000000000000     <absolute>
 0000:00000000       __guard_eh_cont_table      0000000000000000     <absolute>
 0000:00000000       __arm64x_native_entrypoint 0000000000000000     <absolute>
 0000:00000000       __hybrid_code_map_count    0000000000000000     <absolute>
 0000:00000100       __guard_flags              0000000000000100     <absolute>
 0000:00000000       __ImageBase                0000000140000000     <linker-defined>
 0001:00000000       WinMain                    0000000140001000 f   win32_made.obj
 0001:00001730       ?PushSize_@@YAPEAXPEAUmemory_arena@@_K@Z 0000000140002730 f   win32_made.obj
 0001:000017a0       ?XInputGetStateStub@@YAKKPEAU_XINPUT_STATE@@@Z 00000001400027a0 f   win32_made.obj
 0001:000017c0       ?XInputSetStateStub@@YAKKPEAU_XINPUT_VIBRATION@@@Z 00000001400027c0 f   win32_made.obj
 0001:00001a40       ?DEBUGPlatformFreeFileMemory@@YAXPEAUthread_context@@PEAX@Z 0000000140002a40 f   win32_made.obj
 0001:00001a80       ?DEBUGPlatformReadEntireFile@@YA?AUdebug_read_file_result@@PEAUthread_context@@PEAD@Z 0000000140002a80 f   win32_made.obj
 0001:00001be0       ?DEBUGPlatformWriteEntireFile@@YAHPEAUthread_context@@PEADIPEAX@Z 0000000140002be0 f   win32_made.obj
 0001:000032f0       ?GetController@@YAPEAUgame_controller_input@@PEAUgame_input@@I@Z 00000001400042f0 f i win32_made.obj
 0001:00003340       ?SafeTruncateUInt64@@YAI_K@Z 0000000140004340 f i win32_made.obj
 0001:00003370       ?Win32GetLastWriteTime@@YA?AU_FILETIME@@PEAD@Z 0000000140004370 f i win32_made.obj
 0001:000033e0       ?Win32GetSecondsElapsed@@YAMT_LARGE_INTEGER@@0@Z 00000001400043e0 f i win32_made.obj
 0001:00003420       ?Win32GetWallClock@@YA?AT_LARGE_INTEGER@@XZ 0000000140004420 f i win32_made.obj
 0001:00003440       __GSHandlerCheck           0000000140004440 f   LIBCMTD:gshandler.obj
 0001:00003480       __GSHandlerCheckCommon     0000000140004480 f   LIBCMTD:gshandler.obj
 0001:00003590       __chkstk                   0000000140004590 f   LIBCMTD:chkstk.obj
 0001:00003590       _alloca_probe              0000000140004590 f   LIBCMTD:chkstk.obj
 0001:000035f0       __security_check_cookie    00000001400045f0 f   LIBCMTD:amdsecgs.obj
 0001:000038c0       ?configure_argv@__scrt_narrow_argv_policy@@SAHXZ 00000001400048c0 f i LIBCMTD:exe_winmain.obj
 0001:000038e0       ?initialize_environment@__scrt_narrow_environment_policy@@SAHXZ 00000001400048e0 f i LIBCMTD:exe_winmain.obj
 0001:00003930       ?set_app_type@__scrt_winmain_policy@@SAXXZ 0000000140004930 f i LIBCMTD:exe_winmain.obj
 0001:00003950       ?set_commode@__scrt_file_policy@@SAXXZ 0000000140004950 f i LIBCMTD:exe_winmain.obj
 0001:00003970       ?set_fmode@__scrt_file_policy@@SAXXZ 0000000140004970 f i LIBCMTD:exe_winmain.obj
 0001:00003990       WinMainCRTStartup          0000000140004990 f   LIBCMTD:exe_winmain.obj
 0001:000039b0       __raise_securityfailure    00000001400049b0 f   LIBCMTD:gs_report.obj
 0001:000039f0       __report_gsfailure         00000001400049f0 f   LIBCMTD:gs_report.obj
 0001:00003ad0       __report_rangecheckfailure 0000000140004ad0 f   LIBCMTD:gs_report.obj
 0001:00003af0       __report_securityfailure   0000000140004af0 f   LIBCMTD:gs_report.obj
 0001:00003e50       NtCurrentTeb               0000000140004e50 f i LIBCMTD:utility.obj
 0001:00003e60       __scrt_acquire_startup_lock 0000000140004e60 f   LIBCMTD:utility.obj
 0001:00003ed0       __scrt_initialize_crt      0000000140004ed0 f   LIBCMTD:utility.obj
 0001:00003f20       __scrt_initialize_onexit_tables 0000000140004f20 f   LIBCMTD:utility.obj
 0001:00004030       __scrt_is_nonwritable_in_current_image 0000000140005030 f   LIBCMTD:utility.obj
 0001:000040c0       __scrt_release_startup_lock 00000001400050c0 f   LIBCMTD:utility.obj
 0001:000040f0       __scrt_uninitialize_crt    00000001400050f0 f   LIBCMTD:utility.obj
 0001:00004130       _onexit                    0000000140005130 f   LIBCMTD:utility.obj
 0001:000041b0       atexit                     00000001400051b0 f   LIBCMTD:utility.obj
 0001:000042b0       __security_init_cookie     00000001400052b0 f   LIBCMTD:gs_support.obj
 0001:00004330       _matherr                   0000000140005330 f   LIBCMTD:matherr.obj
 0001:00004330       ?get_current_state_index@__crt_state_management@@YA_KAEBV__crt_scoped_get_last_error_reset@@@Z 0000000140005330 f   libucrtd:per_thread_data.obj
 0001:00004340       _get_startup_argv_mode     0000000140005340 f   LIBCMTD:argv_mode.obj
 0001:00004350       __scrt_initialize_winrt    0000000140005350 f   LIBCMTD:utility_desktop.obj
 0001:00004350       _get_startup_thread_locale_mode 0000000140005350 f   LIBCMTD:thread_locale.obj
 0001:00004350       ?get_invalid_value@__crt_hmodule_traits@@SAPEAUHINSTANCE__@@XZ 0000000140005350 f   libucrtd:exit.obj
 0001:00004350       ?get_current_state_index@__crt_state_management@@YA_KXZ 0000000140005350 f   libucrtd:matherr.obj
 0001:00004350       _get_startup_new_mode      0000000140005350 f   LIBCMTD:new_mode.obj
 0001:00004350       __scrt_exe_initialize_mta  0000000140005350 f   LIBCMTD:utility_desktop.obj
 0001:00004350       __scrt_stub_for_initialize_mta 0000000140005350 f   LIBCMTD:utility_desktop.obj
 0001:00004350       _get_startup_commit_mode   0000000140005350 f   LIBCMTD:commit_mode.obj
 0001:00004360       _get_startup_file_mode     0000000140005360 f   LIBCMTD:file_mode.obj
 0001:00004370       ?__scrt_initialize_type_info@@YAXXZ 0000000140005370 f   LIBCMTD:tncleanup.obj
 0001:00004390       _should_initialize_environment 0000000140005390 f   LIBCMTD:env_mode.obj
 0001:000043a0       _initialize_invalid_parameter_handler 00000001400053a0 f   LIBCMTD:invalid_parameter_handler.obj
 0001:000043a0       _initialize_denormal_control 00000001400053a0 f   LIBCMTD:denormal_control.obj
 0001:000043b0       __local_stdio_printf_options 00000001400053b0 f i LIBCMTD:default_local_stdio_options.obj
 0001:000043c0       __local_stdio_scanf_options 00000001400053c0 f i LIBCMTD:default_local_stdio_options.obj
 0001:000043d0       __scrt_initialize_default_local_stdio_options 00000001400053d0 f   LIBCMTD:default_local_stdio_options.obj
 0001:00004420       __scrt_is_user_matherr_present 0000000140005420 f   LIBCMTD:matherr_detection.obj
 0001:00004450       __scrt_get_dyn_tls_init_callback 0000000140005450 f   LIBCMTD:dyn_tls_init.obj
 0001:00004460       __scrt_get_dyn_tls_dtor_callback 0000000140005460 f   LIBCMTD:dyn_tls_dtor.obj
 0001:00004470       __crt_debugger_hook        0000000140005470 f   LIBCMTD:utility_desktop.obj
 0001:00004480       __scrt_fastfail            0000000140005480 f   LIBCMTD:utility_desktop.obj
 0001:00004620       __scrt_get_show_window_mode 0000000140005620 f   LIBCMTD:utility_desktop.obj
 0001:00004680       __scrt_initialize_mta      0000000140005680 f   LIBCMTD:utility_desktop.obj
 0001:00004690       __scrt_is_managed_app      0000000140005690 f   LIBCMTD:utility_desktop.obj
 0001:00004740       __scrt_set_unhandled_exception_filter 0000000140005740 f   LIBCMTD:utility_desktop.obj
 0001:00004760       __scrt_unhandled_exception_filter 0000000140005760 f   LIBCMTD:utility_desktop.obj
 0001:00004800       _RTC_Initialize            0000000140005800 f   LIBCMTD:initsect.obj
 0001:00004850       _RTC_Terminate             0000000140005850 f   LIBCMTD:initsect.obj
 0001:000048a0       ??1scoped_global_state_reset@__crt_state_management@@QEAA@XZ 00000001400058a0 f i libucrtd:onexit.obj
 0001:000048a0       ??1?$__crt_simd_cleanup_guard@$0A@@@QEAA@XZ 00000001400058a0 f i libucrtd:strnlen.obj
 0001:000048a0       _guard_check_icall_nop     00000001400058a0 f i LIBCMTD:guard_support.obj
 0001:000048b0       ReadNoFence64              00000001400058b0 f i LIBCMTD:guard_support.obj
 0001:000048d0       ReadPointerNoFence         00000001400058d0 f i LIBCMTD:guard_support.obj
 0001:000048f0       _guard_icall_checks_enforced 00000001400058f0 f i LIBCMTD:guard_support.obj
 0001:00004930       __isa_available_init       0000000140005930 f   LIBCMTD:cpu_disp.obj
 0001:00004cd0       __scrt_is_ucrt_dll_in_use  0000000140005cd0 f   LIBCMTD:ucrt_detection.obj
 0001:00004d00       __C_specific_handler       0000000140005d00 f   libvcruntimed:riscchandler.obj
 0001:00005170       __vcrt_initialize          0000000140006170 f   libvcruntimed:initialization.obj
 0001:000051b0       __vcrt_uninitialize        00000001400061b0 f   libvcruntimed:initialization.obj
 0001:000051d0       ??$?RD@__crt_internal_free_policy@@QEBAXQEBD@Z 00000001400061d0 f i libvcruntimed:std_type_info.obj
 0001:000051d0       ??$?RU__vcrt_ptd@@@__crt_internal_free_policy@@QEBAXQEBU__vcrt_ptd@@@Z 00000001400061d0 f i libvcruntimed:per_thread_data.obj
 0001:000051d0       ??$?RU__crt_multibyte_data@@@__crt_internal_free_policy@@QEBAXQEBU__crt_multibyte_data@@@Z 00000001400061d0 f i libucrtd:wsetlocale.obj
 0001:000051d0       ??$?RPEAD@__crt_internal_free_policy@@QEBAXQEBQEAD@Z 00000001400061d0 f i libucrtd:argv_parsing.obj
 0001:000051d0       ??$?RU__acrt_ptd@@@__crt_internal_free_policy@@QEBAXQEBU__acrt_ptd@@@Z 00000001400061d0 f i libucrtd:per_thread_data.obj
 0001:000051d0       ??$?RU__crt_lowio_handle_data@@@__crt_internal_free_policy@@QEBAXQEBU__crt_lowio_handle_data@@@Z 00000001400061d0 f i libucrtd:osfinfo.obj
 0001:000051d0       ??$?RE@__crt_internal_free_policy@@QEBAXQEBE@Z 00000001400061d0 f i libucrtd:argv_parsing.obj
 0001:000051d0       ??$?RP6AXXZ@__crt_internal_free_policy@@QEBAXQEBQ6AXXZ@Z 00000001400061d0 f i libucrtd:onexit.obj
 0001:000051d0       ??$?RPEAU__crt_stdio_stream_data@@@__crt_internal_free_policy@@QEBAXQEBQEAU__crt_stdio_stream_data@@@Z 00000001400061d0 f i libucrtd:_file.obj
 0001:00005200       ??0?$__crt_unique_handle_t@U__crt_findfile_traits@@@@QEAA@QEAX@Z 0000000140006200 f i libucrtd:argv_wildcards.obj
 0001:00005200       ??0?$__crt_unique_heap_ptr@EU__crt_internal_free_policy@@@@QEAA@QEAE@Z 0000000140006200 f i libucrtd:argv_parsing.obj
 0001:00005200       ??0?$__crt_unique_handle_t@U__crt_hmodule_traits@@@@QEAA@QEAUHINSTANCE__@@@Z 0000000140006200 f i libucrtd:exit.obj
 0001:00005200       ??0?$__crt_unique_heap_ptr@P6AXXZU__crt_internal_free_policy@@@@QEAA@QEAP6AXXZ@Z 0000000140006200 f i libucrtd:onexit.obj
 0001:00005200       ??0?$__crt_scoped_stack_ptr@_W@@QEAA@U?$__crt_scoped_stack_ptr_tag@_W@@@Z 0000000140006200 f i libucrtd:getstringtypea.obj
 0001:00005200       ??0?$__crt_unique_heap_ptr@DU__crt_internal_free_policy@@@@QEAA@QEAD@Z 0000000140006200 f i libvcruntimed:std_type_info.obj
 0001:00005200       ??0__crt_stdio_stream@@QEAA@QEAU__crt_stdio_stream_data@@@Z 0000000140006200 f i libucrtd:fflush.obj
 0001:00005200       ??0__crt_stdio_stream@@QEAA@QEAU_iobuf@@@Z 0000000140006200 f i libucrtd:output.obj
 0001:00005200       ??0?$__crt_unique_heap_ptr@DU__crt_public_free_policy@@@@QEAA@QEAD@Z 0000000140006200 f i libvcruntimed:std_exception.obj
 0001:00005200       ??0?$__crt_unique_heap_ptr@PEAU__crt_stdio_stream_data@@U__crt_internal_free_policy@@@@QEAA@QEAPEAU__crt_stdio_stream_data@@@Z 0000000140006200 f i libucrtd:_file.obj
 0001:00005200       ??0?$string_output_adapter@D@__crt_stdio_output@@QEAA@QEAU?$string_output_adapter_context@D@1@@Z 0000000140006200 f i libucrtd:output.obj
 0001:00005200       ??0?$__crt_unique_heap_ptr@U__acrt_ptd@@U__crt_internal_free_policy@@@@QEAA@QEAU__acrt_ptd@@@Z 0000000140006200 f i libucrtd:per_thread_data.obj
 0001:00005200       ??0?$__crt_unique_heap_ptr@U__vcrt_ptd@@U__crt_internal_free_policy@@@@QEAA@QEAU__vcrt_ptd@@@Z 0000000140006200 f i libvcruntimed:per_thread_data.obj
 0001:00005200       ??0?$__crt_unique_heap_ptr@PEADU__crt_internal_free_policy@@@@QEAA@QEAPEAD@Z 0000000140006200 f i libucrtd:argv_parsing.obj
 0001:00005200       ??0?$__crt_scoped_stack_ptr_tag@_W@@QEAA@QEA_W@Z 0000000140006200 f i libucrtd:getstringtypea.obj
 0001:00005200       ??0?$__crt_unique_heap_ptr@U__crt_multibyte_data@@U__crt_internal_free_policy@@@@QEAA@QEAU__crt_multibyte_data@@@Z 0000000140006200 f i libucrtd:wsetlocale.obj
 0001:00005200       ??0?$__crt_unique_heap_ptr@U__crt_lowio_handle_data@@U__crt_internal_free_policy@@@@QEAA@QEAU__crt_lowio_handle_data@@@Z 0000000140006200 f i libucrtd:osfinfo.obj
 0001:00005200       ??0?$string_output_adapter@_W@__crt_stdio_output@@QEAA@QEAU?$string_output_adapter_context@_W@1@@Z 0000000140006200 f i libucrtd:output.obj
 0001:00005220       ??1?$__crt_unique_heap_ptr@U__acrt_ptd@@U__crt_internal_free_policy@@@@QEAA@XZ 0000000140006220 f i libucrtd:per_thread_data.obj
 0001:00005220       ??1?$__crt_unique_heap_ptr@P6AXXZU__crt_internal_free_policy@@@@QEAA@XZ 0000000140006220 f i libucrtd:onexit.obj
 0001:00005220       ??1?$__crt_unique_heap_ptr@DU__crt_internal_free_policy@@@@QEAA@XZ 0000000140006220 f i libvcruntimed:std_type_info.obj
 0001:00005220       ??1?$__crt_unique_heap_ptr@U__crt_multibyte_data@@U__crt_internal_free_policy@@@@QEAA@XZ 0000000140006220 f i libucrtd:wsetlocale.obj
 0001:00005220       ??1?$__crt_unique_heap_ptr@PEADU__crt_internal_free_policy@@@@QEAA@XZ 0000000140006220 f i libucrtd:argv_parsing.obj
 0001:00005220       ??1?$__crt_unique_heap_ptr@PEAU__crt_stdio_stream_data@@U__crt_internal_free_policy@@@@QEAA@XZ 0000000140006220 f i libucrtd:_file.obj
 0001:00005220       ??1?$__crt_unique_heap_ptr@U__crt_lowio_handle_data@@U__crt_internal_free_policy@@@@QEAA@XZ 0000000140006220 f i libucrtd:osfinfo.obj
 0001:00005220       ??1?$__crt_unique_heap_ptr@U__vcrt_ptd@@U__crt_internal_free_policy@@@@QEAA@XZ 0000000140006220 f i libvcruntimed:per_thread_data.obj
 0001:00005220       ??1?$__crt_unique_heap_ptr@EU__crt_internal_free_policy@@@@QEAA@XZ 0000000140006220 f i libucrtd:argv_parsing.obj
 0001:00005240       ??B?$__crt_unique_heap_ptr@U__crt_multibyte_data@@U__crt_internal_free_policy@@@@QEBA_NXZ 0000000140006240 f i libucrtd:wsetlocale.obj
 0001:00005240       ??B?$__crt_unique_heap_ptr@U__crt_lowio_handle_data@@U__crt_internal_free_policy@@@@QEBA_NXZ 0000000140006240 f i libucrtd:osfinfo.obj
 0001:00005240       ??B?$__crt_unique_heap_ptr@EU__crt_internal_free_policy@@@@QEBA_NXZ 0000000140006240 f i libucrtd:argv_parsing.obj
 0001:00005240       ??B?$__crt_unique_heap_ptr@DU__crt_internal_free_policy@@@@QEBA_NXZ 0000000140006240 f i libvcruntimed:std_type_info.obj
 0001:00005240       ??B?$__crt_unique_heap_ptr@U__acrt_ptd@@U__crt_internal_free_policy@@@@QEBA_NXZ 0000000140006240 f i libucrtd:per_thread_data.obj
 0001:00005240       ??B?$__crt_unique_heap_ptr@DU__crt_public_free_policy@@@@QEBA_NXZ 0000000140006240 f i libvcruntimed:std_exception.obj
 0001:00005240       ??B?$__crt_unique_heap_ptr@U__vcrt_ptd@@U__crt_internal_free_policy@@@@QEBA_NXZ 0000000140006240 f i libvcruntimed:per_thread_data.obj
 0001:00005260       ?__crt_interlocked_read_64@@YA_JPED_J@Z 0000000140006260 f i libvcruntimed:std_type_info.obj
 0001:00005280       ?get@?$__crt_unique_heap_ptr@U__acrt_ptd@@U__crt_internal_free_policy@@@@QEBAPEAU__acrt_ptd@@XZ 0000000140006280 f i libucrtd:per_thread_data.obj
 0001:00005280       ?public_stream@__crt_stdio_stream@@QEBAPEAU_iobuf@@XZ 0000000140006280 f i libucrtd:output.obj
 0001:00005280       ?get@?$__crt_unique_heap_ptr@DU__crt_public_free_policy@@@@QEBAPEADXZ 0000000140006280 f i libvcruntimed:std_exception.obj
 0001:00005280       ?get@?$__crt_unique_handle_t@U__crt_findfile_traits@@@@QEBAPEAXXZ 0000000140006280 f i libucrtd:argv_wildcards.obj
 0001:00005280       ?get@?$__crt_unique_heap_ptr@PEADU__crt_internal_free_policy@@@@QEBAPEAPEADXZ 0000000140006280 f i libucrtd:argv_parsing.obj
 0001:00005280       ?get@?$__crt_unique_heap_ptr@DU__crt_internal_free_policy@@@@QEBAPEADXZ 0000000140006280 f i libvcruntimed:std_type_info.obj
 0001:00005280       ?save_state@?$c_string_character_source@_W@__crt_strtox@@QEBAPEB_WXZ 0000000140006280 f i libucrtd:atox.obj
 0001:00005280       ?get@?$__crt_scoped_stack_ptr@_W@@QEBAPEA_WXZ 0000000140006280 f i libucrtd:getstringtypea.obj
 0001:00005280       ??C__crt_stdio_stream@@QEBAPEAU__crt_stdio_stream_data@@XZ 0000000140006280 f i libucrtd:output.obj
 0001:00005280       ?get@?$__crt_unique_handle_t@U__crt_hmodule_traits@@@@QEBAPEAUHINSTANCE__@@XZ 0000000140006280 f i libucrtd:exit.obj
 0001:00005280       ?get@?$__crt_unique_heap_ptr@EU__crt_internal_free_policy@@@@QEBAPEAEXZ 0000000140006280 f i libucrtd:argv_parsing.obj
 0001:00005280       ?save_state@?$c_string_character_source@D@__crt_strtox@@QEBAPEBDXZ 0000000140006280 f i libucrtd:atox.obj
 0001:00005280       ?get@?$__crt_unique_heap_ptr@U__crt_multibyte_data@@U__crt_internal_free_policy@@@@QEBAPEAU__crt_multibyte_data@@XZ 0000000140006280 f i libucrtd:wsetlocale.obj
 0001:00005280       ?get@?$__crt_unique_heap_ptr@U__crt_lowio_handle_data@@U__crt_internal_free_policy@@@@QEBAPEAU__crt_lowio_handle_data@@XZ 0000000140006280 f i libucrtd:osfinfo.obj
 0001:00005280       ?get@?$__crt_unique_heap_ptr@U__vcrt_ptd@@U__crt_internal_free_policy@@@@QEBAPEAU__vcrt_ptd@@XZ 0000000140006280 f i libvcruntimed:per_thread_data.obj
 0001:00005290       ?is_valid@?$__crt_unique_heap_ptr@DU__crt_internal_free_policy@@@@QEBA_NXZ 0000000140006290 f i libvcruntimed:std_type_info.obj
 0001:00005290       ??B?$__crt_scoped_stack_ptr@_W@@QEBA_NXZ 0000000140006290 f i libucrtd:lcmapstringa.obj
 0001:00005290       ?is_valid@?$__crt_unique_heap_ptr@DU__crt_public_free_policy@@@@QEBA_NXZ 0000000140006290 f i libvcruntimed:std_exception.obj
 0001:00005290       ?is_valid@?$__crt_unique_heap_ptr@U__crt_multibyte_data@@U__crt_internal_free_policy@@@@QEBA_NXZ 0000000140006290 f i libucrtd:wsetlocale.obj
 0001:00005290       ?valid@__crt_stdio_stream@@QEBA_NXZ 0000000140006290 f i libucrtd:output.obj
 0001:00005290       ?is_valid@?$__crt_unique_heap_ptr@U__crt_lowio_handle_data@@U__crt_internal_free_policy@@@@QEBA_NXZ 0000000140006290 f i libucrtd:osfinfo.obj
 0001:00005290       ?is_valid@?$__crt_unique_heap_ptr@U__acrt_ptd@@U__crt_internal_free_policy@@@@QEBA_NXZ 0000000140006290 f i libucrtd:per_thread_data.obj
 0001:00005290       ?is_valid@?$__crt_unique_heap_ptr@U__vcrt_ptd@@U__crt_internal_free_policy@@@@QEBA_NXZ 0000000140006290 f i libvcruntimed:per_thread_data.obj
 0001:00005290       ?is_valid@?$__crt_unique_heap_ptr@EU__crt_internal_free_policy@@@@QEBA_NXZ 0000000140006290 f i libucrtd:argv_parsing.obj
 0001:000052c0       ?release@?$__crt_unique_heap_ptr@PEADU__crt_internal_free_policy@@@@QEAAXXZ 00000001400062c0 f i libucrtd:argv_parsing.obj
 0001:000052c0       ?release@?$__crt_unique_heap_ptr@U__vcrt_ptd@@U__crt_internal_free_policy@@@@QEAAXXZ 00000001400062c0 f i libvcruntimed:per_thread_data.obj
 0001:000052c0       ?release@?$__crt_unique_heap_ptr@U__crt_multibyte_data@@U__crt_internal_free_policy@@@@QEAAXXZ 00000001400062c0 f i libucrtd:wsetlocale.obj
 0001:000052c0       ?release@?$__crt_unique_heap_ptr@EU__crt_internal_free_policy@@@@QEAAXXZ 00000001400062c0 f i libucrtd:argv_parsing.obj
 0001:000052c0       ?release@?$__crt_unique_heap_ptr@DU__crt_internal_free_policy@@@@QEAAXXZ 00000001400062c0 f i libvcruntimed:std_type_info.obj
 0001:000052c0       ?release@?$__crt_unique_heap_ptr@U__acrt_ptd@@U__crt_internal_free_policy@@@@QEAAXXZ 00000001400062c0 f i libucrtd:per_thread_data.obj
 0001:000052c0       ?release@?$__crt_unique_heap_ptr@U__crt_lowio_handle_data@@U__crt_internal_free_policy@@@@QEAAXXZ 00000001400062c0 f i libucrtd:osfinfo.obj
 0001:000052c0       ?release@?$__crt_unique_heap_ptr@P6AXXZU__crt_internal_free_policy@@@@QEAAXXZ 00000001400062c0 f i libucrtd:onexit.obj
 0001:000052c0       ?release@?$__crt_unique_heap_ptr@PEAU__crt_stdio_stream_data@@U__crt_internal_free_policy@@@@QEAAXXZ 00000001400062c0 f i libucrtd:_file.obj
 0001:000052f0       __std_type_info_compare    00000001400062f0 f   libvcruntimed:std_type_info.obj
 0001:00005330       __DestructExceptionObject  0000000140006330 f   libvcruntimed:ehhelpers.obj
 0001:00005430       ?_CallMemberFunction0@@YAXQEAX0@Z 0000000140006430 f i libvcruntimed:ehhelpers.obj
 0001:00005500       _IsExceptionObjectToBeDestroyed 0000000140006500 f   libvcruntimed:ehhelpers.obj
 0001:00005550       __AdjustPointer            0000000140006550 f   libvcruntimed:ehhelpers.obj
 0001:000055d0       __FrameUnwindFilter        00000001400065d0 f   libvcruntimed:ehhelpers.obj
 0001:00005680       __current_exception        0000000140006680 f   libvcruntimed:ehhelpers.obj
 0001:000056a0       __current_exception_context 00000001400066a0 f   libvcruntimed:ehhelpers.obj
 0001:000056d0       _NLG_Notify                00000001400066d0 f   libvcruntimed:notify.obj
 0001:000056f0       __NLG_Dispatch2            00000001400066f0 f   libvcruntimed:notify.obj
 0001:00005700       __NLG_Return2              0000000140006700 f   libvcruntimed:notify.obj
 0001:00005710       __except_validate_context_record 0000000140006710 f   libvcruntimed:jbcxrval.obj
 0001:000057b0       ?detach@?$__crt_unique_heap_ptr@U__vcrt_ptd@@U__crt_internal_free_policy@@@@QEAAPEAU__vcrt_ptd@@XZ 00000001400067b0 f i libvcruntimed:per_thread_data.obj
 0001:000057b0       ?detach@?$__crt_unique_heap_ptr@PEADU__crt_internal_free_policy@@@@QEAAPEAPEADXZ 00000001400067b0 f i libucrtd:argv_parsing.obj
 0001:000057b0       ?detach@?$__crt_unique_heap_ptr@PEAU__crt_stdio_stream_data@@U__crt_internal_free_policy@@@@QEAAPEAPEAU__crt_stdio_stream_data@@XZ 00000001400067b0 f i libucrtd:_file.obj
 0001:000057b0       ?detach@?$__crt_unique_heap_ptr@U__crt_multibyte_data@@U__crt_internal_free_policy@@@@QEAAPEAU__crt_multibyte_data@@XZ 00000001400067b0 f i libucrtd:wsetlocale.obj
 0001:000057b0       ?detach@?$__crt_unique_heap_ptr@DU__crt_public_free_policy@@@@QEAAPEADXZ 00000001400067b0 f i libvcruntimed:std_exception.obj
 0001:000057b0       ?detach@?$__crt_unique_heap_ptr@EU__crt_internal_free_policy@@@@QEAAPEAEXZ 00000001400067b0 f i libucrtd:argv_parsing.obj
 0001:000057b0       ?detach@?$__crt_unique_heap_ptr@U__acrt_ptd@@U__crt_internal_free_policy@@@@QEAAPEAU__acrt_ptd@@XZ 00000001400067b0 f i libucrtd:per_thread_data.obj
 0001:000057b0       ?detach@?$__crt_unique_heap_ptr@P6AXXZU__crt_internal_free_policy@@@@QEAAPEAP6AXXZXZ 00000001400067b0 f i libucrtd:onexit.obj
 0001:000057b0       ?detach@?$__crt_unique_heap_ptr@U__crt_lowio_handle_data@@U__crt_internal_free_policy@@@@QEAAPEAU__crt_lowio_handle_data@@XZ 00000001400067b0 f i libucrtd:osfinfo.obj
 0001:00005820       __vcrt_freefls             0000000140006820 f   libvcruntimed:per_thread_data.obj
 0001:00005860       __vcrt_getptd              0000000140006860 f   libvcruntimed:per_thread_data.obj
 0001:00005890       __vcrt_getptd_noexit       0000000140006890 f   libvcruntimed:per_thread_data.obj
 0001:00005a30       __vcrt_initialize_ptd      0000000140006a30 f   libvcruntimed:per_thread_data.obj
 0001:00005a80       __vcrt_uninitialize_ptd    0000000140006a80 f   libvcruntimed:per_thread_data.obj
 0001:00005ab0       __vcrt_initialize_locks    0000000140006ab0 f   libvcruntimed:locks.obj
 0001:00005b20       __vcrt_uninitialize_locks  0000000140006b20 f   libvcruntimed:locks.obj
 0001:00005b80       _vsprintf_s_l              0000000140006b80 f i libvcruntimed:undname.obj
 0001:00005bf0       sprintf_s                  0000000140006bf0 f i libvcruntimed:undname.obj
 0001:00005c50       ??$__crt_interlocked_exchange_pointer@XPEAX@@YAPEAXPEDSEAXQEAX@Z 0000000140006c50 f i libvcruntimed:winapi_downlevel.obj
 0001:00005c50       ??$__crt_interlocked_exchange_pointer@UHINSTANCE__@@PEAU1@@@YAPEAUHINSTANCE__@@PEDSEAU0@QEAU0@@Z 0000000140006c50 f i libvcruntimed:winapi_downlevel.obj
 0001:00005c50       ??$__crt_interlocked_exchange_pointer@UHINSTANCE__@@PEAX@@YAPEAUHINSTANCE__@@PEDSEAU0@QEAX@Z 0000000140006c50 f i libvcruntimed:winapi_downlevel.obj
 0001:00005c70       ??$__crt_interlocked_read_pointer@UHINSTANCE__@@@@YAPEAUHINSTANCE__@@PEDSEAU0@@Z 0000000140006c70 f i libvcruntimed:winapi_downlevel.obj
 0001:00005c70       ??$__crt_interlocked_read_pointer@X@@YAPEAXPEDSEAX@Z 0000000140006c70 f i libvcruntimed:winapi_downlevel.obj
 0001:00005c90       ?get_invalid_value@__crt_findfile_traits@@SAPEAXXZ 0000000140006c90 f   libucrtd:argv_wildcards.obj
 0001:00006180       __vcrt_FlsAlloc            0000000140007180 f   libvcruntimed:winapi_downlevel.obj
 0001:000061d0       __vcrt_FlsFree             00000001400071d0 f   libvcruntimed:winapi_downlevel.obj
 0001:00006220       __vcrt_FlsGetValue         0000000140007220 f   libvcruntimed:winapi_downlevel.obj
 0001:00006270       __vcrt_FlsSetValue         0000000140007270 f   libvcruntimed:winapi_downlevel.obj
 0001:000062d0       __vcrt_InitializeCriticalSectionEx 00000001400072d0 f   libvcruntimed:winapi_downlevel.obj
 0001:00006350       memcpy_repmovs             0000000140007350 f   libvcruntimed:memcpy.obj
 0001:00006370       memmove                    0000000140007370 f   libvcruntimed:memcpy.obj
 0001:00006370       memcpy                     0000000140007370 f   libvcruntimed:memcpy.obj
 0001:000069f0       ??$?0AEAViterator@TryBlockMap@__FrameHandler3@@AEAV012@$0A@@?$pair@Viterator@TryBlockMap@__FrameHandler3@@V123@@std@@QEAA@AEAViterator@TryBlockMap@__FrameHandler3@@0@Z 00000001400079f0 f i libvcruntimed:risctrnsctrl.obj
 0001:00006b00       ??$_CallSETranslator@V__FrameHandler3@@@@YAHPEAUEHExceptionRecord@@PEA_KPEAU_CONTEXT@@PEAU_xDISPATCHER_CONTEXT@@PEBU_s_FuncInfo@@K1H@Z 0000000140007b00 f i libvcruntimed:risctrnsctrl.obj
 0001:00006b90       ?debug_info@?$__crt_win32_buffer@DU__crt_win32_buffer_no_resizing@@@@QEBAAEBV__crt_win32_buffer_empty_debug_info@@XZ 0000000140007b90 f i libucrtd:getmodulefilenamea.obj
 0001:00006b90       ?get_address_of@?$__crt_unique_handle_t@U__crt_hmodule_traits@@@@QEAAPEAPEAUHINSTANCE__@@XZ 0000000140007b90 f i libucrtd:exit.obj
 0001:00006b90       ?get_address_of@?$__crt_unique_heap_ptr@PEADU__crt_internal_free_policy@@@@QEAAPEAPEAPEADXZ 0000000140007b90 f i libucrtd:argv_parsing.obj
 0001:00006b90       ?dangerous_get_state_array@?$dual_state_global@PEAU__crt_locale_data@@@__crt_state_management@@QEAAPEAPEAU__crt_locale_data@@XZ 0000000140007b90 f i libucrtd:per_thread_data.obj
 0001:00006b90       ?debug_info@?$__crt_win32_buffer@DU__crt_win32_buffer_internal_dynamic_resizing@@@@QEBAAEBV__crt_win32_buffer_empty_debug_info@@XZ 0000000140007b90 f i libucrtd:argv_wildcards.obj
 0001:00006b90       ?dangerous_get_state_array@?$dual_state_global@H@__crt_state_management@@QEAAPEAHXZ 0000000140007b90 f i libucrtd:txtmode.obj
 0001:00006b90       ?dangerous_get_state_array@?$dual_state_global@PEAU__crt_multibyte_data@@@__crt_state_management@@QEAAPEAPEAU__crt_multibyte_data@@XZ 0000000140007b90 f i libucrtd:mbctype.obj
 0001:00006b90       ??$forward@AEAViterator@TryBlockMap@__FrameHandler3@@@std@@YAAEAViterator@TryBlockMap@__FrameHandler3@@AEAV123@@Z 0000000140007b90 f i libvcruntimed:risctrnsctrl.obj
 0001:00006b90       ?debug_info@?$__crt_win32_buffer@_WU__crt_win32_buffer_internal_dynamic_resizing@@@@QEBAAEBV__crt_win32_buffer_empty_debug_info@@XZ 0000000140007b90 f i libucrtd:argv_wildcards.obj
 0001:00006b90       ?dangerous_get_state_array@?$dual_state_global@PEAE@__crt_state_management@@QEAAPEAPEAEXZ 0000000140007b90 f i libucrtd:mbctype.obj
 0001:00006b90       ?dangerous_get_state_array@?$dual_state_global@P6AXPEB_W00I_K@Z@__crt_state_management@@QEAAPEAP6AXPEB_W00I_K@ZXZ 0000000140007b90 f i libucrtd:invalid_parameter.obj
 0001:00006ba0       ??0iterator@TryBlockMap@__FrameHandler3@@QEAA@AEAV12@I@Z 0000000140007ba0 f i libvcruntimed:risctrnsctrl.obj
 0001:00006ba0       ??0iterator@HandlerMap@__FrameHandler3@@QEAA@AEAV12@I@Z 0000000140007ba0 f i libvcruntimed:frame.obj
 0001:00006bd0       ?CatchTryBlock@__FrameHandler3@@SAPEBU_s_TryBlockMapEntry@@PEBU_s_FuncInfo@@H@Z 0000000140007bd0 f   libvcruntimed:risctrnsctrl.obj
 0001:00006c60       ?ExecutionInCatch@__FrameHandler3@@SA_NPEAU_xDISPATCHER_CONTEXT@@PEBU_s_FuncInfo@@@Z 0000000140007c60 f   libvcruntimed:risctrnsctrl.obj
 0001:00006cb0       ?FrameUnwindToEmptyState@__FrameHandler3@@SAXPEA_KPEAU_xDISPATCHER_CONTEXT@@PEBU_s_FuncInfo@@@Z 0000000140007cb0 f   libvcruntimed:risctrnsctrl.obj
 0001:00006d50       ?GetEstablisherFrame@__FrameHandler3@@SAPEA_KPEA_KPEAU_xDISPATCHER_CONTEXT@@PEBU_s_FuncInfo@@0@Z 0000000140007d50 f   libvcruntimed:risctrnsctrl.obj
 0001:00006ec0       ?GetRangeOfTrysToCheck@__FrameHandler3@@SA?AU?$pair@Viterator@TryBlockMap@__FrameHandler3@@V123@@std@@AEAVTryBlockMap@1@HPEAU_xDISPATCHER_CONTEXT@@PEBU_s_FuncInfo@@H@Z 0000000140007ec0 f   libvcruntimed:risctrnsctrl.obj
 0001:00007100       ?UnwindNestedFrames@__FrameHandler3@@SAXPEA_KPEAUEHExceptionRecord@@PEAU_CONTEXT@@0PEAXPEBU_s_FuncInfo@@HHPEBU_s_HandlerType@@PEAU_xDISPATCHER_CONTEXT@@E@Z 0000000140008100 f   libvcruntimed:risctrnsctrl.obj
 0001:00007270       _CreateFrameInfo           0000000140008270 f   libvcruntimed:risctrnsctrl.obj
 0001:000072e0       _FindAndUnlinkFrame        00000001400082e0 f   libvcruntimed:risctrnsctrl.obj
 0001:00007360       _GetImageBase              0000000140008360 f   libvcruntimed:risctrnsctrl.obj
 0001:00007380       _GetThrowImageBase         0000000140008380 f   libvcruntimed:risctrnsctrl.obj
 0001:000073a0       _SetImageBase              00000001400083a0 f   libvcruntimed:risctrnsctrl.obj
 0001:000073c0       _SetThrowImageBase         00000001400083c0 f   libvcruntimed:risctrnsctrl.obj
 0001:000073e0       __CxxFrameHandler3         00000001400083e0 f   libvcruntimed:risctrnsctrl.obj
 0001:000074c0       ?GetCurrentState@__FrameHandler3@@SAHPEA_KPEAU_xDISPATCHER_CONTEXT@@PEBU_s_FuncInfo@@@Z 00000001400084c0 f   libvcruntimed:ehstate.obj
 0001:00007520       ?GetUnwindTryBlock@__FrameHandler3@@SAHPEA_KPEAU_xDISPATCHER_CONTEXT@@PEBU_s_FuncInfo@@@Z 0000000140008520 f   libvcruntimed:ehstate.obj
 0001:00007570       ?SetState@__FrameHandler3@@SAXPEA_KPEBU_s_FuncInfo@@H@Z 0000000140008570 f   libvcruntimed:ehstate.obj
 0001:000075a0       ?SetUnwindTryBlock@__FrameHandler3@@SAXPEA_KPEAU_xDISPATCHER_CONTEXT@@PEBU_s_FuncInfo@@H@Z 00000001400085a0 f   libvcruntimed:ehstate.obj
 0001:00007610       ?StateFromControlPc@__FrameHandler3@@SAHPEBU_s_FuncInfo@@PEAU_xDISPATCHER_CONTEXT@@@Z 0000000140008610 f   libvcruntimed:ehstate.obj
 0001:00007650       ?StateFromIp@__FrameHandler3@@SAHPEBU_s_FuncInfo@@PEAU_xDISPATCHER_CONTEXT@@_K@Z 0000000140008650 f   libvcruntimed:ehstate.obj
 0001:00007740       ?__RVAtoRealOffset@@YA_KPEAU_xDISPATCHER_CONTEXT@@H@Z 0000000140008740 f i libvcruntimed:ehstate.obj
 0001:00008910       ??$TypeMatchHelper@V__FrameHandler3@@@@YAHPEBU_s_HandlerType@@PEBU_s_CatchableType@@PEBU_s_ThrowInfo@@@Z 0000000140009910 f i libvcruntimed:frame.obj
 0001:00008b10       ??$__InternalCxxFrameHandler@V__FrameHandler3@@@@YA?AW4_EXCEPTION_DISPOSITION@@PEAUEHExceptionRecord@@PEA_KPEAU_CONTEXT@@PEAU_xDISPATCHER_CONTEXT@@PEBU_s_FuncInfo@@H1E@Z 0000000140009b10 f i libvcruntimed:frame.obj
 0001:00008f80       ??0HandlerMap@__FrameHandler3@@QEAA@PEBU_s_TryBlockMapEntry@@_KI@Z 0000000140009f80 f i libvcruntimed:frame.obj
 0001:00008fd0       ??0TryBlockMap@__FrameHandler3@@QEAA@PEBU_s_FuncInfo@@_K@Z 0000000140009fd0 f i libvcruntimed:frame.obj
 0001:00009000       ??0bad_exception@std@@QEAA@AEBV01@@Z 000000014000a000 f i libvcruntimed:frame.obj
 0001:00009040       ??0bad_exception@std@@QEAA@XZ 000000014000a040 f i libvcruntimed:frame.obj
 0001:00009080       ??0exception@std@@QEAA@AEBV01@@Z 000000014000a080 f i libvcruntimed:frame.obj
 0001:000090e0       ??0exception@std@@QEAA@QEBDH@Z 000000014000a0e0 f i libvcruntimed:frame.obj
 0001:00009130       ??1bad_exception@std@@UEAA@XZ 000000014000a130 f i libvcruntimed:frame.obj
 0001:00009150       ??1exception@std@@UEAA@XZ  000000014000a150 f i libvcruntimed:frame.obj
 0001:00009180       ??8iterator@HandlerMap@__FrameHandler3@@QEBA_NAEBV012@@Z 000000014000a180 f i libvcruntimed:frame.obj
 0001:000091c0       ??8type_info@@QEBA_NAEBV0@@Z 000000014000a1c0 f i libvcruntimed:frame.obj
 0001:00009210       ??9iterator@HandlerMap@__FrameHandler3@@QEBA_NAEBV012@@Z 000000014000a210 f i libvcruntimed:frame.obj
 0001:00009250       ??Diterator@HandlerMap@__FrameHandler3@@QEAA?BU_s_HandlerType@@XZ 000000014000a250 f i libvcruntimed:frame.obj
 0001:00009290       ??Diterator@TryBlockMap@__FrameHandler3@@QEAA?BU_s_TryBlockMapEntry@@XZ 000000014000a290 f i libvcruntimed:frame.obj
 0001:000092e0       ??Eiterator@HandlerMap@__FrameHandler3@@QEAAAEAV012@XZ 000000014000a2e0 f i libvcruntimed:frame.obj
 0001:000092e0       ??Eiterator@TryBlockMap@__FrameHandler3@@QEAAAEAV012@XZ 000000014000a2e0 f i libvcruntimed:frame.obj
 0001:00009300       ??Miterator@TryBlockMap@__FrameHandler3@@QEBA_NAEBV012@@Z 000000014000a300 f i libvcruntimed:frame.obj
 0001:00009340       ??_Gbad_exception@std@@UEAAPEAXI@Z 000000014000a340 f i libvcruntimed:frame.obj
 0001:00009340       ??_Ebad_exception@std@@UEAAPEAXI@Z 000000014000a340 f i libvcruntimed:frame.obj
 0001:00009380       ??_Gexception@std@@UEAAPEAXI@Z 000000014000a380 f i libvcruntimed:frame.obj
 0001:00009380       ??_Eexception@std@@UEAAPEAXI@Z 000000014000a380 f i libvcruntimed:frame.obj
 0001:000093c0       ?BuildCatchObject@__FrameHandler3@@SAXPEAUEHExceptionRecord@@PEAXPEBU_s_HandlerType@@PEBU_s_CatchableType@@@Z 000000014000a3c0 f   libvcruntimed:frame.obj
 0001:00009400       ?CxxCallCatchBlock@__FrameHandler3@@SAPEAXPEAU_EXCEPTION_RECORD@@@Z 000000014000a400 f   libvcruntimed:frame.obj
 0001:00009760       ?FrameUnwindToState@__FrameHandler3@@SAXPEA_KPEAU_xDISPATCHER_CONTEXT@@PEBU_s_FuncInfo@@H@Z 000000014000a760 f   libvcruntimed:frame.obj
 0001:000099b0       ?GetHandlerSearchState@__FrameHandler3@@SAHPEA_KPEAU_xDISPATCHER_CONTEXT@@PEBU_s_FuncInfo@@@Z 000000014000a9b0 f i libvcruntimed:frame.obj
 0001:00009a60       ?GetMaxState@__FrameHandler3@@SAHPEAU_xDISPATCHER_CONTEXT@@PEBU_s_FuncInfo@@@Z 000000014000aa60 f i libvcruntimed:frame.obj
 0001:00009c60       __TypeMatch                000000014000ac60 f   libvcruntimed:frame.obj
 0001:00009c60       ?TypeMatch@__FrameHandler3@@SAHPEBU_s_HandlerType@@PEBU_s_CatchableType@@PEBU_s_ThrowInfo@@@Z 000000014000ac60 f   libvcruntimed:frame.obj
 0001:00009c90       ?_CallMemberFunction1@@YAXQEAX00@Z 000000014000ac90 f i libvcruntimed:frame.obj
 0001:00009cd0       ?_CallMemberFunction2@@YAXQEAX00H@Z 000000014000acd0 f i libvcruntimed:frame.obj
 0001:00009d60       ?begin@HandlerMap@__FrameHandler3@@QEAA?AViterator@12@XZ 000000014000ad60 f i libvcruntimed:frame.obj
 0001:00009d90       ?end@HandlerMap@__FrameHandler3@@QEAA?AViterator@12@XZ 000000014000ad90 f i libvcruntimed:frame.obj
 0001:00009dc0       ?getESTypes@__FrameHandler3@@SAPEBU_s_ESTypeList@@PEBU_s_FuncInfo@@@Z 000000014000adc0 f i libvcruntimed:frame.obj
 0001:00009e00       ?getLastEntry@HandlerMap@__FrameHandler3@@QEAAPEBU_s_HandlerType@@XZ 000000014000ae00 f i libvcruntimed:frame.obj
 0001:00009e20       ?getMagicNum@__FrameHandler3@@SAIPEBU_s_FuncInfo@@@Z 000000014000ae20 f i libvcruntimed:frame.obj
 0001:00009e40       ?getNumTryBlocks@TryBlockMap@__FrameHandler3@@QEAAIXZ 000000014000ae40 f i libvcruntimed:frame.obj
 0001:00009e60       ?isEHs@__FrameHandler3@@SA_NPEBU_s_FuncInfo@@@Z 000000014000ae60 f i libvcruntimed:frame.obj
 0001:00009ea0       ?isNoExcept@__FrameHandler3@@SA_NPEBU_s_FuncInfo@@@Z 000000014000aea0 f i libvcruntimed:frame.obj
 0001:00009ee0       ?what@exception@std@@UEBAPEBDXZ 000000014000aee0 f i libvcruntimed:frame.obj
 0001:00009f20       __vcrt_EncodePointer       000000014000af20 f i libvcruntimed:frame.obj
 0001:00009f50       memset_repmovs             000000014000af50 f   libvcruntimed:memset.obj
 0001:00009f70       memset                     000000014000af70 f   libvcruntimed:memset.obj
 0001:0000a110       _CallSettingFrame          000000014000b110 f   libvcruntimed:handlers.obj
 0001:0000a160       _CallSettingFrame_LookupContinuationIndex 000000014000b160 f   libvcruntimed:handlers.obj
 0001:0000a190       _CallSettingFrame_NotifyContinuationAddr 000000014000b190 f   libvcruntimed:handlers.obj
 0001:0000a1c0       _CallSettingFrameEncoded   000000014000b1c0 f   libvcruntimed:handlers.obj
 0001:0000a210       ??$?RD@__crt_public_free_policy@@QEBAXQEBD@Z 000000014000b210 f i libvcruntimed:std_exception.obj
 0001:0000a230       ??1?$__crt_unique_heap_ptr@DU__crt_public_free_policy@@@@QEAA@XZ 000000014000b230 f i libvcruntimed:std_exception.obj
 0001:0000a250       ?release@?$__crt_unique_heap_ptr@DU__crt_public_free_policy@@@@QEAAXXZ 000000014000b250 f i libvcruntimed:std_exception.obj
 0001:0000a280       __std_exception_copy       000000014000b280 f   libvcruntimed:std_exception.obj
 0001:0000a3c0       __std_exception_destroy    000000014000b3c0 f   libvcruntimed:std_exception.obj
 0001:0000a400       _CxxThrowException         000000014000b400 f   libvcruntimed:throw.obj
 0001:0000a5a0       _seh_filter_exe            000000014000b5a0 f   libucrtd:exception_filter.obj
 0001:0000aa10       __acrt_report_runtime_error 000000014000ba10 f   libucrtd:report_runtime_error.obj
 0001:0000ac90       _invoke_watson_if_error    000000014000bc90 f i libucrtd:report_runtime_error.obj
 0001:0000ace0       _query_app_type            000000014000bce0 f   libucrtd:report_runtime_error.obj
 0001:0000acf0       _set_app_type              000000014000bcf0 f   libucrtd:report_runtime_error.obj
 0001:0000ad00       ??$__crt_fast_decode_pointer@P6AXXZ@@YAP6AXXZQ6AXXZ@Z 000000014000bd00 f i libucrtd:onexit.obj
 0001:0000ad00       ??$__crt_fast_decode_pointer@P6AH_K@Z@@YAP6AH_K@ZQ6AH0@Z@Z 000000014000bd00 f i libucrtd:new_handler.obj
 0001:0000ad00       ??$__crt_fast_decode_pointer@PEAP6AXXZ@@YAPEAP6AXXZQEAP6AXXZ@Z 000000014000bd00 f i libucrtd:onexit.obj
 0001:0000ad00       ??$__crt_fast_decode_pointer@PEAX@@YAPEAXQEAX@Z 000000014000bd00 f i libucrtd:winapi_thunks.obj
 0001:0000ad00       ??$__crt_fast_decode_pointer@P6AXPEB_W00I_K@Z@@YAP6AXPEB_W00I_K@ZQ6AX000I1@Z@Z 000000014000bd00 f i libucrtd:invalid_parameter.obj
 0001:0000ad00       ??$__crt_fast_decode_pointer@P6AHPEAU_exception@@@Z@@YAP6AHPEAU_exception@@@ZQ6AH0@Z@Z 000000014000bd00 f i libucrtd:matherr.obj
 0001:0000ad00       ??$__crt_fast_decode_pointer@P6AXPEAXK0@Z@@YAP6AXPEAXK0@ZQ6AX0K0@Z@Z 000000014000bd00 f i libucrtd:exit.obj
 0001:0000ad00       ??$__crt_fast_decode_pointer@P6AXH@Z@@YAP6AXH@ZQ6AXH@Z@Z 000000014000bd00 f i libucrtd:signal.obj
 0001:0000ad40       ??$__crt_fast_encode_pointer@PEAP6AXXZ@@YAPEAP6AXXZQEAP6AXXZ@Z 000000014000bd40 f i libucrtd:onexit.obj
 0001:0000ad40       ??$__crt_fast_encode_pointer@P6AHXZ@@YAP6AHXZQ6AHXZ@Z 000000014000bd40 f i libucrtd:onexit.obj
 0001:0000ad40       ??$__crt_fast_encode_pointer@P6AHPEAU_exception@@@Z@@YAP6AHPEAU_exception@@@ZQ6AH0@Z@Z 000000014000bd40 f i libucrtd:matherr.obj
 0001:0000ad40       ??$__crt_fast_encode_pointer@P6AXPEAXK0@Z@@YAP6AXPEAXK0@ZQ6AX0K0@Z@Z 000000014000bd40 f i libucrtd:exit.obj
 0001:0000ad40       ??$__crt_fast_encode_pointer@P6AXXZ@@YAP6AXXZQ6AXXZ@Z 000000014000bd40 f i libucrtd:onexit.obj
 0001:0000ad40       ??$__crt_fast_encode_pointer@PEAX@@YAPEAXQEAX@Z 000000014000bd40 f i libucrtd:initialization.obj
 0001:0000ad40       ??$__crt_fast_encode_pointer@P6AXH@Z@@YAP6AXH@ZQ6AXH@Z@Z 000000014000bd40 f i libucrtd:signal.obj
 0001:0000ad80       ?__crt_rotate_pointer_value@@YA_K_KH@Z 000000014000bd80 f i libucrtd:matherr.obj
 0001:0000ada0       ?initialize@?$dual_state_global@PEAU__crt_locale_data@@@__crt_state_management@@QEAAXQEAU__crt_locale_data@@@Z 000000014000bda0 f i libucrtd:initialization.obj
 0001:0000ada0       ?initialize@?$dual_state_global@P6AHPEAU_exception@@@Z@__crt_state_management@@QEAAXQ6AHPEAU_exception@@@Z@Z 000000014000bda0 f i libucrtd:matherr.obj
 0001:0000ada0       ?initialize@?$dual_state_global@P6AXH@Z@__crt_state_management@@QEAAXQ6AXH@Z@Z 000000014000bda0 f i libucrtd:signal.obj
 0001:0000ada0       ?initialize@?$dual_state_global@PEAU__crt_multibyte_data@@@__crt_state_management@@QEAAXQEAU__crt_multibyte_data@@@Z 000000014000bda0 f i libucrtd:mbctype.obj
 0001:0000ada0       ?initialize@?$dual_state_global@P6AH_K@Z@__crt_state_management@@QEAAXQ6AH_K@Z@Z 000000014000bda0 f i libucrtd:new_handler.obj
 0001:0000adf0       ?value@?$dual_state_global@P6AXPEB_W00I_K@Z@__crt_state_management@@QEAAAEAP6AXPEB_W00I_K@ZXZ 000000014000bdf0 f i libucrtd:invalid_parameter.obj
 0001:0000adf0       ?value@?$dual_state_global@P6AXH@Z@__crt_state_management@@QEAAAEAP6AXH@ZXZ 000000014000bdf0 f i libucrtd:signal.obj
 0001:0000adf0       ?value@?$dual_state_global@P6AH_K@Z@__crt_state_management@@QEAAAEAP6AH_K@ZXZ 000000014000bdf0 f i libucrtd:new_handler.obj
 0001:0000adf0       ?value@?$dual_state_global@PEAU__crt_locale_data@@@__crt_state_management@@QEAAAEAPEAU__crt_locale_data@@XZ 000000014000bdf0 f i libucrtd:wsetlocale.obj
 0001:0000adf0       ?value@?$dual_state_global@PEAU__crt_multibyte_data@@@__crt_state_management@@QEAAAEAPEAU__crt_multibyte_data@@XZ 000000014000bdf0 f i libucrtd:mbctype.obj
 0001:0000adf0       ?value@?$dual_state_global@PEAE@__crt_state_management@@QEAAAEAPEAEXZ 000000014000bdf0 f i libucrtd:mbctype.obj
 0001:0000adf0       ?value@?$dual_state_global@P6AHPEAU_exception@@@Z@__crt_state_management@@QEAAAEAP6AHPEAU_exception@@@ZXZ 000000014000bdf0 f i libucrtd:matherr.obj
 0001:0000ae10       __acrt_has_user_matherr    000000014000be10 f   libucrtd:matherr.obj
 0001:0000ae50       __acrt_initialize_user_matherr 000000014000be50 f   libucrtd:matherr.obj
 0001:0000ae70       __acrt_invoke_user_matherr 000000014000be70 f   libucrtd:matherr.obj
 0001:0000aec0       __setusermatherr           000000014000bec0 f   libucrtd:matherr.obj
 0001:0000b290       ??$get_module_file_name@$$TAEAY0BAF@DH@?$__crt_char_traits@D@@SAK$$QEA$$TAEAY0BAF@D$$QEAH@Z 000000014000c290 f i libucrtd:argv_parsing.obj
 0001:0000b290       ??$get_module_file_name@AEAPEAUHINSTANCE__@@AEAY0BAF@DK@?$__crt_char_traits@D@@SAKAEAPEAUHINSTANCE__@@AEAY0BAF@D$$QEAK@Z 000000014000c290 f i libucrtd:dbgrpt.obj
 0001:0000b760       ??$set_program_name@PEAD@?$__crt_char_traits@D@@SAX$$QEAPEAD@Z 000000014000c760 f i libucrtd:argv_parsing.obj
 0001:0000b890       __acrt_allocate_buffer_for_argv 000000014000c890 f   libucrtd:argv_parsing.obj
 0001:0000b9b0       _configure_narrow_argv     000000014000c9b0 f   libucrtd:argv_parsing.obj
 0001:0000b9d0       _set_pgmptr                000000014000c9d0 f i libucrtd:argv_parsing.obj
 0001:0000bc00       ??$tcslen@AEAPEAD@?$__crt_char_traits@D@@SA_KAEAPEAD@Z 000000014000cc00 f i libucrtd:environment_initialization.obj
 0001:0000bc4c       ??B?$__crt_unique_heap_ptr@PEADU__crt_internal_free_policy@@@@QEBA_NXZ 000000014000cc4c f i libucrtd:environment_initialization.obj
 0001:0000bc54       ?detach@?$__crt_unique_heap_ptr@DU__crt_internal_free_policy@@@@QEAAPEADXZ 000000014000cc54 f i libucrtd:environment_initialization.obj
 0001:0000bc5c       __dcrt_uninitialize_environments_nolock 000000014000cc5c f   libucrtd:environment_initialization.obj
 0001:0000bc94       _initialize_narrow_environment 000000014000cc94 f   libucrtd:environment_initialization.obj
 0001:0000bde0       _get_narrow_winmain_command_line 000000014000cde0 f   libucrtd:argv_winmain.obj
 0001:0000bdf0       _initterm                  000000014000cdf0 f   libucrtd:initterm.obj
 0001:0000be50       _initterm_e                000000014000ce50 f   libucrtd:initterm.obj
 0001:0000bed0       ??$?BP6AXXZ@__crt_fast_encoded_nullptr_t@@QEBAPEAP6AXXZXZ 000000014000ced0 f i libucrtd:onexit.obj
 0001:0000bed0       ??$?BX@__crt_fast_encoded_nullptr_t@@QEBAPEAXXZ 000000014000ced0 f i libucrtd:initialization.obj
 0001:0000bed0       ??$?B$$A6AXPEAXK0@Z@__crt_fast_encoded_nullptr_t@@QEBAP6AXPEAXK0@ZXZ 000000014000ced0 f i libucrtd:exit.obj
 0001:0000bed0       ??$?B$$A6AXXZ@__crt_fast_encoded_nullptr_t@@QEBAP6AXXZXZ 000000014000ced0 f i libucrtd:onexit.obj
 0001:0000bed0       ??$?B$$A6AXH@Z@__crt_fast_encoded_nullptr_t@@QEBAP6AXH@ZXZ 000000014000ced0 f i libucrtd:signal.obj
 0001:0000bf80       ??$__crt_get_proc_address@P6AXI@Z@@YAP6AXI@ZQEAUHINSTANCE__@@QEBD@Z 000000014000cf80 f i libucrtd:exit.obj
 0001:0000bfb0       ??$__crt_interlocked_read@J@@YAJPEDJ@Z 000000014000cfb0 f i libucrtd:exit.obj
 0001:0000c040       ??1?$__crt_unique_handle_t@U__crt_hmodule_traits@@@@QEAA@XZ 000000014000d040 f i libucrtd:exit.obj
 0001:0000c1a0       ?__acrt_select_exit_lock@@YA?AW4__acrt_lock_id@@XZ 000000014000d1a0 f i libucrtd:exit.obj
 0001:0000c1b0       ?__crt_fast_encode_pointer@@YA?AU__crt_fast_encoded_nullptr_t@@$$T@Z 000000014000d1b0 f i libucrtd:exit.obj
 0001:0000c1d0       ?__crt_interlocked_read_32@@YAHPEDH@Z 000000014000d1d0 f i libucrtd:exit.obj
 0001:0000c210       ?close@?$__crt_unique_handle_t@U__crt_hmodule_traits@@@@QEAAXXZ 000000014000d210 f i libucrtd:exit.obj
 0001:0000c250       ?close@__crt_hmodule_traits@@SA_NPEAUHINSTANCE__@@@Z 000000014000d250 f i libucrtd:exit.obj
 0001:0000c510       __acrt_initialize_thread_local_exit_callback 000000014000d510 f   libucrtd:exit.obj
 0001:0000c530       _c_exit                    000000014000d530 f   libucrtd:exit.obj
 0001:0000c550       _cexit                     000000014000d550 f   libucrtd:exit.obj
 0001:0000c570       _exit                      000000014000d570 f   libucrtd:exit.obj
 0001:0000c590       _register_thread_local_exe_atexit_callback 000000014000d590 f   libucrtd:exit.obj
 0001:0000c5e0       exit                       000000014000d5e0 f   libucrtd:exit.obj
 0001:0000c600       ?value@?$dual_state_global@H@__crt_state_management@@QEAAAEAHXZ 000000014000d600 f i libucrtd:setmode.obj
 0001:0000c600       ?value@?$dual_state_global@J@__crt_state_management@@QEAAAEAJXZ 000000014000d600 f i libucrtd:new_mode.obj
 0001:0000c620       _set_fmode                 000000014000d620 f   libucrtd:setmode.obj
 0001:0000c860       __acrt_disable_global_locale_sync 000000014000d860 f i libucrtd:wsetlocale.obj
 0001:0000c890       __acrt_enable_global_locale_sync 000000014000d890 f i libucrtd:wsetlocale.obj
 0001:0000c8c0       __acrt_set_locale_changed  000000014000d8c0 f   libucrtd:wsetlocale.obj
 0001:0000c8d0       __acrt_uninitialize_locale 000000014000d8d0 f   libucrtd:wsetlocale.obj
 0001:0000c900       __ascii_tolower            000000014000d900 f i libucrtd:wsetlocale.obj
 0001:0000c920       __ascii_towlower           000000014000d920 f i libucrtd:wsetlocale.obj
 0001:0000c940       _configthreadlocale        000000014000d940 f   libucrtd:wsetlocale.obj
 0001:0000caa0       _query_new_mode            000000014000daa0 f   libucrtd:new_mode.obj
 0001:0000cac0       _set_new_mode              000000014000dac0 f   libucrtd:new_mode.obj
 0001:0000cb90       __p__commode               000000014000db90 f   libucrtd:ncommode.obj
 0001:0000d220       _crt_atexit                000000014000e220 f   libucrtd:onexit.obj
 0001:0000d240       _execute_onexit_table      000000014000e240 f   libucrtd:onexit.obj
 0001:0000d280       _initialize_onexit_table   000000014000e280 f   libucrtd:onexit.obj
 0001:0000d300       _register_onexit_function  000000014000e300 f   libucrtd:onexit.obj
 0001:0000d390       __acrt_uninitialize_command_line 000000014000e390 f   libucrtd:argv_data.obj
 0001:0000d5f0       __acrt_initialize          000000014000e5f0 f   libucrtd:initialization.obj
 0001:0000d620       __acrt_uninitialize        000000014000e620 f   libucrtd:initialization.obj
 0001:0000d650       terminate                  000000014000e650 f   libucrtd:terminate.obj
 0001:0000d690       ??0_LocaleUpdate@@QEAA@QEAU__crt_locale_pointers@@@Z 000000014000e690 f i libucrtd:debug_heap.obj
 0001:0000d7b0       ??1_LocaleUpdate@@QEAA@XZ  000000014000e7b0 f i libucrtd:debug_heap.obj
 0001:0000d7e0       ?GetLocaleT@_LocaleUpdate@@QEAAPEAU__crt_locale_pointers@@XZ 000000014000e7e0 f i libucrtd:debug_heap.obj
 0001:0000f7c0       _CrtCheckMemory            00000001400107c0 f   libucrtd:debug_heap.obj
 0001:0000f950       _CrtDumpMemoryLeaks        0000000140010950 f   libucrtd:debug_heap.obj
 0001:0000fa10       _CrtIsValidHeapPointer     0000000140010a10 f   libucrtd:debug_heap.obj
 0001:0000fa50       _CrtIsValidPointer         0000000140010a50 f   libucrtd:debug_heap.obj
 0001:0000fa90       _CrtMemCheckpoint          0000000140010a90 f   libucrtd:debug_heap.obj
 0001:0000fd10       _CrtMemDumpAllObjectsSince 0000000140010d10 f   libucrtd:debug_heap.obj
 0001:0000fd70       _CrtSetDbgFlag             0000000140010d70 f   libucrtd:debug_heap.obj
 0001:0000fed0       _CrtSetDumpClient          0000000140010ed0 f   libucrtd:debug_heap.obj
 0001:0000ff00       __acrt_get_locale_data_prefix 0000000140010f00 f i libucrtd:debug_heap.obj
 0001:0000ff20       __acrt_locale_changed      0000000140010f20 f i libucrtd:debug_heap.obj
 0001:0000ff50       _calloc_dbg                0000000140010f50 f   libucrtd:debug_heap.obj
 0001:0000fff0       _chvalidchk_l              0000000140010ff0 f i libucrtd:debug_heap.obj
 0001:00010020       _free_dbg                  0000000140011020 f   libucrtd:debug_heap.obj
 0001:00010090       _invoke_watson_if_oneof    0000000140011090 f i libucrtd:debug_heap.obj
 0001:000100f0       _ischartype_l              00000001400110f0 f i libucrtd:debug_heap.obj
 0001:00010180       _malloc_dbg                0000000140011180 f   libucrtd:debug_heap.obj
 0001:000101c0       _msize_dbg                 00000001400111c0 f   libucrtd:debug_heap.obj
 0001:00010360       _realloc_dbg               0000000140011360 f   libucrtd:debug_heap.obj
 0001:000103d0       _recalloc_dbg              00000001400113d0 f   libucrtd:debug_heap.obj
 0001:000109a0       strcpy_s                   00000001400119a0 f   libucrtd:strcpy_s.obj
 0001:000109e0       strcmp                     00000001400119e0 f   libucrtd:strcmp.obj
 0001:00010a60       strlen                     0000000140011a60 f   libucrtd:strlen.obj
 0001:00010b10       abort                      0000000140011b10 f   libucrtd:abort.obj
 0001:00010b90       ??$initialize_from_array@$$BY00Q6AXPEB_W00I_K@Z@?$dual_state_global@P6AXPEB_W00I_K@Z@__crt_state_management@@QEAAXAEAY00Q6AXPEB_W00I_K@Z@Z 0000000140011b90 f i libucrtd:invalid_parameter.obj
 0001:00010bf0       __acrt_call_reportfault    0000000140011bf0 f   libucrtd:invalid_parameter.obj
 0001:00010d20       __acrt_initialize_invalid_parameter_handler 0000000140011d20 f   libucrtd:invalid_parameter.obj
 0001:00010d50       _invalid_parameter         0000000140011d50 f   libucrtd:invalid_parameter.obj
 0001:00010e50       _invalid_parameter_noinfo  0000000140011e50 f   libucrtd:invalid_parameter.obj
 0001:00010e80       _invoke_watson             0000000140011e80 f   libucrtd:invalid_parameter.obj
 0001:00010ee0       ??$?0AEBV?$string_output_adapter@D@__crt_stdio_output@@AEB_KAEBQEBDAEBQEAU__crt_locale_pointers@@AEBQEAD@?$format_validation_base@DV?$string_output_adapter@D@__crt_stdio_output@@@__crt_stdio_output@@IEAA@AEBV?$string_output_adapter@D@1@AEB_KAEBQEBDAEBQEAU__crt_locale_pointers@@AEBQEAD@Z 0000000140011ee0 f i libucrtd:output.obj
 0001:00010f30       ??$?0AEBV?$string_output_adapter@D@__crt_stdio_output@@AEB_KAEBQEBDAEBQEAU__crt_locale_pointers@@AEBQEAD@?$standard_base@DV?$string_output_adapter@D@__crt_stdio_output@@@__crt_stdio_output@@IEAA@AEBV?$string_output_adapter@D@1@AEB_KAEBQEBDAEBQEAU__crt_locale_pointers@@AEBQEAD@Z 0000000140011f30 f i libucrtd:output.obj
 0001:00010fa0       ??$?0AEBV?$string_output_adapter@_W@__crt_stdio_output@@AEB_KAEBQEB_WAEBQEAU__crt_locale_pointers@@AEBQEAD@?$format_validation_base@_WV?$string_output_adapter@_W@__crt_stdio_output@@@__crt_stdio_output@@IEAA@AEBV?$string_output_adapter@_W@1@AEB_KAEBQEB_WAEBQEAU__crt_locale_pointers@@AEBQEAD@Z 0000000140011fa0 f i libucrtd:output.obj
 0001:00010ff0       ??$?0AEBV?$string_output_adapter@_W@__crt_stdio_output@@AEB_KAEBQEB_WAEBQEAU__crt_locale_pointers@@AEBQEAD@?$standard_base@_WV?$string_output_adapter@_W@__crt_stdio_output@@@__crt_stdio_output@@IEAA@AEBV?$string_output_adapter@_W@1@AEB_KAEBQEB_WAEBQEAU__crt_locale_pointers@@AEBQEAD@Z 0000000140011ff0 f i libucrtd:output.obj
 0001:00012970       ??$count@D@formatting_buffer@__crt_stdio_output@@QEBA_KXZ 0000000140013970 f i libucrtd:output.obj
 0001:000129c0       ??$count@_W@formatting_buffer@__crt_stdio_output@@QEBA_KXZ 00000001400139c0 f i libucrtd:output.obj
 0001:00012a10       ??$data@D@formatting_buffer@__crt_stdio_output@@QEAAPEADXZ 0000000140013a10 f i libucrtd:output.obj
 0001:00012a10       ??$data@_W@formatting_buffer@__crt_stdio_output@@QEAAPEA_WXZ 0000000140013a10 f i libucrtd:output.obj
 0001:00012a60       ??$ensure_buffer_is_big_enough@D@formatting_buffer@__crt_stdio_output@@QEAA_N_K@Z 0000000140013a60 f i libucrtd:output.obj
 0001:00012b90       ??$ensure_buffer_is_big_enough@_W@formatting_buffer@__crt_stdio_output@@QEAA_N_K@Z 0000000140013b90 f i libucrtd:output.obj
 0001:00012cc0       ??$extract_argument_from_va_list@C_J@?$standard_base@_WV?$string_output_adapter@_W@__crt_stdio_output@@@__crt_stdio_output@@IEAA_NAEA_J@Z 0000000140013cc0 f i libucrtd:output.obj
 0001:00012cc0       ??$extract_argument_from_va_list@C_J@?$standard_base@DV?$string_output_adapter@D@__crt_stdio_output@@@__crt_stdio_output@@IEAA_NAEA_J@Z 0000000140013cc0 f i libucrtd:output.obj
 0001:00012d00       ??$extract_argument_from_va_list@E_J@?$standard_base@DV?$string_output_adapter@D@__crt_stdio_output@@@__crt_stdio_output@@IEAA_NAEA_J@Z 0000000140013d00 f i libucrtd:output.obj
 0001:00012d00       ??$extract_argument_from_va_list@E_J@?$standard_base@_WV?$string_output_adapter@_W@__crt_stdio_output@@@__crt_stdio_output@@IEAA_NAEA_J@Z 0000000140013d00 f i libucrtd:output.obj
 0001:00012d40       ??$extract_argument_from_va_list@F_J@?$standard_base@_WV?$string_output_adapter@_W@__crt_stdio_output@@@__crt_stdio_output@@IEAA_NAEA_J@Z 0000000140013d40 f i libucrtd:output.obj
 0001:00012d40       ??$extract_argument_from_va_list@F_J@?$standard_base@DV?$string_output_adapter@D@__crt_stdio_output@@@__crt_stdio_output@@IEAA_NAEA_J@Z 0000000140013d40 f i libucrtd:output.obj
 0001:00012d80       ??$extract_argument_from_va_list@GD@?$standard_base@DV?$string_output_adapter@D@__crt_stdio_output@@@__crt_stdio_output@@IEAA_NAEAD@Z 0000000140013d80 f i libucrtd:output.obj
 0001:00012db0       ??$extract_argument_from_va_list@G_J@?$standard_base@_WV?$string_output_adapter@_W@__crt_stdio_output@@@__crt_stdio_output@@IEAA_NAEA_J@Z 0000000140013db0 f i libucrtd:output.obj
 0001:00012db0       ??$extract_argument_from_va_list@G_J@?$standard_base@DV?$string_output_adapter@D@__crt_stdio_output@@@__crt_stdio_output@@IEAA_NAEA_J@Z 0000000140013db0 f i libucrtd:output.obj
 0001:00012df0       ??$extract_argument_from_va_list@H_J@?$standard_base@_WV?$string_output_adapter@_W@__crt_stdio_output@@@__crt_stdio_output@@IEAA_NAEA_J@Z 0000000140013df0 f i libucrtd:output.obj
 0001:00012df0       ??$extract_argument_from_va_list@H_J@?$standard_base@DV?$string_output_adapter@D@__crt_stdio_output@@@__crt_stdio_output@@IEAA_NAEA_J@Z 0000000140013df0 f i libucrtd:output.obj
 0001:00012e20       ??$extract_argument_from_va_list@I_J@?$standard_base@DV?$string_output_adapter@D@__crt_stdio_output@@@__crt_stdio_output@@IEAA_NAEA_J@Z 0000000140013e20 f i libucrtd:output.obj
 0001:00012e20       ??$extract_argument_from_va_list@I_J@?$standard_base@_WV?$string_output_adapter@_W@__crt_stdio_output@@@__crt_stdio_output@@IEAA_NAEA_J@Z 0000000140013e20 f i libucrtd:output.obj
 0001:00012e50       ??$extract_argument_from_va_list@_K_J@?$standard_base@DV?$string_output_adapter@D@__crt_stdio_output@@@__crt_stdio_output@@IEAA_NAEA_J@Z 0000000140013e50 f i libucrtd:output.obj
 0001:00012e50       ??$extract_argument_from_va_list@PEAXPEAX@?$standard_base@DV?$string_output_adapter@D@__crt_stdio_output@@@__crt_stdio_output@@IEAA_NAEAPEAX@Z 0000000140013e50 f i libucrtd:output.obj
 0001:00012e50       ??$extract_argument_from_va_list@PEAXPEAX@?$standard_base@_WV?$string_output_adapter@_W@__crt_stdio_output@@@__crt_stdio_output@@IEAA_NAEAPEAX@Z 0000000140013e50 f i libucrtd:output.obj
 0001:00012e50       ??$extract_argument_from_va_list@_J_J@?$standard_base@DV?$string_output_adapter@D@__crt_stdio_output@@@__crt_stdio_output@@IEAA_NAEA_J@Z 0000000140013e50 f i libucrtd:output.obj
 0001:00012e50       ??$extract_argument_from_va_list@PEAUansi_string@?1??type_case_Z@?$output_processor@DV?$string_output_adapter@D@__crt_stdio_output@@V?$format_validation_base@DV?$string_output_adapter@D@__crt_stdio_output@@@2@@__crt_stdio_output@@AEAA_NXZ@PEAU1?1??234@AEAA_NXZ@@?$standard_base@DV?$string_output_adapter@D@__crt_stdio_output@@@__crt_stdio_output@@IEAA_NAEAPEAUansi_string@?1??type_case_Z@?$output_processor@DV?$string_output_adapter@D@__crt_stdio_output@@V?$format_validation_base@DV?$string_output_adapter@D@__crt_stdio_output@@@2@@1@AEAA_NXZ@@Z 0000000140013e50 f i libucrtd:output.obj
 0001:00012e50       ??$extract_argument_from_va_list@PEADPEAD@?$standard_base@_WV?$string_output_adapter@_W@__crt_stdio_output@@@__crt_stdio_output@@IEAA_NAEAPEAD@Z 0000000140013e50 f i libucrtd:output.obj
 0001:00012e50       ??$extract_argument_from_va_list@_K_J@?$standard_base@_WV?$string_output_adapter@_W@__crt_stdio_output@@@__crt_stdio_output@@IEAA_NAEA_J@Z 0000000140013e50 f i libucrtd:output.obj
 0001:00012e50       ??$extract_argument_from_va_list@PEAUansi_string@?1??type_case_Z@?$output_processor@_WV?$string_output_adapter@_W@__crt_stdio_output@@V?$format_validation_base@_WV?$string_output_adapter@_W@__crt_stdio_output@@@2@@__crt_stdio_output@@AEAA_NXZ@PEAU1?1??234@AEAA_NXZ@@?$standard_base@_WV?$string_output_adapter@_W@__crt_stdio_output@@@__crt_stdio_output@@IEAA_NAEAPEAUansi_string@?1??type_case_Z@?$output_processor@_WV?$string_output_adapter@_W@__crt_stdio_output@@V?$format_validation_base@_WV?$string_output_adapter@_W@__crt_stdio_output@@@2@@1@AEAA_NXZ@@Z 0000000140013e50 f i libucrtd:output.obj
 0001:00012e50       ??$extract_argument_from_va_list@_J_J@?$standard_base@_WV?$string_output_adapter@_W@__crt_stdio_output@@@__crt_stdio_output@@IEAA_NAEA_J@Z 0000000140013e50 f i libucrtd:output.obj
 0001:00012e50       ??$extract_argument_from_va_list@PEADPEAD@?$standard_base@DV?$string_output_adapter@D@__crt_stdio_output@@@__crt_stdio_output@@IEAA_NAEAPEAD@Z 0000000140013e50 f i libucrtd:output.obj
 0001:00012e80       ??$extract_argument_from_va_list@U_CRT_DOUBLE@@U1@@?$standard_base@_WV?$string_output_adapter@_W@__crt_stdio_output@@@__crt_stdio_output@@IEAA_NAEAU_CRT_DOUBLE@@@Z 0000000140013e80 f i libucrtd:output.obj
 0001:00012e80       ??$extract_argument_from_va_list@U_CRT_DOUBLE@@U1@@?$standard_base@DV?$string_output_adapter@D@__crt_stdio_output@@@__crt_stdio_output@@IEAA_NAEAU_CRT_DOUBLE@@@Z 0000000140013e80 f i libucrtd:output.obj
 0001:00012ed0       ??$extract_argument_from_va_list@_W_W@?$standard_base@DV?$string_output_adapter@D@__crt_stdio_output@@@__crt_stdio_output@@IEAA_NAEA_W@Z 0000000140013ed0 f i libucrtd:output.obj
 0001:00012ed0       ??$extract_argument_from_va_list@_W_W@?$standard_base@_WV?$string_output_adapter@_W@__crt_stdio_output@@@__crt_stdio_output@@IEAA_NAEA_W@Z 0000000140013ed0 f i libucrtd:output.obj
 0001:00012f00       ??$is_wide_character_specifier@D@__crt_stdio_output@@YA_N_KDW4length_modifier@0@@Z 0000000140013f00 f i libucrtd:output.obj
 0001:00012fa0       ??$is_wide_character_specifier@_W@__crt_stdio_output@@YA_N_K_WW4length_modifier@0@@Z 0000000140013fa0 f i libucrtd:output.obj
 0001:00013070       ??$read_va_arg@C@__crt_stdio_output@@YACAEAPEAD@Z 0000000140014070 f i libucrtd:output.obj
 0001:00013070       ??$read_va_arg@E@__crt_stdio_output@@YAEAEAPEAD@Z 0000000140014070 f i libucrtd:output.obj
 0001:000130e0       ??$read_va_arg@G@__crt_stdio_output@@YAGAEAPEAD@Z 00000001400140e0 f i libucrtd:output.obj
 0001:000130e0       ??$read_va_arg@_W@__crt_stdio_output@@YA_WAEAPEAD@Z 00000001400140e0 f i libucrtd:output.obj
 0001:000130e0       ??$read_va_arg@F@__crt_stdio_output@@YAFAEAPEAD@Z 00000001400140e0 f i libucrtd:output.obj
 0001:00013150       ??$read_va_arg@I@__crt_stdio_output@@YAIAEAPEAD@Z 0000000140014150 f i libucrtd:output.obj
 0001:00013150       ??$read_va_arg@H@__crt_stdio_output@@YAHAEAPEAD@Z 0000000140014150 f i libucrtd:output.obj
 0001:000131b0       ??$read_va_arg@_K@__crt_stdio_output@@YA_KAEAPEAD@Z 00000001400141b0 f i libucrtd:output.obj
 0001:000131b0       ??$read_va_arg@PEAUansi_string@?1??type_case_Z@?$output_processor@_WV?$string_output_adapter@_W@__crt_stdio_output@@V?$format_validation_base@_WV?$string_output_adapter@_W@__crt_stdio_output@@@2@@__crt_stdio_output@@AEAA_NXZ@@__crt_stdio_output@@YAPEAUansi_string@?1??type_case_Z@?$output_processor@_WV?$string_output_adapter@_W@__crt_stdio_output@@V?$format_validation_base@_WV?$string_output_adapter@_W@__crt_stdio_output@@@2@@0@AEAA_NXZ@AEAPEAD@Z 00000001400141b0 f i libucrtd:output.obj
 0001:000131b0       ??$read_va_arg@PEAD@__crt_stdio_output@@YAPEADAEAPEAD@Z 00000001400141b0 f i libucrtd:output.obj
 0001:000131b0       ??$read_va_arg@PEAUansi_string@?1??type_case_Z@?$output_processor@DV?$string_output_adapter@D@__crt_stdio_output@@V?$format_validation_base@DV?$string_output_adapter@D@__crt_stdio_output@@@2@@__crt_stdio_output@@AEAA_NXZ@@__crt_stdio_output@@YAPEAUansi_string@?1??type_case_Z@?$output_processor@DV?$string_output_adapter@D@__crt_stdio_output@@V?$format_validation_base@DV?$string_output_adapter@D@__crt_stdio_output@@@2@@0@AEAA_NXZ@AEAPEAD@Z 00000001400141b0 f i libucrtd:output.obj
 0001:000131b0       ??$read_va_arg@PEAX@__crt_stdio_output@@YAPEAXAEAPEAD@Z 00000001400141b0 f i libucrtd:output.obj
 0001:000131b0       ??$read_va_arg@_J@__crt_stdio_output@@YA_JAEAPEAD@Z 00000001400141b0 f i libucrtd:output.obj
 0001:000131b0       ??$read_va_arg@U_CRT_DOUBLE@@@__crt_stdio_output@@YA?AU_CRT_DOUBLE@@AEAPEAD@Z 00000001400141b0 f i libucrtd:output.obj
 0001:00013220       ??$scratch_count@D@formatting_buffer@__crt_stdio_output@@QEBA_KXZ 0000000140014220 f i libucrtd:output.obj
 0001:00013240       ??$scratch_data@D@formatting_buffer@__crt_stdio_output@@QEAAPEADXZ 0000000140014240 f i libucrtd:output.obj
 0001:000132b0       ??$tcstol@PEBDPEAPEADH@?$__crt_char_traits@D@@SAJ$$QEAPEBD$$QEAPEAPEAD$$QEAH@Z 00000001400142b0 f i libucrtd:output.obj
 0001:000132f0       ??$tcstol@PEB_WPEAPEA_WH@?$__crt_char_traits@_W@@SAJ$$QEAPEB_W$$QEAPEAPEA_W$$QEAH@Z 00000001400142f0 f i libucrtd:output.obj
 0001:00013330       ??$type_case_integer_parse_into_buffer@I@?$output_processor@DV?$string_output_adapter@D@__crt_stdio_output@@V?$format_validation_base@DV?$string_output_adapter@D@__crt_stdio_output@@@2@@__crt_stdio_output@@AEAAXII_N@Z 0000000140014330 f i libucrtd:output.obj
 0001:00013460       ??$type_case_integer_parse_into_buffer@I@?$output_processor@_WV?$string_output_adapter@_W@__crt_stdio_output@@V?$format_validation_base@_WV?$string_output_adapter@_W@__crt_stdio_output@@@2@@__crt_stdio_output@@AEAAXII_N@Z 0000000140014460 f i libucrtd:output.obj
 0001:000135a0       ??$type_case_integer_parse_into_buffer@_K@?$output_processor@DV?$string_output_adapter@D@__crt_stdio_output@@V?$format_validation_base@DV?$string_output_adapter@D@__crt_stdio_output@@@2@@__crt_stdio_output@@AEAAX_KI_N@Z 00000001400145a0 f i libucrtd:output.obj
 0001:000136f0       ??$type_case_integer_parse_into_buffer@_K@?$output_processor@_WV?$string_output_adapter@_W@__crt_stdio_output@@V?$format_validation_base@_WV?$string_output_adapter@_W@__crt_stdio_output@@@2@@__crt_stdio_output@@AEAAX_KI_N@Z 00000001400146f0 f i libucrtd:output.obj
 0001:00013850       ??$write_multiple_characters@V?$string_output_adapter@D@__crt_stdio_output@@D@__crt_stdio_output@@YAXAEBV?$string_output_adapter@D@0@DHQEAH@Z 0000000140014850 f i libucrtd:output.obj
 0001:000138b0       ??$write_multiple_characters@V?$string_output_adapter@_W@__crt_stdio_output@@D@__crt_stdio_output@@YAXAEBV?$string_output_adapter@_W@0@DHQEAH@Z 00000001400148b0 f i libucrtd:output.obj
 0001:00013910       ??0?$common_data@D@__crt_stdio_output@@IEAA@XZ 0000000140014910 f i libucrtd:output.obj
 0001:000139e0       ??0?$common_data@_W@__crt_stdio_output@@IEAA@XZ 00000001400149e0 f i libucrtd:output.obj
 0001:00013ab0       ??0?$output_adapter_data@DV?$string_output_adapter@D@__crt_stdio_output@@@__crt_stdio_output@@IEAA@AEBV?$string_output_adapter@D@1@_KQEBDQEAU__crt_locale_pointers@@QEAD@Z 0000000140014ab0 f i libucrtd:output.obj
 0001:00013b30       ??0?$output_adapter_data@_WV?$string_output_adapter@_W@__crt_stdio_output@@@__crt_stdio_output@@IEAA@AEBV?$string_output_adapter@_W@1@_KQEB_WQEAU__crt_locale_pointers@@QEAD@Z 0000000140014b30 f i libucrtd:output.obj
 0001:00013bb0       ??0?$output_processor@DV?$string_output_adapter@D@__crt_stdio_output@@V?$format_validation_base@DV?$string_output_adapter@D@__crt_stdio_output@@@2@@__crt_stdio_output@@QEAA@AEBV?$string_output_adapter@D@1@_KQEBDQEAU__crt_locale_pointers@@QEAD@Z 0000000140014bb0 f i libucrtd:output.obj
 0001:00013c00       ??0?$output_processor@_WV?$string_output_adapter@_W@__crt_stdio_output@@V?$format_validation_base@_WV?$string_output_adapter@_W@__crt_stdio_output@@@2@@__crt_stdio_output@@QEAA@AEBV?$string_output_adapter@_W@1@_KQEB_WQEAU__crt_locale_pointers@@QEAD@Z 0000000140014c00 f i libucrtd:output.obj
 0001:00013c50       ??0__crt_deferred_errno_cache@@QEAA@XZ 0000000140014c50 f i libucrtd:output.obj
 0001:00013c70       ??0__crt_errno_guard@@QEAA@QEAH@Z 0000000140014c70 f i libucrtd:output.obj
 0001:00013cb0       ??0formatting_buffer@__crt_stdio_output@@QEAA@XZ 0000000140014cb0 f i libucrtd:output.obj
 0001:00013cf0       ??1?$common_data@D@__crt_stdio_output@@QEAA@XZ 0000000140014cf0 f i libucrtd:output.obj
 0001:00013cf0       ??1?$common_data@_W@__crt_stdio_output@@QEAA@XZ 0000000140014cf0 f i libucrtd:output.obj
 0001:00013d10       ??1?$format_validation_base@DV?$string_output_adapter@D@__crt_stdio_output@@@__crt_stdio_output@@QEAA@XZ 0000000140014d10 f i libucrtd:output.obj
 0001:00013d10       ??1?$format_validation_base@_WV?$string_output_adapter@_W@__crt_stdio_output@@@__crt_stdio_output@@QEAA@XZ 0000000140014d10 f i libucrtd:output.obj
 0001:00013d30       ??1?$output_adapter_data@DV?$string_output_adapter@D@__crt_stdio_output@@@__crt_stdio_output@@QEAA@XZ 0000000140014d30 f i libucrtd:output.obj
 0001:00013d30       ??1?$output_adapter_data@_WV?$string_output_adapter@_W@__crt_stdio_output@@@__crt_stdio_output@@QEAA@XZ 0000000140014d30 f i libucrtd:output.obj
 0001:00013d50       ??1?$output_processor@_WV?$string_output_adapter@_W@__crt_stdio_output@@V?$format_validation_base@_WV?$string_output_adapter@_W@__crt_stdio_output@@@2@@__crt_stdio_output@@QEAA@XZ 0000000140014d50 f i libucrtd:output.obj
 0001:00013d50       ??1?$output_processor@DV?$string_output_adapter@D@__crt_stdio_output@@V?$format_validation_base@DV?$string_output_adapter@D@__crt_stdio_output@@@2@@__crt_stdio_output@@QEAA@XZ 0000000140014d50 f i libucrtd:output.obj
 0001:00013d70       ??1?$standard_base@DV?$string_output_adapter@D@__crt_stdio_output@@@__crt_stdio_output@@QEAA@XZ 0000000140014d70 f i libucrtd:output.obj
 0001:00013d70       ??1?$standard_base@_WV?$string_output_adapter@_W@__crt_stdio_output@@@__crt_stdio_output@@QEAA@XZ 0000000140014d70 f i libucrtd:output.obj
 0001:00013d90       ??1__crt_errno_guard@@QEAA@XZ 0000000140014d90 f i libucrtd:output.obj
 0001:00013dc0       ??1formatting_buffer@__crt_stdio_output@@QEAA@XZ 0000000140014dc0 f i libucrtd:output.obj
 0001:00013df0       ??4?$__crt_unique_heap_ptr@DU__crt_internal_free_policy@@@@QEAAAEAV0@$$QEAV0@@Z 0000000140014df0 f i libucrtd:output.obj
 0001:00013e30       ??A?$spectre_mitigated_lookup_table@Ustate_transition_pair@__crt_stdio_output@@$0IA@@__crt_stdio_output@@QEBAAEBUstate_transition_pair@1@_K@Z 0000000140014e30 f i libucrtd:output.obj
 0001:00013e50       ?adjust_hexit@?$output_processor@DV?$string_output_adapter@D@__crt_stdio_output@@V?$format_validation_base@DV?$string_output_adapter@D@__crt_stdio_output@@@2@@__crt_stdio_output@@CADH_N@Z 0000000140014e50 f i libucrtd:output.obj
 0001:00013e50       ?adjust_hexit@?$output_processor@_WV?$string_output_adapter@_W@__crt_stdio_output@@V?$format_validation_base@_WV?$string_output_adapter@_W@__crt_stdio_output@@@2@@__crt_stdio_output@@CADH_N@Z 0000000140014e50 f i libucrtd:output.obj
 0001:00013ea0       ?advance_to_next_pass@?$standard_base@_WV?$string_output_adapter@_W@__crt_stdio_output@@@__crt_stdio_output@@IEAA_NXZ 0000000140014ea0 f i libucrtd:output.obj
 0001:00013ea0       ?advance_to_next_pass@?$standard_base@DV?$string_output_adapter@D@__crt_stdio_output@@@__crt_stdio_output@@IEAA_NXZ 0000000140014ea0 f i libucrtd:output.obj
 0001:00013ef0       ?crop_zeroes@__crt_stdio_output@@YAXPEADQEAU__crt_locale_pointers@@@Z 0000000140014ef0 f i libucrtd:output.obj
 0001:00014030       ?find_next_state@?$output_processor@DV?$string_output_adapter@D@__crt_stdio_output@@V?$format_validation_base@DV?$string_output_adapter@D@__crt_stdio_output@@@2@@__crt_stdio_output@@AEBA?AW4state@2@DW432@@Z 0000000140015030 f i libucrtd:output.obj
 0001:000140c0       ?find_next_state@?$output_processor@_WV?$string_output_adapter@_W@__crt_stdio_output@@V?$format_validation_base@_WV?$string_output_adapter@_W@__crt_stdio_output@@@2@@__crt_stdio_output@@AEBA?AW4state@2@_WW432@@Z 00000001400150c0 f i libucrtd:output.obj
 0001:00014150       ?force_decimal_point@__crt_stdio_output@@YAXPEADQEAU__crt_locale_pointers@@@Z 0000000140015150 f i libucrtd:output.obj
 0001:00014250       ?get@__crt_deferred_errno_cache@@QEAAAEAHXZ 0000000140015250 f i libucrtd:output.obj
 0001:00014280       ?get_flags@__crt_stdio_stream@@QEBAJXZ 0000000140015280 f i libucrtd:output.obj
 0001:000142b0       ?has_flag@?$output_processor@_WV?$string_output_adapter@_W@__crt_stdio_output@@V?$format_validation_base@_WV?$string_output_adapter@_W@__crt_stdio_output@@@2@@__crt_stdio_output@@AEBA_NI@Z 00000001400152b0 f i libucrtd:output.obj
 0001:000142b0       ?has_flag@?$output_processor@DV?$string_output_adapter@D@__crt_stdio_output@@V?$format_validation_base@DV?$string_output_adapter@D@__crt_stdio_output@@@2@@__crt_stdio_output@@AEBA_NI@Z 00000001400152b0 f i libucrtd:output.obj
 0001:000142f0       ?is_string_backed@__crt_stdio_stream@@QEBA_NXZ 00000001400152f0 f i libucrtd:output.obj
 0001:00014330       ?narrow_null_string@?$output_processor@_WV?$string_output_adapter@_W@__crt_stdio_output@@V?$format_validation_base@_WV?$string_output_adapter@_W@__crt_stdio_output@@@2@@__crt_stdio_output@@CAPEADXZ 0000000140015330 f i libucrtd:output.obj
 0001:00014330       ?narrow_null_string@?$output_processor@DV?$string_output_adapter@D@__crt_stdio_output@@V?$format_validation_base@DV?$string_output_adapter@D@__crt_stdio_output@@@2@@__crt_stdio_output@@CAPEADXZ 0000000140015330 f i libucrtd:output.obj
 0001:00014340       ?parse_int_from_format_string@?$output_processor@DV?$string_output_adapter@D@__crt_stdio_output@@V?$format_validation_base@DV?$string_output_adapter@D@__crt_stdio_output@@@2@@__crt_stdio_output@@AEAA_NQEAH@Z 0000000140015340 f i libucrtd:output.obj
 0001:00014430       ?parse_int_from_format_string@?$output_processor@_WV?$string_output_adapter@_W@__crt_stdio_output@@V?$format_validation_base@_WV?$string_output_adapter@_W@__crt_stdio_output@@@2@@__crt_stdio_output@@AEAA_NQEAH@Z 0000000140015430 f i libucrtd:output.obj
 0001:00014520       ?process@?$output_processor@DV?$string_output_adapter@D@__crt_stdio_output@@V?$format_validation_base@DV?$string_output_adapter@D@__crt_stdio_output@@@2@@__crt_stdio_output@@QEAAHXZ 0000000140015520 f i libucrtd:output.obj
 0001:00014880       ?process@?$output_processor@_WV?$string_output_adapter@_W@__crt_stdio_output@@V?$format_validation_base@_WV?$string_output_adapter@_W@__crt_stdio_output@@@2@@__crt_stdio_output@@QEAAHXZ 0000000140015880 f i libucrtd:output.obj
 0001:00014be0       ?set_flag@?$output_processor@_WV?$string_output_adapter@_W@__crt_stdio_output@@V?$format_validation_base@_WV?$string_output_adapter@_W@__crt_stdio_output@@@2@@__crt_stdio_output@@AEAAXI@Z 0000000140015be0 f i libucrtd:output.obj
 0001:00014be0       ?set_flag@?$output_processor@DV?$string_output_adapter@D@__crt_stdio_output@@V?$format_validation_base@DV?$string_output_adapter@D@__crt_stdio_output@@@2@@__crt_stdio_output@@AEAAXI@Z 0000000140015be0 f i libucrtd:output.obj
 0001:00014c00       ?validate_and_update_state_at_beginning_of_format_character@?$standard_base@_WV?$string_output_adapter@_W@__crt_stdio_output@@@__crt_stdio_output@@IEAA_NXZ 0000000140015c00 f i libucrtd:output.obj
 0001:00014c00       ?should_format@?$standard_base@DV?$string_output_adapter@D@__crt_stdio_output@@@__crt_stdio_output@@IEAA_NXZ 0000000140015c00 f i libucrtd:output.obj
 0001:00014c00       ?validate_and_update_state_at_beginning_of_format_character@?$standard_base@DV?$string_output_adapter@D@__crt_stdio_output@@@__crt_stdio_output@@IEAA_NXZ 0000000140015c00 f i libucrtd:output.obj
 0001:00014c00       ?validate_state_for_type_case_a@?$standard_base@_WV?$string_output_adapter@_W@__crt_stdio_output@@@__crt_stdio_output@@IEBA_NXZ 0000000140015c00 f i libucrtd:output.obj
 0001:00014c00       ?should_format@?$standard_base@_WV?$string_output_adapter@_W@__crt_stdio_output@@@__crt_stdio_output@@IEAA_NXZ 0000000140015c00 f i libucrtd:output.obj
 0001:00014c00       ?validate_state_for_type_case_a@?$standard_base@DV?$string_output_adapter@D@__crt_stdio_output@@@__crt_stdio_output@@IEBA_NXZ 0000000140015c00 f i libucrtd:output.obj
 0001:00014c10       ?should_skip_type_state_output@?$standard_base@DV?$string_output_adapter@D@__crt_stdio_output@@@__crt_stdio_output@@IEBA_NXZ 0000000140015c10 f i libucrtd:output.obj
 0001:00014c10       ?should_skip_type_state_output@?$standard_base@_WV?$string_output_adapter@_W@__crt_stdio_output@@@__crt_stdio_output@@IEBA_NXZ 0000000140015c10 f i libucrtd:output.obj
 0001:00014c10       ?should_skip_normal_state_processing@?$standard_base@_WV?$string_output_adapter@_W@__crt_stdio_output@@@__crt_stdio_output@@IEAA_NXZ 0000000140015c10 f i libucrtd:output.obj
 0001:00014c10       ?should_skip_normal_state_processing@?$standard_base@DV?$string_output_adapter@D@__crt_stdio_output@@@__crt_stdio_output@@IEAA_NXZ 0000000140015c10 f i libucrtd:output.obj
 0001:00014c20       ?state_case_dot@?$output_processor@_WV?$string_output_adapter@_W@__crt_stdio_output@@V?$format_validation_base@_WV?$string_output_adapter@_W@__crt_stdio_output@@@2@@__crt_stdio_output@@AEAA_NXZ 0000000140015c20 f i libucrtd:output.obj
 0001:00014c20       ?state_case_dot@?$output_processor@DV?$string_output_adapter@D@__crt_stdio_output@@V?$format_validation_base@DV?$string_output_adapter@D@__crt_stdio_output@@@2@@__crt_stdio_output@@AEAA_NXZ 0000000140015c20 f i libucrtd:output.obj
 0001:00014c40       ?state_case_flag@?$output_processor@DV?$string_output_adapter@D@__crt_stdio_output@@V?$format_validation_base@DV?$string_output_adapter@D@__crt_stdio_output@@@2@@__crt_stdio_output@@AEAA_NXZ 0000000140015c40 f i libucrtd:output.obj
 0001:00014ce0       ?state_case_flag@?$output_processor@_WV?$string_output_adapter@_W@__crt_stdio_output@@V?$format_validation_base@_WV?$string_output_adapter@_W@__crt_stdio_output@@@2@@__crt_stdio_output@@AEAA_NXZ 0000000140015ce0 f i libucrtd:output.obj
 0001:00014d80       ?state_case_normal@?$output_processor@DV?$string_output_adapter@D@__crt_stdio_output@@V?$format_validation_base@DV?$string_output_adapter@D@__crt_stdio_output@@@2@@__crt_stdio_output@@AEAA_NXZ 0000000140015d80 f i libucrtd:output.obj
[...]
 0002:00012168       $unwind$__acrt_GetStringTypeA 000000014004f168     libucrtd:getstringtypea.obj
 0002:00012170       $unwind$__acrt_update_thread_locale_data 000000014004f170     libucrtd:locale_refcounting.obj
 0002:00012190       $unwind$__acrt_get_parent_window 000000014004f190     libucrtd:winapi_thunks.obj
 0002:00012190       $unwind$__acrt_initialize_winapi_thunks 000000014004f190     libucrtd:winapi_thunks.obj
 0002:00012190       $unwind$__acrt_initialize_stdio 000000014004f190     libucrtd:_file.obj
 0002:00012198       $unwind$__acrt_InitializeCriticalSectionEx 000000014004f198     libucrtd:winapi_thunks.obj
 0002:000121a0       $unwind$??$common_xtox@KD@@YAHKQEAD_KI_N@Z 000000014004f1a0     libucrtd:xtoa.obj
 0002:000121a0       $unwind$??$common_xtox@K_W@@YAHKQEA_W_KI_N@Z 000000014004f1a0     libucrtd:xtoa.obj
 0002:000121a0       $unwind$__acrt_LCMapStringEx 000000014004f1a0     libucrtd:winapi_thunks.obj
 0002:000121a8       $unwind$__acrt_is_interactive 000000014004f1a8     libucrtd:winapi_thunks.obj
 0002:000121b8       $unwind$_query_new_handler 000000014004f1b8     libucrtd:new_handler.obj
 0002:000121d8       $unwind$raise              000000014004f1d8     libucrtd:signal.obj
 0002:000121f8       $unwind$??$?RV<lambda_450d765d439847d4c735a33c368b5fc0>@@AEAV<lambda_44731a7d0e6d81c3e6aa82d741081786>@@V<lambda_601a2a7da3b7a96e9554ac7215c4b07c>@@@?$__crt_seh_guarded_call@P6AXH@Z@@QEAAP6AXH@Z$$QEAV<lambda_450d765d439847d4c735a33c368b5fc0>@@AEAV<lambda_44731a7d0e6d81c3e6aa82d741081786>@@$$QEAV<lambda_601a2a7da3b7a96e9554ac7215c4b07c>@@@Z 000000014004f1f8     libucrtd:signal.obj
 0002:00012218       $unwind$_expand_base       000000014004f218     libucrtd:expand.obj
 0002:00012220       $unwind$?fp_format_g@@YAHQEBNQEAD_K12H_NIW4__acrt_rounding_mode@@QEAU__crt_locale_pointers@@@Z 000000014004f220     libucrtd:cvt.obj
 0002:00012220       $unwind$_mbtowc_l          000000014004f220     libucrtd:mbtowc.obj
 0002:0001222c       $unwind$_wctomb_s_l        000000014004f22c     libucrtd:wctomb.obj
 0002:00012238       $unwind$?fp_format_nan_or_infinity@@YAHW4__acrt_fp_class@@_NPEAD_K1@Z 000000014004f238     libucrtd:cvt.obj
 0002:00012240       $unwind$?fe_to_nearest@@YA_NQEBN_KF@Z 000000014004f240     libucrtd:cvt.obj
 0002:00012248       $unwind$?should_round_up@@YA_NQEBN_KFW4__acrt_rounding_mode@@@Z 000000014004f248     libucrtd:cvt.obj
 0002:00012250       $unwind$?fp_format_a@@YAHQEBNPEAD_KQEAD2H_NIQEAU__crt_locale_pointers@@W4__acrt_rounding_mode@@@Z 000000014004f250     libucrtd:cvt.obj
 0002:00012260       $stateUnwindMap$?fp_format_a@@YAHQEBNPEAD_KQEAD2H_NIQEAU__crt_locale_pointers@@W4__acrt_rounding_mode@@@Z 000000014004f260     libucrtd:cvt.obj
 0002:00012270       $ip2state$?fp_format_a@@YAHQEBNPEAD_KQEAD2H_NIQEAU__crt_locale_pointers@@W4__acrt_rounding_mode@@@Z 000000014004f270     libucrtd:cvt.obj
 0002:000122b8       $unwind$?fp_format_f@@YAHQEBNQEAD_K12HQEAU__crt_locale_pointers@@W4__acrt_rounding_mode@@@Z 000000014004f2b8     libucrtd:cvt.obj
 0002:000122c0       $unwind$_VCrtDbgReportA    000000014004f2c0     libucrtd:dbgrptt.obj
 0002:000122f8       $unwind$_VCrtDbgReportW    000000014004f2f8     libucrtd:dbgrptt.obj
 0002:00012330       $unwind$__acrt_OutputDebugStringA 000000014004f330     libucrtd:outputdebugstringa.obj
 0002:00012344       $unwind$qsort              000000014004f344     libucrtd:qsort.obj
 0002:00012354       $unwind$?shortsort@@YAXPEAD0_KP6AHPEBX2@Z@Z 000000014004f354     libucrtd:qsort.obj
 0002:00012364       $stateUnwindMap$?shortsort@@YAXPEAD0_KP6AHPEBX2@Z@Z 000000014004f364     libucrtd:qsort.obj
 0002:00012370       $ip2state$?shortsort@@YAXPEAD0_KP6AHPEBX2@Z@Z 000000014004f370     libucrtd:qsort.obj
 0002:00012388       $unwind$strpbrk            000000014004f388     libucrtd:strpbrk.obj
 0002:00012390       $unwind$fallbackMethod     000000014004f390     libucrtd:strpbrk.obj
 0002:000123a0       $unwind$_mbsdec_l          000000014004f3a0     libucrtd:mbsdec.obj
 0002:000123ac       $unwind$__acrt_LCMapStringA 000000014004f3ac     libucrtd:lcmapstringa.obj
 0002:000123b4       $unwind$_mbstowcs_s_l      000000014004f3b4     libucrtd:mbstowcs.obj
 0002:000123b4       $unwind$?__acrt_LCMapStringA_stat@@YAHPEAU__crt_locale_pointers@@PEB_WKPEBDHPEADHHH@Z 000000014004f3b4     libucrtd:lcmapstringa.obj
 0002:000123bc       $unwind$??$common_xtox_s@KD@@YAHKQEAD_KI_N@Z 000000014004f3bc     libucrtd:xtoa.obj
 0002:000123bc       $unwind$??$common_xtox_s@K_W@@YAHKQEA_W_KI_N@Z 000000014004f3bc     libucrtd:xtoa.obj
 0002:000123c4       $unwind$??R<lambda_ab61a845afdef5b7c387490eaf3616ee>@@QEBA@XZ 000000014004f3c4     libucrtd:fflush.obj
 0002:000123cc       $unwind$??$?RV<lambda_842d9ff0dc9ef11c61343bbaebe7f885>@@AEAV<lambda_c5860995281e5c4ce005b3de8f5874ee>@@V<lambda_d90129c13df834fdcbf8d2b88dafcf2d>@@@?$__crt_seh_guarded_call@X@@QEAAX$$QEAV<lambda_842d9ff0dc9ef11c61343bbaebe7f885>@@AEAV<lambda_c5860995281e5c4ce005b3de8f5874ee>@@$$QEAV<lambda_d90129c13df834fdcbf8d2b88dafcf2d>@@@Z 000000014004f3cc     libucrtd:fflush.obj
 0002:000123ec       $unwind$??$?RV<lambda_886d6c58226a84441f68b9f2b8217b83>@@AEAV<lambda_ab61a845afdef5b7c387490eaf3616ee>@@V<lambda_f7f22ab5edc0698d5f6905b0d3f44752>@@@?$__crt_seh_guarded_call@X@@QEAAX$$QEAV<lambda_886d6c58226a84441f68b9f2b8217b83>@@AEAV<lambda_ab61a845afdef5b7c387490eaf3616ee>@@$$QEAV<lambda_f7f22ab5edc0698d5f6905b0d3f44752>@@@Z 000000014004f3ec     libucrtd:fflush.obj
 0002:0001240c       $unwind$_isleadbyte_l      000000014004f40c     libucrtd:_wctype.obj
 0002:00012414       $unwind$?__mbsrtowcs_utf8@__crt_mbstring@@YA_KPEA_WPEAPEBD_KPEAU_Mbstatet@@@Z 000000014004f414     libucrtd:mbrtowc.obj
 0002:0001241c       $unwind$?__c32rtomb_utf8@__crt_mbstring@@YA_KPEAD_UPEAU_Mbstatet@@@Z 000000014004f41c     libucrtd:c32rtomb.obj
 0002:00012424       $unwind$?reset_and_return@__crt_mbstring@@YA_K_KPEAU_Mbstatet@@@Z 000000014004f424     libucrtd:c32rtomb.obj
 0002:0001242c       $unwind$__acrt_fltout      000000014004f42c     libucrtd:cfout.obj
 0002:00012434       $unwind$?make_big_integer@__crt_strtox@@YA?AUbig_integer@1@_K@Z 000000014004f434     libucrtd:cfout.obj
 0002:00012444       $unwind$?make_big_integer_power_of_two@__crt_strtox@@YA?AUbig_integer@1@I@Z 000000014004f444     libucrtd:cfout.obj
 0002:00012454       $unwind$?shift_left@__crt_strtox@@YA_NAEAUbig_integer@1@I@Z 000000014004f454     libucrtd:cfout.obj
 0002:00012464       $unwind$?add_multiply_carry@__crt_strtox@@YAIAEAIIII@Z 000000014004f464     libucrtd:cfout.obj
 0002:0001246c       $unwind$?multiply@__crt_strtox@@YA_NAEAUbig_integer@1@I@Z 000000014004f46c     libucrtd:cfout.obj
 0002:0001247c       $unwind$?multiply@__crt_strtox@@YA_NAEAUbig_integer@1@AEBU21@@Z 000000014004f47c     libucrtd:cfout.obj
 0002:0001248c       $unwind$?multiply_by_power_of_ten@__crt_strtox@@YA_NAEAUbig_integer@1@I@Z 000000014004f48c     libucrtd:cfout.obj
 0002:0001249c       $unwind$?divide@__crt_strtox@@YA_KAEAUbig_integer@1@AEBU21@@Z 000000014004f49c     libucrtd:cfout.obj
 0002:000124ac       $unwind$??$convert_to_fos_high_precision@N@@YA?AW4__acrt_has_trailing_digits@@NIQEAHQEAD_K@Z 000000014004f4ac     libucrtd:cfout.obj
 0002:000124bc       $unwind$_fcloseall         000000014004f4bc     libucrtd:closeall.obj
 0002:000124dc       $unwind$?_mbstowcs_l_helper@@YA_KPEA_WPEBD_KPEAU__crt_locale_pointers@@@Z 000000014004f4dc     libucrtd:mbstowcs.obj
 0002:000124e8       $unwind$?_wcstombs_l_helper@@YA_KPEADPEB_W_KPEAU__crt_locale_pointers@@@Z 000000014004f4e8     libucrtd:wcstombs.obj
 0002:00012500       $stateUnwindMap$?_wcstombs_l_helper@@YA_KPEADPEB_W_KPEAU__crt_locale_pointers@@@Z 000000014004f500     libucrtd:wcstombs.obj
 0002:00012510       $ip2state$?_wcstombs_l_helper@@YA_KPEADPEB_W_KPEAU__crt_locale_pointers@@@Z 000000014004f510     libucrtd:wcstombs.obj
 0002:00012628       $unwind$??$?RV<lambda_4e3dbe6921bc0b5a1a6bc6573fdc859e>@@AEAV<lambda_5533cddd4bda0037814beee657757329>@@V<lambda_47cffbaa968af5c721c38a4a6f8da44d>@@@?$__crt_seh_guarded_call@H@@QEAAH$$QEAV<lambda_4e3dbe6921bc0b5a1a6bc6573fdc859e>@@AEAV<lambda_5533cddd4bda0037814beee657757329>@@$$QEAV<lambda_47cffbaa968af5c721c38a4a6f8da44d>@@@Z 000000014004f628     libucrtd:commit.obj
 0002:00012648       $unwind$_write             000000014004f648     libucrtd:write.obj
 0002:00012668       $unwind$_write_nolock      000000014004f668     libucrtd:write.obj
 0002:0001267c       $unwind$?write_double_translated_ansi_nolock@@YA?AUwrite_result@?A0x17268360@@HQEBDI@Z 000000014004f67c     libucrtd:write.obj
 0002:00012690       $unwind$?write_double_translated_unicode_nolock@@YA?AUwrite_result@?A0x17268360@@QEBDI@Z 000000014004f690     libucrtd:write.obj
 0002:000126a4       $unwind$?write_text_ansi_nolock@@YA?AUwrite_result@?A0x17268360@@HQEBDI@Z 000000014004f6a4     libucrtd:write.obj
 0002:000126a4       $unwind$?write_text_utf16le_nolock@@YA?AUwrite_result@?A0x17268360@@HQEBDI@Z 000000014004f6a4     libucrtd:write.obj
 0002:000126b8       $unwind$?write_text_utf8_nolock@@YA?AUwrite_result@?A0x17268360@@HQEBDI@Z 000000014004f6b8     libucrtd:write.obj
 0002:000126cc       $unwind$?write_binary_nolock@@YA?AUwrite_result@?A0x17268360@@HQEBDI@Z 000000014004f6cc     libucrtd:write.obj
 0002:000126e0       $unwind$?__mbrtoc32_utf8@__crt_mbstring@@YA_KPEA_UPEBD_KPEAU_Mbstatet@@@Z 000000014004f6e0     libucrtd:mbrtoc32.obj
 0002:000126f0       $xdatasym                  000000014004f6f0     libucrtd:log10.obj
 0002:000126fc       $unwind$ceil               000000014004f6fc     libucrtd:ceil.obj
 0002:00012704       $unwind$fclose             000000014004f704     libucrtd:fclose.obj
 0002:00012724       $unwind$?__wcsrtombs_utf8@__crt_mbstring@@YA_KPEADPEAPEB_W_KPEAU_Mbstatet@@@Z 000000014004f724     libucrtd:wcrtomb.obj
 0002:00012734       $unwind$__acrt_initialize_fma3 000000014004f734     libucrtd:fma3_available.obj
 0002:00012744       $unwind$_log_special_common 000000014004f744     libucrtd:log_special.obj
 0002:00012754       $unwind$_log10_special     000000014004f754     libucrtd:log_special.obj
 0002:0001275c       $unwind$_handle_error      000000014004f75c     libucrtd:libm_error.obj
 0002:0001276c       $unwind$common_control87   000000014004f76c     libucrtd:ieee.obj
 0002:0001278c       $unwind$??$?RV<lambda_53fc7fc888e23d815d7080162c0aeeb2>@@AEAV<lambda_4e7105787b7b0e0227fbf2b2d883fa65>@@V<lambda_8ddc48ad9d26c778cb15812d1d88fc8a>@@@?$__crt_seh_guarded_call@H@@QEAAH$$QEAV<lambda_53fc7fc888e23d815d7080162c0aeeb2>@@AEAV<lambda_4e7105787b7b0e0227fbf2b2d883fa65>@@$$QEAV<lambda_8ddc48ad9d26c778cb15812d1d88fc8a>@@@Z 000000014004f78c     libucrtd:close.obj
 0002:000127ac       $unwind$?__c16rtomb_utf8@__crt_mbstring@@YA_KPEAD_SPEAU_Mbstatet@@@Z 000000014004f7ac     libucrtd:c16rtomb.obj
 0002:000127b4       $unwind$__dcrt_lowio_ensure_console_output_initialized 000000014004f7b4     libucrtd:initcon.obj
 0002:000127bc       $unwind$__dcrt_write_console 000000014004f7bc     libucrtd:initcon.obj
 0002:000127d0       $unwind$_ctrlfp            000000014004f7d0     libucrtd:fpctrl.obj
 0002:000127f0       $xdatasym                  000000014004f7f0     libucrtd:fpsr.obj
 0002:000127f8       $unwind$_IsNonwritableInCurrentImage 000000014004f7f8     LIBCMTD:pesect.obj
 0002:00012818       $xdatasym                  000000014004f818     libvcruntimed:memcmp.obj
 0002:0001281c       $unwind$strrchr            000000014004f81c     libvcruntimed:strrchr.obj
 0002:00012d58       .idata$6                   000000014004fd58     user32:USER32.dll
 0002:00012d8e       .idata$6                   000000014004fd8e     gdi32:GDI32.dll
 0002:00012daa       .idata$6                   000000014004fdaa     winmm:WINMM.dll
 0002:00013046       .idata$6                   0000000140050046     kernel32:KERNEL32.dll
 0003:00000000       ?XInputGetState_@@3P6AKKPEAU_XINPUT_STATE@@@ZEA 0000000140051000     win32_made.obj
 0003:00000008       ?XInputSetState_@@3P6AKKPEAU_XINPUT_VIBRATION@@@ZEA 0000000140051008     win32_made.obj
 0003:00000050       ?__vcrt_flsindex@@3KA      0000000140051050     libvcruntimed:per_thread_data.obj
 0003:00000060       ?__acrt_current_request_number@@3JA 0000000140051060     libucrtd:debug_heap.obj
 0003:00000080       ?__acrt_flsindex@@3KA      0000000140051080     libucrtd:per_thread_data.obj
 0003:00000084       ?errno_no_memory@@3HA      0000000140051084     libucrtd:errno.obj
 0003:00000088       ?doserrno_no_memory@@3KA   0000000140051088     libucrtd:errno.obj
 0003:000002c0       _mbctypes                  00000001400512c0     libucrtd:mbctype.obj
 0003:000003d0       _mbcasemaps                00000001400513d0     libucrtd:mbctype.obj
 0003:000004d0       ?__rgctypeflag@@3PADA      00000001400514d0     libucrtd:mbctype.obj
 0003:000004e0       ?__rgcode_page_info@@3PAUcode_page_info@@A 00000001400514e0     libucrtd:mbctype.obj
 0003:00000800       ?__acrt_debug_fill_threshold@@3_KA 0000000140051800     libucrtd:debug_fill_threshold.obj
 0003:00000a50       ?dazSupported@?1??common_control87@@9@9 0000000140051a50     libucrtd:ieee.obj
 0003:00000a58       ?__dcrt_lowio_console_output_handle@@3PEAXEA 0000000140051a58     libucrtd:initcon.obj
 0003:00000a60       ?dazSupported@?1??_ctrlfp@@9@9 0000000140051a60     libucrtd:fpctrl.obj
 0003:00000ae0       ?GlobalRunning@@3HA        0000000140051ae0     win32_made.obj
 0003:00000ae4       ?GlobalPause@@3HA          0000000140051ae4     win32_made.obj
 0003:00000ae8       ?GlobalSecondaryBuffer@@3PEAUIDirectSoundBuffer@@EA 0000000140051ae8     win32_made.obj
 0003:00000af0       ?GlobalBackbuffer@@3Uwin32_offscreen_buffer@@A 0000000140051af0     win32_made.obj
 0003:00000b38       ?GlobalPerfCountFrequency@@3_JA 0000000140051b38     win32_made.obj
 0003:00000b40       GS_ExceptionRecord         0000000140051b40     LIBCMTD:gs_report.obj
 0003:00000be0       GS_ContextRecord           0000000140051be0     LIBCMTD:gs_report.obj
 0003:000010c0       ?is_initialized_as_dll@@3_NA 00000001400520c0     LIBCMTD:utility.obj
 0003:000010c1       ?module_local_atexit_table_initialized@@3_NA 00000001400520c1     LIBCMTD:utility.obj
 0003:000010c8       ?module_local_atexit_table@@3U_onexit_table_t@@A 00000001400520c8     LIBCMTD:utility.obj
 0003:000010e0       ?module_local_at_quick_exit_table@@3U_onexit_table_t@@A 00000001400520e0     LIBCMTD:utility.obj
 0003:00001140       ?__vcrt_startup_thread_ptd@@3U__vcrt_ptd@@A 0000000140052140     libvcruntimed:per_thread_data.obj
 0003:000011c0       __vcrt_lock_table          00000001400521c0     libvcruntimed:locks.obj
 0003:000011e8       __vcrt_locks_initialized   00000001400521e8     libvcruntimed:locks.obj
 0003:00001230       ?heap@@3V_HeapManager@@A   0000000140052230     libvcruntimed:undname.obj
 0003:00001258       ?module_handles@@3PAPEAUHINSTANCE__@@A 0000000140052258     libvcruntimed:winapi_downlevel.obj
 0003:00001270       ?function_pointers@@3PAPEAXA 0000000140052270     libvcruntimed:winapi_downlevel.obj
 0003:000012a0       ?__acrt_app_type@@3W4_crt_app_type@@A 00000001400522a0     libucrtd:report_runtime_error.obj
 0003:000012b0       ?outmsg@?9??__acrt_report_runtime_error@@9@4PA_WA 00000001400522b0     libucrtd:report_runtime_error.obj
 0003:000018d8       ?user_matherr@@3V?$dual_state_global@P6AHPEAU_exception@@@Z@__crt_state_management@@A 00000001400528d8     libucrtd:matherr.obj
 0003:000018e0       ?program_name@?1???$common_configure_argv@D@@YAHW4_crt_argv_mode@@@Z@4PADA 00000001400528e0     libucrtd:argv_parsing.obj
 0003:00001a08       ?empty_string@?1???$common_wincmdln@E@@YAPEAEXZ@4PAEA 0000000140052a08     libucrtd:argv_winmain.obj
 0003:00001a0c       ?c_termination_complete@@3JA 0000000140052a0c     libucrtd:exit.obj
 0003:00001a10       ?thread_local_exit_callback_func@@3P6AXPEAXK0@ZEA 0000000140052a10     libucrtd:exit.obj
 0003:00001a20       ?__acrt_global_new_mode@@3V?$dual_state_global@J@__crt_state_management@@A 0000000140052a20     libucrtd:new_mode.obj
 0003:00001a58       ?__acrt_first_block@@3PEAU_CrtMemBlockHeader@@EA 0000000140052a58     libucrtd:debug_heap.obj
 0003:00001a60       ?__acrt_last_block@@3PEAU_CrtMemBlockHeader@@EA 0000000140052a60     libucrtd:debug_heap.obj
 0003:00001a68       ?__acrt_total_allocations@@3_KA 0000000140052a68     libucrtd:debug_heap.obj
 0003:00001a70       ?__acrt_current_allocations@@3_KA 0000000140052a70     libucrtd:debug_heap.obj
 0003:00001a78       ?__acrt_max_allocations@@3_KA 0000000140052a78     libucrtd:debug_heap.obj
 0003:00001a80       ?__acrt_check_frequency@@3IA 0000000140052a80     libucrtd:debug_heap.obj
 0003:00001a84       ?__acrt_check_counter@@3IA 0000000140052a84     libucrtd:debug_heap.obj
 0003:00001a90       ?heap_validation_pending@@3_NA 0000000140052a90     libucrtd:debug_heap.obj
 0003:00001a98       ?__acrt_invalid_parameter_handler@@3V?$dual_state_global@P6AXPEB_W00I_K@Z@__crt_state_management@@A 0000000140052a98     libucrtd:invalid_parameter.obj
 0003:00001aa0       __acrt_error_mode          0000000140052aa0     libucrtd:set_error_mode.obj
 0003:00001ac0       ?fSystemSet@@3HA           0000000140052ac0     libucrtd:mbctype.obj
 0003:00001ac4       ?initialized@?1??__acrt_initialize_multibyte@@9@4_NA 0000000140052ac4     libucrtd:mbctype.obj
 0003:00001b00       ?__acrt_lock_table@@3PAU_RTL_CRITICAL_SECTION@@A 0000000140052b00     libucrtd:locks.obj
 0003:00001d30       ?__acrt_locks_initialized@@3IA 0000000140052d30     libucrtd:locks.obj
 0003:00001d34       ?state_cache@?1???$get_cached_win_policy@Udeveloper_information_policy_properties@?1??__acrt_get_developer_information_policy@@YA?AW4developer_information_policy@@XZ@@@YA?AW4developer_information_policy@@W4AppPolicyShowDeveloperDiagnostic@@@Z@4JA 0000000140052d34     libucrtd:win_policies.obj
 0003:00001d38       ?state_cache@?1???$get_cached_win_policy@Uwindowing_model_policy_properties@?1??__acrt_get_windowing_model_policy@@YA?AW4windowing_model_policy@@XZ@@@YA?AW4windowing_model_policy@@W4AppPolicyWindowingModel@@@Z@4JA 0000000140052d38     libucrtd:win_policies.obj
 0003:00002150       ?module_handles@@3PAPEAUHINSTANCE__@@A 0000000140053150     libucrtd:winapi_thunks.obj
 0003:000021f0       ?encoded_function_pointers@@3PAPEAXA 00000001400531f0     libucrtd:winapi_thunks.obj
 0003:00002310       ?__acrt_new_handler@@3V?$dual_state_global@P6AH_K@Z@__crt_state_management@@A 0000000140053310     libucrtd:new_handler.obj
 0003:00002318       ?ctrlc_action@@3V?$dual_state_global@P6AXH@Z@__crt_state_management@@A 0000000140053318     libucrtd:signal.obj
 0003:00002320       ?ctrlbreak_action@@3V?$dual_state_global@P6AXH@Z@__crt_state_management@@A 0000000140053320     libucrtd:signal.obj
 0003:00002328       ?abort_action@@3V?$dual_state_global@P6AXH@Z@__crt_state_management@@A 0000000140053328     libucrtd:signal.obj
 0003:00002330       ?term_action@@3V?$dual_state_global@P6AXH@Z@__crt_state_management@@A 0000000140053330     libucrtd:signal.obj
 0003:00002348       ?internal_state@?1??_mbtowc_l@@9@4U_Mbstatet@@A 0000000140053348     libucrtd:mbtowc.obj
 0003:00002360       ?enable_percent_n@@3_KA    0000000140053360     libucrtd:printf_count_output.obj
 0003:00002380       ?internal_pst@?1??__mbrtoc32_utf8@__crt_mbstring@@YA_KPEA_UPEBD_KPEAU_Mbstatet@@@Z@4U3@A 0000000140053380     libucrtd:mbrtoc32.obj
 0003:00002390       ?internal_pst@?1??__c16rtomb_utf8@__crt_mbstring@@YA_KPEAD_SPEAU_Mbstatet@@@Z@4U3@A 0000000140053390     libucrtd:c16rtomb.obj
 0005:00000000       MoveSmall                  0000000140057000     libvcruntimed:memcpy.obj
 0005:00000040       MoveSmallYmm               0000000140057040     libvcruntimed:memcpy.obj
 0005:00000064       MoveSmallYmmNT             0000000140057064     libvcruntimed:memcpy.obj
 0005:00000088       MoveSmallXmm               0000000140057088     libvcruntimed:memcpy.obj
 0005:000000b0       MsetTab                    00000001400570b0     libvcruntimed:memset.obj
