 win32_made

 Timestamp is 610d8cbd (Fri Aug  6 22:25:49 2021)

 Preferred load address is 0000000140000000

 Start         Length     Name                   Class
 0001:00000000 00013410H .text$mn                CODE
 0001:00013410 00000040H .text$mn$00             CODE
 0001:00013450 00000290H .text$x                 CODE
 0002:00000000 000002f8H .idata$5                DATA
 0002:000002f8 00000028H .00cfg                  DATA
 0002:00000320 00000008H .CRT$XCA                DATA
 0002:00000328 00000008H .CRT$XCAA               DATA
 0002:00000330 00000008H .CRT$XCZ                DATA
 0002:00000338 00000008H .CRT$XIA                DATA
 0002:00000340 00000008H .CRT$XIAA               DATA
 0002:00000348 00000008H .CRT$XIAC               DATA
 0002:00000350 00000020H .CRT$XIC                DATA
 0002:00000370 00000008H .CRT$XIZ                DATA
 0002:00000378 00000008H .CRT$XPA                DATA
 0002:00000380 00000010H .CRT$XPX                DATA
 0002:00000390 00000008H .CRT$XPXA               DATA
 0002:00000398 00000008H .CRT$XPZ                DATA
 0002:000003a0 00000008H .CRT$XTA                DATA
 0002:000003a8 00000008H .CRT$XTZ                DATA
 0002:000003b0 00000000H .gehcont$y              DATA
 0002:000003b0 00000000H .gfids$y                DATA
 0002:000003b0 000085d0H .rdata                  DATA
 0002:00008980 00000000H .rdata$CastGuardVftablesA DATA
 0002:00008980 00000000H .rdata$CastGuardVftablesC DATA
 0002:00008980 00000000H .rdata$r                DATA
 0002:00008980 0000010cH .rdata$voltmd           DATA
 0002:00008a8c 000002ecH .rdata$zzzdbg           DATA
 0002:00008d78 00000008H .rtc$IAA                DATA
 0002:00008d80 00000008H .rtc$IZZ                DATA
 0002:00008d88 00000008H .rtc$TAA                DATA
 0002:00008d90 00000008H .rtc$TZZ                DATA
 0002:00008d98 00000df0H .xdata                  DATA
 0002:00009b88 00000000H .xdata$x                DATA
 0002:00009b88 00000000H .edata                  DATA
 0002:00009b88 00000050H .idata$2                DATA
 0002:00009bd8 00000018H .idata$3                DATA
 0002:00009bf0 000002f8H .idata$4                DATA
 0002:00009ee8 00000698H .idata$6                DATA
 0003:00000000 00000a20H .data                   DATA
 0003:00000a20 00000000H .data$r                 DATA
 0003:00000a20 00000000H .data$rs                DATA
 0003:00000a20 00001250H .bss                    DATA
 0004:00000000 000010c8H .pdata                  DATA
 0005:00000000 000000fcH _RDATA                  DATA

  Address         Publics by Value              Rva+Base               Lib:Object

 0000:00000000       __guard_longjmp_table      0000000000000000     <absolute>
 0000:00000000       ___safe_se_handler_table   0000000000000000     <absolute>
 0000:00000000       __x64_code_ranges_to_entry_points_count 0000000000000000     <absolute>
 0000:00000000       __guard_fids_count         0000000000000000     <absolute>
 0000:00000000       __arm64x_redirection_metadata 0000000000000000     <absolute>
 0000:00000000       __arm64x_extra_rfe_table   0000000000000000     <absolute>
 0000:00000000       __guard_iat_table          0000000000000000     <absolute>
 0000:00000000       __hybrid_code_map          0000000000000000     <absolute>
 0000:00000000       __guard_iat_count          0000000000000000     <absolute>
 0000:00000000       __guard_longjmp_count      0000000000000000     <absolute>
 0000:00000000       __arm64x_extra_rfe_table_size 0000000000000000     <absolute>
 0000:00000000       __x64_code_ranges_to_entry_points 0000000000000000     <absolute>
 0000:00000000       __dynamic_value_reloc_table 0000000000000000     <absolute>
 0000:00000000       ___safe_se_handler_count   0000000000000000     <absolute>
 0000:00000000       __hybrid_auxiliary_iat     0000000000000000     <absolute>
 0000:00000000       __hybrid_auxiliary_iat_copy 0000000000000000     <absolute>
 0000:00000000       __AbsoluteZero             0000000000000000     <absolute>
 0000:00000000       __guard_check_icall_a64n_fptr 0000000000000000     <absolute>
 0000:00000000       __guard_eh_cont_count      0000000000000000     <absolute>
 0000:00000000       __guard_fids_table         0000000000000000     <absolute>
 0000:00000000       __arm64x_redirection_metadata_count 0000000000000000     <absolute>
 0000:00000000       __enclave_config           0000000000000000     <absolute>
 0000:00000000       __guard_eh_cont_table      0000000000000000     <absolute>
 0000:00000000       __arm64x_native_entrypoint 0000000000000000     <absolute>
 0000:00000000       __hybrid_code_map_count    0000000000000000     <absolute>
 0000:00000100       __guard_flags              0000000000000100     <absolute>
 0000:00000000       __ImageBase                0000000140000000     <linker-defined>
 0001:00000000       WinMain                    0000000140001000 f   win32_made.obj
 0001:00001650       ?GameUpdateAndRenderStub@@YAXPEAUgame_memory@@PEAUgame_input@@PEAUgame_offscreen_buffer@@@Z 0000000140002650 f   win32_made.obj
 0001:00001670       ?GameGetSoundSamplesStub@@YAXPEAUgame_memory@@PEAUgame_sound_output_buffer@@@Z 0000000140002670 f   win32_made.obj
 0001:00001690       ?XInputGetStateStub@@YAKKPEAU_XINPUT_STATE@@@Z 0000000140002690 f   win32_made.obj
 0001:000016b0       ?XInputSetStateStub@@YAKKPEAU_XINPUT_VIBRATION@@@Z 00000001400026b0 f   win32_made.obj
 0001:000016d0       ?DEBUGPlatformFreeFileMemory@@YAXPEAX@Z 00000001400026d0 f   win32_made.obj
 0001:00001700       ?DEBUGPlatformReadEntireFile@@YA?AUdebug_read_file_result@@PEAD@Z 0000000140002700 f   win32_made.obj
 0001:00001850       ?DEBUGPlatformWriteEntireFile@@YAHPEADIPEAX@Z 0000000140002850 f   win32_made.obj
 0001:00003300       ??$_snprintf_s@$0BAA@@@YAHAEAY0BAA@D_KPEBDZZ 0000000140004300 f i win32_made.obj
 0001:00003350       ?GetController@@YAPEAUgame_controller_input@@PEAUgame_input@@I@Z 0000000140004350 f i win32_made.obj
 0001:000033a0       ?SafeTruncateUInt64@@YAI_K@Z 00000001400043a0 f i win32_made.obj
 0001:000033d0       ?Win32DrawSoundBufferMarker@@YAXPEAUwin32_offscreen_buffer@@PEAUwin32_sound_output@@MHHHKI@Z 00000001400043d0 f i win32_made.obj
 0001:00003450       ?Win32GetLastWriteTime@@YA?AU_FILETIME@@PEAD@Z 0000000140004450 f i win32_made.obj
 0001:000034e0       ?Win32GetSecondsElapsed@@YAMT_LARGE_INTEGER@@0@Z 00000001400044e0 f i win32_made.obj
 0001:00003520       ?Win32GetWallClock@@YA?AT_LARGE_INTEGER@@XZ 0000000140004520 f i win32_made.obj
 0001:00003540       __local_stdio_printf_options 0000000140004540 f i win32_made.obj
 0001:00003550       _vsnprintf_s               0000000140004550 f i win32_made.obj
 0001:000035a0       _vsnprintf_s_l             00000001400045a0 f i win32_made.obj
 0001:00003620       __GSHandlerCheck           0000000140004620 f   LIBCMT:gshandler.obj
 0001:00003640       __GSHandlerCheckCommon     0000000140004640 f   LIBCMT:gshandler.obj
 0001:000036b0       _alloca_probe              00000001400046b0 f   LIBCMT:chkstk.obj
 0001:000036b0       __chkstk                   00000001400046b0 f   LIBCMT:chkstk.obj
 0001:00003710       __security_check_cookie    0000000140004710 f   LIBCMT:amdsecgs.obj
 0001:00003988       WinMainCRTStartup          0000000140004988 f   LIBCMT:exe_winmain.obj
 0001:0000399c       __raise_securityfailure    000000014000499c f   LIBCMT:gs_report.obj
 0001:000039d0       __report_gsfailure         00000001400049d0 f   LIBCMT:gs_report.obj
 0001:00003aa4       __report_rangecheckfailure 0000000140004aa4 f   LIBCMT:gs_report.obj
 0001:00003ab8       __report_securityfailure   0000000140004ab8 f   LIBCMT:gs_report.obj
 0001:00003c38       __scrt_acquire_startup_lock 0000000140004c38 f   LIBCMT:utility.obj
 0001:00003c74       __scrt_initialize_crt      0000000140004c74 f   LIBCMT:utility.obj
 0001:00003cc0       __scrt_initialize_onexit_tables 0000000140004cc0 f   LIBCMT:utility.obj
 0001:00003d4c       __scrt_is_nonwritable_in_current_image 0000000140004d4c f   LIBCMT:utility.obj
 0001:00003de4       __scrt_release_startup_lock 0000000140004de4 f   LIBCMT:utility.obj
 0001:00003e08       __scrt_uninitialize_crt    0000000140004e08 f   LIBCMT:utility.obj
 0001:00003e34       _onexit                    0000000140004e34 f   LIBCMT:utility.obj
 0001:00003e70       atexit                     0000000140004e70 f   LIBCMT:utility.obj
 0001:00003e88       __security_init_cookie     0000000140004e88 f   LIBCMT:gs_support.obj
 0001:00003f34       __scrt_initialize_winrt    0000000140004f34 f   LIBCMT:utility_desktop.obj
 0001:00003f34       __scrt_exe_initialize_mta  0000000140004f34 f   LIBCMT:utility_desktop.obj
 0001:00003f34       _get_startup_thread_locale_mode 0000000140004f34 f   LIBCMT:thread_locale.obj
 0001:00003f34       _get_startup_commit_mode   0000000140004f34 f   LIBCMT:commit_mode.obj
 0001:00003f34       _matherr                   0000000140004f34 f   LIBCMT:matherr.obj
 0001:00003f34       __scrt_stub_for_initialize_mta 0000000140004f34 f   LIBCMT:utility_desktop.obj
 0001:00003f34       _get_startup_new_mode      0000000140004f34 f   LIBCMT:new_mode.obj
 0001:00003f38       _get_startup_argv_mode     0000000140004f38 f   LIBCMT:argv_mode.obj
 0001:00003f40       _get_startup_file_mode     0000000140004f40 f   LIBCMT:file_mode.obj
 0001:00003f48       ?__scrt_initialize_type_info@@YAXXZ 0000000140004f48 f   LIBCMT:tncleanup.obj
 0001:00003f58       __acrt_uninitialize_command_line 0000000140004f58 f   libucrt:argv_data.obj
 0001:00003f58       _should_initialize_environment 0000000140004f58 f   LIBCMT:env_mode.obj
 0001:00003f5c       _initialize_invalid_parameter_handler 0000000140004f5c f   LIBCMT:invalid_parameter_handler.obj
 0001:00003f5c       _initialize_denormal_control 0000000140004f5c f   LIBCMT:denormal_control.obj
 0001:00003f5c       _guard_check_icall_nop     0000000140004f5c f   LIBCMT:guard_support.obj
 0001:00003f60       __local_stdio_scanf_options 0000000140004f60 f i LIBCMT:default_local_stdio_options.obj
 0001:00003f68       __scrt_initialize_default_local_stdio_options 0000000140004f68 f   LIBCMT:default_local_stdio_options.obj
 0001:00003f84       __scrt_is_user_matherr_present 0000000140004f84 f   LIBCMT:matherr_detection.obj
 0001:00003f90       __scrt_get_dyn_tls_init_callback 0000000140004f90 f   LIBCMT:dyn_tls_init.obj
 0001:00003f98       __scrt_get_dyn_tls_dtor_callback 0000000140004f98 f   LIBCMT:dyn_tls_dtor.obj
 0001:00003fa0       __crt_debugger_hook        0000000140004fa0 f   LIBCMT:utility_desktop.obj
 0001:00003fa8       __scrt_fastfail            0000000140004fa8 f   LIBCMT:utility_desktop.obj
 0001:000040f4       __scrt_get_show_window_mode 00000001400050f4 f   LIBCMT:utility_desktop.obj
 0001:00004130       __scrt_initialize_mta      0000000140005130 f   LIBCMT:utility_desktop.obj
 0001:00004138       __scrt_is_managed_app      0000000140005138 f   LIBCMT:utility_desktop.obj
 0001:0000418c       __scrt_set_unhandled_exception_filter 000000014000518c f   LIBCMT:utility_desktop.obj
 0001:0000419c       __scrt_unhandled_exception_filter 000000014000519c f   LIBCMT:utility_desktop.obj
 0001:000041f8       _RTC_Initialize            00000001400051f8 f   LIBCMT:initsect.obj
 0001:00004234       _RTC_Terminate             0000000140005234 f   LIBCMT:initsect.obj
 0001:00004270       __isa_available_init       0000000140005270 f   LIBCMT:cpu_disp.obj
 0001:00004414       __scrt_is_ucrt_dll_in_use  0000000140005414 f   LIBCMT:ucrt_detection.obj
 0001:00004420       __C_specific_handler       0000000140005420 f   libvcruntime:riscchandler.obj
 0001:0000462c       __vcrt_initialize          000000014000562c f   libvcruntime:initialization.obj
 0001:00004654       __vcrt_uninitialize        0000000140005654 f   libvcruntime:initialization.obj
 0001:00004670       __DestructExceptionObject  0000000140005670 f   libvcruntime:ehhelpers.obj
 0001:000046e0       ?_CallMemberFunction0@@YAXQEAX0@Z 00000001400056e0 f i libvcruntime:ehhelpers.obj
 0001:000046e4       __current_exception        00000001400056e4 f   libvcruntime:ehhelpers.obj
 0001:000046f8       __current_exception_context 00000001400056f8 f   libvcruntime:ehhelpers.obj
 0001:00004720       memset_repmovs             0000000140005720 f   libvcruntime:memset.obj
 0001:00004740       memset                     0000000140005740 f   libvcruntime:memset.obj
 0001:000048e0       _NLG_Notify                00000001400058e0 f   libvcruntime:notify.obj
 0001:00004900       __NLG_Dispatch2            0000000140005900 f   libvcruntime:notify.obj
 0001:00004910       __NLG_Return2              0000000140005910 f   libvcruntime:notify.obj
 0001:00004914       __except_validate_context_record 0000000140005914 f   libvcruntime:jbcxrval.obj
 0001:0000494c       __vcrt_freefls             000000014000594c f   libvcruntime:per_thread_data.obj
 0001:0000496c       __vcrt_getptd              000000014000596c f   libvcruntime:per_thread_data.obj
 0001:00004988       __vcrt_getptd_noexit       0000000140005988 f   libvcruntime:per_thread_data.obj
 0001:00004a48       __vcrt_initialize_ptd      0000000140005a48 f   libvcruntime:per_thread_data.obj
 0001:00004a90       __vcrt_uninitialize_ptd    0000000140005a90 f   libvcruntime:per_thread_data.obj
 0001:00004ab4       __vcrt_initialize_locks    0000000140005ab4 f   libvcruntime:locks.obj
 0001:00004ae8       __vcrt_uninitialize_locks  0000000140005ae8 f   libvcruntime:locks.obj
 0001:00004c70       __vcrt_FlsAlloc            0000000140005c70 f   libvcruntime:winapi_downlevel.obj
 0001:00004cb8       __vcrt_FlsFree             0000000140005cb8 f   libvcruntime:winapi_downlevel.obj
 0001:00004d00       __vcrt_FlsGetValue         0000000140005d00 f   libvcruntime:winapi_downlevel.obj
 0001:00004d48       __vcrt_FlsSetValue         0000000140005d48 f   libvcruntime:winapi_downlevel.obj
 0001:00004d9c       __vcrt_InitializeCriticalSectionEx 0000000140005d9c f   libvcruntime:winapi_downlevel.obj
 0001:00004e10       memcpy_repmovs             0000000140005e10 f   libvcruntime:memcpy.obj
 0001:00004e30       memmove                    0000000140005e30 f   libvcruntime:memcpy.obj
 0001:00004e30       memcpy                     0000000140005e30 f   libvcruntime:memcpy.obj
 0001:000054c0       _CallSettingFrame          00000001400064c0 f   libvcruntime:handlers.obj
 0001:00005510       _CallSettingFrame_LookupContinuationIndex 0000000140006510 f   libvcruntime:handlers.obj
 0001:00005540       _CallSettingFrame_NotifyContinuationAddr 0000000140006540 f   libvcruntime:handlers.obj
 0001:00005570       _CallSettingFrameEncoded   0000000140006570 f   libvcruntime:handlers.obj
 0001:00005784       ??$ensure_buffer_is_big_enough@D@formatting_buffer@__crt_stdio_output@@QEAA_N_K@Z 0000000140006784 f i libucrt:output.obj
 0001:0000582c       ??$type_case_integer_parse_into_buffer@I@?$output_processor@DV?$string_output_adapter@D@__crt_stdio_output@@V?$format_validation_base@DV?$string_output_adapter@D@__crt_stdio_output@@@2@@__crt_stdio_output@@AEAAXII_N@Z 000000014000682c f i libucrt:output.obj
 0001:000058b4       ??$type_case_integer_parse_into_buffer@_K@?$output_processor@DV?$string_output_adapter@D@__crt_stdio_output@@V?$format_validation_base@DV?$string_output_adapter@D@__crt_stdio_output@@@2@@__crt_stdio_output@@AEAAX_KI_N@Z 00000001400068b4 f i libucrt:output.obj
 0001:00005944       ??$write_multiple_characters@V?$string_output_adapter@D@__crt_stdio_output@@D@__crt_stdio_output@@YAXAEBV?$string_output_adapter@D@0@DHQEAH@Z 0000000140006944 f i libucrt:output.obj
 0001:000059bc       ??0_LocaleUpdate@@QEAA@QEAU__crt_locale_pointers@@@Z 00000001400069bc f i libucrt:output.obj
 0001:00005a60       ?crop_zeroes@__crt_stdio_output@@YAXPEADQEAU__crt_locale_pointers@@@Z 0000000140006a60 f i libucrt:output.obj
 0001:00005b00       ?force_decimal_point@__crt_stdio_output@@YAXPEADQEAU__crt_locale_pointers@@@Z 0000000140006b00 f i libucrt:output.obj
 0001:00005b78       ?parse_int_from_format_string@?$output_processor@DV?$string_output_adapter@D@__crt_stdio_output@@V?$format_validation_base@DV?$string_output_adapter@D@__crt_stdio_output@@@2@@__crt_stdio_output@@AEAA_NQEAH@Z 0000000140006b78 f i libucrt:output.obj
 0001:00005c1c       ?process@?$output_processor@DV?$string_output_adapter@D@__crt_stdio_output@@V?$format_validation_base@DV?$string_output_adapter@D@__crt_stdio_output@@@2@@__crt_stdio_output@@QEAAHXZ 0000000140006c1c f i libucrt:output.obj
 0001:00005e30       ?state_case_normal@?$output_processor@DV?$string_output_adapter@D@__crt_stdio_output@@V?$format_validation_base@DV?$string_output_adapter@D@__crt_stdio_output@@@2@@__crt_stdio_output@@AEAA_NXZ 0000000140006e30 f i libucrt:output.obj
 0001:00005ea4       ?state_case_normal_tchar@?$output_processor@DV?$string_output_adapter@D@__crt_stdio_output@@V?$format_validation_base@DV?$string_output_adapter@D@__crt_stdio_output@@@2@@__crt_stdio_output@@AEAA_ND@Z 0000000140006ea4 f i libucrt:output.obj
 0001:00005f4c       ?state_case_size@?$output_processor@DV?$string_output_adapter@D@__crt_stdio_output@@V?$format_validation_base@DV?$string_output_adapter@D@__crt_stdio_output@@@2@@__crt_stdio_output@@AEAA_NXZ 0000000140006f4c f i libucrt:output.obj
 0001:000060bc       ?state_case_type@?$output_processor@DV?$string_output_adapter@D@__crt_stdio_output@@V?$format_validation_base@DV?$string_output_adapter@D@__crt_stdio_output@@@2@@__crt_stdio_output@@AEAA_NXZ 00000001400070bc f i libucrt:output.obj
 0001:00006330       ?to_integer_size@__crt_stdio_output@@YA_KW4length_modifier@1@@Z 0000000140007330 f i libucrt:output.obj
 0001:00006398       ?type_case_Z@?$output_processor@DV?$string_output_adapter@D@__crt_stdio_output@@V?$format_validation_base@DV?$string_output_adapter@D@__crt_stdio_output@@@2@@__crt_stdio_output@@AEAA_NXZ 0000000140007398 f i libucrt:output.obj
 0001:0000640c       ?type_case_a@?$output_processor@DV?$string_output_adapter@D@__crt_stdio_output@@V?$format_validation_base@DV?$string_output_adapter@D@__crt_stdio_output@@@2@@__crt_stdio_output@@AEAA_NXZ 000000014000740c f i libucrt:output.obj
 0001:000065c8       ?type_case_c_tchar@?$output_processor@DV?$string_output_adapter@D@__crt_stdio_output@@V?$format_validation_base@DV?$string_output_adapter@D@__crt_stdio_output@@@2@@__crt_stdio_output@@AEAA_ND@Z 00000001400075c8 f i libucrt:output.obj
 0001:00006690       ?type_case_integer@?$output_processor@DV?$string_output_adapter@D@__crt_stdio_output@@V?$format_validation_base@DV?$string_output_adapter@D@__crt_stdio_output@@@2@@__crt_stdio_output@@AEAA_NI_N@Z 0000000140007690 f i libucrt:output.obj
 0001:00006810       ?type_case_n@?$output_processor@DV?$string_output_adapter@D@__crt_stdio_output@@V?$format_validation_base@DV?$string_output_adapter@D@__crt_stdio_output@@@2@@__crt_stdio_output@@AEAA_NXZ 0000000140007810 f i libucrt:output.obj
 0001:00006898       ?type_case_s@?$output_processor@DV?$string_output_adapter@D@__crt_stdio_output@@V?$format_validation_base@DV?$string_output_adapter@D@__crt_stdio_output@@@2@@__crt_stdio_output@@AEAA_NXZ 0000000140007898 f i libucrt:output.obj
 0001:00006930       ?write_stored_string_tchar@?$output_processor@DV?$string_output_adapter@D@__crt_stdio_output@@V?$format_validation_base@DV?$string_output_adapter@D@__crt_stdio_output@@@2@@__crt_stdio_output@@AEAA_ND@Z 0000000140007930 f i libucrt:output.obj
 0001:00006a0c       ?write_string@?$string_output_adapter@D@__crt_stdio_output@@QEBAXQEBDHQEAHAEAV__crt_deferred_errno_cache@@@Z 0000000140007a0c f i libucrt:output.obj
 0001:00006ab0       __stdio_common_vsnprintf_s 0000000140007ab0 f   libucrt:output.obj
 0001:00006bfc       _seh_filter_exe            0000000140007bfc f   libucrt:exception_filter.obj
 0001:00006d80       _query_app_type            0000000140007d80 f   libucrt:report_runtime_error.obj
 0001:00006d88       _set_app_type              0000000140007d88 f   libucrt:report_runtime_error.obj
 0001:00006d90       __acrt_has_user_matherr    0000000140007d90 f   libucrt:matherr.obj
 0001:00006db0       __acrt_initialize_user_matherr 0000000140007db0 f   libucrt:matherr.obj
 0001:00006db8       __acrt_invoke_user_matherr 0000000140007db8 f   libucrt:matherr.obj
 0001:00006de8       __setusermatherr           0000000140007de8 f   libucrt:matherr.obj
 0001:00006fd0       __acrt_allocate_buffer_for_argv 0000000140007fd0 f   libucrt:argv_parsing.obj
 0001:00007030       _configure_narrow_argv     0000000140008030 f   libucrt:argv_parsing.obj
 0001:000073a8       __dcrt_uninitialize_environments_nolock 00000001400083a8 f   libucrt:environment_initialization.obj
 0001:000073e0       _initialize_narrow_environment 00000001400083e0 f   libucrt:environment_initialization.obj
 0001:000073e8       _get_narrow_winmain_command_line 00000001400083e8 f   libucrt:argv_winmain.obj
 0001:00007458       _initterm                  0000000140008458 f   libucrt:initterm.obj
 0001:000074bc       _initterm_e                00000001400084bc f   libucrt:initterm.obj
 0001:00007768       __acrt_initialize_thread_local_exit_callback 0000000140008768 f   libucrt:exit.obj
 0001:00007770       _c_exit                    0000000140008770 f   libucrt:exit.obj
 0001:00007780       _cexit                     0000000140008780 f   libucrt:exit.obj
 0001:00007790       _exit                      0000000140008790 f   libucrt:exit.obj
 0001:0000779c       _register_thread_local_exe_atexit_callback 000000014000879c f   libucrt:exit.obj
 0001:000077d8       exit                       00000001400087d8 f   libucrt:exit.obj
 0001:000077e4       _set_fmode                 00000001400087e4 f   libucrt:setmode.obj
 0001:00007894       __acrt_set_locale_changed  0000000140008894 f   libucrt:wsetlocale.obj
 0001:000078a0       __acrt_uninitialize_locale 00000001400088a0 f   libucrt:wsetlocale.obj
 0001:000078d0       _configthreadlocale        00000001400088d0 f   libucrt:wsetlocale.obj
 0001:0000793c       _query_new_mode            000000014000893c f   libucrt:new_mode.obj
 0001:00007944       _set_new_mode              0000000140008944 f   libucrt:new_mode.obj
 0001:00007970       __p__commode               0000000140008970 f   libucrt:ncommode.obj
 0001:00007cb8       _crt_atexit                0000000140008cb8 f   libucrt:onexit.obj
 0001:00007cc8       _execute_onexit_table      0000000140008cc8 f   libucrt:onexit.obj
 0001:00007d04       _initialize_onexit_table   0000000140008d04 f   libucrt:onexit.obj
 0001:00007d2c       _register_onexit_function  0000000140008d2c f   libucrt:onexit.obj
 0001:00007ea0       __acrt_initialize          0000000140008ea0 f   libucrt:initialization.obj
 0001:00007eb4       __acrt_uninitialize        0000000140008eb4 f   libucrt:initialization.obj
 0001:00007eec       terminate                  0000000140008eec f   libucrt:terminate.obj
 0001:00007f0c       free                       0000000140008f0c f   libucrt:free.obj
 0001:00007f20       strcpy_s                   0000000140008f20 f   libucrt:strcpy_s.obj
 0001:00007f80       abort                      0000000140008f80 f   libucrt:abort.obj
 0001:00007fd8       calloc                     0000000140008fd8 f   libucrt:calloc.obj
 0001:00007fe0       ??$parse_integer@KV?$c_string_character_source@D@__crt_strtox@@@__crt_strtox@@YAKQEAU__crt_locale_pointers@@V?$c_string_character_source@D@0@H_N@Z 0000000140008fe0 f i libucrt:atox.obj
 0001:000082e4       _ischartype_l              00000001400092e4 f i libucrt:atox.obj
 0001:00008370       strncmp                    0000000140009370 f   libucrt:strncmp.obj
 0001:000083f0       wcsncmp                    00000001400093f0 f   libucrt:wcsncmp.obj
 0001:0000841c       __acrt_call_reportfault    000000014000941c f   libucrt:invalid_parameter.obj
 0001:00008578       __acrt_initialize_invalid_parameter_handler 0000000140009578 f   libucrt:invalid_parameter.obj
 0001:00008580       _invalid_parameter         0000000140009580 f   libucrt:invalid_parameter.obj
 0001:00008630       _invalid_parameter_noinfo  0000000140009630 f   libucrt:invalid_parameter.obj
 0001:00008650       _invoke_watson             0000000140009650 f   libucrt:invalid_parameter.obj
 0001:00008698       __acrt_errno_from_os_error 0000000140009698 f   libucrt:errno.obj
 0001:000086e0       __acrt_errno_map_os_error  00000001400096e0 f   libucrt:errno.obj
 0001:00008730       __doserrno                 0000000140009730 f   libucrt:errno.obj
 0001:00008750       _errno                     0000000140009750 f   libucrt:errno.obj
 0001:00008770       _free_base                 0000000140009770 f   libucrt:free_base.obj
 0001:000087b0       _malloc_base               00000001400097b0 f   libucrt:malloc_base.obj
 0001:00008810       strtol                     0000000140009810 f   libucrt:strtox.obj
 0001:0000883c       _mbtowc_l                  000000014000983c f   libucrt:mbtowc.obj
 0001:000089bc       mbtowc                     00000001400099bc f   libucrt:mbtowc.obj
 0001:000089c4       _wctomb_s_l                00000001400099c4 f   libucrt:wctomb.obj
 0001:00008b60       strnlen                    0000000140009b60 f   libucrt:strnlen.obj
 0001:00008cb0       wcsnlen                    0000000140009cb0 f   libucrt:strnlen.obj
 0001:00009200       __acrt_getptd              000000014000a200 f   libucrt:per_thread_data.obj
 0001:000092d4       __acrt_getptd_head         000000014000a2d4 f   libucrt:per_thread_data.obj
 0001:0000937c       __acrt_getptd_noexit       000000014000a37c f   libucrt:per_thread_data.obj
 0001:00009448       __acrt_initialize_ptd      000000014000a448 f   libucrt:per_thread_data.obj
 0001:00009484       __acrt_uninitialize_ptd    000000014000a484 f   libucrt:per_thread_data.obj
 0001:000094a8       __acrt_update_locale_info  000000014000a4a8 f   libucrt:locale_update.obj
 0001:000094dc       __acrt_update_multibyte_info 000000014000a4dc f   libucrt:locale_update.obj
 0001:00009f1c       __acrt_fp_format           000000014000af1c f   libucrt:cvt.obj
 0001:0000a254       _fileno                    000000014000b254 f   libucrt:fileno.obj
 0001:0000a27c       __acrt_initialize_stdio    000000014000b27c f   libucrt:_file.obj
 0001:0000a39c       __acrt_uninitialize_stdio  000000014000b39c f   libucrt:_file.obj
 0001:0000a3f8       _lock_file                 000000014000b3f8 f   libucrt:_file.obj
 0001:0000a404       _unlock_file               000000014000b404 f   libucrt:_file.obj
 0001:0000a410       _get_printf_count_output   000000014000b410 f   libucrt:printf_count_output.obj
 0001:0000a624       __acrt_initialize_lowio    000000014000b624 f   libucrt:ioinit.obj
 0001:0000a660       __acrt_uninitialize_lowio  000000014000b660 f   libucrt:ioinit.obj
 0001:0000a6a0       _calloc_base               000000014000b6a0 f   libucrt:calloc_base.obj
 0001:0000a72c       ??$__acrt_mbs_to_wcs_cp@U__crt_win32_buffer_internal_dynamic_resizing@@@@YAHQEBDAEAV?$__crt_win32_buffer@_WU__crt_win32_buffer_internal_dynamic_resizing@@@@I@Z 000000014000b72c f i libucrt:argv_wildcards.obj
 0001:0000a8a4       ??$__acrt_wcs_to_mbs_cp@U__crt_win32_buffer_internal_dynamic_resizing@@@@YAHQEB_WAEAV?$__crt_win32_buffer@DU__crt_win32_buffer_internal_dynamic_resizing@@@@I@Z 000000014000b8a4 f i libucrt:argv_wildcards.obj
 0001:0000b0d4       __acrt_expand_narrow_argv_wildcards 000000014000c0d4 f   libucrt:argv_wildcards.obj
 0001:0000b0dc       ??$__acrt_wcs_to_mbs_cp@U__crt_win32_buffer_no_resizing@@@@YAHQEB_WAEAV?$__crt_win32_buffer@DU__crt_win32_buffer_no_resizing@@@@I@Z 000000014000c0dc f i libucrt:getmodulefilenamea.obj
 0001:0000b1f0       __acrt_GetModuleFileNameA  000000014000c1f0 f   libucrt:getmodulefilenamea.obj
 0001:0000ba38       __acrt_initialize_multibyte 000000014000ca38 f   libucrt:mbctype.obj
 0001:0000ba98       __acrt_update_thread_multibyte_data 000000014000ca98 f   libucrt:mbctype.obj
 0001:0000bab4       _setmbcp_nolock            000000014000cab4 f   libucrt:mbctype.obj
 0001:0000bde8       _ismbblead                 000000014000cde8 f   libucrt:ismbbyte.obj
 0001:0000bdfc       __acrt_initialize_command_line 000000014000cdfc f   libucrt:argv_data.obj
 0001:0000be24       __acrt_MultiByteToWideChar 000000014000ce24 f   libucrt:multibytetowidechar.obj
 0001:0000be80       __acrt_WideCharToMultiByte 000000014000ce80 f   libucrt:widechartomultibyte.obj
 0001:0000bf30       __dcrt_get_narrow_environment_from_os 000000014000cf30 f   libucrt:get_environment_from_os.obj
 0001:0000c034       __acrt_initialize_locks    000000014000d034 f   libucrt:locks.obj
 0001:0000c07c       __acrt_lock                000000014000d07c f   libucrt:locks.obj
 0001:0000c098       __acrt_uninitialize_locks  000000014000d098 f   libucrt:locks.obj
 0001:0000c0d0       __acrt_unlock              000000014000d0d0 f   libucrt:locks.obj
 0001:0000c0ec       __acrt_get_process_end_policy 000000014000d0ec f   libucrt:win_policies.obj
 0001:0000c128       __acrt_lowio_create_handle_array 000000014000d128 f   libucrt:osfinfo.obj
 0001:0000c1d0       __acrt_lowio_destroy_handle_array 000000014000d1d0 f   libucrt:osfinfo.obj
 0001:0000c220       __acrt_lowio_ensure_fh_exists 000000014000d220 f   libucrt:osfinfo.obj
 0001:0000c2c8       __acrt_lowio_lock_fh       000000014000d2c8 f   libucrt:osfinfo.obj
 0001:0000c2f0       __acrt_lowio_unlock_fh     000000014000d2f0 f   libucrt:osfinfo.obj
 0001:0000c318       _free_osfhnd               000000014000d318 f   libucrt:osfinfo.obj
 0001:0000c3d4       _get_osfhandle             000000014000d3d4 f   libucrt:osfinfo.obj
 0001:0000c44c       __acrt_initialize_fmode    000000014000d44c f   libucrt:txtmode.obj
 0001:0000c468       __acrt_locale_free_monetary 000000014000d468 f   libucrt:initmon.obj
 0001:0000c574       __acrt_locale_free_numeric 000000014000d574 f   libucrt:initnum.obj
 0001:0000c638       __acrt_locale_free_time    000000014000d638 f   libucrt:inittime.obj
 0001:0000c740       __pctype_func              000000014000d740 f   libucrt:ctype.obj
 0001:0000c770       __acrt_GetStringTypeA      000000014000d770 f   libucrt:getstringtypea.obj
 0001:0000c900       __acrt_add_locale_ref      000000014000d900 f   libucrt:locale_refcounting.obj
 0001:0000c98c       __acrt_free_locale         000000014000d98c f   libucrt:locale_refcounting.obj
 0001:0000cb04       __acrt_locale_add_lc_time_reference 000000014000db04 f   libucrt:locale_refcounting.obj
 0001:0000cb2c       __acrt_locale_free_lc_time_if_unreferenced 000000014000db2c f   libucrt:locale_refcounting.obj
 0001:0000cb64       __acrt_locale_release_lc_time_reference 000000014000db64 f   libucrt:locale_refcounting.obj
 0001:0000cb8c       __acrt_release_locale_ref  000000014000db8c f   libucrt:locale_refcounting.obj
 0001:0000cc34       __acrt_update_thread_locale_data 000000014000dc34 f   libucrt:locale_refcounting.obj
 0001:0000cca4       _updatetlocinfoEx_nolock   000000014000dca4 f   libucrt:locale_refcounting.obj
 0001:0000cee4       __acrt_AppPolicyGetProcessTerminationMethodInternal 000000014000dee4 f   libucrt:winapi_thunks.obj
 0001:0000cf34       __acrt_AreFileApisANSI     000000014000df34 f   libucrt:winapi_thunks.obj
 0001:0000cf70       __acrt_FlsAlloc            000000014000df70 f   libucrt:winapi_thunks.obj
 0001:0000cfb8       __acrt_FlsFree             000000014000dfb8 f   libucrt:winapi_thunks.obj
 0001:0000d000       __acrt_FlsGetValue         000000014000e000 f   libucrt:winapi_thunks.obj
 0001:0000d048       __acrt_FlsSetValue         000000014000e048 f   libucrt:winapi_thunks.obj
 0001:0000d09c       __acrt_InitializeCriticalSectionEx 000000014000e09c f   libucrt:winapi_thunks.obj
 0001:0000d100       __acrt_LCMapStringEx       000000014000e100 f   libucrt:winapi_thunks.obj
 0001:0000d1dc       __acrt_LocaleNameToLCID    000000014000e1dc f   libucrt:winapi_thunks.obj
 0001:0000d22c       __acrt_initialize_winapi_thunks 000000014000e22c f   libucrt:winapi_thunks.obj
 0001:0000d260       __acrt_uninitialize_winapi_thunks 000000014000e260 f   libucrt:winapi_thunks.obj
 0001:0000d2a4       _recalloc_base             000000014000e2a4 f   libucrt:recalloc.obj
 0001:0000d33c       __acrt_initialize_heap     000000014000e33c f   libucrt:heap_handle.obj
 0001:0000d358       __acrt_uninitialize_heap   000000014000e358 f   libucrt:heap_handle.obj
 0001:0000d364       __acrt_execute_initializers 000000014000e364 f   libucrt:shared_initialization.obj
 0001:0000d3e4       __acrt_execute_uninitializers 000000014000e3e4 f   libucrt:shared_initialization.obj
 0001:0000d420       __acrt_initialize_new_handler 000000014000e420 f   libucrt:new_handler.obj
 0001:0000d428       _callnewh                  000000014000e428 f   libucrt:new_handler.obj
 0001:0000d458       _query_new_handler         000000014000e458 f   libucrt:new_handler.obj
 0001:0000d4d4       __acrt_get_sigabrt_handler 000000014000e4d4 f   libucrt:signal.obj
 0001:0000d504       __acrt_initialize_signal_handlers 000000014000e504 f   libucrt:signal.obj
 0001:0000d524       raise                      000000014000e524 f   libucrt:signal.obj
 0001:0000d96c       __acrt_stdio_flush_nolock  000000014000e96c f   libucrt:fflush.obj
 0001:0000d9e8       _fflush_nolock             000000014000e9e8 f   libucrt:fflush.obj
 0001:0000da34       _flushall                  000000014000ea34 f   libucrt:fflush.obj
 0001:0000da3c       _isctype_l                 000000014000ea3c f   libucrt:isctype.obj
 0001:0000db44       _isleadbyte_l              000000014000eb44 f i libucrt:_wctype.obj
 0001:0000db90       ?__mbrtowc_utf8@__crt_mbstring@@YA_KPEA_WPEBD_KPEAU_Mbstatet@@@Z 000000014000eb90 f   libucrt:mbrtowc.obj
 0001:0000dbcc       ?__mbsrtowcs_utf8@__crt_mbstring@@YA_KPEA_WPEAPEBD_KPEAU_Mbstatet@@@Z 000000014000ebcc f   libucrt:mbrtowc.obj
 0001:0000dd44       ?__c32rtomb_utf8@__crt_mbstring@@YA_KPEAD_UPEAU_Mbstatet@@@Z 000000014000ed44 f   libucrt:c32rtomb.obj
 0001:0000ddf8       __acrt_fp_strflt_to_string 000000014000edf8 f   libucrt:_fptostr.obj
 0001:0000df60       ?divide@__crt_strtox@@YA_KAEAUbig_integer@1@AEBU21@@Z 000000014000ef60 f i libucrt:cfout.obj
 0001:0000e38c       __acrt_fltout              000000014000f38c f   libucrt:cfout.obj
 0001:0000f658       fegetround                 0000000140010658 f   libucrt:fegetround.obj
 0001:0000f66c       _fcloseall                 000000014001066c f   libucrt:closeall.obj
 0001:0000f720       __acrt_stdio_free_buffer_nolock 0000000140010720 f   libucrt:_freebuf.obj
 0001:0000f760       _isatty                    0000000140010760 f   libucrt:isatty.obj
 0001:0000f7c0       qsort                      00000001400107c0 f   libucrt:qsort.obj
 0001:0000fb60       strncpy_s                  0000000140010b60 f   libucrt:strncpy_s.obj
 0001:0000fce0       strpbrk                    0000000140010ce0 f   libucrt:strpbrk.obj
 0001:000100a8       _mbsdec                    00000001400110a8 f   libucrt:mbsdec.obj
 0001:000100b0       _mbsdec_l                  00000001400110b0 f   libucrt:mbsdec.obj
 0001:0001045c       __acrt_LCMapStringA        000000014001145c f   libucrt:lcmapstringa.obj
 0001:0001050c       __ascii_wcsnicmp           000000014001150c f   libucrt:wcsnicmp.obj
 0001:00010558       __acrt_DownlevelLocaleNameToLCID 0000000140011558 f   libucrt:lcidtoname_downlevel.obj
 0001:00010608       _msize_base                0000000140011608 f   libucrt:msize.obj
 0001:00010644       _realloc_base              0000000140011644 f   libucrt:realloc_base.obj
 0001:0001074c       _commit                    000000014001174c f   libucrt:commit.obj
 0001:0001105c       _write                     000000014001205c f   libucrt:write.obj
 0001:00011148       _write_nolock              0000000140012148 f   libucrt:write.obj
 0001:0001142c       ?__mbrtoc32_utf8@__crt_mbstring@@YA_KPEA_UPEBD_KPEAU_Mbstatet@@@Z 000000014001242c f   libucrt:mbrtoc32.obj
 0001:00011604       _controlfp_s               0000000140012604 f   libucrt:contrlfp.obj
 0001:00011668       fegetenv                   0000000140012668 f   libucrt:fegetenv.obj
 0001:00011688       fesetenv                   0000000140012688 f   libucrt:fesetenv.obj
 0001:000116d4       feholdexcept               00000001400126d4 f   libucrt:feholdexcept.obj
 0001:00011724       ceil                       0000000140012724 f   libucrt:ceil.obj
 0001:000117f0       log10                      00000001400127f0 f   libucrt:log10.obj
 0001:00011d9c       __acrt_fenv_get_common_round_control 0000000140012d9c f   libucrt:_fenvutils.obj
 0001:00011da8       __acrt_fenv_get_control    0000000140012da8 f   libucrt:_fenvutils.obj
 0001:00011e9c       __acrt_fenv_get_status     0000000140012e9c f   libucrt:_fenvutils.obj
 0001:00011ef0       __acrt_fenv_set_control    0000000140012ef0 f   libucrt:_fenvutils.obj
 0001:00012038       __acrt_fenv_set_status     0000000140013038 f   libucrt:_fenvutils.obj
 0001:00012158       _lseeki64_nolock           0000000140013158 f   libucrt:lseek.obj
 0001:00012160       _fclose_nolock             0000000140013160 f   libucrt:fclose.obj
 0001:000121e4       fclose                     00000001400131e4 f   libucrt:fclose.obj
 0001:00012248       __strncnt                  0000000140013248 f   libucrt:strncnt.obj
 0001:00012260       _putwch_nolock             0000000140013260 f   libucrt:putwch.obj
 0001:0001229c       _clearfp                   000000014001329c f   libucrt:ieee.obj
 0001:0001230c       _control87                 000000014001330c f   libucrt:ieee.obj
 0001:000126f8       _handle_error              00000001400136f8 f   libucrt:libm_error.obj
 0001:00012820       _handle_nan                0000000140013820 f   libucrt:libm_error.obj
 0001:00012840       __acrt_initialize_fma3     0000000140013840 f   libucrt:fma3_available.obj
 0001:000128b0       _log10_special             00000001400138b0 f   libucrt:log_special.obj
 0001:000129dc       _close                     00000001400139dc f   libucrt:close.obj
 0001:00012a80       _close_nolock              0000000140013a80 f   libucrt:close.obj
 0001:00012b40       ?__acrt_stdio_free_stream@@YAXV__crt_stdio_stream@@@Z 0000000140013b40 f   libucrt:stream.obj
 0001:00012b5c       __dcrt_lowio_ensure_console_output_initialized 0000000140013b5c f   libucrt:initcon.obj
 0001:00012bb0       __dcrt_terminate_console_output 0000000140013bb0 f   libucrt:initcon.obj
 0001:00012bcc       __dcrt_write_console       0000000140013bcc f   libucrt:initcon.obj
 0001:00012ca0       _get_fpsr                  0000000140013ca0 f   libucrt:fpsr.obj
 0001:00012cb0       _set_fpsr                  0000000140013cb0 f   libucrt:fpsr.obj
 0001:00012cba       _fclrf                     0000000140013cba f   libucrt:fpsr.obj
 0001:00012cce       _frnd                      0000000140013cce f   libucrt:fpsr.obj
 0001:00012cf0       _raise_exc                 0000000140013cf0 f   libucrt:fpexcept.obj
 0001:00012d18       _raise_exc_ex              0000000140013d18 f   libucrt:fpexcept.obj
 0001:00013028       _set_errno_from_matherr    0000000140014028 f   libucrt:fpexcept.obj
 0001:00013058       _clrfp                     0000000140014058 f   libucrt:fpctrl.obj
 0001:00013078       _ctrlfp                    0000000140014078 f   libucrt:fpctrl.obj
 0001:000130f4       _set_statfp                00000001400140f4 f   libucrt:fpctrl.obj
 0001:00013114       _statfp                    0000000140014114 f   libucrt:fpctrl.obj
 0001:00013130       _FindPESection             0000000140014130 f   LIBCMT:pesect.obj
 0001:00013180       _IsNonwritableInCurrentImage 0000000140014180 f   LIBCMT:pesect.obj
 0001:000131d0       _ValidateImageBase         00000001400141d0 f   LIBCMT:pesect.obj
 0001:00013210       memcmp                     0000000140014210 f   libvcruntime:memcmp.obj
 0001:000132d8       strrchr                    00000001400142d8 f   libvcruntime:strrchr.obj
 0001:00013420       _guard_dispatch_icall_nop  0000000140014420 f   LIBCMT:guard_dispatch.obj
 0001:00013440       _guard_xfg_dispatch_icall_nop 0000000140014440 f   LIBCMT:guard_xfg_dispatch.obj
 0002:00000000       __imp_StretchDIBits        0000000140015000     gdi32:GDI32.dll
 0002:00000008       \177GDI32_NULL_THUNK_DATA  0000000140015008     gdi32:GDI32.dll
 0002:00000010       __imp_CreateFileW          0000000140015010     kernel32:KERNEL32.dll
 0002:00000018       __imp_GetConsoleMode       0000000140015018     kernel32:KERNEL32.dll
 0002:00000020       __imp_GetConsoleOutputCP   0000000140015020     kernel32:KERNEL32.dll
 0002:00000028       __imp_FlushFileBuffers     0000000140015028     kernel32:KERNEL32.dll
 0002:00000030       __imp_WriteConsoleW        0000000140015030     kernel32:KERNEL32.dll
 0002:00000038       __imp_HeapSize             0000000140015038     kernel32:KERNEL32.dll
 0002:00000040       __imp_SetFilePointerEx     0000000140015040     kernel32:KERNEL32.dll
 0002:00000048       __imp_GetProcessHeap       0000000140015048     kernel32:KERNEL32.dll
 0002:00000050       __imp_LCMapStringW         0000000140015050     kernel32:KERNEL32.dll
 0002:00000058       __imp_HeapReAlloc          0000000140015058     kernel32:KERNEL32.dll
 0002:00000060       __imp_EnterCriticalSection 0000000140015060     kernel32:KERNEL32.dll
 0002:00000068       __imp_CompareFileTime      0000000140015068     kernel32:KERNEL32.dll
 0002:00000070       __imp_CreateFileA          0000000140015070     kernel32:KERNEL32.dll
 0002:00000078       __imp_FindClose            0000000140015078     kernel32:KERNEL32.dll
 0002:00000080       __imp_FindFirstFileA       0000000140015080     kernel32:KERNEL32.dll
 0002:00000088       __imp_GetFileSizeEx        0000000140015088     kernel32:KERNEL32.dll
 0002:00000090       __imp_ReadFile             0000000140015090     kernel32:KERNEL32.dll
 0002:00000098       __imp_WriteFile            0000000140015098     kernel32:KERNEL32.dll
 0002:000000a0       __imp_OutputDebugStringA   00000001400150a0     kernel32:KERNEL32.dll
 0002:000000a8       __imp_CloseHandle          00000001400150a8     kernel32:KERNEL32.dll
 0002:000000b0       __imp_QueryPerformanceCounter 00000001400150b0     kernel32:KERNEL32.dll
 0002:000000b8       __imp_Sleep                00000001400150b8     kernel32:KERNEL32.dll
 0002:000000c0       __imp_VirtualAlloc         00000001400150c0     kernel32:KERNEL32.dll
 0002:000000c8       __imp_VirtualFree          00000001400150c8     kernel32:KERNEL32.dll
 0002:000000d0       __imp_FreeLibrary          00000001400150d0     kernel32:KERNEL32.dll
 0002:000000d8       __imp_GetModuleFileNameA   00000001400150d8     kernel32:KERNEL32.dll
 0002:000000e0       __imp_GetProcAddress       00000001400150e0     kernel32:KERNEL32.dll
 0002:000000e8       __imp_LoadLibraryA         00000001400150e8     kernel32:KERNEL32.dll
 0002:000000f0       __imp_CopyFileA            00000001400150f0     kernel32:KERNEL32.dll
 0002:000000f8       __imp_RtlCaptureContext    00000001400150f8     kernel32:KERNEL32.dll
 0002:00000100       __imp_RtlLookupFunctionEntry 0000000140015100     kernel32:KERNEL32.dll
 0002:00000108       __imp_RtlVirtualUnwind     0000000140015108     kernel32:KERNEL32.dll
 0002:00000110       __imp_UnhandledExceptionFilter 0000000140015110     kernel32:KERNEL32.dll
 0002:00000118       __imp_SetUnhandledExceptionFilter 0000000140015118     kernel32:KERNEL32.dll
 0002:00000120       __imp_GetCurrentProcess    0000000140015120     kernel32:KERNEL32.dll
 0002:00000128       __imp_TerminateProcess     0000000140015128     kernel32:KERNEL32.dll
 0002:00000130       __imp_IsProcessorFeaturePresent 0000000140015130     kernel32:KERNEL32.dll
 0002:00000138       __imp_GetCurrentProcessId  0000000140015138     kernel32:KERNEL32.dll
 0002:00000140       __imp_GetCurrentThreadId   0000000140015140     kernel32:KERNEL32.dll
 0002:00000148       __imp_GetSystemTimeAsFileTime 0000000140015148     kernel32:KERNEL32.dll
 0002:00000150       __imp_InitializeSListHead  0000000140015150     kernel32:KERNEL32.dll
 0002:00000158       __imp_IsDebuggerPresent    0000000140015158     kernel32:KERNEL32.dll
 0002:00000160       __imp_GetStartupInfoW      0000000140015160     kernel32:KERNEL32.dll
 0002:00000168       __imp_GetModuleHandleW     0000000140015168     kernel32:KERNEL32.dll
 0002:00000170       __imp_RtlUnwindEx          0000000140015170     kernel32:KERNEL32.dll
 0002:00000178       __imp_GetLastError         0000000140015178     kernel32:KERNEL32.dll
 0002:00000180       __imp_SetLastError         0000000140015180     kernel32:KERNEL32.dll
 0002:00000188       __imp_LeaveCriticalSection 0000000140015188     kernel32:KERNEL32.dll
 0002:00000190       __imp_DeleteCriticalSection 0000000140015190     kernel32:KERNEL32.dll
 0002:00000198       __imp_InitializeCriticalSectionAndSpinCount 0000000140015198     kernel32:KERNEL32.dll
 0002:000001a0       __imp_TlsAlloc             00000001400151a0     kernel32:KERNEL32.dll
 0002:000001a8       __imp_TlsGetValue          00000001400151a8     kernel32:KERNEL32.dll
 0002:000001b0       __imp_TlsSetValue          00000001400151b0     kernel32:KERNEL32.dll
 0002:000001b8       __imp_TlsFree              00000001400151b8     kernel32:KERNEL32.dll
 0002:000001c0       __imp_LoadLibraryExW       00000001400151c0     kernel32:KERNEL32.dll
 0002:000001c8       __imp_RaiseException       00000001400151c8     kernel32:KERNEL32.dll
 0002:000001d0       __imp_GetStdHandle         00000001400151d0     kernel32:KERNEL32.dll
 0002:000001d8       __imp_GetModuleFileNameW   00000001400151d8     kernel32:KERNEL32.dll
 0002:000001e0       __imp_ExitProcess          00000001400151e0     kernel32:KERNEL32.dll
 0002:000001e8       __imp_GetModuleHandleExW   00000001400151e8     kernel32:KERNEL32.dll
 0002:000001f0       __imp_HeapFree             00000001400151f0     kernel32:KERNEL32.dll
 0002:000001f8       __imp_HeapAlloc            00000001400151f8     kernel32:KERNEL32.dll
 0002:00000200       __imp_GetFileType          0000000140015200     kernel32:KERNEL32.dll
 0002:00000208       __imp_FindFirstFileExW     0000000140015208     kernel32:KERNEL32.dll
 0002:00000210       __imp_FindNextFileW        0000000140015210     kernel32:KERNEL32.dll
 0002:00000218       __imp_IsValidCodePage      0000000140015218     kernel32:KERNEL32.dll
 0002:00000220       __imp_GetACP               0000000140015220     kernel32:KERNEL32.dll
 0002:00000228       __imp_GetOEMCP             0000000140015228     kernel32:KERNEL32.dll
 0002:00000230       __imp_GetCPInfo            0000000140015230     kernel32:KERNEL32.dll
 0002:00000238       __imp_GetCommandLineA      0000000140015238     kernel32:KERNEL32.dll
 0002:00000240       __imp_GetCommandLineW      0000000140015240     kernel32:KERNEL32.dll
 0002:00000248       __imp_MultiByteToWideChar  0000000140015248     kernel32:KERNEL32.dll
 0002:00000250       __imp_WideCharToMultiByte  0000000140015250     kernel32:KERNEL32.dll
 0002:00000258       __imp_GetEnvironmentStringsW 0000000140015258     kernel32:KERNEL32.dll
 0002:00000260       __imp_FreeEnvironmentStringsW 0000000140015260     kernel32:KERNEL32.dll
 0002:00000268       __imp_SetStdHandle         0000000140015268     kernel32:KERNEL32.dll
 0002:00000270       __imp_GetStringTypeW       0000000140015270     kernel32:KERNEL32.dll
 0002:00000278       \177KERNEL32_NULL_THUNK_DATA 0000000140015278     kernel32:KERNEL32.dll
 0002:00000280       __imp_DispatchMessageA     0000000140015280     user32:USER32.dll
 0002:00000288       __imp_PeekMessageA         0000000140015288     user32:USER32.dll
 0002:00000290       __imp_DefWindowProcA       0000000140015290     user32:USER32.dll
 0002:00000298       __imp_GetClientRect        0000000140015298     user32:USER32.dll
 0002:000002a0       __imp_EndPaint             00000001400152a0     user32:USER32.dll
 0002:000002a8       __imp_BeginPaint           00000001400152a8     user32:USER32.dll
 0002:000002b0       __imp_ReleaseDC            00000001400152b0     user32:USER32.dll
 0002:000002b8       __imp_GetDC                00000001400152b8     user32:USER32.dll
 0002:000002c0       __imp_SetLayeredWindowAttributes 00000001400152c0     user32:USER32.dll
 0002:000002c8       __imp_CreateWindowExA      00000001400152c8     user32:USER32.dll
 0002:000002d0       __imp_RegisterClassA       00000001400152d0     user32:USER32.dll
 0002:000002d8       __imp_TranslateMessage     00000001400152d8     user32:USER32.dll
 0002:000002e0       \177USER32_NULL_THUNK_DATA 00000001400152e0     user32:USER32.dll
 0002:000002e8       __imp_timeBeginPeriod      00000001400152e8     winmm:WINMM.dll
 0002:000002f0       \177WINMM_NULL_THUNK_DATA  00000001400152f0     winmm:WINMM.dll
 0002:000002f8       __guard_check_icall_fptr   00000001400152f8     LIBCMT:guard_support.obj
 0002:00000300       __guard_xfg_check_icall_fptr 0000000140015300     LIBCMT:guard_support.obj
 0002:00000308       __guard_dispatch_icall_fptr 0000000140015308     LIBCMT:guard_support.obj
 0002:00000310       __guard_xfg_dispatch_icall_fptr 0000000140015310     LIBCMT:guard_support.obj
 0002:00000318       __guard_xfg_table_dispatch_icall_fptr 0000000140015318     LIBCMT:guard_support.obj
 0002:00000320       __xc_a                     0000000140015320     LIBCMT:initializers.obj
 0002:00000330       __xc_z                     0000000140015330     LIBCMT:initializers.obj
 0002:00000338       __xi_a                     0000000140015338     LIBCMT:initializers.obj
 0002:00000350       __acrt_stdio_initializer   0000000140015350     libucrt:stdio_initializer.obj
 0002:00000358       __acrt_multibyte_initializer 0000000140015358     libucrt:multibyte_initializer.obj
 0002:00000360       __acrt_fmode_initializer   0000000140015360     libucrt:fmode_initializer.obj
 0002:00000368       __acrt_tran_fma3_initializer 0000000140015368     libucrt:fma3_initializer.obj
 0002:00000370       __xi_z                     0000000140015370     LIBCMT:initializers.obj
 0002:00000378       __xp_a                     0000000140015378     LIBCMT:initializers.obj
 0002:00000380       __acrt_locale_terminator   0000000140015380     libucrt:locale_initializer.obj
 0002:00000388       __dcrt_console_output_terminator 0000000140015388     libucrt:console_output_initializer.obj
 0002:00000390       __acrt_stdio_terminator    0000000140015390     libucrt:stdio_initializer.obj
 0002:00000398       __xp_z                     0000000140015398     LIBCMT:initializers.obj
 0002:000003a0       __xt_a                     00000001400153a0     LIBCMT:initializers.obj
 0002:000003a8       __xt_z                     00000001400153a8     LIBCMT:initializers.obj
 0002:00000598       __real@00000000            0000000140015598     win32_made.obj
 0002:0000059c       __real@3d088889            000000014001559c     win32_made.obj
 0002:000005a0       __real@3f000000            00000001400155a0     win32_made.obj
 0002:000005a4       __real@3f800000            00000001400155a4     win32_made.obj
 0002:000005a8       __real@412e848000000000    00000001400155a8     win32_made.obj
 0002:000005b0       __real@447a0000            00000001400155b0     win32_made.obj
 0002:000005b4       __real@47000000            00000001400155b4     win32_made.obj
 0002:000005b8       __real@bf800000            00000001400155b8     win32_made.obj
 0002:000005c0       __xmm@80000000800000008000000080000000 00000001400155c0     win32_made.obj
 0002:000005e0       __xmm@ffffffffffffffffffffffffffffffff 00000001400155e0     LIBCMT:utility.obj
 0002:000005f0       _pDestructExceptionObject  00000001400155f0     libvcruntime:ehhelpers.obj
 0002:00000d00       ??_C@_08EHJDFFNH@__based?$CI@ 0000000140015d00     libvcruntime:undname.obj
 0002:00000d10       ??_C@_07KOLFKCDI@__cdecl@  0000000140015d10     libvcruntime:undname.obj
 0002:00000d18       ??_C@_08GHMPAG@__pascal@   0000000140015d18     libvcruntime:undname.obj
 0002:00000d28       ??_C@_09IFJBGAPI@__stdcall@ 0000000140015d28     libvcruntime:undname.obj
 0002:00000d38       ??_C@_0L@NPHFGOKO@__thiscall@ 0000000140015d38     libvcruntime:undname.obj
 0002:00000d48       ??_C@_0L@JMKHOMEK@__fastcall@ 0000000140015d48     libvcruntime:undname.obj
 0002:00000d58       ??_C@_0N@BCKKPABJ@__vectorcall@ 0000000140015d58     libvcruntime:undname.obj
 0002:00000d68       ??_C@_09HIJEGCPM@__clrcall@ 0000000140015d68     libvcruntime:undname.obj
 0002:00000d74       ??_C@_06GHPCKEAG@__eabi@   0000000140015d74     libvcruntime:undname.obj
 0002:00000d80       ??_C@_09IOPIDJLG@__swift_1@ 0000000140015d80     libvcruntime:undname.obj
 0002:00000d90       ??_C@_09KFNFGKHF@__swift_2@ 0000000140015d90     libvcruntime:undname.obj
 0002:00000da0       ??_C@_07JOMMBBKO@__ptr64@  0000000140015da0     libvcruntime:undname.obj
 0002:00000da8       ??_C@_0L@PILCLIHE@__restrict@ 0000000140015da8     libvcruntime:undname.obj
 0002:00000db8       ??_C@_0M@GFIIJFMG@__unaligned@ 0000000140015db8     libvcruntime:undname.obj
 0002:00000dc8       ??_C@_09DHDLOLLB@restrict?$CI@ 0000000140015dc8     libvcruntime:undname.obj
 0002:00000dd2       ??_C@_00CNPNBAHC@@         0000000140015dd2     libvcruntime:undname.obj
 0002:00000dd4       ??_C@_04NIHEBCM@?5new@     0000000140015dd4     libvcruntime:undname.obj
 0002:00000de0       ??_C@_07FPCDHGMM@?5delete@ 0000000140015de0     libvcruntime:undname.obj
 0002:00000de8       ??_C@_01NEMOKFLO@?$DN@     0000000140015de8     libvcruntime:undname.obj
 0002:00000dec       ??_C@_02GPIOPFAK@?$DO?$DO@ 0000000140015dec     libvcruntime:undname.obj
 0002:00000df0       ??_C@_02FODMEDOG@?$DM?$DM@ 0000000140015df0     libvcruntime:undname.obj
 0002:00000df4       ??_C@_01DCLJPIOD@?$CB@     0000000140015df4     libvcruntime:undname.obj
 0002:00000df8       ??_C@_02EGOFBIJA@?$DN?$DN@ 0000000140015df8     libvcruntime:undname.obj
 0002:00000dfc       ??_C@_02FDNJECIE@?$CB?$DN@ 0000000140015dfc     libvcruntime:undname.obj
 0002:00000e00       ??_C@_02GPECMEKF@?$FL?$FN@ 0000000140015e00     libvcruntime:undname.obj
 0002:00000e08       ??_C@_08LHJFAFGD@operator@ 0000000140015e08     libvcruntime:undname.obj
 0002:00000e14       ??_C@_02HBOOOICD@?9?$DO@   0000000140015e14     libvcruntime:undname.obj
 0002:00000e18       ??_C@_01NBENCBCI@?$CK@     0000000140015e18     libvcruntime:undname.obj
 0002:00000e1c       ??_C@_02ECNGHCIF@?$CL?$CL@ 0000000140015e1c     libvcruntime:undname.obj
 0002:00000e20       ??_C@_02BAABKJLB@?9?9@     0000000140015e20     libvcruntime:undname.obj
 0002:00000e24       ??_C@_01JOAMLHOP@?9@       0000000140015e24     libvcruntime:undname.obj
 0002:00000e28       ??_C@_01MIFGBAGJ@?$CL@     0000000140015e28     libvcruntime:undname.obj
 0002:00000e2c       ??_C@_01HNPIGOCE@?$CG@     0000000140015e2c     libvcruntime:undname.obj
 0002:00000e30       ??_C@_03MNHNFDLC@?9?$DO?$CK@ 0000000140015e30     libvcruntime:undname.obj
 0002:00000e34       ??_C@_01KMDKNFGN@?1@       0000000140015e34     libvcruntime:undname.obj
 0002:00000e38       ??_C@_01FGNFDNOH@?$CF@     0000000140015e38     libvcruntime:undname.obj
 0002:00000e3c       ??_C@_01MNNFJEPP@?$DM@     0000000140015e3c     libvcruntime:undname.obj
 0002:00000e40       ??_C@_02EHCHHCKH@?$DM?$DN@ 0000000140015e40     libvcruntime:undname.obj
 0002:00000e44       ??_C@_01PPODPGHN@?$DO@     0000000140015e44     libvcruntime:undname.obj
 0002:00000e48       ??_C@_02EEKDKGMJ@?$DO?$DN@ 0000000140015e48     libvcruntime:undname.obj
 0002:00000e4c       ??_C@_01IHBHIGKO@?0@       0000000140015e4c     libvcruntime:undname.obj
 0002:00000e50       ??_C@_02HCKGKOFO@?$CI?$CJ@ 0000000140015e50     libvcruntime:undname.obj
 0002:00000e54       ??_C@_01PJKLJHI@?$HO@      0000000140015e54     libvcruntime:undname.obj
 0002:00000e58       ??_C@_01JKBOJNNK@?$FO@     0000000140015e58     libvcruntime:undname.obj
 0002:00000e5c       ??_C@_01DNKMNLPK@?$HM@     0000000140015e5c     libvcruntime:undname.obj
 0002:00000e60       ??_C@_02PPKAJPJL@?$CG?$CG@ 0000000140015e60     libvcruntime:undname.obj
 0002:00000e64       ??_C@_02NONPIBCD@?$HM?$HM@ 0000000140015e64     libvcruntime:undname.obj
 0002:00000e68       ??_C@_02FPIMKNGF@?$CK?$DN@ 0000000140015e68     libvcruntime:undname.obj
 0002:00000e6c       ??_C@_02FOEOMHFC@?$CL?$DN@ 0000000140015e6c     libvcruntime:undname.obj
 0002:00000e70       ??_C@_02FKMDLLOA@?9?$DN@   0000000140015e70     libvcruntime:undname.obj
 0002:00000e74       ??_C@_02FJEHGPIO@?1?$DN@   0000000140015e74     libvcruntime:undname.obj
 0002:00000e78       ??_C@_02FENAOKFI@?$CF?$DN@ 0000000140015e78     libvcruntime:undname.obj
 0002:00000e7c       ??_C@_03IKFCCPFF@?$DO?$DO?$DN@ 0000000140015e7c     libvcruntime:undname.obj
 0002:00000e80       ??_C@_03CDNPDDLA@?$DM?$DM?$DN@ 0000000140015e80     libvcruntime:undname.obj
 0002:00000e84       ??_C@_02FGJGFEAB@?$CG?$DN@ 0000000140015e84     libvcruntime:undname.obj
 0002:00000e88       ??_C@_02DHLNPPGH@?$HM?$DN@ 0000000140015e88     libvcruntime:undname.obj
 0002:00000e8c       ??_C@_02MHEGNOJ@?$FO?$DN@  0000000140015e8c     libvcruntime:undname.obj
 0002:00000e90       ??_C@_09IFPLHPGF@?$GAvftable?8@ 0000000140015e90     libvcruntime:undname.obj
 0002:00000ea0       ??_C@_09BLBHBJP@?$GAvbtable?8@ 0000000140015ea0     libvcruntime:undname.obj
 0002:00000eb0       ??_C@_07FEEIOKP@?$GAvcall?8@ 0000000140015eb0     libvcruntime:undname.obj
 0002:00000eb8       ??_C@_08LLFFHHDJ@?$GAtypeof?8@ 0000000140015eb8     libvcruntime:undname.obj
 0002:00000ec8       ??_C@_0BF@KDPPACIK@?$GAlocal?5static?5guard?8@ 0000000140015ec8     libvcruntime:undname.obj
 0002:00000ee0       ??_C@_08OBABFOLI@?$GAstring?8@ 0000000140015ee0     libvcruntime:undname.obj
 0002:00000ef0       ??_C@_0BD@JDLKDPAB@?$GAvbase?5destructor?8@ 0000000140015ef0     libvcruntime:undname.obj
 0002:00000f08       ??_C@_0BN@DEGPLNFK@?$GAvector?5deleting?5destructor?8@ 0000000140015f08     libvcruntime:undname.obj
 0002:00000f28       ??_C@_0BO@OBMKPJIG@?$GAdefault?5constructor?5closure?8@ 0000000140015f28     libvcruntime:undname.obj
 0002:00000f48       ??_C@_0BN@IMDCHIKM@?$GAscalar?5deleting?5destructor?8@ 0000000140015f48     libvcruntime:undname.obj
 0002:00000f68       ??_C@_0BO@PFGOCPJJ@?$GAvector?5constructor?5iterator?8@ 0000000140015f68     libvcruntime:undname.obj
 0002:00000f88       ??_C@_0BN@LFPFMEDL@?$GAvector?5destructor?5iterator?8@ 0000000140015f88     libvcruntime:undname.obj
 0002:00000fa8       ??_C@_0CE@IKBNEHA@?$GAvector?5vbase?5constructor?5itera@ 0000000140015fa8     libvcruntime:undname.obj
 0002:00000fd0       ??_C@_0BL@NILFHHPC@?$GAvirtual?5displacement?5map?8@ 0000000140015fd0     libvcruntime:undname.obj
 0002:00000ff0       ??_C@_0CB@JONCMFFK@?$GAeh?5vector?5constructor?5iterator@ 0000000140015ff0     libvcruntime:undname.obj
 0002:00001018       ??_C@_0CA@GCEOPDGL@?$GAeh?5vector?5destructor?5iterator?8@ 0000000140016018     libvcruntime:undname.obj
 0002:00001038       ??_C@_0CH@OOJPLCPH@?$GAeh?5vector?5vbase?5constructor?5it@ 0000000140016038     libvcruntime:undname.obj
 0002:00001060       ??_C@_0BL@LLKPOHJI@?$GAcopy?5constructor?5closure?8@ 0000000140016060     libvcruntime:undname.obj
 0002:00001080       ??_C@_0BA@KBCDOMBN@?$GAudt?5returning?8@ 0000000140016080     libvcruntime:undname.obj
 0002:00001090       ??_C@_03KLGMFNMG@?$GAEH@   0000000140016090     libvcruntime:undname.obj
 0002:00001094       ??_C@_05KHLCHHI@?$GARTTI@  0000000140016094     libvcruntime:undname.obj
 0002:000010a0       ??_C@_0BA@KKLDJDLB@?$GAlocal?5vftable?8@ 00000001400160a0     libvcruntime:undname.obj
 0002:000010b0       ??_C@_0CE@IIHCMGGL@?$GAlocal?5vftable?5constructor?5clos@ 00000001400160b0     libvcruntime:undname.obj
 0002:000010d4       ??_C@_06FHBGPFGH@?5new?$FL?$FN@ 00000001400160d4     libvcruntime:undname.obj
 0002:000010e0       ??_C@_09LBNFPBCA@?5delete?$FL?$FN@ 00000001400160e0     libvcruntime:undname.obj
 0002:000010f0       ??_C@_0P@HJKNJFNN@?$GAomni?5callsig?8@ 00000001400160f0     libvcruntime:undname.obj
 0002:00001100       ??_C@_0BL@CNOONJFP@?$GAplacement?5delete?5closure?8@ 0000000140016100     libvcruntime:undname.obj
 0002:00001120       ??_C@_0BN@CKNJLHMB@?$GAplacement?5delete?$FL?$FN?5closure?8@ 0000000140016120     libvcruntime:undname.obj
 0002:00001140       ??_C@_0CG@CFDHKGGD@?$GAmanaged?5vector?5constructor?5ite@ 0000000140016140     libvcruntime:undname.obj
 0002:00001168       ??_C@_0CF@IMGKMJNO@?$GAmanaged?5vector?5destructor?5iter@ 0000000140016168     libvcruntime:undname.obj
 0002:00001190       ??_C@_0CG@HLDDJMAG@?$GAeh?5vector?5copy?5constructor?5ite@ 0000000140016190     libvcruntime:undname.obj
 0002:000011b8       ??_C@_0CM@FCBBDIGB@?$GAeh?5vector?5vbase?5copy?5construct@ 00000001400161b8     libvcruntime:undname.obj
 0002:000011e8       ??_C@_0BL@CLIPGLGB@?$GAdynamic?5initializer?5for?5?8@ 00000001400161e8     libvcruntime:undname.obj
 0002:00001208       ??_C@_0CB@PDBIFEP@?$GAdynamic?5atexit?5destructor?5for?5@ 0000000140016208     libvcruntime:undname.obj
 0002:00001230       ??_C@_0CD@CGAJBKEJ@?$GAvector?5copy?5constructor?5iterat@ 0000000140016230     libvcruntime:undname.obj
 0002:00001258       ??_C@_0CJ@GJELGAMM@?$GAvector?5vbase?5copy?5constructor?5@ 0000000140016258     libvcruntime:undname.obj
 0002:00001288       ??_C@_0CL@FGIJHLCE@?$GAmanaged?5vector?5copy?5constructo@ 0000000140016288     libvcruntime:undname.obj
 0002:000012b8       ??_C@_0BM@PMGGMLDN@?$GAlocal?5static?5thread?5guard?8@ 00000001400162b8     libvcruntime:undname.obj
 0002:000012d8       ??_C@_0N@BDNMDMOL@operator?5?$CC?$CC?5@ 00000001400162d8     libvcruntime:undname.obj
 0002:000012e8       ??_C@_0BC@GGEBGALA@operator?5co_await@ 00000001400162e8     libvcruntime:undname.obj
 0002:00001300       ??_C@_0M@GAAIMMOH@operator?$DM?$DN?$DO@ 0000000140016300     libvcruntime:undname.obj
 0002:00001310       ??_C@_0BC@DAFEJGAK@?5Type?5Descriptor?8@ 0000000140016310     libvcruntime:undname.obj
 0002:00001328       ??_C@_0BM@LDKODKLH@?5Base?5Class?5Descriptor?5at?5?$CI@ 0000000140016328     libvcruntime:undname.obj
 0002:00001348       ??_C@_0BD@LGICGFMM@?5Base?5Class?5Array?8@ 0000000140016348     libvcruntime:undname.obj
 0002:00001360       ??_C@_0BN@MECKDCOJ@?5Class?5Hierarchy?5Descriptor?8@ 0000000140016360     libvcruntime:undname.obj
 0002:00001380       ??_C@_0BK@CFCOFLF@?5Complete?5Object?5Locator?8@ 0000000140016380     libvcruntime:undname.obj
 0002:000013a0       ??_C@_0BG@JNJLAMPM@?$GAanonymous?5namespace?8@ 00000001400163a0     libvcruntime:undname.obj
 0002:000013d0       ??_C@_1DM@KHCHBNEB@?$AAa?$AAp?$AAi?$AA?9?$AAm?$AAs?$AA?9?$AAw?$AAi?$AAn?$AA?9?$AAc?$AAo?$AAr?$AAe@ 00000001400163d0     libvcruntime:winapi_downlevel.obj
 0002:00001410       ??_C@_1DK@LPPGFMPP@?$AAa?$AAp?$AAi?$AA?9?$AAm?$AAs?$AA?9?$AAw?$AAi?$AAn?$AA?9?$AAc?$AAo?$AAr?$AAe@ 0000000140016410     libvcruntime:winapi_downlevel.obj
 0002:00001450       ??_C@_1BC@GDMECMAK@?$AAk?$AAe?$AAr?$AAn?$AAe?$AAl?$AA3?$AA2@ 0000000140016450     libvcruntime:winapi_downlevel.obj
 0002:00001468       ??_C@_1BA@PFFKHIOG@?$AAa?$AAp?$AAi?$AA?9?$AAm?$AAs?$AA?9@ 0000000140016468     libvcruntime:winapi_downlevel.obj
 0002:00001480       ??_C@_08KNHFBNJ@FlsAlloc@  0000000140016480     libvcruntime:winapi_downlevel.obj
 0002:00001498       ??_C@_07PEJMOBNF@FlsFree@  0000000140016498     libvcruntime:winapi_downlevel.obj
 0002:000014a8       ??_C@_0M@GDNOONDI@FlsGetValue@ 00000001400164a8     libvcruntime:winapi_downlevel.obj
 0002:000014c0       ??_C@_0M@JCPCPOEF@FlsSetValue@ 00000001400164c0     libvcruntime:winapi_downlevel.obj
 0002:000014d8       ??_C@_0BM@HCFOFFN@InitializeCriticalSectionEx@ 00000001400164d8     libvcruntime:winapi_downlevel.obj
 0002:00001500       ?format_validation_lookup_table_spectre@__crt_stdio_output@@3V?$spectre_mitigated_lookup_table@Ustate_transition_pair@__crt_stdio_output@@$0IA@@1@B 0000000140016500     libucrt:output.obj
 0002:00001900       ??_C@_1O@CEDCILHN@?$AA?$CI?$AAn?$AAu?$AAl?$AAl?$AA?$CJ@ 0000000140016900     libucrt:output.obj
 0002:00001910       ??_C@_06OJHGLDPL@?$CInull?$CJ@ 0000000140016910     libucrt:output.obj
 0002:00001920       __acrt_exception_action_table 0000000140016920     libucrt:exception_filter.obj
 0002:000019e0       __acrt_signal_action_table_count 00000001400169e0     libucrt:exception_filter.obj
 0002:000019e8       __acrt_signal_action_first_fpe_index 00000001400169e8     libucrt:exception_filter.obj
 0002:000019f0       __acrt_signal_action_fpe_count 00000001400169f0     libucrt:exception_filter.obj
 0002:000019f8       ??_C@_1BI@BGOHAHKC@?$AAm?$AAs?$AAc?$AAo?$AAr?$AAe?$AAe?$AA?4?$AAd?$AAl?$AAl@ 00000001400169f8     libucrt:exit.obj
 0002:00001a10       ??_C@_0P@MIGLKIOC@CorExitProcess@ 0000000140016a10     libucrt:exit.obj
 0002:00001d10       ??_C@_03OEIAHPBN@INF@      0000000140016d10     libucrt:cvt.obj
 0002:00001d14       ??_C@_03OJHLLCGB@inf@      0000000140016d14     libucrt:cvt.obj
 0002:00001d18       ??_C@_03LKNCIKJB@NAN@      0000000140016d18     libucrt:cvt.obj
 0002:00001d1c       ??_C@_03LHCJEHON@nan@      0000000140016d1c     libucrt:cvt.obj
 0002:00001d20       ??_C@_09OFJJIMPC@NAN?$CISNAN?$CJ@ 0000000140016d20     libucrt:cvt.obj
 0002:00001d30       ??_C@_09IPFBKMDL@nan?$CIsnan?$CJ@ 0000000140016d30     libucrt:cvt.obj
 0002:00001d40       ??_C@_08IKHNHAJ@NAN?$CIIND?$CJ@ 0000000140016d40     libucrt:cvt.obj
 0002:00001d50       ??_C@_08OFCDMILK@nan?$CIind?$CJ@ 0000000140016d50     libucrt:cvt.obj
 0002:00001d5c       ??_C@_05KLBDPFGC@e?$CL000@ 0000000140016d5c     libucrt:cvt.obj
 0002:00001d70       __lc_time_c                0000000140016d70     libucrt:nlsdata.obj
 0002:00002030       ??_C@_03KOEHGMDN@Sun@      0000000140017030     libucrt:nlsdata.obj
 0002:00002034       ??_C@_03PDAGKDH@Mon@       0000000140017034     libucrt:nlsdata.obj
 0002:00002038       ??_C@_03NAGEINEP@Tue@      0000000140017038     libucrt:nlsdata.obj
 0002:0000203c       ??_C@_03MHOMLAJA@Wed@      000000014001703c     libucrt:nlsdata.obj
 0002:00002040       ??_C@_03IOFIKPDN@Thu@      0000000140017040     libucrt:nlsdata.obj
 0002:00002044       ??_C@_03IDIOELNC@Fri@      0000000140017044     libucrt:nlsdata.obj
 0002:00002048       ??_C@_03FEFJNEK@Sat@       0000000140017048     libucrt:nlsdata.obj
 0002:0000204c       ??_C@_06OOPIFAJ@Sunday@    000000014001704c     libucrt:nlsdata.obj
 0002:00002054       ??_C@_06JLEDEDGH@Monday@   0000000140017054     libucrt:nlsdata.obj
 0002:00002060       ??_C@_07BAAGCFCM@Tuesday@  0000000140017060     libucrt:nlsdata.obj
 0002:00002068       ??_C@_09DLIGFAKA@Wednesday@ 0000000140017068     libucrt:nlsdata.obj
 0002:00002078       ??_C@_08HACCIKIA@Thursday@ 0000000140017078     libucrt:nlsdata.obj
 0002:00002084       ??_C@_06JECMNKMI@Friday@   0000000140017084     libucrt:nlsdata.obj
 0002:00002090       ??_C@_08INBOOONO@Saturday@ 0000000140017090     libucrt:nlsdata.obj
 0002:0000209c       ??_C@_03JIHJHPIE@Jan@      000000014001709c     libucrt:nlsdata.obj
 0002:000020a0       ??_C@_03HJBDCHOM@Feb@      00000001400170a0     libucrt:nlsdata.obj
 0002:000020a4       ??_C@_03ODNJBKGA@Mar@      00000001400170a4     libucrt:nlsdata.obj
 0002:000020a8       ??_C@_03LEOLGMJP@Apr@      00000001400170a8     libucrt:nlsdata.obj
 0002:000020ac       ??_C@_03CNMDKL@May@        00000001400170ac     libucrt:nlsdata.obj
 0002:000020b0       ??_C@_03IDFGHECI@Jun@      00000001400170b0     libucrt:nlsdata.obj
 0002:000020b4       ??_C@_03LBGABGKK@Jul@      00000001400170b4     libucrt:nlsdata.obj
 0002:000020b8       ??_C@_03IFJFEIGA@Aug@      00000001400170b8     libucrt:nlsdata.obj
 0002:000020bc       ??_C@_03GGCAPAJC@Sep@      00000001400170bc     libucrt:nlsdata.obj
 0002:000020c0       ??_C@_03BMAOKBAD@Oct@      00000001400170c0     libucrt:nlsdata.obj
 0002:000020c4       ??_C@_03JPJOFNIA@Nov@      00000001400170c4     libucrt:nlsdata.obj
 0002:000020c8       ??_C@_03MKABNOCG@Dec@      00000001400170c8     libucrt:nlsdata.obj
 0002:000020d0       ??_C@_07CGJPFGJA@January@  00000001400170d0     libucrt:nlsdata.obj
 0002:000020d8       ??_C@_08GNJGEPFN@February@ 00000001400170d8     libucrt:nlsdata.obj
 0002:000020e4       ??_C@_05HPCKOFNC@March@    00000001400170e4     libucrt:nlsdata.obj
 0002:000020ec       ??_C@_05DMJDNLEJ@April@    00000001400170ec     libucrt:nlsdata.obj
 0002:000020f4       ??_C@_04CNLMGBGM@June@     00000001400170f4     libucrt:nlsdata.obj
 0002:000020fc       ??_C@_04MIEPOIFP@July@     00000001400170fc     libucrt:nlsdata.obj
 0002:00002104       ??_C@_06LBBHFDDG@August@   0000000140017104     libucrt:nlsdata.obj
 0002:00002110       ??_C@_09BHHEALKD@September@ 0000000140017110     libucrt:nlsdata.obj
 0002:00002120       ??_C@_07JJNFCEND@October@  0000000140017120     libucrt:nlsdata.obj
 0002:00002128       ??_C@_08HCHEGEOA@November@ 0000000140017128     libucrt:nlsdata.obj
 0002:00002138       ??_C@_08EDHMEBNP@December@ 0000000140017138     libucrt:nlsdata.obj
 0002:00002144       ??_C@_02DEDBPAFC@AM@       0000000140017144     libucrt:nlsdata.obj
 0002:00002148       ??_C@_02CJNFDJBF@PM@       0000000140017148     libucrt:nlsdata.obj
 0002:00002150       ??_C@_08BPBNCDIB@MM?1dd?1yy@ 0000000140017150     libucrt:nlsdata.obj
 0002:00002160       ??_C@_0BE@CKGJFCPC@dddd?0?5MMMM?5dd?0?5yyyy@ 0000000140017160     libucrt:nlsdata.obj
 0002:00002178       ??_C@_08JCCMCCIL@HH?3mm?3ss@ 0000000140017178     libucrt:nlsdata.obj
 0002:00002188       ??_C@_17MBGCMIPB@?$AAS?$AAu?$AAn@ 0000000140017188     libucrt:nlsdata.obj
 0002:00002190       ??_C@_17KBOMKBF@?$AAM?$AAo?$AAn@ 0000000140017190     libucrt:nlsdata.obj
 0002:00002198       ??_C@_17BMKGEGOJ@?$AAT?$AAu?$AAe@ 0000000140017198     libucrt:nlsdata.obj
 0002:000021a0       ??_C@_17CJEDCEPE@?$AAW?$AAe?$AAd@ 00000001400171a0     libucrt:nlsdata.obj
 0002:000021a8       ??_C@_17PDPHAADD@?$AAT?$AAh?$AAu@ 00000001400171a8     libucrt:nlsdata.obj
 0002:000021b0       ??_C@_17HFOLPPLP@?$AAF?$AAr?$AAi@ 00000001400171b0     libucrt:nlsdata.obj
 0002:000021b8       ??_C@_17GGIBDPIH@?$AAS?$AAa?$AAt@ 00000001400171b8     libucrt:nlsdata.obj
 0002:000021c0       ??_C@_1O@IHNHDHPB@?$AAS?$AAu?$AAn?$AAd?$AAa?$AAy@ 00000001400171c0     libucrt:nlsdata.obj
 0002:000021d0       ??_C@_1O@MMNBFLIA@?$AAM?$AAo?$AAn?$AAd?$AAa?$AAy@ 00000001400171d0     libucrt:nlsdata.obj
 0002:000021e0       ??_C@_1BA@ENFBFFEK@?$AAT?$AAu?$AAe?$AAs?$AAd?$AAa?$AAy@ 00000001400171e0     libucrt:nlsdata.obj
 0002:000021f0       ??_C@_1BE@EBOGMDOH@?$AAW?$AAe?$AAd?$AAn?$AAe?$AAs?$AAd?$AAa?$AAy@ 00000001400171f0     libucrt:nlsdata.obj
 0002:00002208       ??_C@_1BC@HHMNLIHE@?$AAT?$AAh?$AAu?$AAr?$AAs?$AAd?$AAa?$AAy@ 0000000140017208     libucrt:nlsdata.obj
 0002:00002220       ??_C@_1O@PDICJHAG@?$AAF?$AAr?$AAi?$AAd?$AAa?$AAy@ 0000000140017220     libucrt:nlsdata.obj
 0002:00002230       ??_C@_1BC@ENMNNPAJ@?$AAS?$AAa?$AAt?$AAu?$AAr?$AAd?$AAa?$AAy@ 0000000140017230     libucrt:nlsdata.obj
 0002:00002248       ??_C@_17DKNBKCHM@?$AAJ?$AAa?$AAn@ 0000000140017248     libucrt:nlsdata.obj
 0002:00002250       ??_C@_17LMDJEKJN@?$AAF?$AAe?$AAb@ 0000000140017250     libucrt:nlsdata.obj
 0002:00002258       ??_C@_17CKNLEDEC@?$AAM?$AAa?$AAr@ 0000000140017258     libucrt:nlsdata.obj
 0002:00002260       ??_C@_17LFPOIHDD@?$AAA?$AAp?$AAr@ 0000000140017260     libucrt:nlsdata.obj
 0002:00002268       ??_C@_17PNNKMEED@?$AAM?$AAa?$AAy@ 0000000140017268     libucrt:nlsdata.obj
 0002:00002270       ??_C@_17KCJGOCPB@?$AAJ?$AAu?$AAn@ 0000000140017270     libucrt:nlsdata.obj
 0002:00002278       ??_C@_17IJPCKHK@?$AAJ?$AAu?$AAl@ 0000000140017278     libucrt:nlsdata.obj
 0002:00002280       ??_C@_17ICPELBCN@?$AAA?$AAu?$AAg@ 0000000140017280     libucrt:nlsdata.obj
 0002:00002288       ??_C@_17HCHCOKMG@?$AAS?$AAe?$AAp@ 0000000140017288     libucrt:nlsdata.obj
 0002:00002290       ??_C@_17FNLKOI@?$AAO?$AAc?$AAt@ 0000000140017290     libucrt:nlsdata.obj
 0002:00002298       ??_C@_17BBDMLCIG@?$AAN?$AAo?$AAv@ 0000000140017298     libucrt:nlsdata.obj
 0002:000022a0       ??_C@_17EGKACKIF@?$AAD?$AAe?$AAc@ 00000001400172a0     libucrt:nlsdata.obj
 0002:000022a8       ??_C@_1BA@EFMEIEBA@?$AAJ?$AAa?$AAn?$AAu?$AAa?$AAr?$AAy@ 00000001400172a8     libucrt:nlsdata.obj
 0002:000022b8       ??_C@_1BC@JGDDFFAM@?$AAF?$AAe?$AAb?$AAr?$AAu?$AAa?$AAr?$AAy@ 00000001400172b8     libucrt:nlsdata.obj
 0002:000022d0       ??_C@_1M@IKEENEDF@?$AAM?$AAa?$AAr?$AAc?$AAh@ 00000001400172d0     libucrt:nlsdata.obj
 0002:000022e0       ??_C@_1M@GJNLMHFD@?$AAA?$AAp?$AAr?$AAi?$AAl@ 00000001400172e0     libucrt:nlsdata.obj
 0002:000022f0       ??_C@_19EPFLPGAP@?$AAJ?$AAu?$AAn?$AAe@ 00000001400172f0     libucrt:nlsdata.obj
 0002:00002300       ??_C@_19BIFMLPCD@?$AAJ?$AAu?$AAl?$AAy@ 0000000140017300     libucrt:nlsdata.obj
 0002:00002310       ??_C@_1O@PAHLKOAC@?$AAA?$AAu?$AAg?$AAu?$AAs?$AAt@ 0000000140017310     libucrt:nlsdata.obj
 0002:00002320       ??_C@_1BE@DKAAMBJL@?$AAS?$AAe?$AAp?$AAt?$AAe?$AAm?$AAb?$AAe?$AAr@ 0000000140017320     libucrt:nlsdata.obj
 0002:00002338       ??_C@_1BA@EPANDLNG@?$AAO?$AAc?$AAt?$AAo?$AAb?$AAe?$AAr@ 0000000140017338     libucrt:nlsdata.obj
 0002:00002348       ??_C@_1BC@BGLIFPF@?$AAN?$AAo?$AAv?$AAe?$AAm?$AAb?$AAe?$AAr@ 0000000140017348     libucrt:nlsdata.obj
 0002:00002360       ??_C@_1BC@FEMKIFH@?$AAD?$AAe?$AAc?$AAe?$AAm?$AAb?$AAe?$AAr@ 0000000140017360     libucrt:nlsdata.obj
 0002:00002374       ??_C@_15ODEHAHHF@?$AAA?$AAM@ 0000000140017374     libucrt:nlsdata.obj
 0002:0000237c       ??_C@_15CLMNNGEL@?$AAP?$AAM@ 000000014001737c     libucrt:nlsdata.obj
 0002:00002388       ??_C@_1BC@IEBCMHCM@?$AAM?$AAM?$AA?1?$AAd?$AAd?$AA?1?$AAy?$AAy@ 0000000140017388     libucrt:nlsdata.obj
 0002:000023a0       ??_C@_1CI@KNAKOEBC@?$AAd?$AAd?$AAd?$AAd?$AA?0?$AA?5?$AAM?$AAM?$AAM?$AAM?$AA?5?$AAd?$AAd?$AA?0?$AA?5@ 00000001400173a0     libucrt:nlsdata.obj
 0002:000023c8       ??_C@_1BC@GDGBMEMK@?$AAH?$AAH?$AA?3?$AAm?$AAm?$AA?3?$AAs?$AAs@ 00000001400173c8     libucrt:nlsdata.obj
 0002:000023e0       ??_C@_1M@BMHNFIME@?$AAe?$AAn?$AA?9?$AAU?$AAS@ 00000001400173e0     libucrt:nlsdata.obj
 0002:00002410       ??_C@_1M@HPNHIDJI@?$AAj?$AAa?$AA?9?$AAJ?$AAP@ 0000000140017410     libucrt:mbctype.obj
 0002:00002420       ??_C@_1M@BIBDDEMK@?$AAz?$AAh?$AA?9?$AAC?$AAN@ 0000000140017420     libucrt:mbctype.obj
 0002:00002430       ??_C@_1M@JLOOOEGK@?$AAk?$AAo?$AA?9?$AAK?$AAR@ 0000000140017430     libucrt:mbctype.obj
 0002:00002440       ??_C@_1M@CLNBBOPM@?$AAz?$AAh?$AA?9?$AAT?$AAW@ 0000000140017440     libucrt:mbctype.obj
 0002:00002450       __newctype                 0000000140017450     libucrt:ctype.obj
 0002:00002750       __newclmap                 0000000140017750     libucrt:ctype.obj
 0002:000028d0       __newcumap                 00000001400178d0     libucrt:ctype.obj
 0002:00002a50       ??_C@_15PJPFLCCM@?$AAu?$AAk@ 0000000140017a50     libucrt:get_qualified_locale.obj
 0002:00002b00       ??_C@_1EA@JGEFHKEI@?$AAa?$AAp?$AAi?$AA?9?$AAm?$AAs?$AA?9?$AAw?$AAi?$AAn?$AA?9?$AAc?$AAo?$AAr?$AAe@ 0000000140017b00     libucrt:winapi_thunks.obj
 0002:00002b40       ??_C@_1DI@IJCEHOCB@?$AAa?$AAp?$AAi?$AA?9?$AAm?$AAs?$AA?9?$AAw?$AAi?$AAn?$AA?9?$AAc?$AAo?$AAr?$AAe@ 0000000140017b40     libucrt:winapi_thunks.obj
 0002:00002b80       ??_C@_1EI@MPIAOHOC@?$AAa?$AAp?$AAi?$AA?9?$AAm?$AAs?$AA?9?$AAw?$AAi?$AAn?$AA?9?$AAc?$AAo?$AAr?$AAe@ 0000000140017b80     libucrt:winapi_thunks.obj
 0002:00002bd0       ??_C@_1FK@FPHCKFIE@?$AAa?$AAp?$AAi?$AA?9?$AAm?$AAs?$AA?9?$AAw?$AAi?$AAn?$AA?9?$AAc?$AAo?$AAr?$AAe@ 0000000140017bd0     libucrt:winapi_thunks.obj
 0002:00002c30       ??_C@_1EM@DILCGIIO@?$AAa?$AAp?$AAi?$AA?9?$AAm?$AAs?$AA?9?$AAw?$AAi?$AAn?$AA?9?$AAc?$AAo?$AAr?$AAe@ 0000000140017c30     libucrt:winapi_thunks.obj
 0002:00002c80       ??_C@_1DM@LNCGDDPN@?$AAa?$AAp?$AAi?$AA?9?$AAm?$AAs?$AA?9?$AAw?$AAi?$AAn?$AA?9?$AAc?$AAo?$AAr?$AAe@ 0000000140017c80     libucrt:winapi_thunks.obj
 0002:00002cc0       ??_C@_1DO@FPAPJEMD@?$AAa?$AAp?$AAi?$AA?9?$AAm?$AAs?$AA?9?$AAw?$AAi?$AAn?$AA?9?$AAc?$AAo?$AAr?$AAe@ 0000000140017cc0     libucrt:winapi_thunks.obj
 0002:00002d00       ??_C@_1DK@NDHNAHIO@?$AAa?$AAp?$AAi?$AA?9?$AAm?$AAs?$AA?9?$AAw?$AAi?$AAn?$AA?9?$AAc?$AAo?$AAr?$AAe@ 0000000140017d00     libucrt:winapi_thunks.obj
 0002:00002d40       ??_C@_1DM@KGHDGBCM@?$AAa?$AAp?$AAi?$AA?9?$AAm?$AAs?$AA?9?$AAw?$AAi?$AAn?$AA?9?$AAc?$AAo?$AAr?$AAe@ 0000000140017d40     libucrt:winapi_thunks.obj
 0002:00002d80       ??_C@_1EO@IJIOEFOH@?$AAa?$AAp?$AAi?$AA?9?$AAm?$AAs?$AA?9?$AAw?$AAi?$AAn?$AA?9?$AAr?$AAt?$AAc?$AAo@ 0000000140017d80     libucrt:winapi_thunks.obj
 0002:00002dd0       ??_C@_1FG@HHGEKANL@?$AAa?$AAp?$AAi?$AA?9?$AAm?$AAs?$AA?9?$AAw?$AAi?$AAn?$AA?9?$AAs?$AAe?$AAc?$AAu@ 0000000140017dd0     libucrt:winapi_thunks.obj
 0002:00002e30       ??_C@_1EG@DBIOJECG@?$AAe?$AAx?$AAt?$AA?9?$AAm?$AAs?$AA?9?$AAw?$AAi?$AAn?$AA?9?$AAn?$AAt?$AAu?$AAs@ 0000000140017e30     libucrt:winapi_thunks.obj
 0002:00002e80       ??_C@_1EO@FIHMJCLF@?$AAe?$AAx?$AAt?$AA?9?$AAm?$AAs?$AA?9?$AAw?$AAi?$AAn?$AA?9?$AAn?$AAt?$AAu?$AAs@ 0000000140017e80     libucrt:winapi_thunks.obj
 0002:00002ed0       ??_C@_1BC@DNHGCMLG@?$AAa?$AAd?$AAv?$AAa?$AAp?$AAi?$AA3?$AA2@ 0000000140017ed0     libucrt:winapi_thunks.obj
 0002:00002ee8       ??_C@_1M@OAIMIKLP@?$AAn?$AAt?$AAd?$AAl?$AAl@ 0000000140017ee8     libucrt:winapi_thunks.obj
 0002:00002f00       ??_C@_1EG@DPGNFKGC@?$AAa?$AAp?$AAi?$AA?9?$AAm?$AAs?$AA?9?$AAw?$AAi?$AAn?$AA?9?$AAa?$AAp?$AAp?$AAm@ 0000000140017f00     libucrt:winapi_thunks.obj
 0002:00002f48       ??_C@_1O@BCCLBEOE@?$AAu?$AAs?$AAe?$AAr?$AA3?$AA2@ 0000000140017f48     libucrt:winapi_thunks.obj
 0002:00002f58       ??_C@_1BA@IAIFMGEF@?$AAe?$AAx?$AAt?$AA?9?$AAm?$AAs?$AA?9@ 0000000140017f58     libucrt:winapi_thunks.obj
 0002:00002f70       ??_C@_0BA@FHFNEAED@AreFileApisANSI@ 0000000140017f70     libucrt:winapi_thunks.obj
 0002:00002fb0       ??_C@_0O@KKBNKAPF@LCMapStringEx@ 0000000140017fb0     libucrt:winapi_thunks.obj
 0002:00002fc8       ??_C@_0BB@HBDEELFH@LocaleNameToLCID@ 0000000140017fc8     libucrt:winapi_thunks.obj
 0002:00002fe0       ??_C@_0CF@OJOFEIGO@AppPolicyGetProcessTerminationM@ 0000000140017fe0     libucrt:winapi_thunks.obj
 0002:00003010       ?large_power_data@?1??multiply_by_power_of_ten@__crt_strtox@@YA_NAEAUbig_integer@2@I@Z@4QBIB 0000000140018010     libucrt:cfout.obj
 0002:00003920       ?large_power_indices@?1??multiply_by_power_of_ten@__crt_strtox@@YA_NAEAUbig_integer@2@I@Z@4QBUunpack_index@?1??12@YA_N0I@Z@B 0000000140018920     libucrt:cfout.obj
 0002:000039b8       ?small_powers_of_ten@?1??multiply_by_power_of_ten@__crt_strtox@@YA_NAEAUbig_integer@2@I@Z@4QBIB 00000001400189b8     libucrt:cfout.obj
 0002:000039dc       ??_C@_01GBGANLPD@0@        00000001400189dc     libucrt:cfout.obj
 0002:000039e0       ??_C@_05DNEBIAHO@1?$CDINF@ 00000001400189e0     libucrt:cfout.obj
 0002:000039e8       ??_C@_06IMKFLFPG@1?$CDQNAN@ 00000001400189e8     libucrt:cfout.obj
 0002:000039f0       ??_C@_06PGGFOGJG@1?$CDSNAN@ 00000001400189f0     libucrt:cfout.obj
 0002:000039f8       ??_C@_05PHHOCPM@1?$CDIND@  00000001400189f8     libucrt:cfout.obj
 0002:00004840       ??_C@_15EMKDOKLE@?$AAa?$AAr@ 0000000140019840     libucrt:lcidtoname_downlevel.obj
 0002:00004848       ??_C@_15KNPADPLH@?$AAb?$AAg@ 0000000140019848     libucrt:lcidtoname_downlevel.obj
 0002:00004850       ??_C@_15EDMHLDMO@?$AAc?$AAa@ 0000000140019850     libucrt:lcidtoname_downlevel.obj
 0002:00004858       ??_C@_1O@BPEAJADD@?$AAz?$AAh?$AA?9?$AAC?$AAH?$AAS@ 0000000140019858     libucrt:lcidtoname_downlevel.obj
 0002:00004868       ??_C@_15LJNHCMNK@?$AAc?$AAs@ 0000000140019868     libucrt:lcidtoname_downlevel.obj
 0002:00004870       ??_C@_15FOMCIDHG@?$AAd?$AAa@ 0000000140019870     libucrt:lcidtoname_downlevel.obj
 0002:00004878       ??_C@_15NBKABECB@?$AAd?$AAe@ 0000000140019878     libucrt:lcidtoname_downlevel.obj
 0002:00004880       ??_C@_15GHPEIIAO@?$AAe?$AAl@ 0000000140019880     libucrt:lcidtoname_downlevel.obj
 0002:00004888       ??_C@_15MNPNEAIF@?$AAe?$AAn@ 0000000140019888     libucrt:lcidtoname_downlevel.obj
 0002:00004890       ??_C@_15GPIOMPMH@?$AAe?$AAs@ 0000000140019890     libucrt:lcidtoname_downlevel.obj
 0002:00004898       ??_C@_15NGLOAKJC@?$AAf?$AAi@ 0000000140019898     libucrt:lcidtoname_downlevel.obj
[...]
 0002:0000936c       $unwind$_invalid_parameter 000000014001e36c     libucrt:invalid_parameter.obj
 0002:00009380       $unwind$_free_base         000000014001e380     libucrt:free_base.obj
 0002:00009380       $unwind$?destroy_fls@@YAXPEAX@Z 000000014001e380     libucrt:per_thread_data.obj
 0002:00009380       $unwind$__acrt_locale_free_numeric 000000014001e380     libucrt:initnum.obj
 0002:00009380       $unwind$__acrt_locale_free_lc_time_if_unreferenced 000000014001e380     libucrt:locale_refcounting.obj
 0002:00009388       $unwind$?fp_format_e@@YAHQEBNQEAD_K12H_NIQEAU__crt_locale_pointers@@W4__acrt_rounding_mode@@@Z 000000014001e388     libucrt:cvt.obj
 0002:00009388       $unwind$_mbtowc_l          000000014001e388     libucrt:mbtowc.obj
 0002:00009388       $unwind$__acrt_LCMapStringEx 000000014001e388     libucrt:winapi_thunks.obj
 0002:0000939c       $unwind$_wctomb_s_l        000000014001e39c     libucrt:wctomb.obj
 0002:000093ac       $unwind$?construct_ptd_array@@YAXQEAU__acrt_ptd@@@Z 000000014001e3ac     libucrt:per_thread_data.obj
 0002:000093b4       $unwind$?destroy_ptd_array@@YAXQEAU__acrt_ptd@@@Z 000000014001e3b4     libucrt:per_thread_data.obj
 0002:000093bc       $unwind$??$?RV<lambda_0ae27a3a962d80f24befdcbee591983d>@@AEAV<lambda_8d0ee55de4b1038c4002e0adecdf1839>@@V<lambda_dc504788e8f1664fe9b84e20bfb512f2>@@@?$__crt_seh_guarded_call@X@@QEAAX$$QEAV<lambda_0ae27a3a962d80f24befdcbee591983d>@@AEAV<lambda_8d0ee55de4b1038c4002e0adecdf1839>@@$$QEAV<lambda_dc504788e8f1664fe9b84e20bfb512f2>@@@Z 000000014001e3bc     libucrt:per_thread_data.obj
 0002:000093e0       $unwind$??$?RV<lambda_aa87e3671a710a21b5dc78c0bdf72e11>@@AEAV<lambda_92619d2358a28f41a33ba319515a20b9>@@V<lambda_6992ecaafeb10aed2b74cb1fae11a551>@@@?$__crt_seh_guarded_call@X@@QEAAX$$QEAV<lambda_aa87e3671a710a21b5dc78c0bdf72e11>@@AEAV<lambda_92619d2358a28f41a33ba319515a20b9>@@$$QEAV<lambda_6992ecaafeb10aed2b74cb1fae11a551>@@@Z 000000014001e3e0     libucrt:per_thread_data.obj
 0002:00009404       $unwind$??$?RV<lambda_f2e299630e499de9f9a165e60fcd3db5>@@AEAV<lambda_2ae9d31cdba2644fcbeaf08da7c24588>@@V<lambda_40d01ff24d0e7b3814fdbdcee8eab3c7>@@@?$__crt_seh_guarded_call@X@@QEAAX$$QEAV<lambda_f2e299630e499de9f9a165e60fcd3db5>@@AEAV<lambda_2ae9d31cdba2644fcbeaf08da7c24588>@@$$QEAV<lambda_40d01ff24d0e7b3814fdbdcee8eab3c7>@@@Z 000000014001e404     libucrt:per_thread_data.obj
 0002:00009428       $unwind$??$?RV<lambda_2d41944a1d46af3157314b8a01080d33>@@AEAV<lambda_8f455de75cd7d7f24b4096f044d8b9e6>@@V<lambda_aa500f224e6afead328df44964fe2772>@@@?$__crt_seh_guarded_call@X@@QEAAX$$QEAV<lambda_2d41944a1d46af3157314b8a01080d33>@@AEAV<lambda_8f455de75cd7d7f24b4096f044d8b9e6>@@$$QEAV<lambda_aa500f224e6afead328df44964fe2772>@@@Z 000000014001e428     libucrt:per_thread_data.obj
 0002:0000944c       $unwind$__acrt_fp_format   000000014001e44c     libucrt:cvt.obj
 0002:00009464       $unwind$?fp_format_e_internal@@YAHQEAD_KH_NIQEAU_strflt@@2QEAU__crt_locale_pointers@@@Z 000000014001e464     libucrt:cvt.obj
 0002:0000947c       $unwind$?fp_format_a@@YAHQEBNPEAD_KQEAD2H_NIQEAU__crt_locale_pointers@@W4__acrt_rounding_mode@@@Z 000000014001e47c     libucrt:cvt.obj
 0002:00009498       $unwind$__dcrt_get_narrow_environment_from_os 000000014001e498     libucrt:get_environment_from_os.obj
 0002:00009498       $unwind$?fp_format_f_internal@@YAHQEAD_KHQEAU_strflt@@_NQEAU__crt_locale_pointers@@@Z 000000014001e498     libucrt:cvt.obj
 0002:00009498       $unwind$??$__acrt_wcs_to_mbs_cp@U__crt_win32_buffer_internal_dynamic_resizing@@@@YAHQEB_WAEAV?$__crt_win32_buffer@DU__crt_win32_buffer_internal_dynamic_resizing@@@@I@Z 000000014001e498     libucrt:argv_wildcards.obj
 0002:000094b0       $unwind$?fp_format_g@@YAHQEBNQEAD_K12H_NIW4__acrt_rounding_mode@@QEAU__crt_locale_pointers@@@Z 000000014001e4b0     libucrt:cvt.obj
 0002:000094c4       $unwind$__acrt_initialize_lowio 000000014001e4c4     libucrt:ioinit.obj
 0002:000094e4       $unwind$?initialize_inherited_file_handles_nolock@@YAXXZ 000000014001e4e4     libucrt:ioinit.obj
 0002:00009500       $unwind$??$__acrt_mbs_to_wcs_cp@U__crt_win32_buffer_internal_dynamic_resizing@@@@YAHQEBDAEAV?$__crt_win32_buffer@_WU__crt_win32_buffer_internal_dynamic_resizing@@@@I@Z 000000014001e500     libucrt:argv_wildcards.obj
 0002:00009518       $unwind$??$common_expand_argv_wildcards@D@@YAHQEAPEADQEAPEAPEAD@Z 000000014001e518     libucrt:argv_wildcards.obj
 0002:00009530       $unwind$??$copy_and_add_argument_to_buffer@D@@YAHQEBD0_KAEAV?$argument_list@D@?A0x5f5c8891@@@Z 000000014001e530     libucrt:argv_wildcards.obj
 0002:0000954c       $unwind$??$expand_argument_wildcards@D@@YAHQEAD0AEAV?$argument_list@D@?A0x5f5c8891@@@Z 000000014001e54c     libucrt:argv_wildcards.obj
 0002:00009570       $unwind$__acrt_GetModuleFileNameA 000000014001e570     libucrt:getmodulefilenamea.obj
 0002:0000958c       $unwind$__dcrt_write_console 000000014001e58c     libucrt:initcon.obj
 0002:0000958c       $unwind$??$__acrt_wcs_to_mbs_cp@U__crt_win32_buffer_no_resizing@@@@YAHQEB_WAEAV?$__crt_win32_buffer@DU__crt_win32_buffer_no_resizing@@@@I@Z 000000014001e58c     libucrt:getmodulefilenamea.obj
 0002:000095a0       $unwind$_setmbcp_nolock    000000014001e5a0     libucrt:mbctype.obj
 0002:000095c0       $unwind$__dcrt_lowio_ensure_console_output_initialized 000000014001e5c0     libucrt:initcon.obj
 0002:000095c0       $unwind$_isleadbyte_l      000000014001e5c0     libucrt:_wctype.obj
 0002:000095c0       $unwind$?getSystemCP@@YAHH@Z 000000014001e5c0     libucrt:mbctype.obj
 0002:000095c8       $unwind$?update_thread_multibyte_data_internal@@YAPEAU__crt_multibyte_data@@QEAU__acrt_ptd@@QEAPEAU1@@Z 000000014001e5c8     libucrt:mbctype.obj
 0002:000095f0       $unwind$?setmbcp_internal@@YAHH_NQEAU__acrt_ptd@@QEAPEAU__crt_multibyte_data@@@Z 000000014001e5f0     libucrt:mbctype.obj
 0002:00009600       $unwind$?setSBUpLow@@YAXPEAU__crt_multibyte_data@@@Z 000000014001e600     libucrt:mbctype.obj
 0002:0000961c       $unwind$??$?RV<lambda_efdfa57d1f175319df784efa44bb7b81>@@AEAV<lambda_5f0a4c1567f8adc6734073e5d1e1b35c>@@V<lambda_2e8a7d3640ea6ccb4c2413664c2db6fd>@@@?$__crt_seh_guarded_call@X@@QEAAX$$QEAV<lambda_efdfa57d1f175319df784efa44bb7b81>@@AEAV<lambda_5f0a4c1567f8adc6734073e5d1e1b35c>@@$$QEAV<lambda_2e8a7d3640ea6ccb4c2413664c2db6fd>@@@Z 000000014001e61c     libucrt:mbctype.obj
 0002:00009640       $unwind$?x_ismbbtype_l@@YAHPEAU__crt_locale_pointers@@IHH@Z 000000014001e640     libucrt:ismbbyte.obj
 0002:00009650       $unwind$__acrt_WideCharToMultiByte 000000014001e650     libucrt:widechartomultibyte.obj
 0002:0000965c       $unwind$__acrt_lowio_destroy_handle_array 000000014001e65c     libucrt:osfinfo.obj
 0002:0000966c       $unwind$__acrt_lowio_ensure_fh_exists 000000014001e66c     libucrt:osfinfo.obj
 0002:00009698       $unwind$__acrt_locale_free_monetary 000000014001e698     libucrt:initmon.obj
 0002:000096a0       $unwind$__acrt_locale_free_time 000000014001e6a0     libucrt:inittime.obj
 0002:000096b0       $unwind$__acrt_GetStringTypeA 000000014001e6b0     libucrt:getstringtypea.obj
 0002:000096d8       $unwind$__acrt_update_thread_locale_data 000000014001e6d8     libucrt:locale_refcounting.obj
 0002:000096fc       $unwind$__acrt_initialize_winapi_thunks 000000014001e6fc     libucrt:winapi_thunks.obj
 0002:00009704       $unwind$_query_new_handler 000000014001e704     libucrt:new_handler.obj
 0002:00009724       $unwind$raise              000000014001e724     libucrt:signal.obj
 0002:00009760       $unwind$??$?RV<lambda_450d765d439847d4c735a33c368b5fc0>@@AEAV<lambda_44731a7d0e6d81c3e6aa82d741081786>@@V<lambda_601a2a7da3b7a96e9554ac7215c4b07c>@@@?$__crt_seh_guarded_call@P6AXH@Z@@QEAAP6AXH@Z$$QEAV<lambda_450d765d439847d4c735a33c368b5fc0>@@AEAV<lambda_44731a7d0e6d81c3e6aa82d741081786>@@$$QEAV<lambda_601a2a7da3b7a96e9554ac7215c4b07c>@@@Z 000000014001e760     libucrt:signal.obj
 0002:00009784       $unwind$?common_flush_all@@YAH_N@Z 000000014001e784     libucrt:fflush.obj
 0002:0000978c       $unwind$??$?RV<lambda_842d9ff0dc9ef11c61343bbaebe7f885>@@AEAV<lambda_c5860995281e5c4ce005b3de8f5874ee>@@V<lambda_d90129c13df834fdcbf8d2b88dafcf2d>@@@?$__crt_seh_guarded_call@X@@QEAAX$$QEAV<lambda_842d9ff0dc9ef11c61343bbaebe7f885>@@AEAV<lambda_c5860995281e5c4ce005b3de8f5874ee>@@$$QEAV<lambda_d90129c13df834fdcbf8d2b88dafcf2d>@@@Z 000000014001e78c     libucrt:fflush.obj
 0002:000097b0       $unwind$??$?RV<lambda_886d6c58226a84441f68b9f2b8217b83>@@AEAV<lambda_ab61a845afdef5b7c387490eaf3616ee>@@V<lambda_f7f22ab5edc0698d5f6905b0d3f44752>@@@?$__crt_seh_guarded_call@X@@QEAAX$$QEAV<lambda_886d6c58226a84441f68b9f2b8217b83>@@AEAV<lambda_ab61a845afdef5b7c387490eaf3616ee>@@$$QEAV<lambda_f7f22ab5edc0698d5f6905b0d3f44752>@@@Z 000000014001e7b0     libucrt:fflush.obj
 0002:000097d8       $unwind$_isctype_l         000000014001e7d8     libucrt:isctype.obj
 0002:000097f4       $unwind$?__mbsrtowcs_utf8@__crt_mbstring@@YA_KPEA_WPEAPEBD_KPEAU_Mbstatet@@@Z 000000014001e7f4     libucrt:mbrtowc.obj
 0002:0000980c       $unwind$__acrt_fltout      000000014001e80c     libucrt:cfout.obj
 0002:0000982c       $unwind$?divide@__crt_strtox@@YA_KAEAUbig_integer@1@AEBU21@@Z 000000014001e82c     libucrt:cfout.obj
 0002:00009844       $chain$0$?divide@__crt_strtox@@YA_KAEAUbig_integer@1@AEBU21@@Z 000000014001e844     libucrt:cfout.obj
 0002:00009858       $chain$1$?divide@__crt_strtox@@YA_KAEAUbig_integer@1@AEBU21@@Z 000000014001e858     libucrt:cfout.obj
 0002:00009868       $unwind$_fcloseall         000000014001e868     libucrt:closeall.obj
 0002:0000988c       $unwind$qsort              000000014001e88c     libucrt:qsort.obj
 0002:000098a4       $chain$4$qsort             000000014001e8a4     libucrt:qsort.obj
 0002:000098c8       $chain$5$qsort             000000014001e8c8     libucrt:qsort.obj
 0002:000098d8       $unwind$strpbrk            000000014001e8d8     libucrt:strpbrk.obj
 0002:000098e8       $unwind$fallbackMethod     000000014001e8e8     libucrt:strpbrk.obj
 0002:000098f8       $unwind$_mbsdec_l          000000014001e8f8     libucrt:mbsdec.obj
 0002:00009904       $unwind$__acrt_LCMapStringA 000000014001e904     libucrt:lcmapstringa.obj
 0002:00009914       $unwind$?__acrt_LCMapStringA_stat@@YAHPEAU__crt_locale_pointers@@PEB_WKPEBDHPEADHHH@Z 000000014001e914     libucrt:lcmapstringa.obj
 0002:0000993c       $unwind$_close             000000014001e93c     libucrt:close.obj
 0002:0000993c       $unwind$_commit            000000014001e93c     libucrt:commit.obj
 0002:00009944       $unwind$??$?RV<lambda_a37b2b86f63e897a80ea819b0eb08c01>@@AEAV<lambda_38ce7e780aa69e748d6df282ebc68efe>@@V<lambda_99fb1378e971ab6e7edea83e3a7a83a2>@@@?$__crt_seh_guarded_call@H@@QEAAH$$QEAV<lambda_a37b2b86f63e897a80ea819b0eb08c01>@@AEAV<lambda_38ce7e780aa69e748d6df282ebc68efe>@@$$QEAV<lambda_99fb1378e971ab6e7edea83e3a7a83a2>@@@Z 000000014001e944     libucrt:commit.obj
 0002:00009968       $unwind$_write             000000014001e968     libucrt:write.obj
 0002:00009998       $unwind$_write_nolock      000000014001e998     libucrt:write.obj
 0002:000099b0       $unwind$?write_double_translated_ansi_nolock@@YA?AUwrite_result@?A0x17268360@@HQEBDI@Z 000000014001e9b0     libucrt:write.obj
 0002:000099d4       $unwind$?write_text_ansi_nolock@@YA?AUwrite_result@?A0x17268360@@HQEBDI@Z 000000014001e9d4     libucrt:write.obj
 0002:000099d4       $unwind$?write_text_utf16le_nolock@@YA?AUwrite_result@?A0x17268360@@HQEBDI@Z 000000014001e9d4     libucrt:write.obj
 0002:000099f4       $unwind$?write_text_utf8_nolock@@YA?AUwrite_result@?A0x17268360@@HQEBDI@Z 000000014001e9f4     libucrt:write.obj
 0002:00009a18       $unwind$?__mbrtoc32_utf8@__crt_mbstring@@YA_KPEA_UPEBD_KPEAU_Mbstatet@@@Z 000000014001ea18     libucrt:mbrtoc32.obj
 0002:00009a38       $xdatasym                  000000014001ea38     libucrt:log10.obj
 0002:00009a44       $unwind$__acrt_fenv_set_control 000000014001ea44     libucrt:_fenvutils.obj
 0002:00009a54       $unwind$fclose             000000014001ea54     libucrt:fclose.obj
 0002:00009a78       $unwind$_putwch_nolock     000000014001ea78     libucrt:putwch.obj
 0002:00009a80       $unwind$common_control87   000000014001ea80     libucrt:ieee.obj
 0002:00009aac       $unwind$_call_matherr      000000014001eaac     libucrt:libm_error.obj
 0002:00009ab4       $unwind$_handle_error      000000014001eab4     libucrt:libm_error.obj
 0002:00009ad4       $unwind$__acrt_initialize_fma3 000000014001ead4     libucrt:fma3_available.obj
 0002:00009adc       $unwind$_log_special_common 000000014001eadc     libucrt:log_special.obj
 0002:00009ae8       $unwind$??$?RV<lambda_751a882b2c74d4b022dec766aa51a29a>@@AEAV<lambda_628dfdc04ba53c8bfc02c9951375f3f5>@@V<lambda_f6c7be5f7998530c34de24c7437d6b54>@@@?$__crt_seh_guarded_call@H@@QEAAH$$QEAV<lambda_751a882b2c74d4b022dec766aa51a29a>@@AEAV<lambda_628dfdc04ba53c8bfc02c9951375f3f5>@@$$QEAV<lambda_f6c7be5f7998530c34de24c7437d6b54>@@@Z 000000014001eae8     libucrt:close.obj
 0002:00009b10       $xdatasym                  000000014001eb10     libucrt:fpsr.obj
 0002:00009b18       $unwind$_raise_exc         000000014001eb18     libucrt:fpexcept.obj
 0002:00009b20       $unwind$_raise_exc_ex      000000014001eb20     libucrt:fpexcept.obj
 0002:00009b34       $unwind$_ctrlfp            000000014001eb34     libucrt:fpctrl.obj
 0002:00009b5c       $unwind$_IsNonwritableInCurrentImage 000000014001eb5c     LIBCMT:pesect.obj
 0002:00009b80       $xdatasym                  000000014001eb80     libvcruntime:memcmp.obj
 0002:00009fb2       .idata$6                   000000014001efb2     user32:USER32.dll
 0002:00009fce       .idata$6                   000000014001efce     gdi32:GDI32.dll
 0002:00009fea       .idata$6                   000000014001efea     winmm:WINMM.dll
 0002:0000a266       .idata$6                   000000014001f266     kernel32:KERNEL32.dll
 0003:00000000       ?XInputGetState_@@3P6AKKPEAU_XINPUT_STATE@@@ZEA 0000000140020000     win32_made.obj
 0003:00000008       ?XInputSetState_@@3P6AKKPEAU_XINPUT_VIBRATION@@@ZEA 0000000140020008     win32_made.obj
 0003:00000050       ?__vcrt_flsindex@@3KA      0000000140020050     libvcruntime:per_thread_data.obj
 0003:00000070       ?errno_no_memory@@3HA      0000000140020070     libucrt:errno.obj
 0003:00000074       ?doserrno_no_memory@@3KA   0000000140020074     libucrt:errno.obj
 0003:00000078       ?__acrt_flsindex@@3KA      0000000140020078     libucrt:per_thread_data.obj
 0003:00000530       _mbctypes                  0000000140020530     libucrt:mbctype.obj
 0003:00000640       _mbcasemaps                0000000140020640     libucrt:mbctype.obj
 0003:00000740       ?__rgctypeflag@@3PADA      0000000140020740     libucrt:mbctype.obj
 0003:00000750       ?__rgcode_page_info@@3PAUcode_page_info@@A 0000000140020750     libucrt:mbctype.obj
 0003:000009f0       ?dazSupported@?1??common_control87@@9@9 00000001400209f0     libucrt:ieee.obj
 0003:00000a00       ?__dcrt_lowio_console_output_handle@@3PEAXEA 0000000140020a00     libucrt:initcon.obj
 0003:00000a10       ?dazSupported@?1??_ctrlfp@@9@9 0000000140020a10     libucrt:fpctrl.obj
 0003:00000a30       ?GlobalRunning@@3HA        0000000140020a30     win32_made.obj
 0003:00000a34       ?GlobalPause@@3HA          0000000140020a34     win32_made.obj
 0003:00000a38       ?GlobalSecondaryBuffer@@3PEAUIDirectSoundBuffer@@EA 0000000140020a38     win32_made.obj
 0003:00000a40       ?GlobalBackbuffer@@3Uwin32_offscreen_buffer@@A 0000000140020a40     win32_made.obj
 0003:00000a88       ?GlobalPerfCountFrequency@@3_JA 0000000140020a88     win32_made.obj
 0003:00000a90       GS_ExceptionRecord         0000000140020a90     LIBCMT:gs_report.obj
 0003:00000b30       GS_ContextRecord           0000000140020b30     LIBCMT:gs_report.obj
 0003:00001010       ?is_initialized_as_dll@@3_NA 0000000140021010     LIBCMT:utility.obj
 0003:00001011       ?module_local_atexit_table_initialized@@3_NA 0000000140021011     LIBCMT:utility.obj
 0003:00001018       ?module_local_atexit_table@@3U_onexit_table_t@@A 0000000140021018     LIBCMT:utility.obj
 0003:00001030       ?module_local_at_quick_exit_table@@3U_onexit_table_t@@A 0000000140021030     LIBCMT:utility.obj
 0003:00001090       ?__vcrt_startup_thread_ptd@@3U__vcrt_ptd@@A 0000000140021090     libvcruntime:per_thread_data.obj
 0003:00001110       __vcrt_lock_table          0000000140021110     libvcruntime:locks.obj
 0003:00001138       __vcrt_locks_initialized   0000000140021138     libvcruntime:locks.obj
 0003:00001180       ?heap@@3V_HeapManager@@A   0000000140021180     libvcruntime:undname.obj
 0003:000011a8       ?module_handles@@3PAPEAUHINSTANCE__@@A 00000001400211a8     libvcruntime:winapi_downlevel.obj
 0003:000011c0       ?function_pointers@@3PAPEAXA 00000001400211c0     libvcruntime:winapi_downlevel.obj
 0003:000011f0       ?__acrt_app_type@@3W4_crt_app_type@@A 00000001400211f0     libucrt:report_runtime_error.obj
 0003:000011f8       ?user_matherr@@3V?$dual_state_global@P6AHPEAU_exception@@@Z@__crt_state_management@@A 00000001400211f8     libucrt:matherr.obj
 0003:00001200       ?program_name@?1???$common_configure_argv@D@@YAHW4_crt_argv_mode@@@Z@4PADA 0000000140021200     libucrt:argv_parsing.obj
 0003:00001328       ?empty_string@?1???$common_wincmdln@E@@YAPEAEXZ@4PAEA 0000000140021328     libucrt:argv_winmain.obj
 0003:0000132c       ?c_termination_complete@@3JA 000000014002132c     libucrt:exit.obj
 0003:00001330       ?thread_local_exit_callback_func@@3P6AXPEAXK0@ZEA 0000000140021330     libucrt:exit.obj
 0003:00001340       ?__acrt_global_new_mode@@3V?$dual_state_global@J@__crt_state_management@@A 0000000140021340     libucrt:new_mode.obj
 0003:00001378       ?__acrt_invalid_parameter_handler@@3V?$dual_state_global@P6AXPEB_W00I_K@Z@__crt_state_management@@A 0000000140021378     libucrt:invalid_parameter.obj
 0003:00001380       ?internal_state@?1??_mbtowc_l@@9@4U_Mbstatet@@A 0000000140021380     libucrt:mbtowc.obj
 0003:00001398       ?enable_percent_n@@3_KA    0000000140021398     libucrt:printf_count_output.obj
 0003:000017e0       ?fSystemSet@@3HA           00000001400217e0     libucrt:mbctype.obj
 0003:000017e4       ?initialized@?1??__acrt_initialize_multibyte@@9@4_NA 00000001400217e4     libucrt:mbctype.obj
 0003:00001820       ?__acrt_lock_table@@3PAU_RTL_CRITICAL_SECTION@@A 0000000140021820     libucrt:locks.obj
 0003:00001a50       ?__acrt_locks_initialized@@3IA 0000000140021a50     libucrt:locks.obj
 0003:00001a60       ?module_handles@@3PAPEAUHINSTANCE__@@A 0000000140021a60     libucrt:winapi_thunks.obj
 0003:00001b00       ?encoded_function_pointers@@3PAPEAXA 0000000140021b00     libucrt:winapi_thunks.obj
 0003:00001c20       ?__acrt_new_handler@@3V?$dual_state_global@P6AH_K@Z@__crt_state_management@@A 0000000140021c20     libucrt:new_handler.obj
 0003:00001c28       ?ctrlc_action@@3V?$dual_state_global@P6AXH@Z@__crt_state_management@@A 0000000140021c28     libucrt:signal.obj
 0003:00001c30       ?ctrlbreak_action@@3V?$dual_state_global@P6AXH@Z@__crt_state_management@@A 0000000140021c30     libucrt:signal.obj
 0003:00001c38       ?abort_action@@3V?$dual_state_global@P6AXH@Z@__crt_state_management@@A 0000000140021c38     libucrt:signal.obj
 0003:00001c40       ?term_action@@3V?$dual_state_global@P6AXH@Z@__crt_state_management@@A 0000000140021c40     libucrt:signal.obj
 0003:00001c48       ?internal_pst@?1??__mbrtoc32_utf8@__crt_mbstring@@YA_KPEA_UPEBD_KPEAU_Mbstatet@@@Z@4U3@A 0000000140021c48     libucrt:mbrtoc32.obj
 0005:00000000       MsetTab                    0000000140024000     libvcruntime:memset.obj
 0005:00000050       MoveSmall                  0000000140024050     libvcruntime:memcpy.obj
 0005:00000090       MoveSmallYmm               0000000140024090     libvcruntime:memcpy.obj
 0005:000000b4       MoveSmallYmmNT             00000001400240b4     libvcruntime:memcpy.obj
 0005:000000d8       MoveSmallXmm               00000001400240d8     libvcruntime:memcpy.obj
