 win32_made

 Timestamp is 611110c1 (Mon Aug  9 14:25:53 2021)

 Preferred load address is 0000000140000000

 Start         Length     Name                   Class
 0001:00000000 0003ab30H .text$mn                CODE
 0001:0003ab30 00000040H .text$mn$00             CODE
 0001:0003ab70 0000067dH .text$x                 CODE
 0002:00000000 00000320H .idata$5                DATA
 0002:00000320 00000028H .00cfg                  DATA
 0002:00000348 00000008H .CRT$XCA                DATA
 0002:00000350 00000008H .CRT$XCAA               DATA
 0002:00000358 00000008H .CRT$XCZ                DATA
 0002:00000360 00000008H .CRT$XIA                DATA
 0002:00000368 00000008H .CRT$XIAA               DATA
 0002:00000370 00000008H .CRT$XIAC               DATA
 0002:00000378 00000020H .CRT$XIC                DATA
 0002:00000398 00000008H .CRT$XIZ                DATA
 0002:000003a0 00000008H .CRT$XPA                DATA
 0002:000003a8 00000010H .CRT$XPX                DATA
 0002:000003b8 00000008H .CRT$XPXA               DATA
 0002:000003c0 00000008H .CRT$XPZ                DATA
 0002:000003c8 00000008H .CRT$XTA                DATA
 0002:000003d0 00000010H .CRT$XTZ                DATA
 0002:000003d8 00000000H .gehcont$y              DATA
 0002:000003d8 00000000H .gfids$y                DATA
 0002:000003e0 00010d20H .rdata                  DATA
 0002:00011100 00000000H .rdata$CastGuardVftablesA DATA
 0002:00011100 00000000H .rdata$CastGuardVftablesC DATA
 0002:00011100 0000016cH .rdata$r                DATA
 0002:0001126c 00000118H .rdata$voltmd           DATA
 0002:00011384 0000033cH .rdata$zzzdbg           DATA
 0002:000116c0 00000008H .rtc$IAA                DATA
 0002:000116c8 00000008H .rtc$IZZ                DATA
 0002:000116d0 00000008H .rtc$TAA                DATA
 0002:000116d8 00000008H .rtc$TZZ                DATA
 0002:000116e0 000011a0H .xdata                  DATA
 0002:00012880 00000084H .xdata$x                DATA
 0002:00012904 00000000H .edata                  DATA
 0002:00012904 00000050H .idata$2                DATA
 0002:00012954 00000014H .idata$3                DATA
 0002:00012968 00000320H .idata$4                DATA
 0002:00012c88 000006f2H .idata$6                DATA
 0003:00000000 00000a80H .data                   DATA
 0003:00000a80 00000050H .data$r                 DATA
 0003:00000ad0 00000020H .data$rs                DATA
 0003:00000af0 000018e0H .bss                    DATA
 0004:00000000 00002f88H .pdata                  DATA
 0005:00000000 000000f4H _RDATA                  DATA

  Address         Publics by Value              Rva+Base               Lib:Object

 0000:00000000       __x64_code_ranges_to_entry_points_count 0000000000000000     <absolute>
 0000:00000000       __arm64x_redirection_metadata 0000000000000000     <absolute>
 0000:00000000       __guard_iat_table          0000000000000000     <absolute>
 0000:00000000       __guard_iat_count          0000000000000000     <absolute>
 0000:00000000       __guard_longjmp_count      0000000000000000     <absolute>
 0000:00000000       __guard_longjmp_table      0000000000000000     <absolute>
 0000:00000000       __x64_code_ranges_to_entry_points 0000000000000000     <absolute>
 0000:00000000       __dynamic_value_reloc_table 0000000000000000     <absolute>
 0000:00000000       __hybrid_auxiliary_iat     0000000000000000     <absolute>
 0000:00000000       __hybrid_auxiliary_iat_copy 0000000000000000     <absolute>
 0000:00000000       __guard_fids_count         0000000000000000     <absolute>
 0000:00000000       ___safe_se_handler_table   0000000000000000     <absolute>
 0000:00000000       __arm64x_extra_rfe_table   0000000000000000     <absolute>
 0000:00000000       __AbsoluteZero             0000000000000000     <absolute>
 0000:00000000       __hybrid_code_map          0000000000000000     <absolute>
 0000:00000000       __arm64x_extra_rfe_table_size 0000000000000000     <absolute>
 0000:00000000       ___safe_se_handler_count   0000000000000000     <absolute>
 0000:00000000       __guard_check_icall_a64n_fptr 0000000000000000     <absolute>
 0000:00000000       __guard_fids_table         0000000000000000     <absolute>
 0000:00000000       __guard_eh_cont_count      0000000000000000     <absolute>
 0000:00000000       __arm64x_redirection_metadata_count 0000000000000000     <absolute>
 0000:00000000       __enclave_config           0000000000000000     <absolute>
 0000:00000000       __guard_eh_cont_table      0000000000000000     <absolute>
 0000:00000000       __arm64x_native_entrypoint 0000000000000000     <absolute>
 0000:00000000       __hybrid_code_map_count    0000000000000000     <absolute>
 0000:00000100       __guard_flags              0000000000000100     <absolute>
 0000:00000000       __ImageBase                0000000140000000     <linker-defined>
 0001:00000000       WinMain                    0000000140001000 f   win32_made.obj
 0001:00001570       ?XInputGetStateStub@@YAKKPEAU_XINPUT_STATE@@@Z 0000000140002570 f   win32_made.obj
 0001:00001590       ?XInputSetStateStub@@YAKKPEAU_XINPUT_VIBRATION@@@Z 0000000140002590 f   win32_made.obj
 0001:00001800       ?DEBUGPlatformFreeFileMemory@@YAXPEAX@Z 0000000140002800 f   win32_made.obj
 0001:00001830       ?DEBUGPlatformReadEntireFile@@YA?AUdebug_read_file_result@@PEAD@Z 0000000140002830 f   win32_made.obj
 0001:00001980       ?DEBUGPlatformWriteEntireFile@@YAHPEADIPEAX@Z 0000000140002980 f   win32_made.obj
 0001:000033e0       ??$_snprintf_s@$0BAA@@@YAHAEAY0BAA@D_KPEBDZZ 00000001400043e0 f i win32_made.obj
 0001:00003430       ?GetController@@YAPEAUgame_controller_input@@PEAUgame_input@@I@Z 0000000140004430 f i win32_made.obj
 0001:00003480       ?SafeTruncateUInt64@@YAI_K@Z 0000000140004480 f i win32_made.obj
 0001:000034b0       ?Win32DrawSoundBufferMarker@@YAXPEAUwin32_offscreen_buffer@@PEAUwin32_sound_output@@MHHHKI@Z 00000001400044b0 f i win32_made.obj
 0001:00003530       ?Win32GetLastWriteTime@@YA?AU_FILETIME@@PEAD@Z 0000000140004530 f i win32_made.obj
 0001:000035a0       ?Win32GetSecondsElapsed@@YAMT_LARGE_INTEGER@@0@Z 00000001400045a0 f i win32_made.obj
 0001:000035e0       ?Win32GetWallClock@@YA?AT_LARGE_INTEGER@@XZ 00000001400045e0 f i win32_made.obj
 0001:00003600       __local_stdio_printf_options 0000000140004600 f i win32_made.obj
 0001:00003610       _vsnprintf_s               0000000140004610 f i win32_made.obj
 0001:00003660       _vsnprintf_s_l             0000000140004660 f i win32_made.obj
 0001:000036e0       __GSHandlerCheck           00000001400046e0 f   LIBCMTD:gshandler.obj
 0001:00003720       __GSHandlerCheckCommon     0000000140004720 f   LIBCMTD:gshandler.obj
 0001:00003830       _alloca_probe              0000000140004830 f   LIBCMTD:chkstk.obj
 0001:00003830       __chkstk                   0000000140004830 f   LIBCMTD:chkstk.obj
 0001:00003890       __security_check_cookie    0000000140004890 f   LIBCMTD:amdsecgs.obj
 0001:00003b60       ?configure_argv@__scrt_narrow_argv_policy@@SAHXZ 0000000140004b60 f i LIBCMTD:exe_winmain.obj
 0001:00003b80       ?initialize_environment@__scrt_narrow_environment_policy@@SAHXZ 0000000140004b80 f i LIBCMTD:exe_winmain.obj
 0001:00003bd0       ?set_app_type@__scrt_winmain_policy@@SAXXZ 0000000140004bd0 f i LIBCMTD:exe_winmain.obj
 0001:00003bf0       ?set_commode@__scrt_file_policy@@SAXXZ 0000000140004bf0 f i LIBCMTD:exe_winmain.obj
 0001:00003c10       ?set_fmode@__scrt_file_policy@@SAXXZ 0000000140004c10 f i LIBCMTD:exe_winmain.obj
 0001:00003c30       WinMainCRTStartup          0000000140004c30 f   LIBCMTD:exe_winmain.obj
 0001:00003c50       __raise_securityfailure    0000000140004c50 f   LIBCMTD:gs_report.obj
 0001:00003c90       __report_gsfailure         0000000140004c90 f   LIBCMTD:gs_report.obj
 0001:00003d70       __report_rangecheckfailure 0000000140004d70 f   LIBCMTD:gs_report.obj
 0001:00003d90       __report_securityfailure   0000000140004d90 f   LIBCMTD:gs_report.obj
 0001:000040f0       NtCurrentTeb               00000001400050f0 f i LIBCMTD:utility.obj
 0001:00004100       __scrt_acquire_startup_lock 0000000140005100 f   LIBCMTD:utility.obj
 0001:00004170       __scrt_initialize_crt      0000000140005170 f   LIBCMTD:utility.obj
 0001:000041c0       __scrt_initialize_onexit_tables 00000001400051c0 f   LIBCMTD:utility.obj
 0001:000042d0       __scrt_is_nonwritable_in_current_image 00000001400052d0 f   LIBCMTD:utility.obj
 0001:00004360       __scrt_release_startup_lock 0000000140005360 f   LIBCMTD:utility.obj
 0001:00004390       __scrt_uninitialize_crt    0000000140005390 f   LIBCMTD:utility.obj
 0001:000043d0       _onexit                    00000001400053d0 f   LIBCMTD:utility.obj
 0001:00004450       atexit                     0000000140005450 f   LIBCMTD:utility.obj
 0001:00004550       __security_init_cookie     0000000140005550 f   LIBCMTD:gs_support.obj
 0001:000045d0       ?get_current_state_index@__crt_state_management@@YA_KAEBV__crt_scoped_get_last_error_reset@@@Z 00000001400055d0 f   libucrtd:per_thread_data.obj
 0001:000045d0       _matherr                   00000001400055d0 f   LIBCMTD:matherr.obj
 0001:000045e0       _get_startup_argv_mode     00000001400055e0 f   LIBCMTD:argv_mode.obj
 0001:000045f0       _get_startup_commit_mode   00000001400055f0 f   LIBCMTD:commit_mode.obj
 0001:000045f0       __scrt_initialize_winrt    00000001400055f0 f   LIBCMTD:utility_desktop.obj
 0001:000045f0       ?get_current_state_index@__crt_state_management@@YA_KXZ 00000001400055f0 f   libucrtd:matherr.obj
 0001:000045f0       _get_startup_thread_locale_mode 00000001400055f0 f   LIBCMTD:thread_locale.obj
 0001:000045f0       _get_startup_new_mode      00000001400055f0 f   LIBCMTD:new_mode.obj
 0001:000045f0       __scrt_stub_for_initialize_mta 00000001400055f0 f   LIBCMTD:utility_desktop.obj
 0001:000045f0       ?get_invalid_value@__crt_hmodule_traits@@SAPEAUHINSTANCE__@@XZ 00000001400055f0 f   libucrtd:exit.obj
 0001:000045f0       __scrt_exe_initialize_mta  00000001400055f0 f   LIBCMTD:utility_desktop.obj
 0001:00004600       _get_startup_file_mode     0000000140005600 f   LIBCMTD:file_mode.obj
 0001:00004610       ?__scrt_initialize_type_info@@YAXXZ 0000000140005610 f   LIBCMTD:tncleanup.obj
 0001:00004630       _should_initialize_environment 0000000140005630 f   LIBCMTD:env_mode.obj
 0001:00004640       _initialize_denormal_control 0000000140005640 f   LIBCMTD:denormal_control.obj
 0001:00004640       _initialize_invalid_parameter_handler 0000000140005640 f   LIBCMTD:invalid_parameter_handler.obj
 0001:00004650       __local_stdio_scanf_options 0000000140005650 f i LIBCMTD:default_local_stdio_options.obj
 0001:00004660       __scrt_initialize_default_local_stdio_options 0000000140005660 f   LIBCMTD:default_local_stdio_options.obj
 0001:000046b0       __scrt_is_user_matherr_present 00000001400056b0 f   LIBCMTD:matherr_detection.obj
 0001:000046e0       __scrt_get_dyn_tls_init_callback 00000001400056e0 f   LIBCMTD:dyn_tls_init.obj
 0001:000046f0       __scrt_get_dyn_tls_dtor_callback 00000001400056f0 f   LIBCMTD:dyn_tls_dtor.obj
 0001:00004700       __crt_debugger_hook        0000000140005700 f   LIBCMTD:utility_desktop.obj
 0001:00004710       __scrt_fastfail            0000000140005710 f   LIBCMTD:utility_desktop.obj
 0001:000048b0       __scrt_get_show_window_mode 00000001400058b0 f   LIBCMTD:utility_desktop.obj
 0001:00004910       __scrt_initialize_mta      0000000140005910 f   LIBCMTD:utility_desktop.obj
 0001:00004920       __scrt_is_managed_app      0000000140005920 f   LIBCMTD:utility_desktop.obj
 0001:000049d0       __scrt_set_unhandled_exception_filter 00000001400059d0 f   LIBCMTD:utility_desktop.obj
 0001:000049f0       __scrt_unhandled_exception_filter 00000001400059f0 f   LIBCMTD:utility_desktop.obj
 0001:00004a90       _RTC_Initialize            0000000140005a90 f   LIBCMTD:initsect.obj
 0001:00004ae0       _RTC_Terminate             0000000140005ae0 f   LIBCMTD:initsect.obj
 0001:00004b30       _guard_check_icall_nop     0000000140005b30 f i LIBCMTD:guard_support.obj
 0001:00004b30       ??1scoped_global_state_reset@__crt_state_management@@QEAA@XZ 0000000140005b30 f i libucrtd:onexit.obj
 0001:00004b30       ??1?$__crt_simd_cleanup_guard@$0A@@@QEAA@XZ 0000000140005b30 f i libucrtd:strnlen.obj
 0001:00004b40       ReadNoFence64              0000000140005b40 f i LIBCMTD:guard_support.obj
 0001:00004b60       ReadPointerNoFence         0000000140005b60 f i LIBCMTD:guard_support.obj
 0001:00004b80       _guard_icall_checks_enforced 0000000140005b80 f i LIBCMTD:guard_support.obj
 0001:00004bc0       __isa_available_init       0000000140005bc0 f   LIBCMTD:cpu_disp.obj
 0001:00004f60       __scrt_is_ucrt_dll_in_use  0000000140005f60 f   LIBCMTD:ucrt_detection.obj
 0001:00004f90       __C_specific_handler       0000000140005f90 f   libvcruntimed:riscchandler.obj
 0001:00005400       __vcrt_initialize          0000000140006400 f   libvcruntimed:initialization.obj
 0001:00005440       __vcrt_uninitialize        0000000140006440 f   libvcruntimed:initialization.obj
 0001:00005460       ??$?RPEAD@__crt_internal_free_policy@@QEBAXQEBQEAD@Z 0000000140006460 f i libucrtd:argv_parsing.obj
 0001:00005460       ??$?RU__vcrt_ptd@@@__crt_internal_free_policy@@QEBAXQEBU__vcrt_ptd@@@Z 0000000140006460 f i libvcruntimed:per_thread_data.obj
 0001:00005460       ??$?RU__crt_lowio_handle_data@@@__crt_internal_free_policy@@QEBAXQEBU__crt_lowio_handle_data@@@Z 0000000140006460 f i libucrtd:osfinfo.obj
 0001:00005460       ??$?RU__acrt_ptd@@@__crt_internal_free_policy@@QEBAXQEBU__acrt_ptd@@@Z 0000000140006460 f i libucrtd:per_thread_data.obj
 0001:00005460       ??$?RU__crt_multibyte_data@@@__crt_internal_free_policy@@QEBAXQEBU__crt_multibyte_data@@@Z 0000000140006460 f i libucrtd:wsetlocale.obj
 0001:00005460       ??$?RP6AXXZ@__crt_internal_free_policy@@QEBAXQEBQ6AXXZ@Z 0000000140006460 f i libucrtd:onexit.obj
 0001:00005460       ??$?RE@__crt_internal_free_policy@@QEBAXQEBE@Z 0000000140006460 f i libucrtd:argv_parsing.obj
 0001:00005460       ??$?RPEAU__crt_stdio_stream_data@@@__crt_internal_free_policy@@QEBAXQEBQEAU__crt_stdio_stream_data@@@Z 0000000140006460 f i libucrtd:_file.obj
 0001:00005460       ??$?RD@__crt_internal_free_policy@@QEBAXQEBD@Z 0000000140006460 f i libvcruntimed:std_type_info.obj
 0001:00005490       ??0?$string_output_adapter@_W@__crt_stdio_output@@QEAA@QEAU?$string_output_adapter_context@_W@1@@Z 0000000140006490 f i libucrtd:output.obj
 0001:00005490       ??0?$__crt_unique_handle_t@U__crt_findfile_traits@@@@QEAA@QEAX@Z 0000000140006490 f i libucrtd:argv_wildcards.obj
 0001:00005490       ??0?$__crt_scoped_stack_ptr@_W@@QEAA@U?$__crt_scoped_stack_ptr_tag@_W@@@Z 0000000140006490 f i libucrtd:getstringtypea.obj
 0001:00005490       ??0?$__crt_unique_handle_t@U__crt_hmodule_traits@@@@QEAA@QEAUHINSTANCE__@@@Z 0000000140006490 f i libucrtd:exit.obj
 0001:00005490       ??0?$__crt_unique_heap_ptr@DU__crt_public_free_policy@@@@QEAA@QEAD@Z 0000000140006490 f i libvcruntimed:std_exception.obj
 0001:00005490       ??0?$__crt_unique_heap_ptr@U__crt_multibyte_data@@U__crt_internal_free_policy@@@@QEAA@QEAU__crt_multibyte_data@@@Z 0000000140006490 f i libucrtd:wsetlocale.obj
 0001:00005490       ??0?$__crt_unique_heap_ptr@P6AXXZU__crt_internal_free_policy@@@@QEAA@QEAP6AXXZ@Z 0000000140006490 f i libucrtd:onexit.obj
 0001:00005490       ??0__crt_stdio_stream@@QEAA@QEAU__crt_stdio_stream_data@@@Z 0000000140006490 f i libucrtd:closeall.obj
 0001:00005490       ??0?$__crt_unique_heap_ptr@DU__crt_internal_free_policy@@@@QEAA@QEAD@Z 0000000140006490 f i libvcruntimed:std_type_info.obj
 0001:00005490       ??0?$__crt_unique_heap_ptr@PEAU__crt_stdio_stream_data@@U__crt_internal_free_policy@@@@QEAA@QEAPEAU__crt_stdio_stream_data@@@Z 0000000140006490 f i libucrtd:_file.obj
 0001:00005490       ??0?$__crt_unique_heap_ptr@U__vcrt_ptd@@U__crt_internal_free_policy@@@@QEAA@QEAU__vcrt_ptd@@@Z 0000000140006490 f i libvcruntimed:per_thread_data.obj
 0001:00005490       ??0?$__crt_unique_heap_ptr@PEADU__crt_internal_free_policy@@@@QEAA@QEAPEAD@Z 0000000140006490 f i libucrtd:argv_parsing.obj
 0001:00005490       ??0?$__crt_unique_heap_ptr@U__crt_lowio_handle_data@@U__crt_internal_free_policy@@@@QEAA@QEAU__crt_lowio_handle_data@@@Z 0000000140006490 f i libucrtd:osfinfo.obj
 0001:00005490       ??0?$__crt_unique_heap_ptr@U__acrt_ptd@@U__crt_internal_free_policy@@@@QEAA@QEAU__acrt_ptd@@@Z 0000000140006490 f i libucrtd:per_thread_data.obj
 0001:00005490       ??0?$__crt_unique_heap_ptr@EU__crt_internal_free_policy@@@@QEAA@QEAE@Z 0000000140006490 f i libucrtd:argv_parsing.obj
 0001:00005490       ??0?$string_output_adapter@D@__crt_stdio_output@@QEAA@QEAU?$string_output_adapter_context@D@1@@Z 0000000140006490 f i libucrtd:output.obj
 0001:00005490       ??0?$__crt_scoped_stack_ptr_tag@_W@@QEAA@QEA_W@Z 0000000140006490 f i libucrtd:getstringtypea.obj
 0001:00005490       ??0__crt_stdio_stream@@QEAA@QEAU_iobuf@@@Z 0000000140006490 f i libucrtd:output.obj
 0001:000054b0       ??1?$__crt_unique_heap_ptr@P6AXXZU__crt_internal_free_policy@@@@QEAA@XZ 00000001400064b0 f i libucrtd:onexit.obj
 0001:000054b0       ??1?$__crt_unique_heap_ptr@U__acrt_ptd@@U__crt_internal_free_policy@@@@QEAA@XZ 00000001400064b0 f i libucrtd:per_thread_data.obj
 0001:000054b0       ??1?$__crt_unique_heap_ptr@EU__crt_internal_free_policy@@@@QEAA@XZ 00000001400064b0 f i libucrtd:argv_parsing.obj
 0001:000054b0       ??1?$__crt_unique_heap_ptr@U__crt_lowio_handle_data@@U__crt_internal_free_policy@@@@QEAA@XZ 00000001400064b0 f i libucrtd:osfinfo.obj
 0001:000054b0       ??1?$__crt_unique_heap_ptr@DU__crt_internal_free_policy@@@@QEAA@XZ 00000001400064b0 f i libvcruntimed:std_type_info.obj
 0001:000054b0       ??1?$__crt_unique_heap_ptr@PEAU__crt_stdio_stream_data@@U__crt_internal_free_policy@@@@QEAA@XZ 00000001400064b0 f i libucrtd:_file.obj
 0001:000054b0       ??1?$__crt_unique_heap_ptr@U__crt_multibyte_data@@U__crt_internal_free_policy@@@@QEAA@XZ 00000001400064b0 f i libucrtd:wsetlocale.obj
 0001:000054b0       ??1?$__crt_unique_heap_ptr@U__vcrt_ptd@@U__crt_internal_free_policy@@@@QEAA@XZ 00000001400064b0 f i libvcruntimed:per_thread_data.obj
 0001:000054b0       ??1?$__crt_unique_heap_ptr@PEADU__crt_internal_free_policy@@@@QEAA@XZ 00000001400064b0 f i libucrtd:argv_parsing.obj
 0001:000054d0       ??B?$__crt_unique_heap_ptr@U__crt_lowio_handle_data@@U__crt_internal_free_policy@@@@QEBA_NXZ 00000001400064d0 f i libucrtd:osfinfo.obj
 0001:000054d0       ??B?$__crt_unique_heap_ptr@DU__crt_internal_free_policy@@@@QEBA_NXZ 00000001400064d0 f i libvcruntimed:std_type_info.obj
 0001:000054d0       ??B?$__crt_unique_heap_ptr@DU__crt_public_free_policy@@@@QEBA_NXZ 00000001400064d0 f i libvcruntimed:std_exception.obj
 0001:000054d0       ??B?$__crt_unique_heap_ptr@U__acrt_ptd@@U__crt_internal_free_policy@@@@QEBA_NXZ 00000001400064d0 f i libucrtd:per_thread_data.obj
 0001:000054d0       ??B?$__crt_unique_heap_ptr@U__crt_multibyte_data@@U__crt_internal_free_policy@@@@QEBA_NXZ 00000001400064d0 f i libucrtd:wsetlocale.obj
 0001:000054d0       ??B?$__crt_unique_heap_ptr@EU__crt_internal_free_policy@@@@QEBA_NXZ 00000001400064d0 f i libucrtd:argv_parsing.obj
 0001:000054d0       ??B?$__crt_unique_heap_ptr@U__vcrt_ptd@@U__crt_internal_free_policy@@@@QEBA_NXZ 00000001400064d0 f i libvcruntimed:per_thread_data.obj
 0001:000054f0       ?__crt_interlocked_read_64@@YA_JPED_J@Z 00000001400064f0 f i libvcruntimed:std_type_info.obj
 0001:00005510       ?get@?$__crt_unique_heap_ptr@PEADU__crt_internal_free_policy@@@@QEBAPEAPEADXZ 0000000140006510 f i libucrtd:argv_parsing.obj
 0001:00005510       ?get@?$__crt_unique_heap_ptr@EU__crt_internal_free_policy@@@@QEBAPEAEXZ 0000000140006510 f i libucrtd:argv_parsing.obj
 0001:00005510       ?get@?$__crt_unique_handle_t@U__crt_findfile_traits@@@@QEBAPEAXXZ 0000000140006510 f i libucrtd:argv_wildcards.obj
 0001:00005510       ?public_stream@__crt_stdio_stream@@QEBAPEAU_iobuf@@XZ 0000000140006510 f i libucrtd:output.obj
 0001:00005510       ?save_state@?$c_string_character_source@_W@__crt_strtox@@QEBAPEB_WXZ 0000000140006510 f i libucrtd:atox.obj
 0001:00005510       ?get@?$__crt_scoped_stack_ptr@_W@@QEBAPEA_WXZ 0000000140006510 f i libucrtd:getstringtypea.obj
 0001:00005510       ?get@?$__crt_unique_heap_ptr@DU__crt_public_free_policy@@@@QEBAPEADXZ 0000000140006510 f i libvcruntimed:std_exception.obj
 0001:00005510       ?get@?$__crt_unique_heap_ptr@U__vcrt_ptd@@U__crt_internal_free_policy@@@@QEBAPEAU__vcrt_ptd@@XZ 0000000140006510 f i libvcruntimed:per_thread_data.obj
 0001:00005510       ?get@?$__crt_unique_heap_ptr@U__acrt_ptd@@U__crt_internal_free_policy@@@@QEBAPEAU__acrt_ptd@@XZ 0000000140006510 f i libucrtd:per_thread_data.obj
 0001:00005510       ?get@?$__crt_unique_heap_ptr@DU__crt_internal_free_policy@@@@QEBAPEADXZ 0000000140006510 f i libvcruntimed:std_type_info.obj
 0001:00005510       ?get@?$__crt_unique_heap_ptr@U__crt_multibyte_data@@U__crt_internal_free_policy@@@@QEBAPEAU__crt_multibyte_data@@XZ 0000000140006510 f i libucrtd:wsetlocale.obj
 0001:00005510       ?get@?$__crt_unique_heap_ptr@U__crt_lowio_handle_data@@U__crt_internal_free_policy@@@@QEBAPEAU__crt_lowio_handle_data@@XZ 0000000140006510 f i libucrtd:osfinfo.obj
 0001:00005510       ?save_state@?$c_string_character_source@D@__crt_strtox@@QEBAPEBDXZ 0000000140006510 f i libucrtd:atox.obj
 0001:00005510       ?get@?$__crt_unique_handle_t@U__crt_hmodule_traits@@@@QEBAPEAUHINSTANCE__@@XZ 0000000140006510 f i libucrtd:exit.obj
 0001:00005510       ??C__crt_stdio_stream@@QEBAPEAU__crt_stdio_stream_data@@XZ 0000000140006510 f i libucrtd:output.obj
 0001:00005520       ?valid@__crt_stdio_stream@@QEBA_NXZ 0000000140006520 f i libucrtd:output.obj
 0001:00005520       ?is_valid@?$__crt_unique_heap_ptr@U__acrt_ptd@@U__crt_internal_free_policy@@@@QEBA_NXZ 0000000140006520 f i libucrtd:per_thread_data.obj
 0001:00005520       ??B?$__crt_scoped_stack_ptr@_W@@QEBA_NXZ 0000000140006520 f i libucrtd:lcmapstringa.obj
 0001:00005520       ?is_valid@?$__crt_unique_heap_ptr@EU__crt_internal_free_policy@@@@QEBA_NXZ 0000000140006520 f i libucrtd:argv_parsing.obj
 0001:00005520       ?is_valid@?$__crt_unique_heap_ptr@U__vcrt_ptd@@U__crt_internal_free_policy@@@@QEBA_NXZ 0000000140006520 f i libvcruntimed:per_thread_data.obj
 0001:00005520       ?is_valid@?$__crt_unique_heap_ptr@DU__crt_public_free_policy@@@@QEBA_NXZ 0000000140006520 f i libvcruntimed:std_exception.obj
 0001:00005520       ?is_valid@?$__crt_unique_heap_ptr@DU__crt_internal_free_policy@@@@QEBA_NXZ 0000000140006520 f i libvcruntimed:std_type_info.obj
 0001:00005520       ?is_valid@?$__crt_unique_heap_ptr@U__crt_multibyte_data@@U__crt_internal_free_policy@@@@QEBA_NXZ 0000000140006520 f i libucrtd:wsetlocale.obj
 0001:00005520       ?is_valid@?$__crt_unique_heap_ptr@U__crt_lowio_handle_data@@U__crt_internal_free_policy@@@@QEBA_NXZ 0000000140006520 f i libucrtd:osfinfo.obj
 0001:00005550       ?release@?$__crt_unique_heap_ptr@U__crt_lowio_handle_data@@U__crt_internal_free_policy@@@@QEAAXXZ 0000000140006550 f i libucrtd:osfinfo.obj
 0001:00005550       ?release@?$__crt_unique_heap_ptr@PEAU__crt_stdio_stream_data@@U__crt_internal_free_policy@@@@QEAAXXZ 0000000140006550 f i libucrtd:_file.obj
 0001:00005550       ?release@?$__crt_unique_heap_ptr@U__acrt_ptd@@U__crt_internal_free_policy@@@@QEAAXXZ 0000000140006550 f i libucrtd:per_thread_data.obj
 0001:00005550       ?release@?$__crt_unique_heap_ptr@U__crt_multibyte_data@@U__crt_internal_free_policy@@@@QEAAXXZ 0000000140006550 f i libucrtd:wsetlocale.obj
 0001:00005550       ?release@?$__crt_unique_heap_ptr@EU__crt_internal_free_policy@@@@QEAAXXZ 0000000140006550 f i libucrtd:argv_parsing.obj
 0001:00005550       ?release@?$__crt_unique_heap_ptr@U__vcrt_ptd@@U__crt_internal_free_policy@@@@QEAAXXZ 0000000140006550 f i libvcruntimed:per_thread_data.obj
 0001:00005550       ?release@?$__crt_unique_heap_ptr@PEADU__crt_internal_free_policy@@@@QEAAXXZ 0000000140006550 f i libucrtd:argv_parsing.obj
 0001:00005550       ?release@?$__crt_unique_heap_ptr@P6AXXZU__crt_internal_free_policy@@@@QEAAXXZ 0000000140006550 f i libucrtd:onexit.obj
 0001:00005550       ?release@?$__crt_unique_heap_ptr@DU__crt_internal_free_policy@@@@QEAAXXZ 0000000140006550 f i libvcruntimed:std_type_info.obj
 0001:00005580       __std_type_info_compare    0000000140006580 f   libvcruntimed:std_type_info.obj
 0001:000055c0       __DestructExceptionObject  00000001400065c0 f   libvcruntimed:ehhelpers.obj
 0001:000056c0       ?_CallMemberFunction0@@YAXQEAX0@Z 00000001400066c0 f i libvcruntimed:ehhelpers.obj
 0001:00005790       _IsExceptionObjectToBeDestroyed 0000000140006790 f   libvcruntimed:ehhelpers.obj
 0001:000057e0       __AdjustPointer            00000001400067e0 f   libvcruntimed:ehhelpers.obj
 0001:00005860       __FrameUnwindFilter        0000000140006860 f   libvcruntimed:ehhelpers.obj
 0001:00005910       __current_exception        0000000140006910 f   libvcruntimed:ehhelpers.obj
 0001:00005930       __current_exception_context 0000000140006930 f   libvcruntimed:ehhelpers.obj
 0001:00005960       _NLG_Notify                0000000140006960 f   libvcruntimed:notify.obj
 0001:00005980       __NLG_Dispatch2            0000000140006980 f   libvcruntimed:notify.obj
 0001:00005990       __NLG_Return2              0000000140006990 f   libvcruntimed:notify.obj
 0001:000059a0       __except_validate_context_record 00000001400069a0 f   libvcruntimed:jbcxrval.obj
 0001:00005a40       ?detach@?$__crt_unique_heap_ptr@U__crt_lowio_handle_data@@U__crt_internal_free_policy@@@@QEAAPEAU__crt_lowio_handle_data@@XZ 0000000140006a40 f i libucrtd:osfinfo.obj
 0001:00005a40       ?detach@?$__crt_unique_heap_ptr@EU__crt_internal_free_policy@@@@QEAAPEAEXZ 0000000140006a40 f i libucrtd:argv_parsing.obj
 0001:00005a40       ?detach@?$__crt_unique_heap_ptr@PEAU__crt_stdio_stream_data@@U__crt_internal_free_policy@@@@QEAAPEAPEAU__crt_stdio_stream_data@@XZ 0000000140006a40 f i libucrtd:_file.obj
 0001:00005a40       ?detach@?$__crt_unique_heap_ptr@U__acrt_ptd@@U__crt_internal_free_policy@@@@QEAAPEAU__acrt_ptd@@XZ 0000000140006a40 f i libucrtd:per_thread_data.obj
 0001:00005a40       ?detach@?$__crt_unique_heap_ptr@U__crt_multibyte_data@@U__crt_internal_free_policy@@@@QEAAPEAU__crt_multibyte_data@@XZ 0000000140006a40 f i libucrtd:wsetlocale.obj
 0001:00005a40       ?detach@?$__crt_unique_heap_ptr@U__vcrt_ptd@@U__crt_internal_free_policy@@@@QEAAPEAU__vcrt_ptd@@XZ 0000000140006a40 f i libvcruntimed:per_thread_data.obj
 0001:00005a40       ?detach@?$__crt_unique_heap_ptr@P6AXXZU__crt_internal_free_policy@@@@QEAAPEAP6AXXZXZ 0000000140006a40 f i libucrtd:onexit.obj
 0001:00005a40       ?detach@?$__crt_unique_heap_ptr@DU__crt_public_free_policy@@@@QEAAPEADXZ 0000000140006a40 f i libvcruntimed:std_exception.obj
 0001:00005a40       ?detach@?$__crt_unique_heap_ptr@PEADU__crt_internal_free_policy@@@@QEAAPEAPEADXZ 0000000140006a40 f i libucrtd:argv_parsing.obj
 0001:00005ab0       __vcrt_freefls             0000000140006ab0 f   libvcruntimed:per_thread_data.obj
 0001:00005af0       __vcrt_getptd              0000000140006af0 f   libvcruntimed:per_thread_data.obj
 0001:00005b20       __vcrt_getptd_noexit       0000000140006b20 f   libvcruntimed:per_thread_data.obj
 0001:00005cc0       __vcrt_initialize_ptd      0000000140006cc0 f   libvcruntimed:per_thread_data.obj
 0001:00005d10       __vcrt_uninitialize_ptd    0000000140006d10 f   libvcruntimed:per_thread_data.obj
 0001:00005d40       __vcrt_initialize_locks    0000000140006d40 f   libvcruntimed:locks.obj
 0001:00005db0       __vcrt_uninitialize_locks  0000000140006db0 f   libvcruntimed:locks.obj
 0001:00005e10       _vsprintf_s_l              0000000140006e10 f i libvcruntimed:undname.obj
 0001:00005e80       sprintf_s                  0000000140006e80 f i libvcruntimed:undname.obj
 0001:00005ee0       ??$__crt_interlocked_exchange_pointer@UHINSTANCE__@@PEAX@@YAPEAUHINSTANCE__@@PEDSEAU0@QEAX@Z 0000000140006ee0 f i libvcruntimed:winapi_downlevel.obj
 0001:00005ee0       ??$__crt_interlocked_exchange_pointer@UHINSTANCE__@@PEAU1@@@YAPEAUHINSTANCE__@@PEDSEAU0@QEAU0@@Z 0000000140006ee0 f i libvcruntimed:winapi_downlevel.obj
 0001:00005ee0       ??$__crt_interlocked_exchange_pointer@XPEAX@@YAPEAXPEDSEAXQEAX@Z 0000000140006ee0 f i libvcruntimed:winapi_downlevel.obj
 0001:00005f00       ??$__crt_interlocked_read_pointer@X@@YAPEAXPEDSEAX@Z 0000000140006f00 f i libvcruntimed:winapi_downlevel.obj
 0001:00005f00       ??$__crt_interlocked_read_pointer@UHINSTANCE__@@@@YAPEAUHINSTANCE__@@PEDSEAU0@@Z 0000000140006f00 f i libvcruntimed:winapi_downlevel.obj
 0001:00005f20       ?get_invalid_value@__crt_findfile_traits@@SAPEAXXZ 0000000140006f20 f   libucrtd:argv_wildcards.obj
 0001:00006410       __vcrt_FlsAlloc            0000000140007410 f   libvcruntimed:winapi_downlevel.obj
 0001:00006460       __vcrt_FlsFree             0000000140007460 f   libvcruntimed:winapi_downlevel.obj
 0001:000064b0       __vcrt_FlsGetValue         00000001400074b0 f   libvcruntimed:winapi_downlevel.obj
 0001:00006500       __vcrt_FlsSetValue         0000000140007500 f   libvcruntimed:winapi_downlevel.obj
 0001:00006560       __vcrt_InitializeCriticalSectionEx 0000000140007560 f   libvcruntimed:winapi_downlevel.obj
 0001:000065e0       memcpy_repmovs             00000001400075e0 f   libvcruntimed:memcpy.obj
 0001:00006600       memcpy                     0000000140007600 f   libvcruntimed:memcpy.obj
 0001:00006600       memmove                    0000000140007600 f   libvcruntimed:memcpy.obj
 0001:00006c80       ??$?0AEAViterator@TryBlockMap@__FrameHandler3@@AEAV012@$0A@@?$pair@Viterator@TryBlockMap@__FrameHandler3@@V123@@std@@QEAA@AEAViterator@TryBlockMap@__FrameHandler3@@0@Z 0000000140007c80 f i libvcruntimed:risctrnsctrl.obj
 0001:00006d90       ??$_CallSETranslator@V__FrameHandler3@@@@YAHPEAUEHExceptionRecord@@PEA_KPEAU_CONTEXT@@PEAU_xDISPATCHER_CONTEXT@@PEBU_s_FuncInfo@@K1H@Z 0000000140007d90 f i libvcruntimed:risctrnsctrl.obj
 0001:00006e20       ?get_address_of@?$__crt_unique_heap_ptr@PEADU__crt_internal_free_policy@@@@QEAAPEAPEAPEADXZ 0000000140007e20 f i libucrtd:argv_parsing.obj
 0001:00006e20       ?dangerous_get_state_array@?$dual_state_global@PEAU__crt_locale_data@@@__crt_state_management@@QEAAPEAPEAU__crt_locale_data@@XZ 0000000140007e20 f i libucrtd:per_thread_data.obj
 0001:00006e20       ??$forward@AEAViterator@TryBlockMap@__FrameHandler3@@@std@@YAAEAViterator@TryBlockMap@__FrameHandler3@@AEAV123@@Z 0000000140007e20 f i libvcruntimed:risctrnsctrl.obj
 0001:00006e20       ?dangerous_get_state_array@?$dual_state_global@P6AXPEB_W00I_K@Z@__crt_state_management@@QEAAPEAP6AXPEB_W00I_K@ZXZ 0000000140007e20 f i libucrtd:invalid_parameter.obj
 0001:00006e20       ?dangerous_get_state_array@?$dual_state_global@PEAE@__crt_state_management@@QEAAPEAPEAEXZ 0000000140007e20 f i libucrtd:mbctype.obj
 0001:00006e20       ?get_address_of@?$__crt_unique_handle_t@U__crt_hmodule_traits@@@@QEAAPEAPEAUHINSTANCE__@@XZ 0000000140007e20 f i libucrtd:exit.obj
 0001:00006e20       ?debug_info@?$__crt_win32_buffer@DU__crt_win32_buffer_no_resizing@@@@QEBAAEBV__crt_win32_buffer_empty_debug_info@@XZ 0000000140007e20 f i libucrtd:getmodulefilenamea.obj
 0001:00006e20       ?debug_info@?$__crt_win32_buffer@DU__crt_win32_buffer_internal_dynamic_resizing@@@@QEBAAEBV__crt_win32_buffer_empty_debug_info@@XZ 0000000140007e20 f i libucrtd:argv_wildcards.obj
 0001:00006e20       ?dangerous_get_state_array@?$dual_state_global@PEAU__crt_multibyte_data@@@__crt_state_management@@QEAAPEAPEAU__crt_multibyte_data@@XZ 0000000140007e20 f i libucrtd:mbctype.obj
 0001:00006e20       ?dangerous_get_state_array@?$dual_state_global@H@__crt_state_management@@QEAAPEAHXZ 0000000140007e20 f i libucrtd:txtmode.obj
 0001:00006e20       ?debug_info@?$__crt_win32_buffer@_WU__crt_win32_buffer_internal_dynamic_resizing@@@@QEBAAEBV__crt_win32_buffer_empty_debug_info@@XZ 0000000140007e20 f i libucrtd:argv_wildcards.obj
 0001:00006e30       ??0iterator@TryBlockMap@__FrameHandler3@@QEAA@AEAV12@I@Z 0000000140007e30 f i libvcruntimed:risctrnsctrl.obj
 0001:00006e30       ??0iterator@HandlerMap@__FrameHandler3@@QEAA@AEAV12@I@Z 0000000140007e30 f i libvcruntimed:frame.obj
 0001:00006e60       ?CatchTryBlock@__FrameHandler3@@SAPEBU_s_TryBlockMapEntry@@PEBU_s_FuncInfo@@H@Z 0000000140007e60 f   libvcruntimed:risctrnsctrl.obj
 0001:00006ef0       ?ExecutionInCatch@__FrameHandler3@@SA_NPEAU_xDISPATCHER_CONTEXT@@PEBU_s_FuncInfo@@@Z 0000000140007ef0 f   libvcruntimed:risctrnsctrl.obj
 0001:00006f40       ?FrameUnwindToEmptyState@__FrameHandler3@@SAXPEA_KPEAU_xDISPATCHER_CONTEXT@@PEBU_s_FuncInfo@@@Z 0000000140007f40 f   libvcruntimed:risctrnsctrl.obj
 0001:00006fe0       ?GetEstablisherFrame@__FrameHandler3@@SAPEA_KPEA_KPEAU_xDISPATCHER_CONTEXT@@PEBU_s_FuncInfo@@0@Z 0000000140007fe0 f   libvcruntimed:risctrnsctrl.obj
 0001:00007150       ?GetRangeOfTrysToCheck@__FrameHandler3@@SA?AU?$pair@Viterator@TryBlockMap@__FrameHandler3@@V123@@std@@AEAVTryBlockMap@1@HPEAU_xDISPATCHER_CONTEXT@@PEBU_s_FuncInfo@@H@Z 0000000140008150 f   libvcruntimed:risctrnsctrl.obj
 0001:00007390       ?UnwindNestedFrames@__FrameHandler3@@SAXPEA_KPEAUEHExceptionRecord@@PEAU_CONTEXT@@0PEAXPEBU_s_FuncInfo@@HHPEBU_s_HandlerType@@PEAU_xDISPATCHER_CONTEXT@@E@Z 0000000140008390 f   libvcruntimed:risctrnsctrl.obj
 0001:00007500       _CreateFrameInfo           0000000140008500 f   libvcruntimed:risctrnsctrl.obj
 0001:00007570       _FindAndUnlinkFrame        0000000140008570 f   libvcruntimed:risctrnsctrl.obj
 0001:000075f0       _GetImageBase              00000001400085f0 f   libvcruntimed:risctrnsctrl.obj
 0001:00007610       _GetThrowImageBase         0000000140008610 f   libvcruntimed:risctrnsctrl.obj
 0001:00007630       _SetImageBase              0000000140008630 f   libvcruntimed:risctrnsctrl.obj
 0001:00007650       _SetThrowImageBase         0000000140008650 f   libvcruntimed:risctrnsctrl.obj
 0001:00007670       __CxxFrameHandler3         0000000140008670 f   libvcruntimed:risctrnsctrl.obj
 0001:00007750       ?GetCurrentState@__FrameHandler3@@SAHPEA_KPEAU_xDISPATCHER_CONTEXT@@PEBU_s_FuncInfo@@@Z 0000000140008750 f   libvcruntimed:ehstate.obj
 0001:000077b0       ?GetUnwindTryBlock@__FrameHandler3@@SAHPEA_KPEAU_xDISPATCHER_CONTEXT@@PEBU_s_FuncInfo@@@Z 00000001400087b0 f   libvcruntimed:ehstate.obj
 0001:00007800       ?SetState@__FrameHandler3@@SAXPEA_KPEBU_s_FuncInfo@@H@Z 0000000140008800 f   libvcruntimed:ehstate.obj
 0001:00007830       ?SetUnwindTryBlock@__FrameHandler3@@SAXPEA_KPEAU_xDISPATCHER_CONTEXT@@PEBU_s_FuncInfo@@H@Z 0000000140008830 f   libvcruntimed:ehstate.obj
 0001:000078a0       ?StateFromControlPc@__FrameHandler3@@SAHPEBU_s_FuncInfo@@PEAU_xDISPATCHER_CONTEXT@@@Z 00000001400088a0 f   libvcruntimed:ehstate.obj
 0001:000078e0       ?StateFromIp@__FrameHandler3@@SAHPEBU_s_FuncInfo@@PEAU_xDISPATCHER_CONTEXT@@_K@Z 00000001400088e0 f   libvcruntimed:ehstate.obj
 0001:000079d0       ?__RVAtoRealOffset@@YA_KPEAU_xDISPATCHER_CONTEXT@@H@Z 00000001400089d0 f i libvcruntimed:ehstate.obj
 0001:00008ba0       ??$TypeMatchHelper@V__FrameHandler3@@@@YAHPEBU_s_HandlerType@@PEBU_s_CatchableType@@PEBU_s_ThrowInfo@@@Z 0000000140009ba0 f i libvcruntimed:frame.obj
 0001:00008da0       ??$__InternalCxxFrameHandler@V__FrameHandler3@@@@YA?AW4_EXCEPTION_DISPOSITION@@PEAUEHExceptionRecord@@PEA_KPEAU_CONTEXT@@PEAU_xDISPATCHER_CONTEXT@@PEBU_s_FuncInfo@@H1E@Z 0000000140009da0 f i libvcruntimed:frame.obj
 0001:00009210       ??0HandlerMap@__FrameHandler3@@QEAA@PEBU_s_TryBlockMapEntry@@_KI@Z 000000014000a210 f i libvcruntimed:frame.obj
 0001:00009260       ??0TryBlockMap@__FrameHandler3@@QEAA@PEBU_s_FuncInfo@@_K@Z 000000014000a260 f i libvcruntimed:frame.obj
 0001:00009290       ??0bad_exception@std@@QEAA@AEBV01@@Z 000000014000a290 f i libvcruntimed:frame.obj
 0001:000092d0       ??0bad_exception@std@@QEAA@XZ 000000014000a2d0 f i libvcruntimed:frame.obj
 0001:00009310       ??0exception@std@@QEAA@AEBV01@@Z 000000014000a310 f i libvcruntimed:frame.obj
 0001:00009370       ??0exception@std@@QEAA@QEBDH@Z 000000014000a370 f i libvcruntimed:frame.obj
 0001:000093c0       ??1bad_exception@std@@UEAA@XZ 000000014000a3c0 f i libvcruntimed:frame.obj
 0001:000093e0       ??1exception@std@@UEAA@XZ  000000014000a3e0 f i libvcruntimed:frame.obj
 0001:00009410       ??8iterator@HandlerMap@__FrameHandler3@@QEBA_NAEBV012@@Z 000000014000a410 f i libvcruntimed:frame.obj
 0001:00009450       ??8type_info@@QEBA_NAEBV0@@Z 000000014000a450 f i libvcruntimed:frame.obj
 0001:000094a0       ??9iterator@HandlerMap@__FrameHandler3@@QEBA_NAEBV012@@Z 000000014000a4a0 f i libvcruntimed:frame.obj
 0001:000094e0       ??Diterator@HandlerMap@__FrameHandler3@@QEAA?BU_s_HandlerType@@XZ 000000014000a4e0 f i libvcruntimed:frame.obj
 0001:00009520       ??Diterator@TryBlockMap@__FrameHandler3@@QEAA?BU_s_TryBlockMapEntry@@XZ 000000014000a520 f i libvcruntimed:frame.obj
 0001:00009570       ??Eiterator@HandlerMap@__FrameHandler3@@QEAAAEAV012@XZ 000000014000a570 f i libvcruntimed:frame.obj
 0001:00009570       ??Eiterator@TryBlockMap@__FrameHandler3@@QEAAAEAV012@XZ 000000014000a570 f i libvcruntimed:frame.obj
 0001:00009590       ??Miterator@TryBlockMap@__FrameHandler3@@QEBA_NAEBV012@@Z 000000014000a590 f i libvcruntimed:frame.obj
 0001:000095d0       ??_Gbad_exception@std@@UEAAPEAXI@Z 000000014000a5d0 f i libvcruntimed:frame.obj
 0001:000095d0       ??_Ebad_exception@std@@UEAAPEAXI@Z 000000014000a5d0 f i libvcruntimed:frame.obj
 0001:00009610       ??_Eexception@std@@UEAAPEAXI@Z 000000014000a610 f i libvcruntimed:frame.obj
 0001:00009610       ??_Gexception@std@@UEAAPEAXI@Z 000000014000a610 f i libvcruntimed:frame.obj
 0001:00009650       ?BuildCatchObject@__FrameHandler3@@SAXPEAUEHExceptionRecord@@PEAXPEBU_s_HandlerType@@PEBU_s_CatchableType@@@Z 000000014000a650 f   libvcruntimed:frame.obj
 0001:00009690       ?CxxCallCatchBlock@__FrameHandler3@@SAPEAXPEAU_EXCEPTION_RECORD@@@Z 000000014000a690 f   libvcruntimed:frame.obj
 0001:000099f0       ?FrameUnwindToState@__FrameHandler3@@SAXPEA_KPEAU_xDISPATCHER_CONTEXT@@PEBU_s_FuncInfo@@H@Z 000000014000a9f0 f   libvcruntimed:frame.obj
 0001:00009c40       ?GetHandlerSearchState@__FrameHandler3@@SAHPEA_KPEAU_xDISPATCHER_CONTEXT@@PEBU_s_FuncInfo@@@Z 000000014000ac40 f i libvcruntimed:frame.obj
 0001:00009cf0       ?GetMaxState@__FrameHandler3@@SAHPEAU_xDISPATCHER_CONTEXT@@PEBU_s_FuncInfo@@@Z 000000014000acf0 f i libvcruntimed:frame.obj
 0001:00009ef0       ?TypeMatch@__FrameHandler3@@SAHPEBU_s_HandlerType@@PEBU_s_CatchableType@@PEBU_s_ThrowInfo@@@Z 000000014000aef0 f   libvcruntimed:frame.obj
 0001:00009ef0       __TypeMatch                000000014000aef0 f   libvcruntimed:frame.obj
 0001:00009f20       ?_CallMemberFunction1@@YAXQEAX00@Z 000000014000af20 f i libvcruntimed:frame.obj
 0001:00009f60       ?_CallMemberFunction2@@YAXQEAX00H@Z 000000014000af60 f i libvcruntimed:frame.obj
 0001:00009ff0       ?begin@HandlerMap@__FrameHandler3@@QEAA?AViterator@12@XZ 000000014000aff0 f i libvcruntimed:frame.obj
 0001:0000a020       ?end@HandlerMap@__FrameHandler3@@QEAA?AViterator@12@XZ 000000014000b020 f i libvcruntimed:frame.obj
 0001:0000a050       ?getESTypes@__FrameHandler3@@SAPEBU_s_ESTypeList@@PEBU_s_FuncInfo@@@Z 000000014000b050 f i libvcruntimed:frame.obj
 0001:0000a090       ?getLastEntry@HandlerMap@__FrameHandler3@@QEAAPEBU_s_HandlerType@@XZ 000000014000b090 f i libvcruntimed:frame.obj
 0001:0000a0b0       ?getMagicNum@__FrameHandler3@@SAIPEBU_s_FuncInfo@@@Z 000000014000b0b0 f i libvcruntimed:frame.obj
 0001:0000a0d0       ?getNumTryBlocks@TryBlockMap@__FrameHandler3@@QEAAIXZ 000000014000b0d0 f i libvcruntimed:frame.obj
 0001:0000a0f0       ?isEHs@__FrameHandler3@@SA_NPEBU_s_FuncInfo@@@Z 000000014000b0f0 f i libvcruntimed:frame.obj
 0001:0000a130       ?isNoExcept@__FrameHandler3@@SA_NPEBU_s_FuncInfo@@@Z 000000014000b130 f i libvcruntimed:frame.obj
 0001:0000a170       ?what@exception@std@@UEBAPEBDXZ 000000014000b170 f i libvcruntimed:frame.obj
 0001:0000a1b0       __vcrt_EncodePointer       000000014000b1b0 f i libvcruntimed:frame.obj
 0001:0000a1e0       memset_repmovs             000000014000b1e0 f   libvcruntimed:memset.obj
 0001:0000a200       memset                     000000014000b200 f   libvcruntimed:memset.obj
 0001:0000a3a0       _CallSettingFrame          000000014000b3a0 f   libvcruntimed:handlers.obj
 0001:0000a3f0       _CallSettingFrame_LookupContinuationIndex 000000014000b3f0 f   libvcruntimed:handlers.obj
 0001:0000a420       _CallSettingFrame_NotifyContinuationAddr 000000014000b420 f   libvcruntimed:handlers.obj
 0001:0000a450       _CallSettingFrameEncoded   000000014000b450 f   libvcruntimed:handlers.obj
 0001:0000a4a0       ??$?RD@__crt_public_free_policy@@QEBAXQEBD@Z 000000014000b4a0 f i libvcruntimed:std_exception.obj
 0001:0000a4c0       ??1?$__crt_unique_heap_ptr@DU__crt_public_free_policy@@@@QEAA@XZ 000000014000b4c0 f i libvcruntimed:std_exception.obj
 0001:0000a4e0       ?release@?$__crt_unique_heap_ptr@DU__crt_public_free_policy@@@@QEAAXXZ 000000014000b4e0 f i libvcruntimed:std_exception.obj
 0001:0000a510       __std_exception_copy       000000014000b510 f   libvcruntimed:std_exception.obj
 0001:0000a650       __std_exception_destroy    000000014000b650 f   libvcruntimed:std_exception.obj
 0001:0000a690       _CxxThrowException         000000014000b690 f   libvcruntimed:throw.obj
 0001:0000a7c0       ??$?0AEBV?$string_output_adapter@D@__crt_stdio_output@@AEB_KAEBQEBDAEBQEAU__crt_locale_pointers@@AEBQEAD@?$format_validation_base@DV?$string_output_adapter@D@__crt_stdio_output@@@__crt_stdio_output@@IEAA@AEBV?$string_output_adapter@D@1@AEB_KAEBQEBDAEBQEAU__crt_locale_pointers@@AEBQEAD@Z 000000014000b7c0 f i libucrtd:output.obj
 0001:0000a810       ??$?0AEBV?$string_output_adapter@D@__crt_stdio_output@@AEB_KAEBQEBDAEBQEAU__crt_locale_pointers@@AEBQEAD@?$standard_base@DV?$string_output_adapter@D@__crt_stdio_output@@@__crt_stdio_output@@IEAA@AEBV?$string_output_adapter@D@1@AEB_KAEBQEBDAEBQEAU__crt_locale_pointers@@AEBQEAD@Z 000000014000b810 f i libucrtd:output.obj
 0001:0000a880       ??$?0AEBV?$string_output_adapter@_W@__crt_stdio_output@@AEB_KAEBQEB_WAEBQEAU__crt_locale_pointers@@AEBQEAD@?$format_validation_base@_WV?$string_output_adapter@_W@__crt_stdio_output@@@__crt_stdio_output@@IEAA@AEBV?$string_output_adapter@_W@1@AEB_KAEBQEB_WAEBQEAU__crt_locale_pointers@@AEBQEAD@Z 000000014000b880 f i libucrtd:output.obj
 0001:0000a8d0       ??$?0AEBV?$string_output_adapter@_W@__crt_stdio_output@@AEB_KAEBQEB_WAEBQEAU__crt_locale_pointers@@AEBQEAD@?$standard_base@_WV?$string_output_adapter@_W@__crt_stdio_output@@@__crt_stdio_output@@IEAA@AEBV?$string_output_adapter@_W@1@AEB_KAEBQEB_WAEBQEAU__crt_locale_pointers@@AEBQEAD@Z 000000014000b8d0 f i libucrtd:output.obj
 0001:0000a940       ??$__crt_interlocked_read@J@@YAJPEDJ@Z 000000014000b940 f i libucrtd:output.obj
 0001:0000c270       ??$count@D@formatting_buffer@__crt_stdio_output@@QEBA_KXZ 000000014000d270 f i libucrtd:output.obj
 0001:0000c2c0       ??$count@_W@formatting_buffer@__crt_stdio_output@@QEBA_KXZ 000000014000d2c0 f i libucrtd:output.obj
 0001:0000c310       ??$data@_W@formatting_buffer@__crt_stdio_output@@QEAAPEA_WXZ 000000014000d310 f i libucrtd:output.obj
 0001:0000c310       ??$data@D@formatting_buffer@__crt_stdio_output@@QEAAPEADXZ 000000014000d310 f i libucrtd:output.obj
 0001:0000c360       ??$ensure_buffer_is_big_enough@D@formatting_buffer@__crt_stdio_output@@QEAA_N_K@Z 000000014000d360 f i libucrtd:output.obj
 0001:0000c490       ??$ensure_buffer_is_big_enough@_W@formatting_buffer@__crt_stdio_output@@QEAA_N_K@Z 000000014000d490 f i libucrtd:output.obj
 0001:0000c5c0       ??$extract_argument_from_va_list@C_J@?$standard_base@DV?$string_output_adapter@D@__crt_stdio_output@@@__crt_stdio_output@@IEAA_NAEA_J@Z 000000014000d5c0 f i libucrtd:output.obj
 0001:0000c5c0       ??$extract_argument_from_va_list@C_J@?$standard_base@_WV?$string_output_adapter@_W@__crt_stdio_output@@@__crt_stdio_output@@IEAA_NAEA_J@Z 000000014000d5c0 f i libucrtd:output.obj
 0001:0000c600       ??$extract_argument_from_va_list@E_J@?$standard_base@DV?$string_output_adapter@D@__crt_stdio_output@@@__crt_stdio_output@@IEAA_NAEA_J@Z 000000014000d600 f i libucrtd:output.obj
 0001:0000c600       ??$extract_argument_from_va_list@E_J@?$standard_base@_WV?$string_output_adapter@_W@__crt_stdio_output@@@__crt_stdio_output@@IEAA_NAEA_J@Z 000000014000d600 f i libucrtd:output.obj
 0001:0000c640       ??$extract_argument_from_va_list@F_J@?$standard_base@_WV?$string_output_adapter@_W@__crt_stdio_output@@@__crt_stdio_output@@IEAA_NAEA_J@Z 000000014000d640 f i libucrtd:output.obj
 0001:0000c640       ??$extract_argument_from_va_list@F_J@?$standard_base@DV?$string_output_adapter@D@__crt_stdio_output@@@__crt_stdio_output@@IEAA_NAEA_J@Z 000000014000d640 f i libucrtd:output.obj
 0001:0000c680       ??$extract_argument_from_va_list@GD@?$standard_base@DV?$string_output_adapter@D@__crt_stdio_output@@@__crt_stdio_output@@IEAA_NAEAD@Z 000000014000d680 f i libucrtd:output.obj
 0001:0000c6b0       ??$extract_argument_from_va_list@G_J@?$standard_base@_WV?$string_output_adapter@_W@__crt_stdio_output@@@__crt_stdio_output@@IEAA_NAEA_J@Z 000000014000d6b0 f i libucrtd:output.obj
 0001:0000c6b0       ??$extract_argument_from_va_list@G_J@?$standard_base@DV?$string_output_adapter@D@__crt_stdio_output@@@__crt_stdio_output@@IEAA_NAEA_J@Z 000000014000d6b0 f i libucrtd:output.obj
 0001:0000c6f0       ??$extract_argument_from_va_list@H_J@?$standard_base@DV?$string_output_adapter@D@__crt_stdio_output@@@__crt_stdio_output@@IEAA_NAEA_J@Z 000000014000d6f0 f i libucrtd:output.obj
 0001:0000c6f0       ??$extract_argument_from_va_list@H_J@?$standard_base@_WV?$string_output_adapter@_W@__crt_stdio_output@@@__crt_stdio_output@@IEAA_NAEA_J@Z 000000014000d6f0 f i libucrtd:output.obj
 0001:0000c720       ??$extract_argument_from_va_list@I_J@?$standard_base@_WV?$string_output_adapter@_W@__crt_stdio_output@@@__crt_stdio_output@@IEAA_NAEA_J@Z 000000014000d720 f i libucrtd:output.obj
 0001:0000c720       ??$extract_argument_from_va_list@I_J@?$standard_base@DV?$string_output_adapter@D@__crt_stdio_output@@@__crt_stdio_output@@IEAA_NAEA_J@Z 000000014000d720 f i libucrtd:output.obj
 0001:0000c750       ??$extract_argument_from_va_list@PEAXPEAX@?$standard_base@DV?$string_output_adapter@D@__crt_stdio_output@@@__crt_stdio_output@@IEAA_NAEAPEAX@Z 000000014000d750 f i libucrtd:output.obj
 0001:0000c750       ??$extract_argument_from_va_list@PEADPEAD@?$standard_base@DV?$string_output_adapter@D@__crt_stdio_output@@@__crt_stdio_output@@IEAA_NAEAPEAD@Z 000000014000d750 f i libucrtd:output.obj
 0001:0000c750       ??$extract_argument_from_va_list@PEAUansi_string@?1??type_case_Z@?$output_processor@_WV?$string_output_adapter@_W@__crt_stdio_output@@V?$format_validation_base@_WV?$string_output_adapter@_W@__crt_stdio_output@@@2@@__crt_stdio_output@@AEAA_NXZ@PEAU1?1??234@AEAA_NXZ@@?$standard_base@_WV?$string_output_adapter@_W@__crt_stdio_output@@@__crt_stdio_output@@IEAA_NAEAPEAUansi_string@?1??type_case_Z@?$output_processor@_WV?$string_output_adapter@_W@__crt_stdio_output@@V?$format_validation_base@_WV?$string_output_adapter@_W@__crt_stdio_output@@@2@@1@AEAA_NXZ@@Z 000000014000d750 f i libucrtd:output.obj
 0001:0000c750       ??$extract_argument_from_va_list@_K_J@?$standard_base@_WV?$string_output_adapter@_W@__crt_stdio_output@@@__crt_stdio_output@@IEAA_NAEA_J@Z 000000014000d750 f i libucrtd:output.obj
 0001:0000c750       ??$extract_argument_from_va_list@_K_J@?$standard_base@DV?$string_output_adapter@D@__crt_stdio_output@@@__crt_stdio_output@@IEAA_NAEA_J@Z 000000014000d750 f i libucrtd:output.obj
 0001:0000c750       ??$extract_argument_from_va_list@PEADPEAD@?$standard_base@_WV?$string_output_adapter@_W@__crt_stdio_output@@@__crt_stdio_output@@IEAA_NAEAPEAD@Z 000000014000d750 f i libucrtd:output.obj
 0001:0000c750       ??$extract_argument_from_va_list@PEAXPEAX@?$standard_base@_WV?$string_output_adapter@_W@__crt_stdio_output@@@__crt_stdio_output@@IEAA_NAEAPEAX@Z 000000014000d750 f i libucrtd:output.obj
 0001:0000c750       ??$extract_argument_from_va_list@_J_J@?$standard_base@DV?$string_output_adapter@D@__crt_stdio_output@@@__crt_stdio_output@@IEAA_NAEA_J@Z 000000014000d750 f i libucrtd:output.obj
 0001:0000c750       ??$extract_argument_from_va_list@PEAUansi_string@?1??type_case_Z@?$output_processor@DV?$string_output_adapter@D@__crt_stdio_output@@V?$format_validation_base@DV?$string_output_adapter@D@__crt_stdio_output@@@2@@__crt_stdio_output@@AEAA_NXZ@PEAU1?1??234@AEAA_NXZ@@?$standard_base@DV?$string_output_adapter@D@__crt_stdio_output@@@__crt_stdio_output@@IEAA_NAEAPEAUansi_string@?1??type_case_Z@?$output_processor@DV?$string_output_adapter@D@__crt_stdio_output@@V?$format_validation_base@DV?$string_output_adapter@D@__crt_stdio_output@@@2@@1@AEAA_NXZ@@Z 000000014000d750 f i libucrtd:output.obj
 0001:0000c750       ??$extract_argument_from_va_list@_J_J@?$standard_base@_WV?$string_output_adapter@_W@__crt_stdio_output@@@__crt_stdio_output@@IEAA_NAEA_J@Z 000000014000d750 f i libucrtd:output.obj
 0001:0000c780       ??$extract_argument_from_va_list@U_CRT_DOUBLE@@U1@@?$standard_base@DV?$string_output_adapter@D@__crt_stdio_output@@@__crt_stdio_output@@IEAA_NAEAU_CRT_DOUBLE@@@Z 000000014000d780 f i libucrtd:output.obj
 0001:0000c780       ??$extract_argument_from_va_list@U_CRT_DOUBLE@@U1@@?$standard_base@_WV?$string_output_adapter@_W@__crt_stdio_output@@@__crt_stdio_output@@IEAA_NAEAU_CRT_DOUBLE@@@Z 000000014000d780 f i libucrtd:output.obj
 0001:0000c7d0       ??$extract_argument_from_va_list@_W_W@?$standard_base@_WV?$string_output_adapter@_W@__crt_stdio_output@@@__crt_stdio_output@@IEAA_NAEA_W@Z 000000014000d7d0 f i libucrtd:output.obj
 0001:0000c7d0       ??$extract_argument_from_va_list@_W_W@?$standard_base@DV?$string_output_adapter@D@__crt_stdio_output@@@__crt_stdio_output@@IEAA_NAEA_W@Z 000000014000d7d0 f i libucrtd:output.obj
 0001:0000c800       ??$is_wide_character_specifier@D@__crt_stdio_output@@YA_N_KDW4length_modifier@0@@Z 000000014000d800 f i libucrtd:output.obj
 0001:0000c8a0       ??$is_wide_character_specifier@_W@__crt_stdio_output@@YA_N_K_WW4length_modifier@0@@Z 000000014000d8a0 f i libucrtd:output.obj
 0001:0000c970       ??$read_va_arg@E@__crt_stdio_output@@YAEAEAPEAD@Z 000000014000d970 f i libucrtd:output.obj
 0001:0000c970       ??$read_va_arg@C@__crt_stdio_output@@YACAEAPEAD@Z 000000014000d970 f i libucrtd:output.obj
 0001:0000c9e0       ??$read_va_arg@G@__crt_stdio_output@@YAGAEAPEAD@Z 000000014000d9e0 f i libucrtd:output.obj
 0001:0000c9e0       ??$read_va_arg@F@__crt_stdio_output@@YAFAEAPEAD@Z 000000014000d9e0 f i libucrtd:output.obj
 0001:0000c9e0       ??$read_va_arg@_W@__crt_stdio_output@@YA_WAEAPEAD@Z 000000014000d9e0 f i libucrtd:output.obj
 0001:0000ca50       ??$read_va_arg@H@__crt_stdio_output@@YAHAEAPEAD@Z 000000014000da50 f i libucrtd:output.obj
 0001:0000ca50       ??$read_va_arg@I@__crt_stdio_output@@YAIAEAPEAD@Z 000000014000da50 f i libucrtd:output.obj
 0001:0000cab0       ??$read_va_arg@PEAUansi_string@?1??type_case_Z@?$output_processor@_WV?$string_output_adapter@_W@__crt_stdio_output@@V?$format_validation_base@_WV?$string_output_adapter@_W@__crt_stdio_output@@@2@@__crt_stdio_output@@AEAA_NXZ@@__crt_stdio_output@@YAPEAUansi_string@?1??type_case_Z@?$output_processor@_WV?$string_output_adapter@_W@__crt_stdio_output@@V?$format_validation_base@_WV?$string_output_adapter@_W@__crt_stdio_output@@@2@@0@AEAA_NXZ@AEAPEAD@Z 000000014000dab0 f i libucrtd:output.obj
 0001:0000cab0       ??$read_va_arg@_K@__crt_stdio_output@@YA_KAEAPEAD@Z 000000014000dab0 f i libucrtd:output.obj
 0001:0000cab0       ??$read_va_arg@PEAUansi_string@?1??type_case_Z@?$output_processor@DV?$string_output_adapter@D@__crt_stdio_output@@V?$format_validation_base@DV?$string_output_adapter@D@__crt_stdio_output@@@2@@__crt_stdio_output@@AEAA_NXZ@@__crt_stdio_output@@YAPEAUansi_string@?1??type_case_Z@?$output_processor@DV?$string_output_adapter@D@__crt_stdio_output@@V?$format_validation_base@DV?$string_output_adapter@D@__crt_stdio_output@@@2@@0@AEAA_NXZ@AEAPEAD@Z 000000014000dab0 f i libucrtd:output.obj
 0001:0000cab0       ??$read_va_arg@_J@__crt_stdio_output@@YA_JAEAPEAD@Z 000000014000dab0 f i libucrtd:output.obj
 0001:0000cab0       ??$read_va_arg@PEAX@__crt_stdio_output@@YAPEAXAEAPEAD@Z 000000014000dab0 f i libucrtd:output.obj
 0001:0000cab0       ??$read_va_arg@U_CRT_DOUBLE@@@__crt_stdio_output@@YA?AU_CRT_DOUBLE@@AEAPEAD@Z 000000014000dab0 f i libucrtd:output.obj
 0001:0000cab0       ??$read_va_arg@PEAD@__crt_stdio_output@@YAPEADAEAPEAD@Z 000000014000dab0 f i libucrtd:output.obj
 0001:0000cb20       ??$scratch_count@D@formatting_buffer@__crt_stdio_output@@QEBA_KXZ 000000014000db20 f i libucrtd:output.obj
 0001:0000cb40       ??$scratch_data@D@formatting_buffer@__crt_stdio_output@@QEAAPEADXZ 000000014000db40 f i libucrtd:output.obj
 0001:0000cbb0       ??$tcstol@PEBDPEAPEADH@?$__crt_char_traits@D@@SAJ$$QEAPEBD$$QEAPEAPEAD$$QEAH@Z 000000014000dbb0 f i libucrtd:output.obj
 0001:0000cbf0       ??$tcstol@PEB_WPEAPEA_WH@?$__crt_char_traits@_W@@SAJ$$QEAPEB_W$$QEAPEAPEA_W$$QEAH@Z 000000014000dbf0 f i libucrtd:output.obj
 0001:0000cc30       ??$type_case_integer_parse_into_buffer@I@?$output_processor@DV?$string_output_adapter@D@__crt_stdio_output@@V?$format_validation_base@DV?$string_output_adapter@D@__crt_stdio_output@@@2@@__crt_stdio_output@@AEAAXII_N@Z 000000014000dc30 f i libucrtd:output.obj
 0001:0000cd60       ??$type_case_integer_parse_into_buffer@I@?$output_processor@_WV?$string_output_adapter@_W@__crt_stdio_output@@V?$format_validation_base@_WV?$string_output_adapter@_W@__crt_stdio_output@@@2@@__crt_stdio_output@@AEAAXII_N@Z 000000014000dd60 f i libucrtd:output.obj
 0001:0000cea0       ??$type_case_integer_parse_into_buffer@_K@?$output_processor@DV?$string_output_adapter@D@__crt_stdio_output@@V?$format_validation_base@DV?$string_output_adapter@D@__crt_stdio_output@@@2@@__crt_stdio_output@@AEAAX_KI_N@Z 000000014000dea0 f i libucrtd:output.obj
 0001:0000cff0       ??$type_case_integer_parse_into_buffer@_K@?$output_processor@_WV?$string_output_adapter@_W@__crt_stdio_output@@V?$format_validation_base@_WV?$string_output_adapter@_W@__crt_stdio_output@@@2@@__crt_stdio_output@@AEAAX_KI_N@Z 000000014000dff0 f i libucrtd:output.obj
 0001:0000d150       ??$write_multiple_characters@V?$string_output_adapter@D@__crt_stdio_output@@D@__crt_stdio_output@@YAXAEBV?$string_output_adapter@D@0@DHQEAH@Z 000000014000e150 f i libucrtd:output.obj
 0001:0000d1b0       ??$write_multiple_characters@V?$string_output_adapter@_W@__crt_stdio_output@@D@__crt_stdio_output@@YAXAEBV?$string_output_adapter@_W@0@DHQEAH@Z 000000014000e1b0 f i libucrtd:output.obj
 0001:0000d210       ??0?$common_data@D@__crt_stdio_output@@IEAA@XZ 000000014000e210 f i libucrtd:output.obj
 0001:0000d2e0       ??0?$common_data@_W@__crt_stdio_output@@IEAA@XZ 000000014000e2e0 f i libucrtd:output.obj
 0001:0000d3b0       ??0?$output_adapter_data@DV?$string_output_adapter@D@__crt_stdio_output@@@__crt_stdio_output@@IEAA@AEBV?$string_output_adapter@D@1@_KQEBDQEAU__crt_locale_pointers@@QEAD@Z 000000014000e3b0 f i libucrtd:output.obj
 0001:0000d430       ??0?$output_adapter_data@_WV?$string_output_adapter@_W@__crt_stdio_output@@@__crt_stdio_output@@IEAA@AEBV?$string_output_adapter@_W@1@_KQEB_WQEAU__crt_locale_pointers@@QEAD@Z 000000014000e430 f i libucrtd:output.obj
 0001:0000d4b0       ??0?$output_processor@DV?$string_output_adapter@D@__crt_stdio_output@@V?$format_validation_base@DV?$string_output_adapter@D@__crt_stdio_output@@@2@@__crt_stdio_output@@QEAA@AEBV?$string_output_adapter@D@1@_KQEBDQEAU__crt_locale_pointers@@QEAD@Z 000000014000e4b0 f i libucrtd:output.obj
 0001:0000d500       ??0?$output_processor@_WV?$string_output_adapter@_W@__crt_stdio_output@@V?$format_validation_base@_WV?$string_output_adapter@_W@__crt_stdio_output@@@2@@__crt_stdio_output@@QEAA@AEBV?$string_output_adapter@_W@1@_KQEB_WQEAU__crt_locale_pointers@@QEAD@Z 000000014000e500 f i libucrtd:output.obj
 0001:0000d550       ??0_LocaleUpdate@@QEAA@QEAU__crt_locale_pointers@@@Z 000000014000e550 f i libucrtd:output.obj
 0001:0000d670       ??0__crt_deferred_errno_cache@@QEAA@XZ 000000014000e670 f i libucrtd:output.obj
 0001:0000d690       ??0__crt_errno_guard@@QEAA@QEAH@Z 000000014000e690 f i libucrtd:output.obj
 0001:0000d6d0       ??0formatting_buffer@__crt_stdio_output@@QEAA@XZ 000000014000e6d0 f i libucrtd:output.obj
 0001:0000d710       ??1?$common_data@D@__crt_stdio_output@@QEAA@XZ 000000014000e710 f i libucrtd:output.obj
 0001:0000d710       ??1?$common_data@_W@__crt_stdio_output@@QEAA@XZ 000000014000e710 f i libucrtd:output.obj
 0001:0000d730       ??1?$format_validation_base@_WV?$string_output_adapter@_W@__crt_stdio_output@@@__crt_stdio_output@@QEAA@XZ 000000014000e730 f i libucrtd:output.obj
 0001:0000d730       ??1?$format_validation_base@DV?$string_output_adapter@D@__crt_stdio_output@@@__crt_stdio_output@@QEAA@XZ 000000014000e730 f i libucrtd:output.obj
 0001:0000d750       ??1?$output_adapter_data@DV?$string_output_adapter@D@__crt_stdio_output@@@__crt_stdio_output@@QEAA@XZ 000000014000e750 f i libucrtd:output.obj
 0001:0000d750       ??1?$output_adapter_data@_WV?$string_output_adapter@_W@__crt_stdio_output@@@__crt_stdio_output@@QEAA@XZ 000000014000e750 f i libucrtd:output.obj
 0001:0000d770       ??1?$output_processor@_WV?$string_output_adapter@_W@__crt_stdio_output@@V?$format_validation_base@_WV?$string_output_adapter@_W@__crt_stdio_output@@@2@@__crt_stdio_output@@QEAA@XZ 000000014000e770 f i libucrtd:output.obj
 0001:0000d770       ??1?$output_processor@DV?$string_output_adapter@D@__crt_stdio_output@@V?$format_validation_base@DV?$string_output_adapter@D@__crt_stdio_output@@@2@@__crt_stdio_output@@QEAA@XZ 000000014000e770 f i libucrtd:output.obj
 0001:0000d790       ??1?$standard_base@DV?$string_output_adapter@D@__crt_stdio_output@@@__crt_stdio_output@@QEAA@XZ 000000014000e790 f i libucrtd:output.obj
 0001:0000d790       ??1?$standard_base@_WV?$string_output_adapter@_W@__crt_stdio_output@@@__crt_stdio_output@@QEAA@XZ 000000014000e790 f i libucrtd:output.obj
 0001:0000d7b0       ??1_LocaleUpdate@@QEAA@XZ  000000014000e7b0 f i libucrtd:output.obj
 0001:0000d7e0       ??1__crt_errno_guard@@QEAA@XZ 000000014000e7e0 f i libucrtd:output.obj
 0001:0000d810       ??1formatting_buffer@__crt_stdio_output@@QEAA@XZ 000000014000e810 f i libucrtd:output.obj
 0001:0000d840       ??4?$__crt_unique_heap_ptr@DU__crt_internal_free_policy@@@@QEAAAEAV0@$$QEAV0@@Z 000000014000e840 f i libucrtd:output.obj
 0001:0000d880       ??A?$spectre_mitigated_lookup_table@Ustate_transition_pair@__crt_stdio_output@@$0IA@@__crt_stdio_output@@QEBAAEBUstate_transition_pair@1@_K@Z 000000014000e880 f i libucrtd:output.obj
 0001:0000d8a0       ?GetLocaleT@_LocaleUpdate@@QEAAPEAU__crt_locale_pointers@@XZ 000000014000e8a0 f i libucrtd:output.obj
 0001:0000d8b0       ?__crt_interlocked_read_32@@YAHPEDH@Z 000000014000e8b0 f i libucrtd:output.obj
 0001:0000d8d0       ?adjust_hexit@?$output_processor@DV?$string_output_adapter@D@__crt_stdio_output@@V?$format_validation_base@DV?$string_output_adapter@D@__crt_stdio_output@@@2@@__crt_stdio_output@@CADH_N@Z 000000014000e8d0 f i libucrtd:output.obj
 0001:0000d8d0       ?adjust_hexit@?$output_processor@_WV?$string_output_adapter@_W@__crt_stdio_output@@V?$format_validation_base@_WV?$string_output_adapter@_W@__crt_stdio_output@@@2@@__crt_stdio_output@@CADH_N@Z 000000014000e8d0 f i libucrtd:output.obj
 0001:0000d920       ?advance_to_next_pass@?$standard_base@DV?$string_output_adapter@D@__crt_stdio_output@@@__crt_stdio_output@@IEAA_NXZ 000000014000e920 f i libucrtd:output.obj
 0001:0000d920       ?advance_to_next_pass@?$standard_base@_WV?$string_output_adapter@_W@__crt_stdio_output@@@__crt_stdio_output@@IEAA_NXZ 000000014000e920 f i libucrtd:output.obj
 0001:0000d970       ?crop_zeroes@__crt_stdio_output@@YAXPEADQEAU__crt_locale_pointers@@@Z 000000014000e970 f i libucrtd:output.obj
 0001:0000dab0       ?find_next_state@?$output_processor@DV?$string_output_adapter@D@__crt_stdio_output@@V?$format_validation_base@DV?$string_output_adapter@D@__crt_stdio_output@@@2@@__crt_stdio_output@@AEBA?AW4state@2@DW432@@Z 000000014000eab0 f i libucrtd:output.obj
 0001:0000db40       ?find_next_state@?$output_processor@_WV?$string_output_adapter@_W@__crt_stdio_output@@V?$format_validation_base@_WV?$string_output_adapter@_W@__crt_stdio_output@@@2@@__crt_stdio_output@@AEBA?AW4state@2@_WW432@@Z 000000014000eb40 f i libucrtd:output.obj
 0001:0000dbd0       ?force_decimal_point@__crt_stdio_output@@YAXPEADQEAU__crt_locale_pointers@@@Z 000000014000ebd0 f i libucrtd:output.obj
 0001:0000dcd0       ?get@__crt_deferred_errno_cache@@QEAAAEAHXZ 000000014000ecd0 f i libucrtd:output.obj
 0001:0000dd00       ?get_flags@__crt_stdio_stream@@QEBAJXZ 000000014000ed00 f i libucrtd:output.obj
 0001:0000dd30       ?has_flag@?$output_processor@_WV?$string_output_adapter@_W@__crt_stdio_output@@V?$format_validation_base@_WV?$string_output_adapter@_W@__crt_stdio_output@@@2@@__crt_stdio_output@@AEBA_NI@Z 000000014000ed30 f i libucrtd:output.obj
 0001:0000dd30       ?has_flag@?$output_processor@DV?$string_output_adapter@D@__crt_stdio_output@@V?$format_validation_base@DV?$string_output_adapter@D@__crt_stdio_output@@@2@@__crt_stdio_output@@AEBA_NI@Z 000000014000ed30 f i libucrtd:output.obj
 0001:0000dd70       ?is_string_backed@__crt_stdio_stream@@QEBA_NXZ 000000014000ed70 f i libucrtd:output.obj
 0001:0000ddb0       ?narrow_null_string@?$output_processor@_WV?$string_output_adapter@_W@__crt_stdio_output@@V?$format_validation_base@_WV?$string_output_adapter@_W@__crt_stdio_output@@@2@@__crt_stdio_output@@CAPEADXZ 000000014000edb0 f i libucrtd:output.obj
 0001:0000ddb0       ?narrow_null_string@?$output_processor@DV?$string_output_adapter@D@__crt_stdio_output@@V?$format_validation_base@DV?$string_output_adapter@D@__crt_stdio_output@@@2@@__crt_stdio_output@@CAPEADXZ 000000014000edb0 f i libucrtd:output.obj
 0001:0000ddc0       ?parse_int_from_format_string@?$output_processor@DV?$string_output_adapter@D@__crt_stdio_output@@V?$format_validation_base@DV?$string_output_adapter@D@__crt_stdio_output@@@2@@__crt_stdio_output@@AEAA_NQEAH@Z 000000014000edc0 f i libucrtd:output.obj
 0001:0000deb0       ?parse_int_from_format_string@?$output_processor@_WV?$string_output_adapter@_W@__crt_stdio_output@@V?$format_validation_base@_WV?$string_output_adapter@_W@__crt_stdio_output@@@2@@__crt_stdio_output@@AEAA_NQEAH@Z 000000014000eeb0 f i libucrtd:output.obj
 0001:0000dfa0       ?process@?$output_processor@DV?$string_output_adapter@D@__crt_stdio_output@@V?$format_validation_base@DV?$string_output_adapter@D@__crt_stdio_output@@@2@@__crt_stdio_output@@QEAAHXZ 000000014000efa0 f i libucrtd:output.obj
 0001:0000e300       ?process@?$output_processor@_WV?$string_output_adapter@_W@__crt_stdio_output@@V?$format_validation_base@_WV?$string_output_adapter@_W@__crt_stdio_output@@@2@@__crt_stdio_output@@QEAAHXZ 000000014000f300 f i libucrtd:output.obj
 0001:0000e660       ?set_flag@?$output_processor@_WV?$string_output_adapter@_W@__crt_stdio_output@@V?$format_validation_base@_WV?$string_output_adapter@_W@__crt_stdio_output@@@2@@__crt_stdio_output@@AEAAXI@Z 000000014000f660 f i libucrtd:output.obj
 0001:0000e660       ?set_flag@?$output_processor@DV?$string_output_adapter@D@__crt_stdio_output@@V?$format_validation_base@DV?$string_output_adapter@D@__crt_stdio_output@@@2@@__crt_stdio_output@@AEAAXI@Z 000000014000f660 f i libucrtd:output.obj
 0001:0000e680       ?validate_state_for_type_case_a@?$standard_base@_WV?$string_output_adapter@_W@__crt_stdio_output@@@__crt_stdio_output@@IEBA_NXZ 000000014000f680 f i libucrtd:output.obj
 0001:0000e680       ?validate_and_update_state_at_beginning_of_format_character@?$standard_base@DV?$string_output_adapter@D@__crt_stdio_output@@@__crt_stdio_output@@IEAA_NXZ 000000014000f680 f i libucrtd:output.obj
 0001:0000e680       ?validate_and_update_state_at_beginning_of_format_character@?$standard_base@_WV?$string_output_adapter@_W@__crt_stdio_output@@@__crt_stdio_output@@IEAA_NXZ 000000014000f680 f i libucrtd:output.obj
 0001:0000e680       ?should_format@?$standard_base@DV?$string_output_adapter@D@__crt_stdio_output@@@__crt_stdio_output@@IEAA_NXZ 000000014000f680 f i libucrtd:output.obj
 0001:0000e680       ?validate_state_for_type_case_a@?$standard_base@DV?$string_output_adapter@D@__crt_stdio_output@@@__crt_stdio_output@@IEBA_NXZ 000000014000f680 f i libucrtd:output.obj
 0001:0000e680       ?should_format@?$standard_base@_WV?$string_output_adapter@_W@__crt_stdio_output@@@__crt_stdio_output@@IEAA_NXZ 000000014000f680 f i libucrtd:output.obj
 0001:0000e690       ?should_skip_type_state_output@?$standard_base@DV?$string_output_adapter@D@__crt_stdio_output@@@__crt_stdio_output@@IEBA_NXZ 000000014000f690 f i libucrtd:output.obj
 0001:0000e690       ?should_skip_type_state_output@?$standard_base@_WV?$string_output_adapter@_W@__crt_stdio_output@@@__crt_stdio_output@@IEBA_NXZ 000000014000f690 f i libucrtd:output.obj
 0001:0000e690       ?should_skip_normal_state_processing@?$standard_base@DV?$string_output_adapter@D@__crt_stdio_output@@@__crt_stdio_output@@IEAA_NXZ 000000014000f690 f i libucrtd:output.obj
 0001:0000e690       ?should_skip_normal_state_processing@?$standard_base@_WV?$string_output_adapter@_W@__crt_stdio_output@@@__crt_stdio_output@@IEAA_NXZ 000000014000f690 f i libucrtd:output.obj
 0001:0000e6a0       ?state_case_dot@?$output_processor@DV?$string_output_adapter@D@__crt_stdio_output@@V?$format_validation_base@DV?$string_output_adapter@D@__crt_stdio_output@@@2@@__crt_stdio_output@@AEAA_NXZ 000000014000f6a0 f i libucrtd:output.obj
 0001:0000e6a0       ?state_case_dot@?$output_processor@_WV?$string_output_adapter@_W@__crt_stdio_output@@V?$format_validation_base@_WV?$string_output_adapter@_W@__crt_stdio_output@@@2@@__crt_stdio_output@@AEAA_NXZ 000000014000f6a0 f i libucrtd:output.obj
 0001:0000e6c0       ?state_case_flag@?$output_processor@DV?$string_output_adapter@D@__crt_stdio_output@@V?$format_validation_base@DV?$string_output_adapter@D@__crt_stdio_output@@@2@@__crt_stdio_output@@AEAA_NXZ 000000014000f6c0 f i libucrtd:output.obj
 0001:0000e760       ?state_case_flag@?$output_processor@_WV?$string_output_adapter@_W@__crt_stdio_output@@V?$format_validation_base@_WV?$string_output_adapter@_W@__crt_stdio_output@@@2@@__crt_stdio_output@@AEAA_NXZ 000000014000f760 f i libucrtd:output.obj
 0001:0000e800       ?state_case_normal@?$output_processor@DV?$string_output_adapter@D@__crt_stdio_output@@V?$format_validation_base@DV?$string_output_adapter@D@__crt_stdio_output@@@2@@__crt_stdio_output@@AEAA_NXZ 000000014000f800 f i libucrtd:output.obj
 0001:0000e8e0       ?state_case_normal@?$output_processor@_WV?$string_output_adapter@_W@__crt_stdio_output@@V?$format_validation_base@_WV?$string_output_adapter@_W@__crt_stdio_output@@@2@@__crt_stdio_output@@AEAA_NXZ 000000014000f8e0 f i libucrtd:output.obj
 0001:0000e9c0       ?state_case_normal_common@?$output_processor@DV?$string_output_adapter@D@__crt_stdio_output@@V?$format_validation_base@DV?$string_output_adapter@D@__crt_stdio_output@@@2@@__crt_stdio_output@@AEAA_NXZ 000000014000f9c0 f i libucrtd:output.obj
 0001:0000ea10       ?state_case_normal_common@?$output_processor@_WV?$string_output_adapter@_W@__crt_stdio_output@@V?$format_validation_base@_WV?$string_output_adapter@_W@__crt_stdio_output@@@2@@__crt_stdio_output@@AEAA_NXZ 000000014000fa10 f i libucrtd:output.obj
 0001:0000ea60       ?state_case_normal_tchar@?$output_processor@DV?$string_output_adapter@D@__crt_stdio_output@@V?$format_validation_base@DV?$string_output_adapter@D@__crt_stdio_output@@@2@@__crt_stdio_output@@AEAA_ND@Z 000000014000fa60 f i libucrtd:output.obj
 0001:0000eba0       ?state_case_normal_tchar@?$output_processor@_WV?$string_output_adapter@_W@__crt_stdio_output@@V?$format_validation_base@_WV?$string_output_adapter@_W@__crt_stdio_output@@@2@@__crt_stdio_output@@AEAA_N_W@Z 000000014000fba0 f i libucrtd:output.obj
 0001:0000ebc0       ?state_case_percent@?$output_processor@DV?$string_output_adapter@D@__crt_stdio_output@@V?$format_validation_base@DV?$string_output_adapter@D@__crt_stdio_output@@@2@@__crt_stdio_output@@AEAA_NXZ 000000014000fbc0 f i libucrtd:output.obj
 0001:0000ebc0       ?state_case_percent@?$output_processor@_WV?$string_output_adapter@_W@__crt_stdio_output@@V?$format_validation_base@_WV?$string_output_adapter@_W@__crt_stdio_output@@@2@@__crt_stdio_output@@AEAA_NXZ 000000014000fbc0 f i libucrtd:output.obj
 0001:0000ec10       ?state_case_precision@?$output_processor@DV?$string_output_adapter@D@__crt_stdio_output@@V?$format_validation_base@DV?$string_output_adapter@D@__crt_stdio_output@@@2@@__crt_stdio_output@@AEAA_NXZ 000000014000fc10 f i libucrtd:output.obj
 0001:0000ec90       ?state_case_precision@?$output_processor@_WV?$string_output_adapter@_W@__crt_stdio_output@@V?$format_validation_base@_WV?$string_output_adapter@_W@__crt_stdio_output@@@2@@__crt_stdio_output@@AEAA_NXZ 000000014000fc90 f i libucrtd:output.obj
 0001:0000ed10       ?state_case_size@?$output_processor@DV?$string_output_adapter@D@__crt_stdio_output@@V?$format_validation_base@DV?$string_output_adapter@D@__crt_stdio_output@@@2@@__crt_stdio_output@@AEAA_NXZ 000000014000fd10 f i libucrtd:output.obj
 0001:0000f190       ?state_case_size@?$output_processor@_WV?$string_output_adapter@_W@__crt_stdio_output@@V?$format_validation_base@_WV?$string_output_adapter@_W@__crt_stdio_output@@@2@@__crt_stdio_output@@AEAA_NXZ 0000000140010190 f i libucrtd:output.obj
 0001:0000f610       ?state_case_type@?$output_processor@DV?$string_output_adapter@D@__crt_stdio_output@@V?$format_validation_base@DV?$string_output_adapter@D@__crt_stdio_output@@@2@@__crt_stdio_output@@AEAA_NXZ 0000000140010610 f i libucrtd:output.obj
 0001:0000fab0       ?state_case_type@?$output_processor@_WV?$string_output_adapter@_W@__crt_stdio_output@@V?$format_validation_base@_WV?$string_output_adapter@_W@__crt_stdio_output@@@2@@__crt_stdio_output@@AEAA_NXZ 0000000140010ab0 f i libucrtd:output.obj
 0001:00010010       ?state_case_width@?$output_processor@DV?$string_output_adapter@D@__crt_stdio_output@@V?$format_validation_base@DV?$string_output_adapter@D@__crt_stdio_output@@@2@@__crt_stdio_output@@AEAA_NXZ 0000000140011010 f i libucrtd:output.obj
 0001:000100a0       ?state_case_width@?$output_processor@_WV?$string_output_adapter@_W@__crt_stdio_output@@V?$format_validation_base@_WV?$string_output_adapter@_W@__crt_stdio_output@@@2@@__crt_stdio_output@@AEAA_NXZ 00000001400110a0 f i libucrtd:output.obj
 0001:00010130       ?state_count@?$format_validation_base@DV?$string_output_adapter@D@__crt_stdio_output@@@__crt_stdio_output@@KAIXZ 0000000140011130 f i libucrtd:output.obj
 0001:00010130       ?state_count@?$format_validation_base@_WV?$string_output_adapter@_W@__crt_stdio_output@@@__crt_stdio_output@@KAIXZ 0000000140011130 f i libucrtd:output.obj
 0001:00010140       ?state_transition_table@?$format_validation_base@DV?$string_output_adapter@D@__crt_stdio_output@@@__crt_stdio_output@@KAAEBV?$spectre_mitigated_lookup_table@Ustate_transition_pair@__crt_stdio_output@@$0IA@@2@XZ 0000000140011140 f i libucrtd:output.obj
 0001:00010140       ?state_transition_table@?$format_validation_base@_WV?$string_output_adapter@_W@__crt_stdio_output@@@__crt_stdio_output@@KAAEBV?$spectre_mitigated_lookup_table@Ustate_transition_pair@__crt_stdio_output@@$0IA@@2@XZ 0000000140011140 f i libucrtd:output.obj
 0001:00010150       ?tchar_string@?$common_data@D@__crt_stdio_output@@IEAAAEAPEADD@Z 0000000140011150 f i libucrtd:output.obj
 0001:00010170       ?tchar_string@?$common_data@D@__crt_stdio_output@@IEAAAEAPEADXZ 0000000140011170 f i libucrtd:output.obj
 0001:00010190       ?tchar_string@?$common_data@_W@__crt_stdio_output@@IEAAAEAPEA_WXZ 0000000140011190 f i libucrtd:output.obj
 0001:000101b0       ?tchar_string@?$common_data@_W@__crt_stdio_output@@IEAAAEAPEA_W_W@Z 00000001400111b0 f i libucrtd:output.obj
 0001:000101d0       ?to_integer_size@__crt_stdio_output@@YA_KW4length_modifier@1@@Z 00000001400111d0 f i libucrtd:output.obj
 0001:00010280       ?type_case_X@?$output_processor@DV?$string_output_adapter@D@__crt_stdio_output@@V?$format_validation_base@DV?$string_output_adapter@D@__crt_stdio_output@@@2@@__crt_stdio_output@@AEAA_NXZ 0000000140011280 f i libucrtd:output.obj
 0001:000102a0       ?type_case_X@?$output_processor@_WV?$string_output_adapter@_W@__crt_stdio_output@@V?$format_validation_base@_WV?$string_output_adapter@_W@__crt_stdio_output@@@2@@__crt_stdio_output@@AEAA_NXZ 00000001400112a0 f i libucrtd:output.obj
 0001:000102c0       ?type_case_Z@?$output_processor@DV?$string_output_adapter@D@__crt_stdio_output@@V?$format_validation_base@DV?$string_output_adapter@D@__crt_stdio_output@@@2@@__crt_stdio_output@@AEAA_NXZ 00000001400112c0 f i libucrtd:output.obj
 0001:000103e0       ?type_case_Z@?$output_processor@_WV?$string_output_adapter@_W@__crt_stdio_output@@V?$format_validation_base@_WV?$string_output_adapter@_W@__crt_stdio_output@@@2@@__crt_stdio_output@@AEAA_NXZ 00000001400113e0 f i libucrtd:output.obj
 0001:00010500       ?type_case_a@?$output_processor@DV?$string_output_adapter@D@__crt_stdio_output@@V?$format_validation_base@DV?$string_output_adapter@D@__crt_stdio_output@@@2@@__crt_stdio_output@@AEAA_NXZ 0000000140011500 f i libucrtd:output.obj
 0001:000108d0       ?type_case_a@?$output_processor@_WV?$string_output_adapter@_W@__crt_stdio_output@@V?$format_validation_base@_WV?$string_output_adapter@_W@__crt_stdio_output@@@2@@__crt_stdio_output@@AEAA_NXZ 00000001400118d0 f i libucrtd:output.obj
 0001:00010ca0       ?type_case_c@?$output_processor@DV?$string_output_adapter@D@__crt_stdio_output@@V?$format_validation_base@DV?$string_output_adapter@D@__crt_stdio_output@@@2@@__crt_stdio_output@@AEAA_NXZ 0000000140011ca0 f i libucrtd:output.obj
 0001:00010cc0       ?type_case_c@?$output_processor@_WV?$string_output_adapter@_W@__crt_stdio_output@@V?$format_validation_base@_WV?$string_output_adapter@_W@__crt_stdio_output@@@2@@__crt_stdio_output@@AEAA_NXZ 0000000140011cc0 f i libucrtd:output.obj
 0001:00010ce0       ?type_case_c_tchar@?$output_processor@DV?$string_output_adapter@D@__crt_stdio_output@@V?$format_validation_base@DV?$string_output_adapter@D@__crt_stdio_output@@@2@@__crt_stdio_output@@AEAA_ND@Z 0000000140011ce0 f i libucrtd:output.obj
 0001:00010e40       ?type_case_c_tchar@?$output_processor@_WV?$string_output_adapter@_W@__crt_stdio_output@@V?$format_validation_base@_WV?$string_output_adapter@_W@__crt_stdio_output@@@2@@__crt_stdio_output@@AEAA_N_W@Z 0000000140011e40 f i libucrtd:output.obj
 0001:00010f70       ?type_case_d@?$output_processor@DV?$string_output_adapter@D@__crt_stdio_output@@V?$format_validation_base@DV?$string_output_adapter@D@__crt_stdio_output@@@2@@__crt_stdio_output@@AEAA_NXZ 0000000140011f70 f i libucrtd:output.obj
 0001:00010fa0       ?type_case_d@?$output_processor@_WV?$string_output_adapter@_W@__crt_stdio_output@@V?$format_validation_base@_WV?$string_output_adapter@_W@__crt_stdio_output@@@2@@__crt_stdio_output@@AEAA_NXZ 0000000140011fa0 f i libucrtd:output.obj
 0001:00010fd0       ?type_case_integer@?$output_processor@DV?$string_output_adapter@D@__crt_stdio_output@@V?$format_validation_base@DV?$string_output_adapter@D@__crt_stdio_output@@@2@@__crt_stdio_output@@AEAA_NI_N@Z 0000000140011fd0 f i libucrtd:output.obj
 0001:00011420       ?type_case_integer@?$output_processor@_WV?$string_output_adapter@_W@__crt_stdio_output@@V?$format_validation_base@_WV?$string_output_adapter@_W@__crt_stdio_output@@@2@@__crt_stdio_output@@AEAA_NI_N@Z 0000000140012420 f i libucrtd:output.obj
 0001:00011870       ?type_case_n@?$output_processor@DV?$string_output_adapter@D@__crt_stdio_output@@V?$format_validation_base@DV?$string_output_adapter@D@__crt_stdio_output@@@2@@__crt_stdio_output@@AEAA_NXZ 0000000140012870 f i libucrtd:output.obj
 0001:00011ab0       ?type_case_n@?$output_processor@_WV?$string_output_adapter@_W@__crt_stdio_output@@V?$format_validation_base@_WV?$string_output_adapter@_W@__crt_stdio_output@@@2@@__crt_stdio_output@@AEAA_NXZ 0000000140012ab0 f i libucrtd:output.obj
 0001:00011cf0       ?type_case_o@?$output_processor@DV?$string_output_adapter@D@__crt_stdio_output@@V?$format_validation_base@DV?$string_output_adapter@D@__crt_stdio_output@@@2@@__crt_stdio_output@@AEAA_NXZ 0000000140012cf0 f i libucrtd:output.obj
 0001:00011d40       ?type_case_o@?$output_processor@_WV?$string_output_adapter@_W@__crt_stdio_output@@V?$format_validation_base@_WV?$string_output_adapter@_W@__crt_stdio_output@@@2@@__crt_stdio_output@@AEAA_NXZ 0000000140012d40 f i libucrtd:output.obj
 0001:00011d90       ?type_case_p@?$output_processor@DV?$string_output_adapter@D@__crt_stdio_output@@V?$format_validation_base@DV?$string_output_adapter@D@__crt_stdio_output@@@2@@__crt_stdio_output@@AEAA_NXZ 0000000140012d90 f i libucrtd:output.obj
 0001:00011dd0       ?type_case_p@?$output_processor@_WV?$string_output_adapter@_W@__crt_stdio_output@@V?$format_validation_base@_WV?$string_output_adapter@_W@__crt_stdio_output@@@2@@__crt_stdio_output@@AEAA_NXZ 0000000140012dd0 f i libucrtd:output.obj
 0001:00011e10       ?type_case_s@?$output_processor@DV?$string_output_adapter@D@__crt_stdio_output@@V?$format_validation_base@DV?$string_output_adapter@D@__crt_stdio_output@@@2@@__crt_stdio_output@@AEAA_NXZ 0000000140012e10 f i libucrtd:output.obj
 0001:00011f30       ?type_case_s@?$output_processor@_WV?$string_output_adapter@_W@__crt_stdio_output@@V?$format_validation_base@_WV?$string_output_adapter@_W@__crt_stdio_output@@@2@@__crt_stdio_output@@AEAA_NXZ 0000000140012f30 f i libucrtd:output.obj
 0001:00012050       ?type_case_s_compute_narrow_string_length@?$output_processor@DV?$string_output_adapter@D@__crt_stdio_output@@V?$format_validation_base@DV?$string_output_adapter@D@__crt_stdio_output@@@2@@__crt_stdio_output@@AEBAHHD@Z 0000000140013050 f i libucrtd:output.obj
 0001:00012080       ?type_case_s_compute_narrow_string_length@?$output_processor@_WV?$string_output_adapter@_W@__crt_stdio_output@@V?$format_validation_base@_WV?$string_output_adapter@_W@__crt_stdio_output@@@2@@__crt_stdio_output@@AEBAHH_W@Z 0000000140013080 f i libucrtd:output.obj
 0001:00012110       ?type_case_u@?$output_processor@DV?$string_output_adapter@D@__crt_stdio_output@@V?$format_validation_base@DV?$string_output_adapter@D@__crt_stdio_output@@@2@@__crt_stdio_output@@AEAA_NXZ 0000000140013110 f i libucrtd:output.obj
 0001:00012130       ?type_case_u@?$output_processor@_WV?$string_output_adapter@_W@__crt_stdio_output@@V?$format_validation_base@_WV?$string_output_adapter@_W@__crt_stdio_output@@@2@@__crt_stdio_output@@AEAA_NXZ 0000000140013130 f i libucrtd:output.obj
 0001:00012150       ?type_case_x@?$output_processor@DV?$string_output_adapter@D@__crt_stdio_output@@V?$format_validation_base@DV?$string_output_adapter@D@__crt_stdio_output@@@2@@__crt_stdio_output@@AEAA_NXZ 0000000140013150 f i libucrtd:output.obj
 0001:00012170       ?type_case_x@?$output_processor@_WV?$string_output_adapter@_W@__crt_stdio_output@@V?$format_validation_base@_WV?$string_output_adapter@_W@__crt_stdio_output@@@2@@__crt_stdio_output@@AEAA_NXZ 0000000140013170 f i libucrtd:output.obj
 0001:00012190       ?unset_flag@?$output_processor@_WV?$string_output_adapter@_W@__crt_stdio_output@@V?$format_validation_base@_WV?$string_output_adapter@_W@__crt_stdio_output@@@2@@__crt_stdio_output@@AEAAXI@Z 0000000140013190 f i libucrtd:output.obj
 0001:00012190       ?unset_flag@?$output_processor@DV?$string_output_adapter@D@__crt_stdio_output@@V?$format_validation_base@DV?$string_output_adapter@D@__crt_stdio_output@@@2@@__crt_stdio_output@@AEAAXI@Z 0000000140013190 f i libucrtd:output.obj
 0001:000121c0       ?update_field_width@?$standard_base@_WV?$string_output_adapter@_W@__crt_stdio_output@@@__crt_stdio_output@@IEAA_NXZ 00000001400131c0 f i libucrtd:output.obj
[...]
 0002:000121b0       $unwind$?setmbcp_internal@@YAHH_NQEAU__acrt_ptd@@QEAPEAU__crt_multibyte_data@@@Z 000000014004f1b0     libucrtd:mbctype.obj
 0002:000121bc       $unwind$?setSBUpLow@@YAXPEAU__crt_multibyte_data@@@Z 000000014004f1bc     libucrtd:mbctype.obj
 0002:000121cc       $unwind$??$?RV<lambda_efa02eb69bf647d2f7ff0dd6f1103f72>@@AEAV<lambda_bd5a608237428601b7e45fbdc72b1ae8>@@V<lambda_728235dc0fc2b1f82d1fa5b3e7102d8f>@@@?$__crt_seh_guarded_call@X@@QEAAX$$QEAV<lambda_efa02eb69bf647d2f7ff0dd6f1103f72>@@AEAV<lambda_bd5a608237428601b7e45fbdc72b1ae8>@@$$QEAV<lambda_728235dc0fc2b1f82d1fa5b3e7102d8f>@@@Z 000000014004f1cc     libucrtd:mbctype.obj
 0002:000121ec       $unwind$?x_ismbbtype_l@@YAHPEAU__crt_locale_pointers@@IHH@Z 000000014004f1ec     libucrtd:ismbbyte.obj
 0002:000121fc       $unwind$__acrt_MultiByteToWideChar 000000014004f1fc     libucrtd:multibytetowidechar.obj
 0002:00012204       $unwind$__acrt_WideCharToMultiByte 000000014004f204     libucrtd:widechartomultibyte.obj
 0002:0001220c       $unwind$__dcrt_get_narrow_environment_from_os 000000014004f20c     libucrtd:get_environment_from_os.obj
 0002:00012224       $unwind$__acrt_lowio_create_handle_array 000000014004f224     libucrtd:osfinfo.obj
 0002:0001222c       $unwind$__acrt_lowio_ensure_fh_exists 000000014004f22c     libucrtd:osfinfo.obj
 0002:0001224c       $unwind$_isctype_l         000000014004f24c     libucrtd:isctype.obj
 0002:00012260       $unwind$_chvalidator_l     000000014004f260     libucrtd:isctype.obj
 0002:00012268       $unwind$__acrt_GetStringTypeA 000000014004f268     libucrtd:getstringtypea.obj
 0002:00012270       $unwind$__acrt_update_thread_locale_data 000000014004f270     libucrtd:locale_refcounting.obj
 0002:00012290       $unwind$__acrt_InitializeCriticalSectionEx 000000014004f290     libucrtd:winapi_thunks.obj
 0002:00012298       $unwind$??$common_xtox@KD@@YAHKQEAD_KI_N@Z 000000014004f298     libucrtd:xtoa.obj
 0002:00012298       $unwind$??$common_xtox@K_W@@YAHKQEA_W_KI_N@Z 000000014004f298     libucrtd:xtoa.obj
 0002:00012298       $unwind$__acrt_LCMapStringEx 000000014004f298     libucrtd:winapi_thunks.obj
 0002:000122a0       $unwind$__acrt_is_interactive 000000014004f2a0     libucrtd:winapi_thunks.obj
 0002:000122b0       $unwind$_query_new_handler 000000014004f2b0     libucrtd:new_handler.obj
 0002:000122d0       $unwind$raise              000000014004f2d0     libucrtd:signal.obj
 0002:000122f0       $unwind$??$?RV<lambda_450d765d439847d4c735a33c368b5fc0>@@AEAV<lambda_44731a7d0e6d81c3e6aa82d741081786>@@V<lambda_601a2a7da3b7a96e9554ac7215c4b07c>@@@?$__crt_seh_guarded_call@P6AXH@Z@@QEAAP6AXH@Z$$QEAV<lambda_450d765d439847d4c735a33c368b5fc0>@@AEAV<lambda_44731a7d0e6d81c3e6aa82d741081786>@@$$QEAV<lambda_601a2a7da3b7a96e9554ac7215c4b07c>@@@Z 000000014004f2f0     libucrtd:signal.obj
 0002:00012310       $unwind$_expand_base       000000014004f310     libucrtd:expand.obj
 0002:00012318       $unwind$_VCrtDbgReportA    000000014004f318     libucrtd:dbgrptt.obj
 0002:00012350       $unwind$_VCrtDbgReportW    000000014004f350     libucrtd:dbgrptt.obj
 0002:00012388       $unwind$_isleadbyte_l      000000014004f388     libucrtd:_wctype.obj
 0002:00012390       $unwind$?__mbsrtowcs_utf8@__crt_mbstring@@YA_KPEA_WPEAPEBD_KPEAU_Mbstatet@@@Z 000000014004f390     libucrtd:mbrtowc.obj
 0002:00012398       $unwind$?__c32rtomb_utf8@__crt_mbstring@@YA_KPEAD_UPEAU_Mbstatet@@@Z 000000014004f398     libucrtd:c32rtomb.obj
 0002:000123a0       $unwind$?reset_and_return@__crt_mbstring@@YA_K_KPEAU_Mbstatet@@@Z 000000014004f3a0     libucrtd:c32rtomb.obj
 0002:000123a8       $unwind$__acrt_fltout      000000014004f3a8     libucrtd:cfout.obj
 0002:000123b0       $unwind$?make_big_integer@__crt_strtox@@YA?AUbig_integer@1@_K@Z 000000014004f3b0     libucrtd:cfout.obj
 0002:000123c0       $unwind$?make_big_integer_power_of_two@__crt_strtox@@YA?AUbig_integer@1@I@Z 000000014004f3c0     libucrtd:cfout.obj
 0002:000123d0       $unwind$?shift_left@__crt_strtox@@YA_NAEAUbig_integer@1@I@Z 000000014004f3d0     libucrtd:cfout.obj
 0002:000123e0       $unwind$?add_multiply_carry@__crt_strtox@@YAIAEAIIII@Z 000000014004f3e0     libucrtd:cfout.obj
 0002:000123e8       $unwind$?multiply@__crt_strtox@@YA_NAEAUbig_integer@1@I@Z 000000014004f3e8     libucrtd:cfout.obj
 0002:000123f8       $unwind$?multiply@__crt_strtox@@YA_NAEAUbig_integer@1@AEBU21@@Z 000000014004f3f8     libucrtd:cfout.obj
 0002:00012408       $unwind$?multiply_by_power_of_ten@__crt_strtox@@YA_NAEAUbig_integer@1@I@Z 000000014004f408     libucrtd:cfout.obj
 0002:00012418       $unwind$?divide@__crt_strtox@@YA_KAEAUbig_integer@1@AEBU21@@Z 000000014004f418     libucrtd:cfout.obj
 0002:00012428       $unwind$??$convert_to_fos_high_precision@N@@YA?AW4__acrt_has_trailing_digits@@NIQEAHQEAD_K@Z 000000014004f428     libucrtd:cfout.obj
 0002:00012438       $unwind$_fcloseall         000000014004f438     libucrtd:closeall.obj
 0002:00012458       $unwind$??R<lambda_ab61a845afdef5b7c387490eaf3616ee>@@QEBA@XZ 000000014004f458     libucrtd:fflush.obj
 0002:00012460       $unwind$??$?RV<lambda_842d9ff0dc9ef11c61343bbaebe7f885>@@AEAV<lambda_c5860995281e5c4ce005b3de8f5874ee>@@V<lambda_d90129c13df834fdcbf8d2b88dafcf2d>@@@?$__crt_seh_guarded_call@X@@QEAAX$$QEAV<lambda_842d9ff0dc9ef11c61343bbaebe7f885>@@AEAV<lambda_c5860995281e5c4ce005b3de8f5874ee>@@$$QEAV<lambda_d90129c13df834fdcbf8d2b88dafcf2d>@@@Z 000000014004f460     libucrtd:fflush.obj
 0002:00012480       $unwind$??$?RV<lambda_886d6c58226a84441f68b9f2b8217b83>@@AEAV<lambda_ab61a845afdef5b7c387490eaf3616ee>@@V<lambda_f7f22ab5edc0698d5f6905b0d3f44752>@@@?$__crt_seh_guarded_call@X@@QEAAX$$QEAV<lambda_886d6c58226a84441f68b9f2b8217b83>@@AEAV<lambda_ab61a845afdef5b7c387490eaf3616ee>@@$$QEAV<lambda_f7f22ab5edc0698d5f6905b0d3f44752>@@@Z 000000014004f480     libucrtd:fflush.obj
 0002:000124a0       $unwind$__acrt_OutputDebugStringA 000000014004f4a0     libucrtd:outputdebugstringa.obj
 0002:000124b4       $unwind$qsort              000000014004f4b4     libucrtd:qsort.obj
 0002:000124c4       $unwind$?shortsort@@YAXPEAD0_KP6AHPEBX2@Z@Z 000000014004f4c4     libucrtd:qsort.obj
 0002:000124d4       $stateUnwindMap$?shortsort@@YAXPEAD0_KP6AHPEBX2@Z@Z 000000014004f4d4     libucrtd:qsort.obj
 0002:000124e0       $ip2state$?shortsort@@YAXPEAD0_KP6AHPEBX2@Z@Z 000000014004f4e0     libucrtd:qsort.obj
 0002:000124f8       $unwind$strpbrk            000000014004f4f8     libucrtd:strpbrk.obj
 0002:00012500       $unwind$fallbackMethod     000000014004f500     libucrtd:strpbrk.obj
 0002:00012510       $unwind$_mbsdec_l          000000014004f510     libucrtd:mbsdec.obj
 0002:0001251c       $unwind$__acrt_LCMapStringA 000000014004f51c     libucrtd:lcmapstringa.obj
 0002:00012524       $unwind$_mbstowcs_s_l      000000014004f524     libucrtd:mbstowcs.obj
 0002:00012524       $unwind$?__acrt_LCMapStringA_stat@@YAHPEAU__crt_locale_pointers@@PEB_WKPEBDHPEADHHH@Z 000000014004f524     libucrtd:lcmapstringa.obj
 0002:0001252c       $unwind$??$common_xtox_s@KD@@YAHKQEAD_KI_N@Z 000000014004f52c     libucrtd:xtoa.obj
 0002:0001252c       $unwind$??$common_xtox_s@K_W@@YAHKQEA_W_KI_N@Z 000000014004f52c     libucrtd:xtoa.obj
 0002:00012534       $unwind$?_mbstowcs_l_helper@@YA_KPEA_WPEBD_KPEAU__crt_locale_pointers@@@Z 000000014004f534     libucrtd:mbstowcs.obj
 0002:00012540       $unwind$?_wcstombs_l_helper@@YA_KPEADPEB_W_KPEAU__crt_locale_pointers@@@Z 000000014004f540     libucrtd:wcstombs.obj
 0002:00012558       $stateUnwindMap$?_wcstombs_l_helper@@YA_KPEADPEB_W_KPEAU__crt_locale_pointers@@@Z 000000014004f558     libucrtd:wcstombs.obj
 0002:00012560       $ip2state$?_wcstombs_l_helper@@YA_KPEADPEB_W_KPEAU__crt_locale_pointers@@@Z 000000014004f560     libucrtd:wcstombs.obj
 0002:00012678       $unwind$?__mbrtoc32_utf8@__crt_mbstring@@YA_KPEA_UPEBD_KPEAU_Mbstatet@@@Z 000000014004f678     libucrtd:mbrtoc32.obj
 0002:00012688       $xdatasym                  000000014004f688     libucrtd:log10.obj
 0002:00012694       $unwind$ceil               000000014004f694     libucrtd:ceil.obj
 0002:0001269c       $unwind$_write             000000014004f69c     libucrtd:write.obj
 0002:000126bc       $unwind$_write_nolock      000000014004f6bc     libucrtd:write.obj
 0002:000126d0       $unwind$?write_double_translated_ansi_nolock@@YA?AUwrite_result@?A0x17268360@@HQEBDI@Z 000000014004f6d0     libucrtd:write.obj
 0002:000126e4       $unwind$?write_double_translated_unicode_nolock@@YA?AUwrite_result@?A0x17268360@@QEBDI@Z 000000014004f6e4     libucrtd:write.obj
 0002:000126f8       $unwind$?write_text_ansi_nolock@@YA?AUwrite_result@?A0x17268360@@HQEBDI@Z 000000014004f6f8     libucrtd:write.obj
 0002:000126f8       $unwind$?write_text_utf16le_nolock@@YA?AUwrite_result@?A0x17268360@@HQEBDI@Z 000000014004f6f8     libucrtd:write.obj
 0002:0001270c       $unwind$?write_text_utf8_nolock@@YA?AUwrite_result@?A0x17268360@@HQEBDI@Z 000000014004f70c     libucrtd:write.obj
 0002:00012720       $unwind$?write_binary_nolock@@YA?AUwrite_result@?A0x17268360@@HQEBDI@Z 000000014004f720     libucrtd:write.obj
 0002:00012734       $unwind$fclose             000000014004f734     libucrtd:fclose.obj
 0002:00012754       $unwind$??$?RV<lambda_4e3dbe6921bc0b5a1a6bc6573fdc859e>@@AEAV<lambda_5533cddd4bda0037814beee657757329>@@V<lambda_47cffbaa968af5c721c38a4a6f8da44d>@@@?$__crt_seh_guarded_call@H@@QEAAH$$QEAV<lambda_4e3dbe6921bc0b5a1a6bc6573fdc859e>@@AEAV<lambda_5533cddd4bda0037814beee657757329>@@$$QEAV<lambda_47cffbaa968af5c721c38a4a6f8da44d>@@@Z 000000014004f754     libucrtd:commit.obj
 0002:00012774       $unwind$?__wcsrtombs_utf8@__crt_mbstring@@YA_KPEADPEAPEB_W_KPEAU_Mbstatet@@@Z 000000014004f774     libucrtd:wcrtomb.obj
 0002:00012784       $unwind$__acrt_initialize_fma3 000000014004f784     libucrtd:fma3_available.obj
 0002:00012794       $unwind$_log_special_common 000000014004f794     libucrtd:log_special.obj
 0002:000127a4       $unwind$_log10_special     000000014004f7a4     libucrtd:log_special.obj
 0002:000127ac       $unwind$_handle_error      000000014004f7ac     libucrtd:libm_error.obj
 0002:000127bc       $unwind$common_control87   000000014004f7bc     libucrtd:ieee.obj
 0002:000127dc       $unwind$??$?RV<lambda_53fc7fc888e23d815d7080162c0aeeb2>@@AEAV<lambda_4e7105787b7b0e0227fbf2b2d883fa65>@@V<lambda_8ddc48ad9d26c778cb15812d1d88fc8a>@@@?$__crt_seh_guarded_call@H@@QEAAH$$QEAV<lambda_53fc7fc888e23d815d7080162c0aeeb2>@@AEAV<lambda_4e7105787b7b0e0227fbf2b2d883fa65>@@$$QEAV<lambda_8ddc48ad9d26c778cb15812d1d88fc8a>@@@Z 000000014004f7dc     libucrtd:close.obj
 0002:000127fc       $unwind$?__c16rtomb_utf8@__crt_mbstring@@YA_KPEAD_SPEAU_Mbstatet@@@Z 000000014004f7fc     libucrtd:c16rtomb.obj
 0002:00012804       $unwind$_ctrlfp            000000014004f804     libucrtd:fpctrl.obj
 0002:00012828       $xdatasym                  000000014004f828     libucrtd:fpsr.obj
 0002:00012830       $unwind$__dcrt_lowio_ensure_console_output_initialized 000000014004f830     libucrtd:initcon.obj
 0002:00012838       $unwind$__dcrt_write_console 000000014004f838     libucrtd:initcon.obj
 0002:0001284c       $unwind$_IsNonwritableInCurrentImage 000000014004f84c     LIBCMTD:pesect.obj
 0002:00012870       $xdatasym                  000000014004f870     libvcruntimed:memcmp.obj
 0002:00012874       $unwind$strrchr            000000014004f874     libvcruntimed:strrchr.obj
 0002:00012d34       .idata$6                   000000014004fd34     user32:USER32.dll
 0002:00012d50       .idata$6                   000000014004fd50     gdi32:GDI32.dll
 0002:00012d6c       .idata$6                   000000014004fd6c     winmm:WINMM.dll
 0002:00012fe2       .idata$6                   000000014004ffe2     kernel32:KERNEL32.dll
 0003:00000000       ?XInputGetState_@@3P6AKKPEAU_XINPUT_STATE@@@ZEA 0000000140051000     win32_made.obj
 0003:00000008       ?XInputSetState_@@3P6AKKPEAU_XINPUT_VIBRATION@@@ZEA 0000000140051008     win32_made.obj
 0003:00000050       ?__vcrt_flsindex@@3KA      0000000140051050     libvcruntimed:per_thread_data.obj
 0003:00000060       ?__acrt_current_request_number@@3JA 0000000140051060     libucrtd:debug_heap.obj
 0003:00000080       ?__acrt_debug_fill_threshold@@3_KA 0000000140051080     libucrtd:debug_fill_threshold.obj
 0003:00000088       ?errno_no_memory@@3HA      0000000140051088     libucrtd:errno.obj
 0003:0000008c       ?doserrno_no_memory@@3KA   000000014005108c     libucrtd:errno.obj
 0003:00000090       ?__acrt_flsindex@@3KA      0000000140051090     libucrtd:per_thread_data.obj
 0003:00000550       _mbctypes                  0000000140051550     libucrtd:mbctype.obj
 0003:00000660       _mbcasemaps                0000000140051660     libucrtd:mbctype.obj
 0003:00000760       ?__rgctypeflag@@3PADA      0000000140051760     libucrtd:mbctype.obj
 0003:00000770       ?__rgcode_page_info@@3PAUcode_page_info@@A 0000000140051770     libucrtd:mbctype.obj
 0003:00000950       ?dazSupported@?1??common_control87@@9@9 0000000140051950     libucrtd:ieee.obj
 0003:00000a60       ?dazSupported@?1??_ctrlfp@@9@9 0000000140051a60     libucrtd:fpctrl.obj
 0003:00000a70       ?__dcrt_lowio_console_output_handle@@3PEAXEA 0000000140051a70     libucrtd:initcon.obj
 0003:00000b00       ?GlobalRunning@@3HA        0000000140051b00     win32_made.obj
 0003:00000b04       ?GlobalPause@@3HA          0000000140051b04     win32_made.obj
 0003:00000b08       ?GlobalSecondaryBuffer@@3PEAUIDirectSoundBuffer@@EA 0000000140051b08     win32_made.obj
 0003:00000b10       ?GlobalBackbuffer@@3Uwin32_offscreen_buffer@@A 0000000140051b10     win32_made.obj
 0003:00000b58       ?GlobalPerfCountFrequency@@3_JA 0000000140051b58     win32_made.obj
 0003:00000b60       GS_ExceptionRecord         0000000140051b60     LIBCMTD:gs_report.obj
 0003:00000c00       GS_ContextRecord           0000000140051c00     LIBCMTD:gs_report.obj
 0003:000010e0       ?is_initialized_as_dll@@3_NA 00000001400520e0     LIBCMTD:utility.obj
 0003:000010e1       ?module_local_atexit_table_initialized@@3_NA 00000001400520e1     LIBCMTD:utility.obj
 0003:000010e8       ?module_local_atexit_table@@3U_onexit_table_t@@A 00000001400520e8     LIBCMTD:utility.obj
 0003:00001100       ?module_local_at_quick_exit_table@@3U_onexit_table_t@@A 0000000140052100     LIBCMTD:utility.obj
 0003:00001160       ?__vcrt_startup_thread_ptd@@3U__vcrt_ptd@@A 0000000140052160     libvcruntimed:per_thread_data.obj
 0003:000011e0       __vcrt_lock_table          00000001400521e0     libvcruntimed:locks.obj
 0003:00001208       __vcrt_locks_initialized   0000000140052208     libvcruntimed:locks.obj
 0003:00001250       ?heap@@3V_HeapManager@@A   0000000140052250     libvcruntimed:undname.obj
 0003:00001278       ?module_handles@@3PAPEAUHINSTANCE__@@A 0000000140052278     libvcruntimed:winapi_downlevel.obj
 0003:00001290       ?function_pointers@@3PAPEAXA 0000000140052290     libvcruntimed:winapi_downlevel.obj
 0003:000012c0       ?__acrt_app_type@@3W4_crt_app_type@@A 00000001400522c0     libucrtd:report_runtime_error.obj
 0003:000012d0       ?outmsg@?9??__acrt_report_runtime_error@@9@4PA_WA 00000001400522d0     libucrtd:report_runtime_error.obj
 0003:000018f8       ?user_matherr@@3V?$dual_state_global@P6AHPEAU_exception@@@Z@__crt_state_management@@A 00000001400528f8     libucrtd:matherr.obj
 0003:00001900       ?program_name@?1???$common_configure_argv@D@@YAHW4_crt_argv_mode@@@Z@4PADA 0000000140052900     libucrtd:argv_parsing.obj
 0003:00001a28       ?empty_string@?1???$common_wincmdln@E@@YAPEAEXZ@4PAEA 0000000140052a28     libucrtd:argv_winmain.obj
 0003:00001a2c       ?c_termination_complete@@3JA 0000000140052a2c     libucrtd:exit.obj
 0003:00001a30       ?thread_local_exit_callback_func@@3P6AXPEAXK0@ZEA 0000000140052a30     libucrtd:exit.obj
 0003:00001a40       ?__acrt_global_new_mode@@3V?$dual_state_global@J@__crt_state_management@@A 0000000140052a40     libucrtd:new_mode.obj
 0003:00001a78       ?__acrt_first_block@@3PEAU_CrtMemBlockHeader@@EA 0000000140052a78     libucrtd:debug_heap.obj
 0003:00001a80       ?__acrt_last_block@@3PEAU_CrtMemBlockHeader@@EA 0000000140052a80     libucrtd:debug_heap.obj
 0003:00001a88       ?__acrt_total_allocations@@3_KA 0000000140052a88     libucrtd:debug_heap.obj
 0003:00001a90       ?__acrt_current_allocations@@3_KA 0000000140052a90     libucrtd:debug_heap.obj
 0003:00001a98       ?__acrt_max_allocations@@3_KA 0000000140052a98     libucrtd:debug_heap.obj
 0003:00001aa0       ?__acrt_check_frequency@@3IA 0000000140052aa0     libucrtd:debug_heap.obj
 0003:00001aa4       ?__acrt_check_counter@@3IA 0000000140052aa4     libucrtd:debug_heap.obj
 0003:00001ab0       ?heap_validation_pending@@3_NA 0000000140052ab0     libucrtd:debug_heap.obj
 0003:00001ab8       ?__acrt_invalid_parameter_handler@@3V?$dual_state_global@P6AXPEB_W00I_K@Z@__crt_state_management@@A 0000000140052ab8     libucrtd:invalid_parameter.obj
 0003:00001ac0       ?internal_state@?1??_mbtowc_l@@9@4U_Mbstatet@@A 0000000140052ac0     libucrtd:mbtowc.obj
 0003:00001ad8       ?enable_percent_n@@3_KA    0000000140052ad8     libucrtd:printf_count_output.obj
 0003:00001f04       __acrt_error_mode          0000000140052f04     libucrtd:set_error_mode.obj
 0003:00001f20       ?fSystemSet@@3HA           0000000140052f20     libucrtd:mbctype.obj
 0003:00001f24       ?initialized@?1??__acrt_initialize_multibyte@@9@4_NA 0000000140052f24     libucrtd:mbctype.obj
 0003:00001f60       ?__acrt_lock_table@@3PAU_RTL_CRITICAL_SECTION@@A 0000000140052f60     libucrtd:locks.obj
 0003:00002190       ?__acrt_locks_initialized@@3IA 0000000140053190     libucrtd:locks.obj
 0003:00002194       ?state_cache@?1???$get_cached_win_policy@Udeveloper_information_policy_properties@?1??__acrt_get_developer_information_policy@@YA?AW4developer_information_policy@@XZ@@@YA?AW4developer_information_policy@@W4AppPolicyShowDeveloperDiagnostic@@@Z@4JA 0000000140053194     libucrtd:win_policies.obj
 0003:00002198       ?state_cache@?1???$get_cached_win_policy@Uwindowing_model_policy_properties@?1??__acrt_get_windowing_model_policy@@YA?AW4windowing_model_policy@@XZ@@@YA?AW4windowing_model_policy@@W4AppPolicyWindowingModel@@@Z@4JA 0000000140053198     libucrtd:win_policies.obj
 0003:000021a0       ?module_handles@@3PAPEAUHINSTANCE__@@A 00000001400531a0     libucrtd:winapi_thunks.obj
 0003:00002240       ?encoded_function_pointers@@3PAPEAXA 0000000140053240     libucrtd:winapi_thunks.obj
 0003:00002360       ?__acrt_new_handler@@3V?$dual_state_global@P6AH_K@Z@__crt_state_management@@A 0000000140053360     libucrtd:new_handler.obj
 0003:00002368       ?ctrlc_action@@3V?$dual_state_global@P6AXH@Z@__crt_state_management@@A 0000000140053368     libucrtd:signal.obj
 0003:00002370       ?ctrlbreak_action@@3V?$dual_state_global@P6AXH@Z@__crt_state_management@@A 0000000140053370     libucrtd:signal.obj
 0003:00002378       ?abort_action@@3V?$dual_state_global@P6AXH@Z@__crt_state_management@@A 0000000140053378     libucrtd:signal.obj
 0003:00002380       ?term_action@@3V?$dual_state_global@P6AXH@Z@__crt_state_management@@A 0000000140053380     libucrtd:signal.obj
 0003:000023a0       ?internal_pst@?1??__mbrtoc32_utf8@__crt_mbstring@@YA_KPEA_UPEBD_KPEAU_Mbstatet@@@Z@4U3@A 00000001400533a0     libucrtd:mbrtoc32.obj
 0003:000023b0       ?internal_pst@?1??__c16rtomb_utf8@__crt_mbstring@@YA_KPEAD_SPEAU_Mbstatet@@@Z@4U3@A 00000001400533b0     libucrtd:c16rtomb.obj
 0005:00000000       MoveSmall                  0000000140057000     libvcruntimed:memcpy.obj
 0005:00000040       MoveSmallYmm               0000000140057040     libvcruntimed:memcpy.obj
 0005:00000064       MoveSmallYmmNT             0000000140057064     libvcruntimed:memcpy.obj
 0005:00000088       MoveSmallXmm               0000000140057088     libvcruntimed:memcpy.obj
 0005:000000b0       MsetTab                    00000001400570b0     libvcruntimed:memset.obj
