 win32_made

 Timestamp is 610aaefb (Wed Aug  4 18:15:07 2021)

 Preferred load address is 0000000140000000

 Start         Length     Name                   Class
 0001:00000000 00012f60H .text$mn                CODE
 0001:00012f60 00000040H .text$mn$00             CODE
 0001:00012fa0 00000290H .text$x                 CODE
 0002:00000000 000002e8H .idata$5                DATA
 0002:000002e8 00000028H .00cfg                  DATA
 0002:00000310 00000008H .CRT$XCA                DATA
 0002:00000318 00000008H .CRT$XCAA               DATA
 0002:00000320 00000008H .CRT$XCZ                DATA
 0002:00000328 00000008H .CRT$XIA                DATA
 0002:00000330 00000008H .CRT$XIAA               DATA
 0002:00000338 00000008H .CRT$XIAC               DATA
 0002:00000340 00000020H .CRT$XIC                DATA
 0002:00000360 00000008H .CRT$XIZ                DATA
 0002:00000368 00000008H .CRT$XPA                DATA
 0002:00000370 00000010H .CRT$XPX                DATA
 0002:00000380 00000008H .CRT$XPXA               DATA
 0002:00000388 00000008H .CRT$XPZ                DATA
 0002:00000390 00000008H .CRT$XTA                DATA
 0002:00000398 00000008H .CRT$XTZ                DATA
 0002:000003a0 00000000H .gehcont$y              DATA
 0002:000003a0 00000000H .gfids$y                DATA
 0002:000003a0 000085e0H .rdata                  DATA
 0002:00008980 00000000H .rdata$CastGuardVftablesA DATA
 0002:00008980 00000000H .rdata$CastGuardVftablesC DATA
 0002:00008980 00000000H .rdata$r                DATA
 0002:00008980 0000010cH .rdata$voltmd           DATA
 0002:00008a8c 000002ecH .rdata$zzzdbg           DATA
 0002:00008d78 00000008H .rtc$IAA                DATA
 0002:00008d80 00000008H .rtc$IZZ                DATA
 0002:00008d88 00000008H .rtc$TAA                DATA
 0002:00008d90 00000008H .rtc$TZZ                DATA
 0002:00008d98 00000db8H .xdata                  DATA
 0002:00009b50 00000000H .xdata$x                DATA
 0002:00009b50 00000000H .edata                  DATA
 0002:00009b50 00000050H .idata$2                DATA
 0002:00009ba0 00000018H .idata$3                DATA
 0002:00009bb8 000002e8H .idata$4                DATA
 0002:00009ea0 0000066eH .idata$6                DATA
 0003:00000000 00000a20H .data                   DATA
 0003:00000a20 00000000H .data$r                 DATA
 0003:00000a20 00000000H .data$rs                DATA
 0003:00000a20 00001250H .bss                    DATA
 0004:00000000 00001074H .pdata                  DATA
 0005:00000000 000000fcH _RDATA                  DATA

  Address         Publics by Value              Rva+Base               Lib:Object

 0000:00000000       __guard_longjmp_table      0000000000000000     <absolute>
 0000:00000000       ___safe_se_handler_table   0000000000000000     <absolute>
 0000:00000000       __x64_code_ranges_to_entry_points_count 0000000000000000     <absolute>
 0000:00000000       __guard_fids_count         0000000000000000     <absolute>
 0000:00000000       __arm64x_redirection_metadata 0000000000000000     <absolute>
 0000:00000000       __arm64x_extra_rfe_table   0000000000000000     <absolute>
 0000:00000000       __guard_iat_table          0000000000000000     <absolute>
 0000:00000000       __hybrid_code_map          0000000000000000     <absolute>
 0000:00000000       __arm64x_extra_rfe_table_size 0000000000000000     <absolute>
 0000:00000000       __guard_iat_count          0000000000000000     <absolute>
 0000:00000000       __guard_longjmp_count      0000000000000000     <absolute>
 0000:00000000       ___safe_se_handler_count   0000000000000000     <absolute>
 0000:00000000       __x64_code_ranges_to_entry_points 0000000000000000     <absolute>
 0000:00000000       __dynamic_value_reloc_table 0000000000000000     <absolute>
 0000:00000000       __hybrid_auxiliary_iat     0000000000000000     <absolute>
 0000:00000000       __hybrid_auxiliary_iat_copy 0000000000000000     <absolute>
 0000:00000000       __AbsoluteZero             0000000000000000     <absolute>
 0000:00000000       __guard_eh_cont_count      0000000000000000     <absolute>
 0000:00000000       __guard_check_icall_a64n_fptr 0000000000000000     <absolute>
 0000:00000000       __guard_fids_table         0000000000000000     <absolute>
 0000:00000000       __arm64x_redirection_metadata_count 0000000000000000     <absolute>
 0000:00000000       __enclave_config           0000000000000000     <absolute>
 0000:00000000       __guard_eh_cont_table      0000000000000000     <absolute>
 0000:00000000       __arm64x_native_entrypoint 0000000000000000     <absolute>
 0000:00000000       __hybrid_code_map_count    0000000000000000     <absolute>
 0000:00000100       __guard_flags              0000000000000100     <absolute>
 0000:00000000       __ImageBase                0000000140000000     <linker-defined>
 0001:00000000       WinMain                    0000000140001000 f   win32_made.obj
 0001:000015c0       ?GameUpdateAndRenderStub@@YAXPEAUgame_memory@@PEAUgame_input@@PEAUgame_offscreen_buffer@@@Z 00000001400025c0 f   win32_made.obj
 0001:000015e0       ?GameGetSoundSamplesStub@@YAXPEAUgame_memory@@PEAUgame_sound_output_buffer@@@Z 00000001400025e0 f   win32_made.obj
 0001:00001600       ?XInputGetStateStub@@YAKKPEAU_XINPUT_STATE@@@Z 0000000140002600 f   win32_made.obj
 0001:00001620       ?XInputSetStateStub@@YAKKPEAU_XINPUT_VIBRATION@@@Z 0000000140002620 f   win32_made.obj
 0001:00001640       ?DEBUGPlatformFreeFileMemory@@YAXPEAX@Z 0000000140002640 f   win32_made.obj
 0001:00001670       ?DEBUGPlatformReadEntireFile@@YA?AUdebug_read_file_result@@PEAD@Z 0000000140002670 f   win32_made.obj
 0001:000017c0       ?DEBUGPlatformWriteEntireFile@@YAHPEADIPEAX@Z 00000001400027c0 f   win32_made.obj
 0001:00001f30       ?Win32MainWindowCallback@@YA_JPEAUHWND__@@I_K_J@Z 0000000140002f30 f   win32_made.obj
 0001:00002e50       ??$_snprintf_s@$0BAA@@@YAHAEAY0BAA@D_KPEBDZZ 0000000140003e50 f i win32_made.obj
 0001:00002ea0       ?GetController@@YAPEAUgame_controller_input@@PEAUgame_input@@I@Z 0000000140003ea0 f i win32_made.obj
 0001:00002ef0       ?SafeTruncateUInt64@@YAI_K@Z 0000000140003ef0 f i win32_made.obj
 0001:00002f20       ?Win32DrawSoundBufferMarker@@YAXPEAUwin32_offscreen_buffer@@PEAUwin32_sound_output@@MHHHKI@Z 0000000140003f20 f i win32_made.obj
 0001:00002fa0       ?Win32GetLastWriteTime@@YA?AU_FILETIME@@PEAD@Z 0000000140003fa0 f i win32_made.obj
 0001:00003030       ?Win32GetSecondsElapsed@@YAMT_LARGE_INTEGER@@0@Z 0000000140004030 f i win32_made.obj
 0001:00003070       ?Win32GetWallClock@@YA?AT_LARGE_INTEGER@@XZ 0000000140004070 f i win32_made.obj
 0001:00003090       __local_stdio_printf_options 0000000140004090 f i win32_made.obj
 0001:000030a0       _vsnprintf_s               00000001400040a0 f i win32_made.obj
 0001:000030f0       _vsnprintf_s_l             00000001400040f0 f i win32_made.obj
 0001:00003170       __GSHandlerCheck           0000000140004170 f   LIBCMT:gshandler.obj
 0001:00003190       __GSHandlerCheckCommon     0000000140004190 f   LIBCMT:gshandler.obj
 0001:00003200       __chkstk                   0000000140004200 f   LIBCMT:chkstk.obj
 0001:00003200       _alloca_probe              0000000140004200 f   LIBCMT:chkstk.obj
 0001:00003260       __security_check_cookie    0000000140004260 f   LIBCMT:amdsecgs.obj
 0001:000034d8       WinMainCRTStartup          00000001400044d8 f   LIBCMT:exe_winmain.obj
 0001:000034ec       __raise_securityfailure    00000001400044ec f   LIBCMT:gs_report.obj
 0001:00003520       __report_gsfailure         0000000140004520 f   LIBCMT:gs_report.obj
 0001:000035f4       __report_rangecheckfailure 00000001400045f4 f   LIBCMT:gs_report.obj
 0001:00003608       __report_securityfailure   0000000140004608 f   LIBCMT:gs_report.obj
 0001:00003788       __scrt_acquire_startup_lock 0000000140004788 f   LIBCMT:utility.obj
 0001:000037c4       __scrt_initialize_crt      00000001400047c4 f   LIBCMT:utility.obj
 0001:00003810       __scrt_initialize_onexit_tables 0000000140004810 f   LIBCMT:utility.obj
 0001:0000389c       __scrt_is_nonwritable_in_current_image 000000014000489c f   LIBCMT:utility.obj
 0001:00003934       __scrt_release_startup_lock 0000000140004934 f   LIBCMT:utility.obj
 0001:00003958       __scrt_uninitialize_crt    0000000140004958 f   LIBCMT:utility.obj
 0001:00003984       _onexit                    0000000140004984 f   LIBCMT:utility.obj
 0001:000039c0       atexit                     00000001400049c0 f   LIBCMT:utility.obj
 0001:000039d8       __security_init_cookie     00000001400049d8 f   LIBCMT:gs_support.obj
 0001:00003a84       __scrt_initialize_winrt    0000000140004a84 f   LIBCMT:utility_desktop.obj
 0001:00003a84       _matherr                   0000000140004a84 f   LIBCMT:matherr.obj
 0001:00003a84       _get_startup_commit_mode   0000000140004a84 f   LIBCMT:commit_mode.obj
 0001:00003a84       __scrt_stub_for_initialize_mta 0000000140004a84 f   LIBCMT:utility_desktop.obj
 0001:00003a84       _get_startup_thread_locale_mode 0000000140004a84 f   LIBCMT:thread_locale.obj
 0001:00003a84       __scrt_exe_initialize_mta  0000000140004a84 f   LIBCMT:utility_desktop.obj
 0001:00003a84       _get_startup_new_mode      0000000140004a84 f   LIBCMT:new_mode.obj
 0001:00003a88       _get_startup_argv_mode     0000000140004a88 f   LIBCMT:argv_mode.obj
 0001:00003a90       _get_startup_file_mode     0000000140004a90 f   LIBCMT:file_mode.obj
 0001:00003a98       ?__scrt_initialize_type_info@@YAXXZ 0000000140004a98 f   LIBCMT:tncleanup.obj
 0001:00003aa8       __acrt_uninitialize_command_line 0000000140004aa8 f   libucrt:argv_data.obj
 0001:00003aa8       _should_initialize_environment 0000000140004aa8 f   LIBCMT:env_mode.obj
 0001:00003aac       _initialize_invalid_parameter_handler 0000000140004aac f   LIBCMT:invalid_parameter_handler.obj
 0001:00003aac       _initialize_denormal_control 0000000140004aac f   LIBCMT:denormal_control.obj
 0001:00003aac       _guard_check_icall_nop     0000000140004aac f   LIBCMT:guard_support.obj
 0001:00003ab0       __local_stdio_scanf_options 0000000140004ab0 f i LIBCMT:default_local_stdio_options.obj
 0001:00003ab8       __scrt_initialize_default_local_stdio_options 0000000140004ab8 f   LIBCMT:default_local_stdio_options.obj
 0001:00003ad4       __scrt_is_user_matherr_present 0000000140004ad4 f   LIBCMT:matherr_detection.obj
 0001:00003ae0       __scrt_get_dyn_tls_init_callback 0000000140004ae0 f   LIBCMT:dyn_tls_init.obj
 0001:00003ae8       __scrt_get_dyn_tls_dtor_callback 0000000140004ae8 f   LIBCMT:dyn_tls_dtor.obj
 0001:00003af0       __crt_debugger_hook        0000000140004af0 f   LIBCMT:utility_desktop.obj
 0001:00003af8       __scrt_fastfail            0000000140004af8 f   LIBCMT:utility_desktop.obj
 0001:00003c44       __scrt_get_show_window_mode 0000000140004c44 f   LIBCMT:utility_desktop.obj
 0001:00003c80       __scrt_initialize_mta      0000000140004c80 f   LIBCMT:utility_desktop.obj
 0001:00003c88       __scrt_is_managed_app      0000000140004c88 f   LIBCMT:utility_desktop.obj
 0001:00003cdc       __scrt_set_unhandled_exception_filter 0000000140004cdc f   LIBCMT:utility_desktop.obj
 0001:00003cec       __scrt_unhandled_exception_filter 0000000140004cec f   LIBCMT:utility_desktop.obj
 0001:00003d48       _RTC_Initialize            0000000140004d48 f   LIBCMT:initsect.obj
 0001:00003d84       _RTC_Terminate             0000000140004d84 f   LIBCMT:initsect.obj
 0001:00003dc0       __isa_available_init       0000000140004dc0 f   LIBCMT:cpu_disp.obj
 0001:00003f64       __scrt_is_ucrt_dll_in_use  0000000140004f64 f   LIBCMT:ucrt_detection.obj
 0001:00003f70       __C_specific_handler       0000000140004f70 f   libvcruntime:riscchandler.obj
 0001:0000417c       __vcrt_initialize          000000014000517c f   libvcruntime:initialization.obj
 0001:000041a4       __vcrt_uninitialize        00000001400051a4 f   libvcruntime:initialization.obj
 0001:000041c0       __DestructExceptionObject  00000001400051c0 f   libvcruntime:ehhelpers.obj
 0001:00004230       ?_CallMemberFunction0@@YAXQEAX0@Z 0000000140005230 f i libvcruntime:ehhelpers.obj
 0001:00004234       __current_exception        0000000140005234 f   libvcruntime:ehhelpers.obj
 0001:00004248       __current_exception_context 0000000140005248 f   libvcruntime:ehhelpers.obj
 0001:00004270       memset_repmovs             0000000140005270 f   libvcruntime:memset.obj
 0001:00004290       memset                     0000000140005290 f   libvcruntime:memset.obj
 0001:00004430       _NLG_Notify                0000000140005430 f   libvcruntime:notify.obj
 0001:00004450       __NLG_Dispatch2            0000000140005450 f   libvcruntime:notify.obj
 0001:00004460       __NLG_Return2              0000000140005460 f   libvcruntime:notify.obj
 0001:00004464       __except_validate_context_record 0000000140005464 f   libvcruntime:jbcxrval.obj
 0001:0000449c       __vcrt_freefls             000000014000549c f   libvcruntime:per_thread_data.obj
 0001:000044bc       __vcrt_getptd              00000001400054bc f   libvcruntime:per_thread_data.obj
 0001:000044d8       __vcrt_getptd_noexit       00000001400054d8 f   libvcruntime:per_thread_data.obj
 0001:00004598       __vcrt_initialize_ptd      0000000140005598 f   libvcruntime:per_thread_data.obj
 0001:000045e0       __vcrt_uninitialize_ptd    00000001400055e0 f   libvcruntime:per_thread_data.obj
 0001:00004604       __vcrt_initialize_locks    0000000140005604 f   libvcruntime:locks.obj
 0001:00004638       __vcrt_uninitialize_locks  0000000140005638 f   libvcruntime:locks.obj
 0001:000047c0       __vcrt_FlsAlloc            00000001400057c0 f   libvcruntime:winapi_downlevel.obj
 0001:00004808       __vcrt_FlsFree             0000000140005808 f   libvcruntime:winapi_downlevel.obj
 0001:00004850       __vcrt_FlsGetValue         0000000140005850 f   libvcruntime:winapi_downlevel.obj
 0001:00004898       __vcrt_FlsSetValue         0000000140005898 f   libvcruntime:winapi_downlevel.obj
 0001:000048ec       __vcrt_InitializeCriticalSectionEx 00000001400058ec f   libvcruntime:winapi_downlevel.obj
 0001:00004960       memcpy_repmovs             0000000140005960 f   libvcruntime:memcpy.obj
 0001:00004980       memcpy                     0000000140005980 f   libvcruntime:memcpy.obj
 0001:00004980       memmove                    0000000140005980 f   libvcruntime:memcpy.obj
 0001:00005010       _CallSettingFrame          0000000140006010 f   libvcruntime:handlers.obj
 0001:00005060       _CallSettingFrame_LookupContinuationIndex 0000000140006060 f   libvcruntime:handlers.obj
 0001:00005090       _CallSettingFrame_NotifyContinuationAddr 0000000140006090 f   libvcruntime:handlers.obj
 0001:000050c0       _CallSettingFrameEncoded   00000001400060c0 f   libvcruntime:handlers.obj
 0001:000052d4       ??$ensure_buffer_is_big_enough@D@formatting_buffer@__crt_stdio_output@@QEAA_N_K@Z 00000001400062d4 f i libucrt:output.obj
 0001:0000537c       ??$type_case_integer_parse_into_buffer@I@?$output_processor@DV?$string_output_adapter@D@__crt_stdio_output@@V?$format_validation_base@DV?$string_output_adapter@D@__crt_stdio_output@@@2@@__crt_stdio_output@@AEAAXII_N@Z 000000014000637c f i libucrt:output.obj
 0001:00005404       ??$type_case_integer_parse_into_buffer@_K@?$output_processor@DV?$string_output_adapter@D@__crt_stdio_output@@V?$format_validation_base@DV?$string_output_adapter@D@__crt_stdio_output@@@2@@__crt_stdio_output@@AEAAX_KI_N@Z 0000000140006404 f i libucrt:output.obj
 0001:00005494       ??$write_multiple_characters@V?$string_output_adapter@D@__crt_stdio_output@@D@__crt_stdio_output@@YAXAEBV?$string_output_adapter@D@0@DHQEAH@Z 0000000140006494 f i libucrt:output.obj
 0001:0000550c       ??0_LocaleUpdate@@QEAA@QEAU__crt_locale_pointers@@@Z 000000014000650c f i libucrt:output.obj
 0001:000055b0       ?crop_zeroes@__crt_stdio_output@@YAXPEADQEAU__crt_locale_pointers@@@Z 00000001400065b0 f i libucrt:output.obj
 0001:00005650       ?force_decimal_point@__crt_stdio_output@@YAXPEADQEAU__crt_locale_pointers@@@Z 0000000140006650 f i libucrt:output.obj
 0001:000056c8       ?parse_int_from_format_string@?$output_processor@DV?$string_output_adapter@D@__crt_stdio_output@@V?$format_validation_base@DV?$string_output_adapter@D@__crt_stdio_output@@@2@@__crt_stdio_output@@AEAA_NQEAH@Z 00000001400066c8 f i libucrt:output.obj
 0001:0000576c       ?process@?$output_processor@DV?$string_output_adapter@D@__crt_stdio_output@@V?$format_validation_base@DV?$string_output_adapter@D@__crt_stdio_output@@@2@@__crt_stdio_output@@QEAAHXZ 000000014000676c f i libucrt:output.obj
 0001:00005980       ?state_case_normal@?$output_processor@DV?$string_output_adapter@D@__crt_stdio_output@@V?$format_validation_base@DV?$string_output_adapter@D@__crt_stdio_output@@@2@@__crt_stdio_output@@AEAA_NXZ 0000000140006980 f i libucrt:output.obj
 0001:000059f4       ?state_case_normal_tchar@?$output_processor@DV?$string_output_adapter@D@__crt_stdio_output@@V?$format_validation_base@DV?$string_output_adapter@D@__crt_stdio_output@@@2@@__crt_stdio_output@@AEAA_ND@Z 00000001400069f4 f i libucrt:output.obj
 0001:00005a9c       ?state_case_size@?$output_processor@DV?$string_output_adapter@D@__crt_stdio_output@@V?$format_validation_base@DV?$string_output_adapter@D@__crt_stdio_output@@@2@@__crt_stdio_output@@AEAA_NXZ 0000000140006a9c f i libucrt:output.obj
 0001:00005c0c       ?state_case_type@?$output_processor@DV?$string_output_adapter@D@__crt_stdio_output@@V?$format_validation_base@DV?$string_output_adapter@D@__crt_stdio_output@@@2@@__crt_stdio_output@@AEAA_NXZ 0000000140006c0c f i libucrt:output.obj
 0001:00005e80       ?to_integer_size@__crt_stdio_output@@YA_KW4length_modifier@1@@Z 0000000140006e80 f i libucrt:output.obj
 0001:00005ee8       ?type_case_Z@?$output_processor@DV?$string_output_adapter@D@__crt_stdio_output@@V?$format_validation_base@DV?$string_output_adapter@D@__crt_stdio_output@@@2@@__crt_stdio_output@@AEAA_NXZ 0000000140006ee8 f i libucrt:output.obj
 0001:00005f5c       ?type_case_a@?$output_processor@DV?$string_output_adapter@D@__crt_stdio_output@@V?$format_validation_base@DV?$string_output_adapter@D@__crt_stdio_output@@@2@@__crt_stdio_output@@AEAA_NXZ 0000000140006f5c f i libucrt:output.obj
 0001:00006118       ?type_case_c_tchar@?$output_processor@DV?$string_output_adapter@D@__crt_stdio_output@@V?$format_validation_base@DV?$string_output_adapter@D@__crt_stdio_output@@@2@@__crt_stdio_output@@AEAA_ND@Z 0000000140007118 f i libucrt:output.obj
 0001:000061e0       ?type_case_integer@?$output_processor@DV?$string_output_adapter@D@__crt_stdio_output@@V?$format_validation_base@DV?$string_output_adapter@D@__crt_stdio_output@@@2@@__crt_stdio_output@@AEAA_NI_N@Z 00000001400071e0 f i libucrt:output.obj
 0001:00006360       ?type_case_n@?$output_processor@DV?$string_output_adapter@D@__crt_stdio_output@@V?$format_validation_base@DV?$string_output_adapter@D@__crt_stdio_output@@@2@@__crt_stdio_output@@AEAA_NXZ 0000000140007360 f i libucrt:output.obj
 0001:000063e8       ?type_case_s@?$output_processor@DV?$string_output_adapter@D@__crt_stdio_output@@V?$format_validation_base@DV?$string_output_adapter@D@__crt_stdio_output@@@2@@__crt_stdio_output@@AEAA_NXZ 00000001400073e8 f i libucrt:output.obj
 0001:00006480       ?write_stored_string_tchar@?$output_processor@DV?$string_output_adapter@D@__crt_stdio_output@@V?$format_validation_base@DV?$string_output_adapter@D@__crt_stdio_output@@@2@@__crt_stdio_output@@AEAA_ND@Z 0000000140007480 f i libucrt:output.obj
 0001:0000655c       ?write_string@?$string_output_adapter@D@__crt_stdio_output@@QEBAXQEBDHQEAHAEAV__crt_deferred_errno_cache@@@Z 000000014000755c f i libucrt:output.obj
 0001:00006600       __stdio_common_vsnprintf_s 0000000140007600 f   libucrt:output.obj
 0001:0000674c       _seh_filter_exe            000000014000774c f   libucrt:exception_filter.obj
 0001:000068d0       _query_app_type            00000001400078d0 f   libucrt:report_runtime_error.obj
 0001:000068d8       _set_app_type              00000001400078d8 f   libucrt:report_runtime_error.obj
 0001:000068e0       __acrt_has_user_matherr    00000001400078e0 f   libucrt:matherr.obj
 0001:00006900       __acrt_initialize_user_matherr 0000000140007900 f   libucrt:matherr.obj
 0001:00006908       __acrt_invoke_user_matherr 0000000140007908 f   libucrt:matherr.obj
 0001:00006938       __setusermatherr           0000000140007938 f   libucrt:matherr.obj
 0001:00006b20       __acrt_allocate_buffer_for_argv 0000000140007b20 f   libucrt:argv_parsing.obj
 0001:00006b80       _configure_narrow_argv     0000000140007b80 f   libucrt:argv_parsing.obj
 0001:00006ef8       __dcrt_uninitialize_environments_nolock 0000000140007ef8 f   libucrt:environment_initialization.obj
 0001:00006f30       _initialize_narrow_environment 0000000140007f30 f   libucrt:environment_initialization.obj
 0001:00006f38       _get_narrow_winmain_command_line 0000000140007f38 f   libucrt:argv_winmain.obj
 0001:00006fa8       _initterm                  0000000140007fa8 f   libucrt:initterm.obj
 0001:0000700c       _initterm_e                000000014000800c f   libucrt:initterm.obj
 0001:000072b8       __acrt_initialize_thread_local_exit_callback 00000001400082b8 f   libucrt:exit.obj
 0001:000072c0       _c_exit                    00000001400082c0 f   libucrt:exit.obj
 0001:000072d0       _cexit                     00000001400082d0 f   libucrt:exit.obj
 0001:000072e0       _exit                      00000001400082e0 f   libucrt:exit.obj
 0001:000072ec       _register_thread_local_exe_atexit_callback 00000001400082ec f   libucrt:exit.obj
 0001:00007328       exit                       0000000140008328 f   libucrt:exit.obj
 0001:00007334       _set_fmode                 0000000140008334 f   libucrt:setmode.obj
 0001:000073e4       __acrt_set_locale_changed  00000001400083e4 f   libucrt:wsetlocale.obj
 0001:000073f0       __acrt_uninitialize_locale 00000001400083f0 f   libucrt:wsetlocale.obj
 0001:00007420       _configthreadlocale        0000000140008420 f   libucrt:wsetlocale.obj
 0001:0000748c       _query_new_mode            000000014000848c f   libucrt:new_mode.obj
 0001:00007494       _set_new_mode              0000000140008494 f   libucrt:new_mode.obj
 0001:000074c0       __p__commode               00000001400084c0 f   libucrt:ncommode.obj
 0001:00007808       _crt_atexit                0000000140008808 f   libucrt:onexit.obj
 0001:00007818       _execute_onexit_table      0000000140008818 f   libucrt:onexit.obj
 0001:00007854       _initialize_onexit_table   0000000140008854 f   libucrt:onexit.obj
 0001:0000787c       _register_onexit_function  000000014000887c f   libucrt:onexit.obj
 0001:000079f0       __acrt_initialize          00000001400089f0 f   libucrt:initialization.obj
 0001:00007a04       __acrt_uninitialize        0000000140008a04 f   libucrt:initialization.obj
 0001:00007a3c       terminate                  0000000140008a3c f   libucrt:terminate.obj
 0001:00007a5c       free                       0000000140008a5c f   libucrt:free.obj
 0001:00007a70       strcpy_s                   0000000140008a70 f   libucrt:strcpy_s.obj
 0001:00007ad0       abort                      0000000140008ad0 f   libucrt:abort.obj
 0001:00007b28       calloc                     0000000140008b28 f   libucrt:calloc.obj
 0001:00007b30       ??$parse_integer@KV?$c_string_character_source@D@__crt_strtox@@@__crt_strtox@@YAKQEAU__crt_locale_pointers@@V?$c_string_character_source@D@0@H_N@Z 0000000140008b30 f i libucrt:atox.obj
 0001:00007e34       _ischartype_l              0000000140008e34 f i libucrt:atox.obj
 0001:00007ec0       strncmp                    0000000140008ec0 f   libucrt:strncmp.obj
 0001:00007f40       wcsncmp                    0000000140008f40 f   libucrt:wcsncmp.obj
 0001:00007f6c       __acrt_call_reportfault    0000000140008f6c f   libucrt:invalid_parameter.obj
 0001:000080c8       __acrt_initialize_invalid_parameter_handler 00000001400090c8 f   libucrt:invalid_parameter.obj
 0001:000080d0       _invalid_parameter         00000001400090d0 f   libucrt:invalid_parameter.obj
 0001:00008180       _invalid_parameter_noinfo  0000000140009180 f   libucrt:invalid_parameter.obj
 0001:000081a0       _invoke_watson             00000001400091a0 f   libucrt:invalid_parameter.obj
 0001:000081e8       __acrt_errno_from_os_error 00000001400091e8 f   libucrt:errno.obj
 0001:00008230       __acrt_errno_map_os_error  0000000140009230 f   libucrt:errno.obj
 0001:00008280       __doserrno                 0000000140009280 f   libucrt:errno.obj
 0001:000082a0       _errno                     00000001400092a0 f   libucrt:errno.obj
 0001:000082c0       _free_base                 00000001400092c0 f   libucrt:free_base.obj
 0001:00008300       _malloc_base               0000000140009300 f   libucrt:malloc_base.obj
 0001:00008360       strtol                     0000000140009360 f   libucrt:strtox.obj
 0001:0000838c       _mbtowc_l                  000000014000938c f   libucrt:mbtowc.obj
 0001:0000850c       mbtowc                     000000014000950c f   libucrt:mbtowc.obj
 0001:00008514       _wctomb_s_l                0000000140009514 f   libucrt:wctomb.obj
 0001:000086b0       strnlen                    00000001400096b0 f   libucrt:strnlen.obj
 0001:00008800       wcsnlen                    0000000140009800 f   libucrt:strnlen.obj
 0001:00008d50       __acrt_getptd              0000000140009d50 f   libucrt:per_thread_data.obj
 0001:00008e24       __acrt_getptd_head         0000000140009e24 f   libucrt:per_thread_data.obj
 0001:00008ecc       __acrt_getptd_noexit       0000000140009ecc f   libucrt:per_thread_data.obj
 0001:00008f98       __acrt_initialize_ptd      0000000140009f98 f   libucrt:per_thread_data.obj
 0001:00008fd4       __acrt_uninitialize_ptd    0000000140009fd4 f   libucrt:per_thread_data.obj
 0001:00008ff8       __acrt_update_locale_info  0000000140009ff8 f   libucrt:locale_update.obj
 0001:0000902c       __acrt_update_multibyte_info 000000014000a02c f   libucrt:locale_update.obj
 0001:00009a6c       __acrt_fp_format           000000014000aa6c f   libucrt:cvt.obj
 0001:00009da4       _fileno                    000000014000ada4 f   libucrt:fileno.obj
 0001:00009dcc       __acrt_initialize_stdio    000000014000adcc f   libucrt:_file.obj
 0001:00009eec       __acrt_uninitialize_stdio  000000014000aeec f   libucrt:_file.obj
 0001:00009f48       _lock_file                 000000014000af48 f   libucrt:_file.obj
 0001:00009f54       _unlock_file               000000014000af54 f   libucrt:_file.obj
 0001:00009f60       _get_printf_count_output   000000014000af60 f   libucrt:printf_count_output.obj
 0001:0000a174       __acrt_initialize_lowio    000000014000b174 f   libucrt:ioinit.obj
 0001:0000a1b0       __acrt_uninitialize_lowio  000000014000b1b0 f   libucrt:ioinit.obj
 0001:0000a1f0       _calloc_base               000000014000b1f0 f   libucrt:calloc_base.obj
 0001:0000a27c       ??$__acrt_mbs_to_wcs_cp@U__crt_win32_buffer_internal_dynamic_resizing@@@@YAHQEBDAEAV?$__crt_win32_buffer@_WU__crt_win32_buffer_internal_dynamic_resizing@@@@I@Z 000000014000b27c f i libucrt:argv_wildcards.obj
 0001:0000a3f4       ??$__acrt_wcs_to_mbs_cp@U__crt_win32_buffer_internal_dynamic_resizing@@@@YAHQEB_WAEAV?$__crt_win32_buffer@DU__crt_win32_buffer_internal_dynamic_resizing@@@@I@Z 000000014000b3f4 f i libucrt:argv_wildcards.obj
 0001:0000ac24       __acrt_expand_narrow_argv_wildcards 000000014000bc24 f   libucrt:argv_wildcards.obj
 0001:0000ac2c       ??$__acrt_wcs_to_mbs_cp@U__crt_win32_buffer_no_resizing@@@@YAHQEB_WAEAV?$__crt_win32_buffer@DU__crt_win32_buffer_no_resizing@@@@I@Z 000000014000bc2c f i libucrt:getmodulefilenamea.obj
 0001:0000ad40       __acrt_GetModuleFileNameA  000000014000bd40 f   libucrt:getmodulefilenamea.obj
 0001:0000b588       __acrt_initialize_multibyte 000000014000c588 f   libucrt:mbctype.obj
 0001:0000b5e8       __acrt_update_thread_multibyte_data 000000014000c5e8 f   libucrt:mbctype.obj
 0001:0000b604       _setmbcp_nolock            000000014000c604 f   libucrt:mbctype.obj
 0001:0000b938       _ismbblead                 000000014000c938 f   libucrt:ismbbyte.obj
 0001:0000b94c       __acrt_initialize_command_line 000000014000c94c f   libucrt:argv_data.obj
 0001:0000b974       __acrt_MultiByteToWideChar 000000014000c974 f   libucrt:multibytetowidechar.obj
 0001:0000b9d0       __acrt_WideCharToMultiByte 000000014000c9d0 f   libucrt:widechartomultibyte.obj
 0001:0000ba80       __dcrt_get_narrow_environment_from_os 000000014000ca80 f   libucrt:get_environment_from_os.obj
 0001:0000bb84       __acrt_initialize_locks    000000014000cb84 f   libucrt:locks.obj
 0001:0000bbcc       __acrt_lock                000000014000cbcc f   libucrt:locks.obj
 0001:0000bbe8       __acrt_uninitialize_locks  000000014000cbe8 f   libucrt:locks.obj
 0001:0000bc20       __acrt_unlock              000000014000cc20 f   libucrt:locks.obj
 0001:0000bc3c       __acrt_get_process_end_policy 000000014000cc3c f   libucrt:win_policies.obj
 0001:0000bc78       __acrt_lowio_create_handle_array 000000014000cc78 f   libucrt:osfinfo.obj
 0001:0000bd20       __acrt_lowio_destroy_handle_array 000000014000cd20 f   libucrt:osfinfo.obj
 0001:0000bd70       __acrt_lowio_ensure_fh_exists 000000014000cd70 f   libucrt:osfinfo.obj
 0001:0000be18       __acrt_lowio_lock_fh       000000014000ce18 f   libucrt:osfinfo.obj
 0001:0000be40       __acrt_lowio_unlock_fh     000000014000ce40 f   libucrt:osfinfo.obj
 0001:0000be68       _free_osfhnd               000000014000ce68 f   libucrt:osfinfo.obj
 0001:0000bf24       _get_osfhandle             000000014000cf24 f   libucrt:osfinfo.obj
 0001:0000bf9c       __acrt_initialize_fmode    000000014000cf9c f   libucrt:txtmode.obj
 0001:0000bfb8       __acrt_locale_free_monetary 000000014000cfb8 f   libucrt:initmon.obj
 0001:0000c0c4       __acrt_locale_free_numeric 000000014000d0c4 f   libucrt:initnum.obj
 0001:0000c188       __acrt_locale_free_time    000000014000d188 f   libucrt:inittime.obj
 0001:0000c290       __pctype_func              000000014000d290 f   libucrt:ctype.obj
 0001:0000c2c0       __acrt_GetStringTypeA      000000014000d2c0 f   libucrt:getstringtypea.obj
 0001:0000c450       __acrt_add_locale_ref      000000014000d450 f   libucrt:locale_refcounting.obj
 0001:0000c4dc       __acrt_free_locale         000000014000d4dc f   libucrt:locale_refcounting.obj
 0001:0000c654       __acrt_locale_add_lc_time_reference 000000014000d654 f   libucrt:locale_refcounting.obj
 0001:0000c67c       __acrt_locale_free_lc_time_if_unreferenced 000000014000d67c f   libucrt:locale_refcounting.obj
 0001:0000c6b4       __acrt_locale_release_lc_time_reference 000000014000d6b4 f   libucrt:locale_refcounting.obj
 0001:0000c6dc       __acrt_release_locale_ref  000000014000d6dc f   libucrt:locale_refcounting.obj
 0001:0000c784       __acrt_update_thread_locale_data 000000014000d784 f   libucrt:locale_refcounting.obj
 0001:0000c7f4       _updatetlocinfoEx_nolock   000000014000d7f4 f   libucrt:locale_refcounting.obj
 0001:0000ca34       __acrt_AppPolicyGetProcessTerminationMethodInternal 000000014000da34 f   libucrt:winapi_thunks.obj
 0001:0000ca84       __acrt_AreFileApisANSI     000000014000da84 f   libucrt:winapi_thunks.obj
 0001:0000cac0       __acrt_FlsAlloc            000000014000dac0 f   libucrt:winapi_thunks.obj
 0001:0000cb08       __acrt_FlsFree             000000014000db08 f   libucrt:winapi_thunks.obj
 0001:0000cb50       __acrt_FlsGetValue         000000014000db50 f   libucrt:winapi_thunks.obj
 0001:0000cb98       __acrt_FlsSetValue         000000014000db98 f   libucrt:winapi_thunks.obj
 0001:0000cbec       __acrt_InitializeCriticalSectionEx 000000014000dbec f   libucrt:winapi_thunks.obj
 0001:0000cc50       __acrt_LCMapStringEx       000000014000dc50 f   libucrt:winapi_thunks.obj
 0001:0000cd2c       __acrt_LocaleNameToLCID    000000014000dd2c f   libucrt:winapi_thunks.obj
 0001:0000cd7c       __acrt_initialize_winapi_thunks 000000014000dd7c f   libucrt:winapi_thunks.obj
 0001:0000cdb0       __acrt_uninitialize_winapi_thunks 000000014000ddb0 f   libucrt:winapi_thunks.obj
 0001:0000cdf4       _recalloc_base             000000014000ddf4 f   libucrt:recalloc.obj
 0001:0000ce8c       __acrt_initialize_heap     000000014000de8c f   libucrt:heap_handle.obj
 0001:0000cea8       __acrt_uninitialize_heap   000000014000dea8 f   libucrt:heap_handle.obj
 0001:0000ceb4       __acrt_execute_initializers 000000014000deb4 f   libucrt:shared_initialization.obj
 0001:0000cf34       __acrt_execute_uninitializers 000000014000df34 f   libucrt:shared_initialization.obj
 0001:0000cf70       __acrt_initialize_new_handler 000000014000df70 f   libucrt:new_handler.obj
 0001:0000cf78       _callnewh                  000000014000df78 f   libucrt:new_handler.obj
 0001:0000cfa8       _query_new_handler         000000014000dfa8 f   libucrt:new_handler.obj
 0001:0000d024       __acrt_get_sigabrt_handler 000000014000e024 f   libucrt:signal.obj
 0001:0000d054       __acrt_initialize_signal_handlers 000000014000e054 f   libucrt:signal.obj
 0001:0000d074       raise                      000000014000e074 f   libucrt:signal.obj
 0001:0000d4bc       __acrt_stdio_flush_nolock  000000014000e4bc f   libucrt:fflush.obj
 0001:0000d538       _fflush_nolock             000000014000e538 f   libucrt:fflush.obj
 0001:0000d584       _flushall                  000000014000e584 f   libucrt:fflush.obj
 0001:0000d58c       _isctype_l                 000000014000e58c f   libucrt:isctype.obj
 0001:0000d694       _isleadbyte_l              000000014000e694 f i libucrt:_wctype.obj
 0001:0000d6e0       ?__mbrtowc_utf8@__crt_mbstring@@YA_KPEA_WPEBD_KPEAU_Mbstatet@@@Z 000000014000e6e0 f   libucrt:mbrtowc.obj
 0001:0000d71c       ?__mbsrtowcs_utf8@__crt_mbstring@@YA_KPEA_WPEAPEBD_KPEAU_Mbstatet@@@Z 000000014000e71c f   libucrt:mbrtowc.obj
 0001:0000d894       ?__c32rtomb_utf8@__crt_mbstring@@YA_KPEAD_UPEAU_Mbstatet@@@Z 000000014000e894 f   libucrt:c32rtomb.obj
 0001:0000d948       __acrt_fp_strflt_to_string 000000014000e948 f   libucrt:_fptostr.obj
 0001:0000dab0       ?divide@__crt_strtox@@YA_KAEAUbig_integer@1@AEBU21@@Z 000000014000eab0 f i libucrt:cfout.obj
 0001:0000dedc       __acrt_fltout              000000014000eedc f   libucrt:cfout.obj
 0001:0000f1a8       fegetround                 00000001400101a8 f   libucrt:fegetround.obj
 0001:0000f1bc       _fcloseall                 00000001400101bc f   libucrt:closeall.obj
 0001:0000f270       __acrt_stdio_free_buffer_nolock 0000000140010270 f   libucrt:_freebuf.obj
 0001:0000f2b0       _isatty                    00000001400102b0 f   libucrt:isatty.obj
 0001:0000f310       qsort                      0000000140010310 f   libucrt:qsort.obj
 0001:0000f6b0       strncpy_s                  00000001400106b0 f   libucrt:strncpy_s.obj
 0001:0000f830       strpbrk                    0000000140010830 f   libucrt:strpbrk.obj
 0001:0000fbf8       _mbsdec                    0000000140010bf8 f   libucrt:mbsdec.obj
 0001:0000fc00       _mbsdec_l                  0000000140010c00 f   libucrt:mbsdec.obj
 0001:0000ffac       __acrt_LCMapStringA        0000000140010fac f   libucrt:lcmapstringa.obj
 0001:0001005c       __ascii_wcsnicmp           000000014001105c f   libucrt:wcsnicmp.obj
 0001:000100a8       __acrt_DownlevelLocaleNameToLCID 00000001400110a8 f   libucrt:lcidtoname_downlevel.obj
 0001:00010158       _msize_base                0000000140011158 f   libucrt:msize.obj
 0001:00010194       _realloc_base              0000000140011194 f   libucrt:realloc_base.obj
 0001:0001029c       _commit                    000000014001129c f   libucrt:commit.obj
 0001:00010bac       _write                     0000000140011bac f   libucrt:write.obj
 0001:00010c98       _write_nolock              0000000140011c98 f   libucrt:write.obj
 0001:00010f7c       ?__mbrtoc32_utf8@__crt_mbstring@@YA_KPEA_UPEBD_KPEAU_Mbstatet@@@Z 0000000140011f7c f   libucrt:mbrtoc32.obj
 0001:00011154       _controlfp_s               0000000140012154 f   libucrt:contrlfp.obj
 0001:000111b8       fegetenv                   00000001400121b8 f   libucrt:fegetenv.obj
 0001:000111d8       fesetenv                   00000001400121d8 f   libucrt:fesetenv.obj
 0001:00011224       feholdexcept               0000000140012224 f   libucrt:feholdexcept.obj
 0001:00011274       ceil                       0000000140012274 f   libucrt:ceil.obj
 0001:00011340       log10                      0000000140012340 f   libucrt:log10.obj
 0001:000118ec       __acrt_fenv_get_common_round_control 00000001400128ec f   libucrt:_fenvutils.obj
 0001:000118f8       __acrt_fenv_get_control    00000001400128f8 f   libucrt:_fenvutils.obj
 0001:000119ec       __acrt_fenv_get_status     00000001400129ec f   libucrt:_fenvutils.obj
 0001:00011a40       __acrt_fenv_set_control    0000000140012a40 f   libucrt:_fenvutils.obj
 0001:00011b88       __acrt_fenv_set_status     0000000140012b88 f   libucrt:_fenvutils.obj
 0001:00011ca8       _lseeki64_nolock           0000000140012ca8 f   libucrt:lseek.obj
 0001:00011cb0       _fclose_nolock             0000000140012cb0 f   libucrt:fclose.obj
 0001:00011d34       fclose                     0000000140012d34 f   libucrt:fclose.obj
 0001:00011d98       __strncnt                  0000000140012d98 f   libucrt:strncnt.obj
 0001:00011db0       _putwch_nolock             0000000140012db0 f   libucrt:putwch.obj
 0001:00011dec       _clearfp                   0000000140012dec f   libucrt:ieee.obj
 0001:00011e5c       _control87                 0000000140012e5c f   libucrt:ieee.obj
 0001:00012248       _handle_error              0000000140013248 f   libucrt:libm_error.obj
 0001:00012370       _handle_nan                0000000140013370 f   libucrt:libm_error.obj
 0001:00012390       __acrt_initialize_fma3     0000000140013390 f   libucrt:fma3_available.obj
 0001:00012400       _log10_special             0000000140013400 f   libucrt:log_special.obj
 0001:0001252c       _close                     000000014001352c f   libucrt:close.obj
 0001:000125d0       _close_nolock              00000001400135d0 f   libucrt:close.obj
 0001:00012690       ?__acrt_stdio_free_stream@@YAXV__crt_stdio_stream@@@Z 0000000140013690 f   libucrt:stream.obj
 0001:000126ac       __dcrt_lowio_ensure_console_output_initialized 00000001400136ac f   libucrt:initcon.obj
 0001:00012700       __dcrt_terminate_console_output 0000000140013700 f   libucrt:initcon.obj
 0001:0001271c       __dcrt_write_console       000000014001371c f   libucrt:initcon.obj
 0001:000127f0       _get_fpsr                  00000001400137f0 f   libucrt:fpsr.obj
 0001:00012800       _set_fpsr                  0000000140013800 f   libucrt:fpsr.obj
 0001:0001280a       _fclrf                     000000014001380a f   libucrt:fpsr.obj
 0001:0001281e       _frnd                      000000014001381e f   libucrt:fpsr.obj
 0001:00012840       _raise_exc                 0000000140013840 f   libucrt:fpexcept.obj
 0001:00012868       _raise_exc_ex              0000000140013868 f   libucrt:fpexcept.obj
 0001:00012b78       _set_errno_from_matherr    0000000140013b78 f   libucrt:fpexcept.obj
 0001:00012ba8       _clrfp                     0000000140013ba8 f   libucrt:fpctrl.obj
 0001:00012bc8       _ctrlfp                    0000000140013bc8 f   libucrt:fpctrl.obj
 0001:00012c44       _set_statfp                0000000140013c44 f   libucrt:fpctrl.obj
 0001:00012c64       _statfp                    0000000140013c64 f   libucrt:fpctrl.obj
 0001:00012c80       _FindPESection             0000000140013c80 f   LIBCMT:pesect.obj
 0001:00012cd0       _IsNonwritableInCurrentImage 0000000140013cd0 f   LIBCMT:pesect.obj
 0001:00012d20       _ValidateImageBase         0000000140013d20 f   LIBCMT:pesect.obj
 0001:00012d60       memcmp                     0000000140013d60 f   libvcruntime:memcmp.obj
 0001:00012e28       strrchr                    0000000140013e28 f   libvcruntime:strrchr.obj
 0001:00012f70       _guard_dispatch_icall_nop  0000000140013f70 f   LIBCMT:guard_dispatch.obj
 0001:00012f90       _guard_xfg_dispatch_icall_nop 0000000140013f90 f   LIBCMT:guard_xfg_dispatch.obj
 0002:00000000       __imp_StretchDIBits        0000000140015000     gdi32:GDI32.dll
 0002:00000008       \177GDI32_NULL_THUNK_DATA  0000000140015008     gdi32:GDI32.dll
 0002:00000010       __imp_CreateFileW          0000000140015010     kernel32:KERNEL32.dll
 0002:00000018       __imp_GetConsoleMode       0000000140015018     kernel32:KERNEL32.dll
 0002:00000020       __imp_GetConsoleOutputCP   0000000140015020     kernel32:KERNEL32.dll
 0002:00000028       __imp_WriteConsoleW        0000000140015028     kernel32:KERNEL32.dll
 0002:00000030       __imp_HeapReAlloc          0000000140015030     kernel32:KERNEL32.dll
 0002:00000038       __imp_HeapSize             0000000140015038     kernel32:KERNEL32.dll
 0002:00000040       __imp_SetFilePointerEx     0000000140015040     kernel32:KERNEL32.dll
 0002:00000048       __imp_FlushFileBuffers     0000000140015048     kernel32:KERNEL32.dll
 0002:00000050       __imp_LeaveCriticalSection 0000000140015050     kernel32:KERNEL32.dll
 0002:00000058       __imp_GetProcessHeap       0000000140015058     kernel32:KERNEL32.dll
 0002:00000060       __imp_LCMapStringW         0000000140015060     kernel32:KERNEL32.dll
 0002:00000068       __imp_CompareFileTime      0000000140015068     kernel32:KERNEL32.dll
 0002:00000070       __imp_CreateFileA          0000000140015070     kernel32:KERNEL32.dll
 0002:00000078       __imp_FindClose            0000000140015078     kernel32:KERNEL32.dll
 0002:00000080       __imp_FindFirstFileA       0000000140015080     kernel32:KERNEL32.dll
 0002:00000088       __imp_GetFileSizeEx        0000000140015088     kernel32:KERNEL32.dll
 0002:00000090       __imp_ReadFile             0000000140015090     kernel32:KERNEL32.dll
 0002:00000098       __imp_WriteFile            0000000140015098     kernel32:KERNEL32.dll
 0002:000000a0       __imp_OutputDebugStringA   00000001400150a0     kernel32:KERNEL32.dll
 0002:000000a8       __imp_CloseHandle          00000001400150a8     kernel32:KERNEL32.dll
 0002:000000b0       __imp_QueryPerformanceCounter 00000001400150b0     kernel32:KERNEL32.dll
 0002:000000b8       __imp_Sleep                00000001400150b8     kernel32:KERNEL32.dll
 0002:000000c0       __imp_VirtualAlloc         00000001400150c0     kernel32:KERNEL32.dll
 0002:000000c8       __imp_VirtualFree          00000001400150c8     kernel32:KERNEL32.dll
 0002:000000d0       __imp_FreeLibrary          00000001400150d0     kernel32:KERNEL32.dll
 0002:000000d8       __imp_GetModuleFileNameA   00000001400150d8     kernel32:KERNEL32.dll
 0002:000000e0       __imp_GetProcAddress       00000001400150e0     kernel32:KERNEL32.dll
 0002:000000e8       __imp_LoadLibraryA         00000001400150e8     kernel32:KERNEL32.dll
 0002:000000f0       __imp_CopyFileA            00000001400150f0     kernel32:KERNEL32.dll
 0002:000000f8       __imp_RtlCaptureContext    00000001400150f8     kernel32:KERNEL32.dll
 0002:00000100       __imp_RtlLookupFunctionEntry 0000000140015100     kernel32:KERNEL32.dll
 0002:00000108       __imp_RtlVirtualUnwind     0000000140015108     kernel32:KERNEL32.dll
 0002:00000110       __imp_UnhandledExceptionFilter 0000000140015110     kernel32:KERNEL32.dll
 0002:00000118       __imp_SetUnhandledExceptionFilter 0000000140015118     kernel32:KERNEL32.dll
 0002:00000120       __imp_GetCurrentProcess    0000000140015120     kernel32:KERNEL32.dll
 0002:00000128       __imp_TerminateProcess     0000000140015128     kernel32:KERNEL32.dll
 0002:00000130       __imp_IsProcessorFeaturePresent 0000000140015130     kernel32:KERNEL32.dll
 0002:00000138       __imp_GetCurrentProcessId  0000000140015138     kernel32:KERNEL32.dll
 0002:00000140       __imp_GetCurrentThreadId   0000000140015140     kernel32:KERNEL32.dll
 0002:00000148       __imp_GetSystemTimeAsFileTime 0000000140015148     kernel32:KERNEL32.dll
 0002:00000150       __imp_InitializeSListHead  0000000140015150     kernel32:KERNEL32.dll
 0002:00000158       __imp_IsDebuggerPresent    0000000140015158     kernel32:KERNEL32.dll
 0002:00000160       __imp_GetStartupInfoW      0000000140015160     kernel32:KERNEL32.dll
 0002:00000168       __imp_GetModuleHandleW     0000000140015168     kernel32:KERNEL32.dll
 0002:00000170       __imp_RtlUnwindEx          0000000140015170     kernel32:KERNEL32.dll
 0002:00000178       __imp_GetLastError         0000000140015178     kernel32:KERNEL32.dll
 0002:00000180       __imp_SetLastError         0000000140015180     kernel32:KERNEL32.dll
 0002:00000188       __imp_EnterCriticalSection 0000000140015188     kernel32:KERNEL32.dll
 0002:00000190       __imp_DeleteCriticalSection 0000000140015190     kernel32:KERNEL32.dll
 0002:00000198       __imp_InitializeCriticalSectionAndSpinCount 0000000140015198     kernel32:KERNEL32.dll
 0002:000001a0       __imp_TlsAlloc             00000001400151a0     kernel32:KERNEL32.dll
 0002:000001a8       __imp_TlsGetValue          00000001400151a8     kernel32:KERNEL32.dll
 0002:000001b0       __imp_TlsSetValue          00000001400151b0     kernel32:KERNEL32.dll
 0002:000001b8       __imp_TlsFree              00000001400151b8     kernel32:KERNEL32.dll
 0002:000001c0       __imp_LoadLibraryExW       00000001400151c0     kernel32:KERNEL32.dll
 0002:000001c8       __imp_RaiseException       00000001400151c8     kernel32:KERNEL32.dll
 0002:000001d0       __imp_GetStdHandle         00000001400151d0     kernel32:KERNEL32.dll
 0002:000001d8       __imp_GetModuleFileNameW   00000001400151d8     kernel32:KERNEL32.dll
 0002:000001e0       __imp_ExitProcess          00000001400151e0     kernel32:KERNEL32.dll
 0002:000001e8       __imp_GetModuleHandleExW   00000001400151e8     kernel32:KERNEL32.dll
 0002:000001f0       __imp_HeapFree             00000001400151f0     kernel32:KERNEL32.dll
 0002:000001f8       __imp_HeapAlloc            00000001400151f8     kernel32:KERNEL32.dll
 0002:00000200       __imp_GetFileType          0000000140015200     kernel32:KERNEL32.dll
 0002:00000208       __imp_FindFirstFileExW     0000000140015208     kernel32:KERNEL32.dll
 0002:00000210       __imp_FindNextFileW        0000000140015210     kernel32:KERNEL32.dll
 0002:00000218       __imp_IsValidCodePage      0000000140015218     kernel32:KERNEL32.dll
 0002:00000220       __imp_GetACP               0000000140015220     kernel32:KERNEL32.dll
 0002:00000228       __imp_GetOEMCP             0000000140015228     kernel32:KERNEL32.dll
 0002:00000230       __imp_GetCPInfo            0000000140015230     kernel32:KERNEL32.dll
 0002:00000238       __imp_GetCommandLineA      0000000140015238     kernel32:KERNEL32.dll
 0002:00000240       __imp_GetCommandLineW      0000000140015240     kernel32:KERNEL32.dll
 0002:00000248       __imp_MultiByteToWideChar  0000000140015248     kernel32:KERNEL32.dll
 0002:00000250       __imp_WideCharToMultiByte  0000000140015250     kernel32:KERNEL32.dll
 0002:00000258       __imp_GetEnvironmentStringsW 0000000140015258     kernel32:KERNEL32.dll
 0002:00000260       __imp_FreeEnvironmentStringsW 0000000140015260     kernel32:KERNEL32.dll
 0002:00000268       __imp_SetStdHandle         0000000140015268     kernel32:KERNEL32.dll
 0002:00000270       __imp_GetStringTypeW       0000000140015270     kernel32:KERNEL32.dll
 0002:00000278       \177KERNEL32_NULL_THUNK_DATA 0000000140015278     kernel32:KERNEL32.dll
 0002:00000280       __imp_DispatchMessageA     0000000140015280     user32:USER32.dll
 0002:00000288       __imp_PeekMessageA         0000000140015288     user32:USER32.dll
 0002:00000290       __imp_DefWindowProcA       0000000140015290     user32:USER32.dll
 0002:00000298       __imp_GetClientRect        0000000140015298     user32:USER32.dll
 0002:000002a0       __imp_EndPaint             00000001400152a0     user32:USER32.dll
 0002:000002a8       __imp_BeginPaint           00000001400152a8     user32:USER32.dll
 0002:000002b0       __imp_GetDC                00000001400152b0     user32:USER32.dll
 0002:000002b8       __imp_CreateWindowExA      00000001400152b8     user32:USER32.dll
 0002:000002c0       __imp_RegisterClassA       00000001400152c0     user32:USER32.dll
 0002:000002c8       __imp_TranslateMessage     00000001400152c8     user32:USER32.dll
 0002:000002d0       \177USER32_NULL_THUNK_DATA 00000001400152d0     user32:USER32.dll
 0002:000002d8       __imp_timeBeginPeriod      00000001400152d8     winmm:WINMM.dll
 0002:000002e0       \177WINMM_NULL_THUNK_DATA  00000001400152e0     winmm:WINMM.dll
 0002:000002e8       __guard_check_icall_fptr   00000001400152e8     LIBCMT:guard_support.obj
 0002:000002f0       __guard_xfg_check_icall_fptr 00000001400152f0     LIBCMT:guard_support.obj
 0002:000002f8       __guard_dispatch_icall_fptr 00000001400152f8     LIBCMT:guard_support.obj
 0002:00000300       __guard_xfg_dispatch_icall_fptr 0000000140015300     LIBCMT:guard_support.obj
 0002:00000308       __guard_xfg_table_dispatch_icall_fptr 0000000140015308     LIBCMT:guard_support.obj
 0002:00000310       __xc_a                     0000000140015310     LIBCMT:initializers.obj
 0002:00000320       __xc_z                     0000000140015320     LIBCMT:initializers.obj
 0002:00000328       __xi_a                     0000000140015328     LIBCMT:initializers.obj
 0002:00000340       __acrt_stdio_initializer   0000000140015340     libucrt:stdio_initializer.obj
 0002:00000348       __acrt_multibyte_initializer 0000000140015348     libucrt:multibyte_initializer.obj
 0002:00000350       __acrt_fmode_initializer   0000000140015350     libucrt:fmode_initializer.obj
 0002:00000358       __acrt_tran_fma3_initializer 0000000140015358     libucrt:fma3_initializer.obj
 0002:00000360       __xi_z                     0000000140015360     LIBCMT:initializers.obj
 0002:00000368       __xp_a                     0000000140015368     LIBCMT:initializers.obj
 0002:00000370       __acrt_locale_terminator   0000000140015370     libucrt:locale_initializer.obj
 0002:00000378       __dcrt_console_output_terminator 0000000140015378     libucrt:console_output_initializer.obj
 0002:00000380       __acrt_stdio_terminator    0000000140015380     libucrt:stdio_initializer.obj
 0002:00000388       __xp_z                     0000000140015388     LIBCMT:initializers.obj
 0002:00000390       __xt_a                     0000000140015390     LIBCMT:initializers.obj
 0002:00000398       __xt_z                     0000000140015398     LIBCMT:initializers.obj
 0002:00000588       __real@00000000            0000000140015588     win32_made.obj
 0002:0000058c       __real@3d088889            000000014001558c     win32_made.obj
 0002:00000590       __real@3f000000            0000000140015590     win32_made.obj
 0002:00000594       __real@3f800000            0000000140015594     win32_made.obj
 0002:00000598       __real@412e848000000000    0000000140015598     win32_made.obj
 0002:000005a0       __real@447a0000            00000001400155a0     win32_made.obj
 0002:000005a4       __real@47000000            00000001400155a4     win32_made.obj
 0002:000005a8       __real@bf800000            00000001400155a8     win32_made.obj
 0002:000005b0       __xmm@80000000800000008000000080000000 00000001400155b0     win32_made.obj
 0002:000005d0       __xmm@ffffffffffffffffffffffffffffffff 00000001400155d0     LIBCMT:utility.obj
 0002:000005e0       _pDestructExceptionObject  00000001400155e0     libvcruntime:ehhelpers.obj
 0002:00000cf0       ??_C@_08EHJDFFNH@__based?$CI@ 0000000140015cf0     libvcruntime:undname.obj
 0002:00000d00       ??_C@_07KOLFKCDI@__cdecl@  0000000140015d00     libvcruntime:undname.obj
 0002:00000d08       ??_C@_08GHMPAG@__pascal@   0000000140015d08     libvcruntime:undname.obj
 0002:00000d18       ??_C@_09IFJBGAPI@__stdcall@ 0000000140015d18     libvcruntime:undname.obj
 0002:00000d28       ??_C@_0L@NPHFGOKO@__thiscall@ 0000000140015d28     libvcruntime:undname.obj
 0002:00000d38       ??_C@_0L@JMKHOMEK@__fastcall@ 0000000140015d38     libvcruntime:undname.obj
 0002:00000d48       ??_C@_0N@BCKKPABJ@__vectorcall@ 0000000140015d48     libvcruntime:undname.obj
 0002:00000d58       ??_C@_09HIJEGCPM@__clrcall@ 0000000140015d58     libvcruntime:undname.obj
 0002:00000d64       ??_C@_06GHPCKEAG@__eabi@   0000000140015d64     libvcruntime:undname.obj
 0002:00000d70       ??_C@_09IOPIDJLG@__swift_1@ 0000000140015d70     libvcruntime:undname.obj
 0002:00000d80       ??_C@_09KFNFGKHF@__swift_2@ 0000000140015d80     libvcruntime:undname.obj
 0002:00000d90       ??_C@_07JOMMBBKO@__ptr64@  0000000140015d90     libvcruntime:undname.obj
 0002:00000d98       ??_C@_0L@PILCLIHE@__restrict@ 0000000140015d98     libvcruntime:undname.obj
 0002:00000da8       ??_C@_0M@GFIIJFMG@__unaligned@ 0000000140015da8     libvcruntime:undname.obj
 0002:00000db8       ??_C@_09DHDLOLLB@restrict?$CI@ 0000000140015db8     libvcruntime:undname.obj
 0002:00000dc2       ??_C@_00CNPNBAHC@@         0000000140015dc2     libvcruntime:undname.obj
 0002:00000dc4       ??_C@_04NIHEBCM@?5new@     0000000140015dc4     libvcruntime:undname.obj
 0002:00000dd0       ??_C@_07FPCDHGMM@?5delete@ 0000000140015dd0     libvcruntime:undname.obj
 0002:00000dd8       ??_C@_01NEMOKFLO@?$DN@     0000000140015dd8     libvcruntime:undname.obj
 0002:00000ddc       ??_C@_02GPIOPFAK@?$DO?$DO@ 0000000140015ddc     libvcruntime:undname.obj
 0002:00000de0       ??_C@_02FODMEDOG@?$DM?$DM@ 0000000140015de0     libvcruntime:undname.obj
 0002:00000de4       ??_C@_01DCLJPIOD@?$CB@     0000000140015de4     libvcruntime:undname.obj
 0002:00000de8       ??_C@_02EGOFBIJA@?$DN?$DN@ 0000000140015de8     libvcruntime:undname.obj
 0002:00000dec       ??_C@_02FDNJECIE@?$CB?$DN@ 0000000140015dec     libvcruntime:undname.obj
 0002:00000df0       ??_C@_02GPECMEKF@?$FL?$FN@ 0000000140015df0     libvcruntime:undname.obj
 0002:00000df8       ??_C@_08LHJFAFGD@operator@ 0000000140015df8     libvcruntime:undname.obj
 0002:00000e04       ??_C@_02HBOOOICD@?9?$DO@   0000000140015e04     libvcruntime:undname.obj
 0002:00000e08       ??_C@_01NBENCBCI@?$CK@     0000000140015e08     libvcruntime:undname.obj
 0002:00000e0c       ??_C@_02ECNGHCIF@?$CL?$CL@ 0000000140015e0c     libvcruntime:undname.obj
 0002:00000e10       ??_C@_02BAABKJLB@?9?9@     0000000140015e10     libvcruntime:undname.obj
 0002:00000e14       ??_C@_01JOAMLHOP@?9@       0000000140015e14     libvcruntime:undname.obj
 0002:00000e18       ??_C@_01MIFGBAGJ@?$CL@     0000000140015e18     libvcruntime:undname.obj
 0002:00000e1c       ??_C@_01HNPIGOCE@?$CG@     0000000140015e1c     libvcruntime:undname.obj
 0002:00000e20       ??_C@_03MNHNFDLC@?9?$DO?$CK@ 0000000140015e20     libvcruntime:undname.obj
 0002:00000e24       ??_C@_01KMDKNFGN@?1@       0000000140015e24     libvcruntime:undname.obj
 0002:00000e28       ??_C@_01FGNFDNOH@?$CF@     0000000140015e28     libvcruntime:undname.obj
 0002:00000e2c       ??_C@_01MNNFJEPP@?$DM@     0000000140015e2c     libvcruntime:undname.obj
 0002:00000e30       ??_C@_02EHCHHCKH@?$DM?$DN@ 0000000140015e30     libvcruntime:undname.obj
 0002:00000e34       ??_C@_01PPODPGHN@?$DO@     0000000140015e34     libvcruntime:undname.obj
 0002:00000e38       ??_C@_02EEKDKGMJ@?$DO?$DN@ 0000000140015e38     libvcruntime:undname.obj
 0002:00000e3c       ??_C@_01IHBHIGKO@?0@       0000000140015e3c     libvcruntime:undname.obj
 0002:00000e40       ??_C@_02HCKGKOFO@?$CI?$CJ@ 0000000140015e40     libvcruntime:undname.obj
 0002:00000e44       ??_C@_01PJKLJHI@?$HO@      0000000140015e44     libvcruntime:undname.obj
 0002:00000e48       ??_C@_01JKBOJNNK@?$FO@     0000000140015e48     libvcruntime:undname.obj
 0002:00000e4c       ??_C@_01DNKMNLPK@?$HM@     0000000140015e4c     libvcruntime:undname.obj
 0002:00000e50       ??_C@_02PPKAJPJL@?$CG?$CG@ 0000000140015e50     libvcruntime:undname.obj
 0002:00000e54       ??_C@_02NONPIBCD@?$HM?$HM@ 0000000140015e54     libvcruntime:undname.obj
 0002:00000e58       ??_C@_02FPIMKNGF@?$CK?$DN@ 0000000140015e58     libvcruntime:undname.obj
 0002:00000e5c       ??_C@_02FOEOMHFC@?$CL?$DN@ 0000000140015e5c     libvcruntime:undname.obj
 0002:00000e60       ??_C@_02FKMDLLOA@?9?$DN@   0000000140015e60     libvcruntime:undname.obj
 0002:00000e64       ??_C@_02FJEHGPIO@?1?$DN@   0000000140015e64     libvcruntime:undname.obj
 0002:00000e68       ??_C@_02FENAOKFI@?$CF?$DN@ 0000000140015e68     libvcruntime:undname.obj
 0002:00000e6c       ??_C@_03IKFCCPFF@?$DO?$DO?$DN@ 0000000140015e6c     libvcruntime:undname.obj
 0002:00000e70       ??_C@_03CDNPDDLA@?$DM?$DM?$DN@ 0000000140015e70     libvcruntime:undname.obj
 0002:00000e74       ??_C@_02FGJGFEAB@?$CG?$DN@ 0000000140015e74     libvcruntime:undname.obj
 0002:00000e78       ??_C@_02DHLNPPGH@?$HM?$DN@ 0000000140015e78     libvcruntime:undname.obj
 0002:00000e7c       ??_C@_02MHEGNOJ@?$FO?$DN@  0000000140015e7c     libvcruntime:undname.obj
 0002:00000e80       ??_C@_09IFPLHPGF@?$GAvftable?8@ 0000000140015e80     libvcruntime:undname.obj
 0002:00000e90       ??_C@_09BLBHBJP@?$GAvbtable?8@ 0000000140015e90     libvcruntime:undname.obj
 0002:00000ea0       ??_C@_07FEEIOKP@?$GAvcall?8@ 0000000140015ea0     libvcruntime:undname.obj
 0002:00000ea8       ??_C@_08LLFFHHDJ@?$GAtypeof?8@ 0000000140015ea8     libvcruntime:undname.obj
 0002:00000eb8       ??_C@_0BF@KDPPACIK@?$GAlocal?5static?5guard?8@ 0000000140015eb8     libvcruntime:undname.obj
 0002:00000ed0       ??_C@_08OBABFOLI@?$GAstring?8@ 0000000140015ed0     libvcruntime:undname.obj
 0002:00000ee0       ??_C@_0BD@JDLKDPAB@?$GAvbase?5destructor?8@ 0000000140015ee0     libvcruntime:undname.obj
 0002:00000ef8       ??_C@_0BN@DEGPLNFK@?$GAvector?5deleting?5destructor?8@ 0000000140015ef8     libvcruntime:undname.obj
 0002:00000f18       ??_C@_0BO@OBMKPJIG@?$GAdefault?5constructor?5closure?8@ 0000000140015f18     libvcruntime:undname.obj
 0002:00000f38       ??_C@_0BN@IMDCHIKM@?$GAscalar?5deleting?5destructor?8@ 0000000140015f38     libvcruntime:undname.obj
 0002:00000f58       ??_C@_0BO@PFGOCPJJ@?$GAvector?5constructor?5iterator?8@ 0000000140015f58     libvcruntime:undname.obj
 0002:00000f78       ??_C@_0BN@LFPFMEDL@?$GAvector?5destructor?5iterator?8@ 0000000140015f78     libvcruntime:undname.obj
 0002:00000f98       ??_C@_0CE@IKBNEHA@?$GAvector?5vbase?5constructor?5itera@ 0000000140015f98     libvcruntime:undname.obj
 0002:00000fc0       ??_C@_0BL@NILFHHPC@?$GAvirtual?5displacement?5map?8@ 0000000140015fc0     libvcruntime:undname.obj
 0002:00000fe0       ??_C@_0CB@JONCMFFK@?$GAeh?5vector?5constructor?5iterator@ 0000000140015fe0     libvcruntime:undname.obj
 0002:00001008       ??_C@_0CA@GCEOPDGL@?$GAeh?5vector?5destructor?5iterator?8@ 0000000140016008     libvcruntime:undname.obj
 0002:00001028       ??_C@_0CH@OOJPLCPH@?$GAeh?5vector?5vbase?5constructor?5it@ 0000000140016028     libvcruntime:undname.obj
 0002:00001050       ??_C@_0BL@LLKPOHJI@?$GAcopy?5constructor?5closure?8@ 0000000140016050     libvcruntime:undname.obj
 0002:00001070       ??_C@_0BA@KBCDOMBN@?$GAudt?5returning?8@ 0000000140016070     libvcruntime:undname.obj
 0002:00001080       ??_C@_03KLGMFNMG@?$GAEH@   0000000140016080     libvcruntime:undname.obj
 0002:00001084       ??_C@_05KHLCHHI@?$GARTTI@  0000000140016084     libvcruntime:undname.obj
 0002:00001090       ??_C@_0BA@KKLDJDLB@?$GAlocal?5vftable?8@ 0000000140016090     libvcruntime:undname.obj
 0002:000010a0       ??_C@_0CE@IIHCMGGL@?$GAlocal?5vftable?5constructor?5clos@ 00000001400160a0     libvcruntime:undname.obj
 0002:000010c4       ??_C@_06FHBGPFGH@?5new?$FL?$FN@ 00000001400160c4     libvcruntime:undname.obj
 0002:000010d0       ??_C@_09LBNFPBCA@?5delete?$FL?$FN@ 00000001400160d0     libvcruntime:undname.obj
 0002:000010e0       ??_C@_0P@HJKNJFNN@?$GAomni?5callsig?8@ 00000001400160e0     libvcruntime:undname.obj
 0002:000010f0       ??_C@_0BL@CNOONJFP@?$GAplacement?5delete?5closure?8@ 00000001400160f0     libvcruntime:undname.obj
 0002:00001110       ??_C@_0BN@CKNJLHMB@?$GAplacement?5delete?$FL?$FN?5closure?8@ 0000000140016110     libvcruntime:undname.obj
 0002:00001130       ??_C@_0CG@CFDHKGGD@?$GAmanaged?5vector?5constructor?5ite@ 0000000140016130     libvcruntime:undname.obj
 0002:00001158       ??_C@_0CF@IMGKMJNO@?$GAmanaged?5vector?5destructor?5iter@ 0000000140016158     libvcruntime:undname.obj
 0002:00001180       ??_C@_0CG@HLDDJMAG@?$GAeh?5vector?5copy?5constructor?5ite@ 0000000140016180     libvcruntime:undname.obj
 0002:000011a8       ??_C@_0CM@FCBBDIGB@?$GAeh?5vector?5vbase?5copy?5construct@ 00000001400161a8     libvcruntime:undname.obj
 0002:000011d8       ??_C@_0BL@CLIPGLGB@?$GAdynamic?5initializer?5for?5?8@ 00000001400161d8     libvcruntime:undname.obj
 0002:000011f8       ??_C@_0CB@PDBIFEP@?$GAdynamic?5atexit?5destructor?5for?5@ 00000001400161f8     libvcruntime:undname.obj
 0002:00001220       ??_C@_0CD@CGAJBKEJ@?$GAvector?5copy?5constructor?5iterat@ 0000000140016220     libvcruntime:undname.obj
 0002:00001248       ??_C@_0CJ@GJELGAMM@?$GAvector?5vbase?5copy?5constructor?5@ 0000000140016248     libvcruntime:undname.obj
 0002:00001278       ??_C@_0CL@FGIJHLCE@?$GAmanaged?5vector?5copy?5constructo@ 0000000140016278     libvcruntime:undname.obj
 0002:000012a8       ??_C@_0BM@PMGGMLDN@?$GAlocal?5static?5thread?5guard?8@ 00000001400162a8     libvcruntime:undname.obj
 0002:000012c8       ??_C@_0N@BDNMDMOL@operator?5?$CC?$CC?5@ 00000001400162c8     libvcruntime:undname.obj
 0002:000012d8       ??_C@_0BC@GGEBGALA@operator?5co_await@ 00000001400162d8     libvcruntime:undname.obj
 0002:000012f0       ??_C@_0M@GAAIMMOH@operator?$DM?$DN?$DO@ 00000001400162f0     libvcruntime:undname.obj
 0002:00001300       ??_C@_0BC@DAFEJGAK@?5Type?5Descriptor?8@ 0000000140016300     libvcruntime:undname.obj
 0002:00001318       ??_C@_0BM@LDKODKLH@?5Base?5Class?5Descriptor?5at?5?$CI@ 0000000140016318     libvcruntime:undname.obj
 0002:00001338       ??_C@_0BD@LGICGFMM@?5Base?5Class?5Array?8@ 0000000140016338     libvcruntime:undname.obj
 0002:00001350       ??_C@_0BN@MECKDCOJ@?5Class?5Hierarchy?5Descriptor?8@ 0000000140016350     libvcruntime:undname.obj
 0002:00001370       ??_C@_0BK@CFCOFLF@?5Complete?5Object?5Locator?8@ 0000000140016370     libvcruntime:undname.obj
 0002:00001390       ??_C@_0BG@JNJLAMPM@?$GAanonymous?5namespace?8@ 0000000140016390     libvcruntime:undname.obj
 0002:000013c0       ??_C@_1DM@KHCHBNEB@?$AAa?$AAp?$AAi?$AA?9?$AAm?$AAs?$AA?9?$AAw?$AAi?$AAn?$AA?9?$AAc?$AAo?$AAr?$AAe@ 00000001400163c0     libvcruntime:winapi_downlevel.obj
 0002:00001400       ??_C@_1DK@LPPGFMPP@?$AAa?$AAp?$AAi?$AA?9?$AAm?$AAs?$AA?9?$AAw?$AAi?$AAn?$AA?9?$AAc?$AAo?$AAr?$AAe@ 0000000140016400     libvcruntime:winapi_downlevel.obj
 0002:00001440       ??_C@_1BC@GDMECMAK@?$AAk?$AAe?$AAr?$AAn?$AAe?$AAl?$AA3?$AA2@ 0000000140016440     libvcruntime:winapi_downlevel.obj
 0002:00001458       ??_C@_1BA@PFFKHIOG@?$AAa?$AAp?$AAi?$AA?9?$AAm?$AAs?$AA?9@ 0000000140016458     libvcruntime:winapi_downlevel.obj
 0002:00001470       ??_C@_08KNHFBNJ@FlsAlloc@  0000000140016470     libvcruntime:winapi_downlevel.obj
 0002:00001488       ??_C@_07PEJMOBNF@FlsFree@  0000000140016488     libvcruntime:winapi_downlevel.obj
 0002:00001498       ??_C@_0M@GDNOONDI@FlsGetValue@ 0000000140016498     libvcruntime:winapi_downlevel.obj
 0002:000014b0       ??_C@_0M@JCPCPOEF@FlsSetValue@ 00000001400164b0     libvcruntime:winapi_downlevel.obj
 0002:000014c8       ??_C@_0BM@HCFOFFN@InitializeCriticalSectionEx@ 00000001400164c8     libvcruntime:winapi_downlevel.obj
 0002:000014f0       ?format_validation_lookup_table_spectre@__crt_stdio_output@@3V?$spectre_mitigated_lookup_table@Ustate_transition_pair@__crt_stdio_output@@$0IA@@1@B 00000001400164f0     libucrt:output.obj
 0002:000018f0       ??_C@_1O@CEDCILHN@?$AA?$CI?$AAn?$AAu?$AAl?$AAl?$AA?$CJ@ 00000001400168f0     libucrt:output.obj
 0002:00001900       ??_C@_06OJHGLDPL@?$CInull?$CJ@ 0000000140016900     libucrt:output.obj
 0002:00001910       __acrt_exception_action_table 0000000140016910     libucrt:exception_filter.obj
 0002:000019d0       __acrt_signal_action_table_count 00000001400169d0     libucrt:exception_filter.obj
 0002:000019d8       __acrt_signal_action_first_fpe_index 00000001400169d8     libucrt:exception_filter.obj
 0002:000019e0       __acrt_signal_action_fpe_count 00000001400169e0     libucrt:exception_filter.obj
 0002:000019e8       ??_C@_1BI@BGOHAHKC@?$AAm?$AAs?$AAc?$AAo?$AAr?$AAe?$AAe?$AA?4?$AAd?$AAl?$AAl@ 00000001400169e8     libucrt:exit.obj
 0002:00001a00       ??_C@_0P@MIGLKIOC@CorExitProcess@ 0000000140016a00     libucrt:exit.obj
 0002:00001d00       ??_C@_03OEIAHPBN@INF@      0000000140016d00     libucrt:cvt.obj
 0002:00001d04       ??_C@_03OJHLLCGB@inf@      0000000140016d04     libucrt:cvt.obj
 0002:00001d08       ??_C@_03LKNCIKJB@NAN@      0000000140016d08     libucrt:cvt.obj
 0002:00001d0c       ??_C@_03LHCJEHON@nan@      0000000140016d0c     libucrt:cvt.obj
 0002:00001d10       ??_C@_09OFJJIMPC@NAN?$CISNAN?$CJ@ 0000000140016d10     libucrt:cvt.obj
 0002:00001d20       ??_C@_09IPFBKMDL@nan?$CIsnan?$CJ@ 0000000140016d20     libucrt:cvt.obj
 0002:00001d30       ??_C@_08IKHNHAJ@NAN?$CIIND?$CJ@ 0000000140016d30     libucrt:cvt.obj
 0002:00001d40       ??_C@_08OFCDMILK@nan?$CIind?$CJ@ 0000000140016d40     libucrt:cvt.obj
 0002:00001d4c       ??_C@_05KLBDPFGC@e?$CL000@ 0000000140016d4c     libucrt:cvt.obj
 0002:00001d60       __lc_time_c                0000000140016d60     libucrt:nlsdata.obj
 0002:00002020       ??_C@_03KOEHGMDN@Sun@      0000000140017020     libucrt:nlsdata.obj
 0002:00002024       ??_C@_03PDAGKDH@Mon@       0000000140017024     libucrt:nlsdata.obj
 0002:00002028       ??_C@_03NAGEINEP@Tue@      0000000140017028     libucrt:nlsdata.obj
 0002:0000202c       ??_C@_03MHOMLAJA@Wed@      000000014001702c     libucrt:nlsdata.obj
 0002:00002030       ??_C@_03IOFIKPDN@Thu@      0000000140017030     libucrt:nlsdata.obj
 0002:00002034       ??_C@_03IDIOELNC@Fri@      0000000140017034     libucrt:nlsdata.obj
 0002:00002038       ??_C@_03FEFJNEK@Sat@       0000000140017038     libucrt:nlsdata.obj
 0002:0000203c       ??_C@_06OOPIFAJ@Sunday@    000000014001703c     libucrt:nlsdata.obj
 0002:00002044       ??_C@_06JLEDEDGH@Monday@   0000000140017044     libucrt:nlsdata.obj
 0002:00002050       ??_C@_07BAAGCFCM@Tuesday@  0000000140017050     libucrt:nlsdata.obj
 0002:00002058       ??_C@_09DLIGFAKA@Wednesday@ 0000000140017058     libucrt:nlsdata.obj
 0002:00002068       ??_C@_08HACCIKIA@Thursday@ 0000000140017068     libucrt:nlsdata.obj
 0002:00002074       ??_C@_06JECMNKMI@Friday@   0000000140017074     libucrt:nlsdata.obj
 0002:00002080       ??_C@_08INBOOONO@Saturday@ 0000000140017080     libucrt:nlsdata.obj
 0002:0000208c       ??_C@_03JIHJHPIE@Jan@      000000014001708c     libucrt:nlsdata.obj
 0002:00002090       ??_C@_03HJBDCHOM@Feb@      0000000140017090     libucrt:nlsdata.obj
 0002:00002094       ??_C@_03ODNJBKGA@Mar@      0000000140017094     libucrt:nlsdata.obj
 0002:00002098       ??_C@_03LEOLGMJP@Apr@      0000000140017098     libucrt:nlsdata.obj
 0002:0000209c       ??_C@_03CNMDKL@May@        000000014001709c     libucrt:nlsdata.obj
 0002:000020a0       ??_C@_03IDFGHECI@Jun@      00000001400170a0     libucrt:nlsdata.obj
 0002:000020a4       ??_C@_03LBGABGKK@Jul@      00000001400170a4     libucrt:nlsdata.obj
 0002:000020a8       ??_C@_03IFJFEIGA@Aug@      00000001400170a8     libucrt:nlsdata.obj
 0002:000020ac       ??_C@_03GGCAPAJC@Sep@      00000001400170ac     libucrt:nlsdata.obj
 0002:000020b0       ??_C@_03BMAOKBAD@Oct@      00000001400170b0     libucrt:nlsdata.obj
 0002:000020b4       ??_C@_03JPJOFNIA@Nov@      00000001400170b4     libucrt:nlsdata.obj
 0002:000020b8       ??_C@_03MKABNOCG@Dec@      00000001400170b8     libucrt:nlsdata.obj
 0002:000020c0       ??_C@_07CGJPFGJA@January@  00000001400170c0     libucrt:nlsdata.obj
 0002:000020c8       ??_C@_08GNJGEPFN@February@ 00000001400170c8     libucrt:nlsdata.obj
 0002:000020d4       ??_C@_05HPCKOFNC@March@    00000001400170d4     libucrt:nlsdata.obj
 0002:000020dc       ??_C@_05DMJDNLEJ@April@    00000001400170dc     libucrt:nlsdata.obj
 0002:000020e4       ??_C@_04CNLMGBGM@June@     00000001400170e4     libucrt:nlsdata.obj
 0002:000020ec       ??_C@_04MIEPOIFP@July@     00000001400170ec     libucrt:nlsdata.obj
 0002:000020f4       ??_C@_06LBBHFDDG@August@   00000001400170f4     libucrt:nlsdata.obj
 0002:00002100       ??_C@_09BHHEALKD@September@ 0000000140017100     libucrt:nlsdata.obj
 0002:00002110       ??_C@_07JJNFCEND@October@  0000000140017110     libucrt:nlsdata.obj
 0002:00002118       ??_C@_08HCHEGEOA@November@ 0000000140017118     libucrt:nlsdata.obj
 0002:00002128       ??_C@_08EDHMEBNP@December@ 0000000140017128     libucrt:nlsdata.obj
 0002:00002134       ??_C@_02DEDBPAFC@AM@       0000000140017134     libucrt:nlsdata.obj
 0002:00002138       ??_C@_02CJNFDJBF@PM@       0000000140017138     libucrt:nlsdata.obj
 0002:00002140       ??_C@_08BPBNCDIB@MM?1dd?1yy@ 0000000140017140     libucrt:nlsdata.obj
 0002:00002150       ??_C@_0BE@CKGJFCPC@dddd?0?5MMMM?5dd?0?5yyyy@ 0000000140017150     libucrt:nlsdata.obj
 0002:00002168       ??_C@_08JCCMCCIL@HH?3mm?3ss@ 0000000140017168     libucrt:nlsdata.obj
 0002:00002178       ??_C@_17MBGCMIPB@?$AAS?$AAu?$AAn@ 0000000140017178     libucrt:nlsdata.obj
 0002:00002180       ??_C@_17KBOMKBF@?$AAM?$AAo?$AAn@ 0000000140017180     libucrt:nlsdata.obj
 0002:00002188       ??_C@_17BMKGEGOJ@?$AAT?$AAu?$AAe@ 0000000140017188     libucrt:nlsdata.obj
 0002:00002190       ??_C@_17CJEDCEPE@?$AAW?$AAe?$AAd@ 0000000140017190     libucrt:nlsdata.obj
 0002:00002198       ??_C@_17PDPHAADD@?$AAT?$AAh?$AAu@ 0000000140017198     libucrt:nlsdata.obj
 0002:000021a0       ??_C@_17HFOLPPLP@?$AAF?$AAr?$AAi@ 00000001400171a0     libucrt:nlsdata.obj
 0002:000021a8       ??_C@_17GGIBDPIH@?$AAS?$AAa?$AAt@ 00000001400171a8     libucrt:nlsdata.obj
 0002:000021b0       ??_C@_1O@IHNHDHPB@?$AAS?$AAu?$AAn?$AAd?$AAa?$AAy@ 00000001400171b0     libucrt:nlsdata.obj
 0002:000021c0       ??_C@_1O@MMNBFLIA@?$AAM?$AAo?$AAn?$AAd?$AAa?$AAy@ 00000001400171c0     libucrt:nlsdata.obj
 0002:000021d0       ??_C@_1BA@ENFBFFEK@?$AAT?$AAu?$AAe?$AAs?$AAd?$AAa?$AAy@ 00000001400171d0     libucrt:nlsdata.obj
 0002:000021e0       ??_C@_1BE@EBOGMDOH@?$AAW?$AAe?$AAd?$AAn?$AAe?$AAs?$AAd?$AAa?$AAy@ 00000001400171e0     libucrt:nlsdata.obj
 0002:000021f8       ??_C@_1BC@HHMNLIHE@?$AAT?$AAh?$AAu?$AAr?$AAs?$AAd?$AAa?$AAy@ 00000001400171f8     libucrt:nlsdata.obj
 0002:00002210       ??_C@_1O@PDICJHAG@?$AAF?$AAr?$AAi?$AAd?$AAa?$AAy@ 0000000140017210     libucrt:nlsdata.obj
 0002:00002220       ??_C@_1BC@ENMNNPAJ@?$AAS?$AAa?$AAt?$AAu?$AAr?$AAd?$AAa?$AAy@ 0000000140017220     libucrt:nlsdata.obj
 0002:00002238       ??_C@_17DKNBKCHM@?$AAJ?$AAa?$AAn@ 0000000140017238     libucrt:nlsdata.obj
 0002:00002240       ??_C@_17LMDJEKJN@?$AAF?$AAe?$AAb@ 0000000140017240     libucrt:nlsdata.obj
 0002:00002248       ??_C@_17CKNLEDEC@?$AAM?$AAa?$AAr@ 0000000140017248     libucrt:nlsdata.obj
 0002:00002250       ??_C@_17LFPOIHDD@?$AAA?$AAp?$AAr@ 0000000140017250     libucrt:nlsdata.obj
 0002:00002258       ??_C@_17PNNKMEED@?$AAM?$AAa?$AAy@ 0000000140017258     libucrt:nlsdata.obj
 0002:00002260       ??_C@_17KCJGOCPB@?$AAJ?$AAu?$AAn@ 0000000140017260     libucrt:nlsdata.obj
 0002:00002268       ??_C@_17IJPCKHK@?$AAJ?$AAu?$AAl@ 0000000140017268     libucrt:nlsdata.obj
 0002:00002270       ??_C@_17ICPELBCN@?$AAA?$AAu?$AAg@ 0000000140017270     libucrt:nlsdata.obj
 0002:00002278       ??_C@_17HCHCOKMG@?$AAS?$AAe?$AAp@ 0000000140017278     libucrt:nlsdata.obj
 0002:00002280       ??_C@_17FNLKOI@?$AAO?$AAc?$AAt@ 0000000140017280     libucrt:nlsdata.obj
 0002:00002288       ??_C@_17BBDMLCIG@?$AAN?$AAo?$AAv@ 0000000140017288     libucrt:nlsdata.obj
 0002:00002290       ??_C@_17EGKACKIF@?$AAD?$AAe?$AAc@ 0000000140017290     libucrt:nlsdata.obj
 0002:00002298       ??_C@_1BA@EFMEIEBA@?$AAJ?$AAa?$AAn?$AAu?$AAa?$AAr?$AAy@ 0000000140017298     libucrt:nlsdata.obj
 0002:000022a8       ??_C@_1BC@JGDDFFAM@?$AAF?$AAe?$AAb?$AAr?$AAu?$AAa?$AAr?$AAy@ 00000001400172a8     libucrt:nlsdata.obj
 0002:000022c0       ??_C@_1M@IKEENEDF@?$AAM?$AAa?$AAr?$AAc?$AAh@ 00000001400172c0     libucrt:nlsdata.obj
 0002:000022d0       ??_C@_1M@GJNLMHFD@?$AAA?$AAp?$AAr?$AAi?$AAl@ 00000001400172d0     libucrt:nlsdata.obj
 0002:000022e0       ??_C@_19EPFLPGAP@?$AAJ?$AAu?$AAn?$AAe@ 00000001400172e0     libucrt:nlsdata.obj
 0002:000022f0       ??_C@_19BIFMLPCD@?$AAJ?$AAu?$AAl?$AAy@ 00000001400172f0     libucrt:nlsdata.obj
 0002:00002300       ??_C@_1O@PAHLKOAC@?$AAA?$AAu?$AAg?$AAu?$AAs?$AAt@ 0000000140017300     libucrt:nlsdata.obj
 0002:00002310       ??_C@_1BE@DKAAMBJL@?$AAS?$AAe?$AAp?$AAt?$AAe?$AAm?$AAb?$AAe?$AAr@ 0000000140017310     libucrt:nlsdata.obj
 0002:00002328       ??_C@_1BA@EPANDLNG@?$AAO?$AAc?$AAt?$AAo?$AAb?$AAe?$AAr@ 0000000140017328     libucrt:nlsdata.obj
 0002:00002338       ??_C@_1BC@BGLIFPF@?$AAN?$AAo?$AAv?$AAe?$AAm?$AAb?$AAe?$AAr@ 0000000140017338     libucrt:nlsdata.obj
 0002:00002350       ??_C@_1BC@FEMKIFH@?$AAD?$AAe?$AAc?$AAe?$AAm?$AAb?$AAe?$AAr@ 0000000140017350     libucrt:nlsdata.obj
 0002:00002364       ??_C@_15ODEHAHHF@?$AAA?$AAM@ 0000000140017364     libucrt:nlsdata.obj
 0002:0000236c       ??_C@_15CLMNNGEL@?$AAP?$AAM@ 000000014001736c     libucrt:nlsdata.obj
 0002:00002378       ??_C@_1BC@IEBCMHCM@?$AAM?$AAM?$AA?1?$AAd?$AAd?$AA?1?$AAy?$AAy@ 0000000140017378     libucrt:nlsdata.obj
 0002:00002390       ??_C@_1CI@KNAKOEBC@?$AAd?$AAd?$AAd?$AAd?$AA?0?$AA?5?$AAM?$AAM?$AAM?$AAM?$AA?5?$AAd?$AAd?$AA?0?$AA?5@ 0000000140017390     libucrt:nlsdata.obj
 0002:000023b8       ??_C@_1BC@GDGBMEMK@?$AAH?$AAH?$AA?3?$AAm?$AAm?$AA?3?$AAs?$AAs@ 00000001400173b8     libucrt:nlsdata.obj
 0002:000023d0       ??_C@_1M@BMHNFIME@?$AAe?$AAn?$AA?9?$AAU?$AAS@ 00000001400173d0     libucrt:nlsdata.obj
 0002:00002400       ??_C@_1M@HPNHIDJI@?$AAj?$AAa?$AA?9?$AAJ?$AAP@ 0000000140017400     libucrt:mbctype.obj
 0002:00002410       ??_C@_1M@BIBDDEMK@?$AAz?$AAh?$AA?9?$AAC?$AAN@ 0000000140017410     libucrt:mbctype.obj
 0002:00002420       ??_C@_1M@JLOOOEGK@?$AAk?$AAo?$AA?9?$AAK?$AAR@ 0000000140017420     libucrt:mbctype.obj
 0002:00002430       ??_C@_1M@CLNBBOPM@?$AAz?$AAh?$AA?9?$AAT?$AAW@ 0000000140017430     libucrt:mbctype.obj
 0002:00002440       __newctype                 0000000140017440     libucrt:ctype.obj
 0002:00002740       __newclmap                 0000000140017740     libucrt:ctype.obj
 0002:000028c0       __newcumap                 00000001400178c0     libucrt:ctype.obj
 0002:00002a40       ??_C@_15PJPFLCCM@?$AAu?$AAk@ 0000000140017a40     libucrt:get_qualified_locale.obj
 0002:00002af0       ??_C@_1EA@JGEFHKEI@?$AAa?$AAp?$AAi?$AA?9?$AAm?$AAs?$AA?9?$AAw?$AAi?$AAn?$AA?9?$AAc?$AAo?$AAr?$AAe@ 0000000140017af0     libucrt:winapi_thunks.obj
 0002:00002b30       ??_C@_1DI@IJCEHOCB@?$AAa?$AAp?$AAi?$AA?9?$AAm?$AAs?$AA?9?$AAw?$AAi?$AAn?$AA?9?$AAc?$AAo?$AAr?$AAe@ 0000000140017b30     libucrt:winapi_thunks.obj
 0002:00002b70       ??_C@_1EI@MPIAOHOC@?$AAa?$AAp?$AAi?$AA?9?$AAm?$AAs?$AA?9?$AAw?$AAi?$AAn?$AA?9?$AAc?$AAo?$AAr?$AAe@ 0000000140017b70     libucrt:winapi_thunks.obj
 0002:00002bc0       ??_C@_1FK@FPHCKFIE@?$AAa?$AAp?$AAi?$AA?9?$AAm?$AAs?$AA?9?$AAw?$AAi?$AAn?$AA?9?$AAc?$AAo?$AAr?$AAe@ 0000000140017bc0     libucrt:winapi_thunks.obj
 0002:00002c20       ??_C@_1EM@DILCGIIO@?$AAa?$AAp?$AAi?$AA?9?$AAm?$AAs?$AA?9?$AAw?$AAi?$AAn?$AA?9?$AAc?$AAo?$AAr?$AAe@ 0000000140017c20     libucrt:winapi_thunks.obj
 0002:00002c70       ??_C@_1DM@LNCGDDPN@?$AAa?$AAp?$AAi?$AA?9?$AAm?$AAs?$AA?9?$AAw?$AAi?$AAn?$AA?9?$AAc?$AAo?$AAr?$AAe@ 0000000140017c70     libucrt:winapi_thunks.obj
 0002:00002cb0       ??_C@_1DO@FPAPJEMD@?$AAa?$AAp?$AAi?$AA?9?$AAm?$AAs?$AA?9?$AAw?$AAi?$AAn?$AA?9?$AAc?$AAo?$AAr?$AAe@ 0000000140017cb0     libucrt:winapi_thunks.obj
 0002:00002cf0       ??_C@_1DK@NDHNAHIO@?$AAa?$AAp?$AAi?$AA?9?$AAm?$AAs?$AA?9?$AAw?$AAi?$AAn?$AA?9?$AAc?$AAo?$AAr?$AAe@ 0000000140017cf0     libucrt:winapi_thunks.obj
 0002:00002d30       ??_C@_1DM@KGHDGBCM@?$AAa?$AAp?$AAi?$AA?9?$AAm?$AAs?$AA?9?$AAw?$AAi?$AAn?$AA?9?$AAc?$AAo?$AAr?$AAe@ 0000000140017d30     libucrt:winapi_thunks.obj
 0002:00002d70       ??_C@_1EO@IJIOEFOH@?$AAa?$AAp?$AAi?$AA?9?$AAm?$AAs?$AA?9?$AAw?$AAi?$AAn?$AA?9?$AAr?$AAt?$AAc?$AAo@ 0000000140017d70     libucrt:winapi_thunks.obj
 0002:00002dc0       ??_C@_1FG@HHGEKANL@?$AAa?$AAp?$AAi?$AA?9?$AAm?$AAs?$AA?9?$AAw?$AAi?$AAn?$AA?9?$AAs?$AAe?$AAc?$AAu@ 0000000140017dc0     libucrt:winapi_thunks.obj
 0002:00002e20       ??_C@_1EG@DBIOJECG@?$AAe?$AAx?$AAt?$AA?9?$AAm?$AAs?$AA?9?$AAw?$AAi?$AAn?$AA?9?$AAn?$AAt?$AAu?$AAs@ 0000000140017e20     libucrt:winapi_thunks.obj
 0002:00002e70       ??_C@_1EO@FIHMJCLF@?$AAe?$AAx?$AAt?$AA?9?$AAm?$AAs?$AA?9?$AAw?$AAi?$AAn?$AA?9?$AAn?$AAt?$AAu?$AAs@ 0000000140017e70     libucrt:winapi_thunks.obj
 0002:00002ec0       ??_C@_1BC@DNHGCMLG@?$AAa?$AAd?$AAv?$AAa?$AAp?$AAi?$AA3?$AA2@ 0000000140017ec0     libucrt:winapi_thunks.obj
 0002:00002ed8       ??_C@_1M@OAIMIKLP@?$AAn?$AAt?$AAd?$AAl?$AAl@ 0000000140017ed8     libucrt:winapi_thunks.obj
 0002:00002ef0       ??_C@_1EG@DPGNFKGC@?$AAa?$AAp?$AAi?$AA?9?$AAm?$AAs?$AA?9?$AAw?$AAi?$AAn?$AA?9?$AAa?$AAp?$AAp?$AAm@ 0000000140017ef0     libucrt:winapi_thunks.obj
 0002:00002f38       ??_C@_1O@BCCLBEOE@?$AAu?$AAs?$AAe?$AAr?$AA3?$AA2@ 0000000140017f38     libucrt:winapi_thunks.obj
 0002:00002f48       ??_C@_1BA@IAIFMGEF@?$AAe?$AAx?$AAt?$AA?9?$AAm?$AAs?$AA?9@ 0000000140017f48     libucrt:winapi_thunks.obj
 0002:00002f60       ??_C@_0BA@FHFNEAED@AreFileApisANSI@ 0000000140017f60     libucrt:winapi_thunks.obj
 0002:00002fa0       ??_C@_0O@KKBNKAPF@LCMapStringEx@ 0000000140017fa0     libucrt:winapi_thunks.obj
 0002:00002fb8       ??_C@_0BB@HBDEELFH@LocaleNameToLCID@ 0000000140017fb8     libucrt:winapi_thunks.obj
 0002:00002fd0       ??_C@_0CF@OJOFEIGO@AppPolicyGetProcessTerminationM@ 0000000140017fd0     libucrt:winapi_thunks.obj
 0002:00003000       ?large_power_data@?1??multiply_by_power_of_ten@__crt_strtox@@YA_NAEAUbig_integer@2@I@Z@4QBIB 0000000140018000     libucrt:cfout.obj
 0002:00003910       ?large_power_indices@?1??multiply_by_power_of_ten@__crt_strtox@@YA_NAEAUbig_integer@2@I@Z@4QBUunpack_index@?1??12@YA_N0I@Z@B 0000000140018910     libucrt:cfout.obj
 0002:000039a8       ?small_powers_of_ten@?1??multiply_by_power_of_ten@__crt_strtox@@YA_NAEAUbig_integer@2@I@Z@4QBIB 00000001400189a8     libucrt:cfout.obj
 0002:000039cc       ??_C@_01GBGANLPD@0@        00000001400189cc     libucrt:cfout.obj
 0002:000039d0       ??_C@_05DNEBIAHO@1?$CDINF@ 00000001400189d0     libucrt:cfout.obj
 0002:000039d8       ??_C@_06IMKFLFPG@1?$CDQNAN@ 00000001400189d8     libucrt:cfout.obj
 0002:000039e0       ??_C@_06PGGFOGJG@1?$CDSNAN@ 00000001400189e0     libucrt:cfout.obj
 0002:000039e8       ??_C@_05PHHOCPM@1?$CDIND@  00000001400189e8     libucrt:cfout.obj
 0002:00004830       ??_C@_15EMKDOKLE@?$AAa?$AAr@ 0000000140019830     libucrt:lcidtoname_downlevel.obj
 0002:00004838       ??_C@_15KNPADPLH@?$AAb?$AAg@ 0000000140019838     libucrt:lcidtoname_downlevel.obj
 0002:00004840       ??_C@_15EDMHLDMO@?$AAc?$AAa@ 0000000140019840     libucrt:lcidtoname_downlevel.obj
 0002:00004848       ??_C@_1O@BPEAJADD@?$AAz?$AAh?$AA?9?$AAC?$AAH?$AAS@ 0000000140019848     libucrt:lcidtoname_downlevel.obj
 0002:00004858       ??_C@_15LJNHCMNK@?$AAc?$AAs@ 0000000140019858     libucrt:lcidtoname_downlevel.obj
 0002:00004860       ??_C@_15FOMCIDHG@?$AAd?$AAa@ 0000000140019860     libucrt:lcidtoname_downlevel.obj
 0002:00004868       ??_C@_15NBKABECB@?$AAd?$AAe@ 0000000140019868     libucrt:lcidtoname_downlevel.obj
 0002:00004870       ??_C@_15GHPEIIAO@?$AAe?$AAl@ 0000000140019870     libucrt:lcidtoname_downlevel.obj
 0002:00004878       ??_C@_15MNPNEAIF@?$AAe?$AAn@ 0000000140019878     libucrt:lcidtoname_downlevel.obj
 0002:00004880       ??_C@_15GPIOMPMH@?$AAe?$AAs@ 0000000140019880     libucrt:lcidtoname_downlevel.obj
 0002:00004888       ??_C@_15NGLOAKJC@?$AAf?$AAi@ 0000000140019888     libucrt:lcidtoname_downlevel.obj
[...]
 0002:00009334       $unwind$_invalid_parameter 000000014001e334     libucrt:invalid_parameter.obj
 0002:00009348       $unwind$_free_base         000000014001e348     libucrt:free_base.obj
 0002:00009348       $unwind$?destroy_fls@@YAXPEAX@Z 000000014001e348     libucrt:per_thread_data.obj
 0002:00009348       $unwind$__acrt_locale_free_numeric 000000014001e348     libucrt:initnum.obj
 0002:00009348       $unwind$__acrt_locale_free_lc_time_if_unreferenced 000000014001e348     libucrt:locale_refcounting.obj
 0002:00009350       $unwind$?fp_format_e@@YAHQEBNQEAD_K12H_NIQEAU__crt_locale_pointers@@W4__acrt_rounding_mode@@@Z 000000014001e350     libucrt:cvt.obj
 0002:00009350       $unwind$_mbtowc_l          000000014001e350     libucrt:mbtowc.obj
 0002:00009350       $unwind$__acrt_LCMapStringEx 000000014001e350     libucrt:winapi_thunks.obj
 0002:00009364       $unwind$_wctomb_s_l        000000014001e364     libucrt:wctomb.obj
 0002:00009374       $unwind$?construct_ptd_array@@YAXQEAU__acrt_ptd@@@Z 000000014001e374     libucrt:per_thread_data.obj
 0002:0000937c       $unwind$?destroy_ptd_array@@YAXQEAU__acrt_ptd@@@Z 000000014001e37c     libucrt:per_thread_data.obj
 0002:00009384       $unwind$??$?RV<lambda_0ae27a3a962d80f24befdcbee591983d>@@AEAV<lambda_8d0ee55de4b1038c4002e0adecdf1839>@@V<lambda_dc504788e8f1664fe9b84e20bfb512f2>@@@?$__crt_seh_guarded_call@X@@QEAAX$$QEAV<lambda_0ae27a3a962d80f24befdcbee591983d>@@AEAV<lambda_8d0ee55de4b1038c4002e0adecdf1839>@@$$QEAV<lambda_dc504788e8f1664fe9b84e20bfb512f2>@@@Z 000000014001e384     libucrt:per_thread_data.obj
 0002:000093a8       $unwind$??$?RV<lambda_aa87e3671a710a21b5dc78c0bdf72e11>@@AEAV<lambda_92619d2358a28f41a33ba319515a20b9>@@V<lambda_6992ecaafeb10aed2b74cb1fae11a551>@@@?$__crt_seh_guarded_call@X@@QEAAX$$QEAV<lambda_aa87e3671a710a21b5dc78c0bdf72e11>@@AEAV<lambda_92619d2358a28f41a33ba319515a20b9>@@$$QEAV<lambda_6992ecaafeb10aed2b74cb1fae11a551>@@@Z 000000014001e3a8     libucrt:per_thread_data.obj
 0002:000093cc       $unwind$??$?RV<lambda_f2e299630e499de9f9a165e60fcd3db5>@@AEAV<lambda_2ae9d31cdba2644fcbeaf08da7c24588>@@V<lambda_40d01ff24d0e7b3814fdbdcee8eab3c7>@@@?$__crt_seh_guarded_call@X@@QEAAX$$QEAV<lambda_f2e299630e499de9f9a165e60fcd3db5>@@AEAV<lambda_2ae9d31cdba2644fcbeaf08da7c24588>@@$$QEAV<lambda_40d01ff24d0e7b3814fdbdcee8eab3c7>@@@Z 000000014001e3cc     libucrt:per_thread_data.obj
 0002:000093f0       $unwind$??$?RV<lambda_2d41944a1d46af3157314b8a01080d33>@@AEAV<lambda_8f455de75cd7d7f24b4096f044d8b9e6>@@V<lambda_aa500f224e6afead328df44964fe2772>@@@?$__crt_seh_guarded_call@X@@QEAAX$$QEAV<lambda_2d41944a1d46af3157314b8a01080d33>@@AEAV<lambda_8f455de75cd7d7f24b4096f044d8b9e6>@@$$QEAV<lambda_aa500f224e6afead328df44964fe2772>@@@Z 000000014001e3f0     libucrt:per_thread_data.obj
 0002:00009414       $unwind$__acrt_fp_format   000000014001e414     libucrt:cvt.obj
 0002:0000942c       $unwind$?fp_format_e_internal@@YAHQEAD_KH_NIQEAU_strflt@@2QEAU__crt_locale_pointers@@@Z 000000014001e42c     libucrt:cvt.obj
 0002:00009444       $unwind$?fp_format_a@@YAHQEBNPEAD_KQEAD2H_NIQEAU__crt_locale_pointers@@W4__acrt_rounding_mode@@@Z 000000014001e444     libucrt:cvt.obj
 0002:00009460       $unwind$__dcrt_get_narrow_environment_from_os 000000014001e460     libucrt:get_environment_from_os.obj
 0002:00009460       $unwind$?fp_format_f_internal@@YAHQEAD_KHQEAU_strflt@@_NQEAU__crt_locale_pointers@@@Z 000000014001e460     libucrt:cvt.obj
 0002:00009460       $unwind$??$__acrt_wcs_to_mbs_cp@U__crt_win32_buffer_internal_dynamic_resizing@@@@YAHQEB_WAEAV?$__crt_win32_buffer@DU__crt_win32_buffer_internal_dynamic_resizing@@@@I@Z 000000014001e460     libucrt:argv_wildcards.obj
 0002:00009478       $unwind$?fp_format_g@@YAHQEBNQEAD_K12H_NIW4__acrt_rounding_mode@@QEAU__crt_locale_pointers@@@Z 000000014001e478     libucrt:cvt.obj
 0002:0000948c       $unwind$__acrt_initialize_lowio 000000014001e48c     libucrt:ioinit.obj
 0002:000094ac       $unwind$?initialize_inherited_file_handles_nolock@@YAXXZ 000000014001e4ac     libucrt:ioinit.obj
 0002:000094c8       $unwind$??$__acrt_mbs_to_wcs_cp@U__crt_win32_buffer_internal_dynamic_resizing@@@@YAHQEBDAEAV?$__crt_win32_buffer@_WU__crt_win32_buffer_internal_dynamic_resizing@@@@I@Z 000000014001e4c8     libucrt:argv_wildcards.obj
 0002:000094e0       $unwind$??$common_expand_argv_wildcards@D@@YAHQEAPEADQEAPEAPEAD@Z 000000014001e4e0     libucrt:argv_wildcards.obj
 0002:000094f8       $unwind$??$copy_and_add_argument_to_buffer@D@@YAHQEBD0_KAEAV?$argument_list@D@?A0x5f5c8891@@@Z 000000014001e4f8     libucrt:argv_wildcards.obj
 0002:00009514       $unwind$??$expand_argument_wildcards@D@@YAHQEAD0AEAV?$argument_list@D@?A0x5f5c8891@@@Z 000000014001e514     libucrt:argv_wildcards.obj
 0002:00009538       $unwind$__acrt_GetModuleFileNameA 000000014001e538     libucrt:getmodulefilenamea.obj
 0002:00009554       $unwind$__dcrt_write_console 000000014001e554     libucrt:initcon.obj
 0002:00009554       $unwind$??$__acrt_wcs_to_mbs_cp@U__crt_win32_buffer_no_resizing@@@@YAHQEB_WAEAV?$__crt_win32_buffer@DU__crt_win32_buffer_no_resizing@@@@I@Z 000000014001e554     libucrt:getmodulefilenamea.obj
 0002:00009568       $unwind$_setmbcp_nolock    000000014001e568     libucrt:mbctype.obj
 0002:00009588       $unwind$__dcrt_lowio_ensure_console_output_initialized 000000014001e588     libucrt:initcon.obj
 0002:00009588       $unwind$_isleadbyte_l      000000014001e588     libucrt:_wctype.obj
 0002:00009588       $unwind$?getSystemCP@@YAHH@Z 000000014001e588     libucrt:mbctype.obj
 0002:00009590       $unwind$?update_thread_multibyte_data_internal@@YAPEAU__crt_multibyte_data@@QEAU__acrt_ptd@@QEAPEAU1@@Z 000000014001e590     libucrt:mbctype.obj
 0002:000095b8       $unwind$?setmbcp_internal@@YAHH_NQEAU__acrt_ptd@@QEAPEAU__crt_multibyte_data@@@Z 000000014001e5b8     libucrt:mbctype.obj
 0002:000095c8       $unwind$?setSBUpLow@@YAXPEAU__crt_multibyte_data@@@Z 000000014001e5c8     libucrt:mbctype.obj
 0002:000095e4       $unwind$??$?RV<lambda_efdfa57d1f175319df784efa44bb7b81>@@AEAV<lambda_5f0a4c1567f8adc6734073e5d1e1b35c>@@V<lambda_2e8a7d3640ea6ccb4c2413664c2db6fd>@@@?$__crt_seh_guarded_call@X@@QEAAX$$QEAV<lambda_efdfa57d1f175319df784efa44bb7b81>@@AEAV<lambda_5f0a4c1567f8adc6734073e5d1e1b35c>@@$$QEAV<lambda_2e8a7d3640ea6ccb4c2413664c2db6fd>@@@Z 000000014001e5e4     libucrt:mbctype.obj
 0002:00009608       $unwind$?x_ismbbtype_l@@YAHPEAU__crt_locale_pointers@@IHH@Z 000000014001e608     libucrt:ismbbyte.obj
 0002:00009618       $unwind$__acrt_WideCharToMultiByte 000000014001e618     libucrt:widechartomultibyte.obj
 0002:00009624       $unwind$__acrt_lowio_destroy_handle_array 000000014001e624     libucrt:osfinfo.obj
 0002:00009634       $unwind$__acrt_lowio_ensure_fh_exists 000000014001e634     libucrt:osfinfo.obj
 0002:00009660       $unwind$__acrt_locale_free_monetary 000000014001e660     libucrt:initmon.obj
 0002:00009668       $unwind$__acrt_locale_free_time 000000014001e668     libucrt:inittime.obj
 0002:00009678       $unwind$__acrt_GetStringTypeA 000000014001e678     libucrt:getstringtypea.obj
 0002:000096a0       $unwind$__acrt_update_thread_locale_data 000000014001e6a0     libucrt:locale_refcounting.obj
 0002:000096c4       $unwind$__acrt_initialize_winapi_thunks 000000014001e6c4     libucrt:winapi_thunks.obj
 0002:000096cc       $unwind$_query_new_handler 000000014001e6cc     libucrt:new_handler.obj
 0002:000096ec       $unwind$raise              000000014001e6ec     libucrt:signal.obj
 0002:00009728       $unwind$??$?RV<lambda_450d765d439847d4c735a33c368b5fc0>@@AEAV<lambda_44731a7d0e6d81c3e6aa82d741081786>@@V<lambda_601a2a7da3b7a96e9554ac7215c4b07c>@@@?$__crt_seh_guarded_call@P6AXH@Z@@QEAAP6AXH@Z$$QEAV<lambda_450d765d439847d4c735a33c368b5fc0>@@AEAV<lambda_44731a7d0e6d81c3e6aa82d741081786>@@$$QEAV<lambda_601a2a7da3b7a96e9554ac7215c4b07c>@@@Z 000000014001e728     libucrt:signal.obj
 0002:0000974c       $unwind$?common_flush_all@@YAH_N@Z 000000014001e74c     libucrt:fflush.obj
 0002:00009754       $unwind$??$?RV<lambda_842d9ff0dc9ef11c61343bbaebe7f885>@@AEAV<lambda_c5860995281e5c4ce005b3de8f5874ee>@@V<lambda_d90129c13df834fdcbf8d2b88dafcf2d>@@@?$__crt_seh_guarded_call@X@@QEAAX$$QEAV<lambda_842d9ff0dc9ef11c61343bbaebe7f885>@@AEAV<lambda_c5860995281e5c4ce005b3de8f5874ee>@@$$QEAV<lambda_d90129c13df834fdcbf8d2b88dafcf2d>@@@Z 000000014001e754     libucrt:fflush.obj
 0002:00009778       $unwind$??$?RV<lambda_886d6c58226a84441f68b9f2b8217b83>@@AEAV<lambda_ab61a845afdef5b7c387490eaf3616ee>@@V<lambda_f7f22ab5edc0698d5f6905b0d3f44752>@@@?$__crt_seh_guarded_call@X@@QEAAX$$QEAV<lambda_886d6c58226a84441f68b9f2b8217b83>@@AEAV<lambda_ab61a845afdef5b7c387490eaf3616ee>@@$$QEAV<lambda_f7f22ab5edc0698d5f6905b0d3f44752>@@@Z 000000014001e778     libucrt:fflush.obj
 0002:000097a0       $unwind$_isctype_l         000000014001e7a0     libucrt:isctype.obj
 0002:000097bc       $unwind$?__mbsrtowcs_utf8@__crt_mbstring@@YA_KPEA_WPEAPEBD_KPEAU_Mbstatet@@@Z 000000014001e7bc     libucrt:mbrtowc.obj
 0002:000097d4       $unwind$__acrt_fltout      000000014001e7d4     libucrt:cfout.obj
 0002:000097f4       $unwind$?divide@__crt_strtox@@YA_KAEAUbig_integer@1@AEBU21@@Z 000000014001e7f4     libucrt:cfout.obj
 0002:0000980c       $chain$0$?divide@__crt_strtox@@YA_KAEAUbig_integer@1@AEBU21@@Z 000000014001e80c     libucrt:cfout.obj
 0002:00009820       $chain$1$?divide@__crt_strtox@@YA_KAEAUbig_integer@1@AEBU21@@Z 000000014001e820     libucrt:cfout.obj
 0002:00009830       $unwind$_fcloseall         000000014001e830     libucrt:closeall.obj
 0002:00009854       $unwind$qsort              000000014001e854     libucrt:qsort.obj
 0002:0000986c       $chain$4$qsort             000000014001e86c     libucrt:qsort.obj
 0002:00009890       $chain$5$qsort             000000014001e890     libucrt:qsort.obj
 0002:000098a0       $unwind$strpbrk            000000014001e8a0     libucrt:strpbrk.obj
 0002:000098b0       $unwind$fallbackMethod     000000014001e8b0     libucrt:strpbrk.obj
 0002:000098c0       $unwind$_mbsdec_l          000000014001e8c0     libucrt:mbsdec.obj
 0002:000098cc       $unwind$__acrt_LCMapStringA 000000014001e8cc     libucrt:lcmapstringa.obj
 0002:000098dc       $unwind$?__acrt_LCMapStringA_stat@@YAHPEAU__crt_locale_pointers@@PEB_WKPEBDHPEADHHH@Z 000000014001e8dc     libucrt:lcmapstringa.obj
 0002:00009904       $unwind$_close             000000014001e904     libucrt:close.obj
 0002:00009904       $unwind$_commit            000000014001e904     libucrt:commit.obj
 0002:0000990c       $unwind$??$?RV<lambda_a37b2b86f63e897a80ea819b0eb08c01>@@AEAV<lambda_38ce7e780aa69e748d6df282ebc68efe>@@V<lambda_99fb1378e971ab6e7edea83e3a7a83a2>@@@?$__crt_seh_guarded_call@H@@QEAAH$$QEAV<lambda_a37b2b86f63e897a80ea819b0eb08c01>@@AEAV<lambda_38ce7e780aa69e748d6df282ebc68efe>@@$$QEAV<lambda_99fb1378e971ab6e7edea83e3a7a83a2>@@@Z 000000014001e90c     libucrt:commit.obj
 0002:00009930       $unwind$_write             000000014001e930     libucrt:write.obj
 0002:00009960       $unwind$_write_nolock      000000014001e960     libucrt:write.obj
 0002:00009978       $unwind$?write_double_translated_ansi_nolock@@YA?AUwrite_result@?A0x17268360@@HQEBDI@Z 000000014001e978     libucrt:write.obj
 0002:0000999c       $unwind$?write_text_ansi_nolock@@YA?AUwrite_result@?A0x17268360@@HQEBDI@Z 000000014001e99c     libucrt:write.obj
 0002:0000999c       $unwind$?write_text_utf16le_nolock@@YA?AUwrite_result@?A0x17268360@@HQEBDI@Z 000000014001e99c     libucrt:write.obj
 0002:000099bc       $unwind$?write_text_utf8_nolock@@YA?AUwrite_result@?A0x17268360@@HQEBDI@Z 000000014001e9bc     libucrt:write.obj
 0002:000099e0       $unwind$?__mbrtoc32_utf8@__crt_mbstring@@YA_KPEA_UPEBD_KPEAU_Mbstatet@@@Z 000000014001e9e0     libucrt:mbrtoc32.obj
 0002:00009a00       $xdatasym                  000000014001ea00     libucrt:log10.obj
 0002:00009a0c       $unwind$__acrt_fenv_set_control 000000014001ea0c     libucrt:_fenvutils.obj
 0002:00009a1c       $unwind$fclose             000000014001ea1c     libucrt:fclose.obj
 0002:00009a40       $unwind$_putwch_nolock     000000014001ea40     libucrt:putwch.obj
 0002:00009a48       $unwind$common_control87   000000014001ea48     libucrt:ieee.obj
 0002:00009a74       $unwind$_call_matherr      000000014001ea74     libucrt:libm_error.obj
 0002:00009a7c       $unwind$_handle_error      000000014001ea7c     libucrt:libm_error.obj
 0002:00009a9c       $unwind$__acrt_initialize_fma3 000000014001ea9c     libucrt:fma3_available.obj
 0002:00009aa4       $unwind$_log_special_common 000000014001eaa4     libucrt:log_special.obj
 0002:00009ab0       $unwind$??$?RV<lambda_751a882b2c74d4b022dec766aa51a29a>@@AEAV<lambda_628dfdc04ba53c8bfc02c9951375f3f5>@@V<lambda_f6c7be5f7998530c34de24c7437d6b54>@@@?$__crt_seh_guarded_call@H@@QEAAH$$QEAV<lambda_751a882b2c74d4b022dec766aa51a29a>@@AEAV<lambda_628dfdc04ba53c8bfc02c9951375f3f5>@@$$QEAV<lambda_f6c7be5f7998530c34de24c7437d6b54>@@@Z 000000014001eab0     libucrt:close.obj
 0002:00009ad8       $xdatasym                  000000014001ead8     libucrt:fpsr.obj
 0002:00009ae0       $unwind$_raise_exc         000000014001eae0     libucrt:fpexcept.obj
 0002:00009ae8       $unwind$_raise_exc_ex      000000014001eae8     libucrt:fpexcept.obj
 0002:00009afc       $unwind$_ctrlfp            000000014001eafc     libucrt:fpctrl.obj
 0002:00009b24       $unwind$_IsNonwritableInCurrentImage 000000014001eb24     LIBCMT:pesect.obj
 0002:00009b48       $xdatasym                  000000014001eb48     libvcruntime:memcmp.obj
 0002:00009f40       .idata$6                   000000014001ef40     user32:USER32.dll
 0002:00009f5c       .idata$6                   000000014001ef5c     gdi32:GDI32.dll
 0002:00009f78       .idata$6                   000000014001ef78     winmm:WINMM.dll
 0002:0000a1f4       .idata$6                   000000014001f1f4     kernel32:KERNEL32.dll
 0003:00000000       ?XInputGetState_@@3P6AKKPEAU_XINPUT_STATE@@@ZEA 0000000140020000     win32_made.obj
 0003:00000008       ?XInputSetState_@@3P6AKKPEAU_XINPUT_VIBRATION@@@ZEA 0000000140020008     win32_made.obj
 0003:00000050       ?__vcrt_flsindex@@3KA      0000000140020050     libvcruntime:per_thread_data.obj
 0003:00000070       ?errno_no_memory@@3HA      0000000140020070     libucrt:errno.obj
 0003:00000074       ?doserrno_no_memory@@3KA   0000000140020074     libucrt:errno.obj
 0003:00000078       ?__acrt_flsindex@@3KA      0000000140020078     libucrt:per_thread_data.obj
 0003:00000530       _mbctypes                  0000000140020530     libucrt:mbctype.obj
 0003:00000640       _mbcasemaps                0000000140020640     libucrt:mbctype.obj
 0003:00000740       ?__rgctypeflag@@3PADA      0000000140020740     libucrt:mbctype.obj
 0003:00000750       ?__rgcode_page_info@@3PAUcode_page_info@@A 0000000140020750     libucrt:mbctype.obj
 0003:000009f0       ?dazSupported@?1??common_control87@@9@9 00000001400209f0     libucrt:ieee.obj
 0003:00000a00       ?__dcrt_lowio_console_output_handle@@3PEAXEA 0000000140020a00     libucrt:initcon.obj
 0003:00000a10       ?dazSupported@?1??_ctrlfp@@9@9 0000000140020a10     libucrt:fpctrl.obj
 0003:00000a30       ?GlobalRunning@@3HA        0000000140020a30     win32_made.obj
 0003:00000a34       ?GlobalPause@@3HA          0000000140020a34     win32_made.obj
 0003:00000a38       ?GlobalSecondaryBuffer@@3PEAUIDirectSoundBuffer@@EA 0000000140020a38     win32_made.obj
 0003:00000a40       ?GlobalBackbuffer@@3Uwin32_offscreen_buffer@@A 0000000140020a40     win32_made.obj
 0003:00000a88       ?GlobalPerfCountFrequency@@3_JA 0000000140020a88     win32_made.obj
 0003:00000a90       GS_ExceptionRecord         0000000140020a90     LIBCMT:gs_report.obj
 0003:00000b30       GS_ContextRecord           0000000140020b30     LIBCMT:gs_report.obj
 0003:00001010       ?is_initialized_as_dll@@3_NA 0000000140021010     LIBCMT:utility.obj
 0003:00001011       ?module_local_atexit_table_initialized@@3_NA 0000000140021011     LIBCMT:utility.obj
 0003:00001018       ?module_local_atexit_table@@3U_onexit_table_t@@A 0000000140021018     LIBCMT:utility.obj
 0003:00001030       ?module_local_at_quick_exit_table@@3U_onexit_table_t@@A 0000000140021030     LIBCMT:utility.obj
 0003:00001090       ?__vcrt_startup_thread_ptd@@3U__vcrt_ptd@@A 0000000140021090     libvcruntime:per_thread_data.obj
 0003:00001110       __vcrt_lock_table          0000000140021110     libvcruntime:locks.obj
 0003:00001138       __vcrt_locks_initialized   0000000140021138     libvcruntime:locks.obj
 0003:00001180       ?heap@@3V_HeapManager@@A   0000000140021180     libvcruntime:undname.obj
 0003:000011a8       ?module_handles@@3PAPEAUHINSTANCE__@@A 00000001400211a8     libvcruntime:winapi_downlevel.obj
 0003:000011c0       ?function_pointers@@3PAPEAXA 00000001400211c0     libvcruntime:winapi_downlevel.obj
 0003:000011f0       ?__acrt_app_type@@3W4_crt_app_type@@A 00000001400211f0     libucrt:report_runtime_error.obj
 0003:000011f8       ?user_matherr@@3V?$dual_state_global@P6AHPEAU_exception@@@Z@__crt_state_management@@A 00000001400211f8     libucrt:matherr.obj
 0003:00001200       ?program_name@?1???$common_configure_argv@D@@YAHW4_crt_argv_mode@@@Z@4PADA 0000000140021200     libucrt:argv_parsing.obj
 0003:00001328       ?empty_string@?1???$common_wincmdln@E@@YAPEAEXZ@4PAEA 0000000140021328     libucrt:argv_winmain.obj
 0003:0000132c       ?c_termination_complete@@3JA 000000014002132c     libucrt:exit.obj
 0003:00001330       ?thread_local_exit_callback_func@@3P6AXPEAXK0@ZEA 0000000140021330     libucrt:exit.obj
 0003:00001340       ?__acrt_global_new_mode@@3V?$dual_state_global@J@__crt_state_management@@A 0000000140021340     libucrt:new_mode.obj
 0003:00001378       ?__acrt_invalid_parameter_handler@@3V?$dual_state_global@P6AXPEB_W00I_K@Z@__crt_state_management@@A 0000000140021378     libucrt:invalid_parameter.obj
 0003:00001380       ?internal_state@?1??_mbtowc_l@@9@4U_Mbstatet@@A 0000000140021380     libucrt:mbtowc.obj
 0003:00001398       ?enable_percent_n@@3_KA    0000000140021398     libucrt:printf_count_output.obj
 0003:000017e0       ?fSystemSet@@3HA           00000001400217e0     libucrt:mbctype.obj
 0003:000017e4       ?initialized@?1??__acrt_initialize_multibyte@@9@4_NA 00000001400217e4     libucrt:mbctype.obj
 0003:00001820       ?__acrt_lock_table@@3PAU_RTL_CRITICAL_SECTION@@A 0000000140021820     libucrt:locks.obj
 0003:00001a50       ?__acrt_locks_initialized@@3IA 0000000140021a50     libucrt:locks.obj
 0003:00001a60       ?module_handles@@3PAPEAUHINSTANCE__@@A 0000000140021a60     libucrt:winapi_thunks.obj
 0003:00001b00       ?encoded_function_pointers@@3PAPEAXA 0000000140021b00     libucrt:winapi_thunks.obj
 0003:00001c20       ?__acrt_new_handler@@3V?$dual_state_global@P6AH_K@Z@__crt_state_management@@A 0000000140021c20     libucrt:new_handler.obj
 0003:00001c28       ?ctrlc_action@@3V?$dual_state_global@P6AXH@Z@__crt_state_management@@A 0000000140021c28     libucrt:signal.obj
 0003:00001c30       ?ctrlbreak_action@@3V?$dual_state_global@P6AXH@Z@__crt_state_management@@A 0000000140021c30     libucrt:signal.obj
 0003:00001c38       ?abort_action@@3V?$dual_state_global@P6AXH@Z@__crt_state_management@@A 0000000140021c38     libucrt:signal.obj
 0003:00001c40       ?term_action@@3V?$dual_state_global@P6AXH@Z@__crt_state_management@@A 0000000140021c40     libucrt:signal.obj
 0003:00001c48       ?internal_pst@?1??__mbrtoc32_utf8@__crt_mbstring@@YA_KPEA_UPEBD_KPEAU_Mbstatet@@@Z@4U3@A 0000000140021c48     libucrt:mbrtoc32.obj
 0005:00000000       MsetTab                    0000000140024000     libvcruntime:memset.obj
 0005:00000050       MoveSmall                  0000000140024050     libvcruntime:memcpy.obj
 0005:00000090       MoveSmallYmm               0000000140024090     libvcruntime:memcpy.obj
 0005:000000b4       MoveSmallYmmNT             00000001400240b4     libvcruntime:memcpy.obj
 0005:000000d8       MoveSmallXmm               00000001400240d8     libvcruntime:memcpy.obj
