 win32_made

 Timestamp is 612575ca (Wed Aug 25 01:42:18 2021)

 Preferred load address is 0000000140000000

 Start         Length     Name                   Class
 0001:00000000 0003a910H .text$mn                CODE
 0001:0003a910 00000040H .text$mn$00             CODE
 0001:0003a950 0000067dH .text$x                 CODE
 0002:00000000 00000360H .idata$5                DATA
 0002:00000360 00000028H .00cfg                  DATA
 0002:00000388 00000008H .CRT$XCA                DATA
 0002:00000390 00000008H .CRT$XCAA               DATA
 0002:00000398 00000008H .CRT$XCZ                DATA
 0002:000003a0 00000008H .CRT$XIA                DATA
 0002:000003a8 00000008H .CRT$XIAA               DATA
 0002:000003b0 00000008H .CRT$XIAC               DATA
 0002:000003b8 00000020H .CRT$XIC                DATA
 0002:000003d8 00000008H .CRT$XIZ                DATA
 0002:000003e0 00000008H .CRT$XPA                DATA
 0002:000003e8 00000010H .CRT$XPX                DATA
 0002:000003f8 00000008H .CRT$XPXA               DATA
 0002:00000400 00000008H .CRT$XPZ                DATA
 0002:00000408 00000008H .CRT$XTA                DATA
 0002:00000410 00000010H .CRT$XTZ                DATA
 0002:00000418 00000000H .gehcont$y              DATA
 0002:00000418 00000000H .gfids$y                DATA
 0002:00000420 00010c60H .rdata                  DATA
 0002:00011080 00000000H .rdata$CastGuardVftablesA DATA
 0002:00011080 00000000H .rdata$CastGuardVftablesC DATA
 0002:00011080 0000016cH .rdata$r                DATA
 0002:000111ec 00000124H .rdata$voltmd           DATA
 0002:00011310 00000338H .rdata$zzzdbg           DATA
 0002:00011648 00000008H .rtc$IAA                DATA
 0002:00011650 00000008H .rtc$IZZ                DATA
 0002:00011658 00000008H .rtc$TAA                DATA
 0002:00011660 00000010H .rtc$TZZ                DATA
 0002:00011670 000011a8H .xdata                  DATA
 0002:00012818 00000084H .xdata$x                DATA
 0002:0001289c 00000000H .edata                  DATA
 0002:0001289c 00000050H .idata$2                DATA
 0002:000128ec 00000014H .idata$3                DATA
 0002:00012900 00000360H .idata$4                DATA
 0002:00012c60 0000076eH .idata$6                DATA
 0003:00000000 00000a70H .data                   DATA
 0003:00000a70 00000050H .data$r                 DATA
 0003:00000ac0 00000020H .data$rs                DATA
 0003:00000ae0 000018d0H .bss                    DATA
 0004:00000000 00002f64H .pdata                  DATA
 0005:00000000 000000f4H _RDATA                  DATA

  Address         Publics by Value              Rva+Base               Lib:Object

 0000:00000000       __x64_code_ranges_to_entry_points_count 0000000000000000     <absolute>
 0000:00000000       __arm64x_redirection_metadata 0000000000000000     <absolute>
 0000:00000000       __guard_iat_table          0000000000000000     <absolute>
 0000:00000000       __guard_iat_count          0000000000000000     <absolute>
 0000:00000000       __guard_longjmp_count      0000000000000000     <absolute>
 0000:00000000       __guard_longjmp_table      0000000000000000     <absolute>
 0000:00000000       __x64_code_ranges_to_entry_points 0000000000000000     <absolute>
 0000:00000000       __dynamic_value_reloc_table 0000000000000000     <absolute>
 0000:00000000       __hybrid_auxiliary_iat     0000000000000000     <absolute>
 0000:00000000       __hybrid_auxiliary_iat_copy 0000000000000000     <absolute>
 0000:00000000       __guard_fids_count         0000000000000000     <absolute>
 0000:00000000       ___safe_se_handler_table   0000000000000000     <absolute>
 0000:00000000       __arm64x_extra_rfe_table   0000000000000000     <absolute>
 0000:00000000       __AbsoluteZero             0000000000000000     <absolute>
 0000:00000000       __hybrid_code_map          0000000000000000     <absolute>
 0000:00000000       __arm64x_extra_rfe_table_size 0000000000000000     <absolute>
 0000:00000000       ___safe_se_handler_count   0000000000000000     <absolute>
 0000:00000000       __guard_check_icall_a64n_fptr 0000000000000000     <absolute>
 0000:00000000       __guard_fids_table         0000000000000000     <absolute>
 0000:00000000       __guard_eh_cont_count      0000000000000000     <absolute>
 0000:00000000       __arm64x_redirection_metadata_count 0000000000000000     <absolute>
 0000:00000000       __enclave_config           0000000000000000     <absolute>
 0000:00000000       __guard_eh_cont_table      0000000000000000     <absolute>
 0000:00000000       __arm64x_native_entrypoint 0000000000000000     <absolute>
 0000:00000000       __hybrid_code_map_count    0000000000000000     <absolute>
 0000:00000100       __guard_flags              0000000000000100     <absolute>
 0000:00000000       __ImageBase                0000000140000000     <linker-defined>
 0001:00000000       WinMain                    0000000140001000 f   win32_made.obj
 0001:00001730       ?XInputGetStateStub@@YAKKPEAU_XINPUT_STATE@@@Z 0000000140002730 f   win32_made.obj
 0001:00001750       ?XInputSetStateStub@@YAKKPEAU_XINPUT_VIBRATION@@@Z 0000000140002750 f   win32_made.obj
 0001:000019d0       ?DEBUGPlatformFreeFileMemory@@YAXPEAUthread_context@@PEAX@Z 00000001400029d0 f   win32_made.obj
 0001:00001a10       ?DEBUGPlatformReadEntireFile@@YA?AUdebug_read_file_result@@PEAUthread_context@@PEAD@Z 0000000140002a10 f   win32_made.obj
 0001:00001b70       ?DEBUGPlatformWriteEntireFile@@YAHPEAUthread_context@@PEADIPEAX@Z 0000000140002b70 f   win32_made.obj
 0001:00003280       ?GetController@@YAPEAUgame_controller_input@@PEAUgame_input@@I@Z 0000000140004280 f i win32_made.obj
 0001:000032d0       ?SafeTruncateUInt64@@YAI_K@Z 00000001400042d0 f i win32_made.obj
 0001:00003300       ?Win32GetLastWriteTime@@YA?AU_FILETIME@@PEAD@Z 0000000140004300 f i win32_made.obj
 0001:00003370       ?Win32GetSecondsElapsed@@YAMT_LARGE_INTEGER@@0@Z 0000000140004370 f i win32_made.obj
 0001:000033b0       ?Win32GetWallClock@@YA?AT_LARGE_INTEGER@@XZ 00000001400043b0 f i win32_made.obj
 0001:000033d0       __GSHandlerCheck           00000001400043d0 f   LIBCMTD:gshandler.obj
 0001:00003410       __GSHandlerCheckCommon     0000000140004410 f   LIBCMTD:gshandler.obj
 0001:00003520       __chkstk                   0000000140004520 f   LIBCMTD:chkstk.obj
 0001:00003520       _alloca_probe              0000000140004520 f   LIBCMTD:chkstk.obj
 0001:00003580       __security_check_cookie    0000000140004580 f   LIBCMTD:amdsecgs.obj
 0001:00003850       ?configure_argv@__scrt_narrow_argv_policy@@SAHXZ 0000000140004850 f i LIBCMTD:exe_winmain.obj
 0001:00003870       ?initialize_environment@__scrt_narrow_environment_policy@@SAHXZ 0000000140004870 f i LIBCMTD:exe_winmain.obj
 0001:000038c0       ?set_app_type@__scrt_winmain_policy@@SAXXZ 00000001400048c0 f i LIBCMTD:exe_winmain.obj
 0001:000038e0       ?set_commode@__scrt_file_policy@@SAXXZ 00000001400048e0 f i LIBCMTD:exe_winmain.obj
 0001:00003900       ?set_fmode@__scrt_file_policy@@SAXXZ 0000000140004900 f i LIBCMTD:exe_winmain.obj
 0001:00003920       WinMainCRTStartup          0000000140004920 f   LIBCMTD:exe_winmain.obj
 0001:00003940       __raise_securityfailure    0000000140004940 f   LIBCMTD:gs_report.obj
 0001:00003980       __report_gsfailure         0000000140004980 f   LIBCMTD:gs_report.obj
 0001:00003a60       __report_rangecheckfailure 0000000140004a60 f   LIBCMTD:gs_report.obj
 0001:00003a80       __report_securityfailure   0000000140004a80 f   LIBCMTD:gs_report.obj
 0001:00003de0       NtCurrentTeb               0000000140004de0 f i LIBCMTD:utility.obj
 0001:00003df0       __scrt_acquire_startup_lock 0000000140004df0 f   LIBCMTD:utility.obj
 0001:00003e60       __scrt_initialize_crt      0000000140004e60 f   LIBCMTD:utility.obj
 0001:00003eb0       __scrt_initialize_onexit_tables 0000000140004eb0 f   LIBCMTD:utility.obj
 0001:00003fc0       __scrt_is_nonwritable_in_current_image 0000000140004fc0 f   LIBCMTD:utility.obj
 0001:00004050       __scrt_release_startup_lock 0000000140005050 f   LIBCMTD:utility.obj
 0001:00004080       __scrt_uninitialize_crt    0000000140005080 f   LIBCMTD:utility.obj
 0001:000040c0       _onexit                    00000001400050c0 f   LIBCMTD:utility.obj
 0001:00004140       atexit                     0000000140005140 f   LIBCMTD:utility.obj
 0001:00004240       __security_init_cookie     0000000140005240 f   LIBCMTD:gs_support.obj
 0001:000042c0       ?get_current_state_index@__crt_state_management@@YA_KAEBV__crt_scoped_get_last_error_reset@@@Z 00000001400052c0 f   libucrtd:per_thread_data.obj
 0001:000042c0       _matherr                   00000001400052c0 f   LIBCMTD:matherr.obj
 0001:000042d0       _get_startup_argv_mode     00000001400052d0 f   LIBCMTD:argv_mode.obj
 0001:000042e0       _get_startup_thread_locale_mode 00000001400052e0 f   LIBCMTD:thread_locale.obj
 0001:000042e0       __scrt_initialize_winrt    00000001400052e0 f   LIBCMTD:utility_desktop.obj
 0001:000042e0       _get_startup_new_mode      00000001400052e0 f   LIBCMTD:new_mode.obj
 0001:000042e0       __scrt_exe_initialize_mta  00000001400052e0 f   LIBCMTD:utility_desktop.obj
 0001:000042e0       ?get_invalid_value@__crt_hmodule_traits@@SAPEAUHINSTANCE__@@XZ 00000001400052e0 f   libucrtd:exit.obj
 0001:000042e0       ?get_current_state_index@__crt_state_management@@YA_KXZ 00000001400052e0 f   libucrtd:matherr.obj
 0001:000042e0       __scrt_stub_for_initialize_mta 00000001400052e0 f   LIBCMTD:utility_desktop.obj
 0001:000042e0       _get_startup_commit_mode   00000001400052e0 f   LIBCMTD:commit_mode.obj
 0001:000042f0       _get_startup_file_mode     00000001400052f0 f   LIBCMTD:file_mode.obj
 0001:00004300       ?__scrt_initialize_type_info@@YAXXZ 0000000140005300 f   LIBCMTD:tncleanup.obj
 0001:00004320       _should_initialize_environment 0000000140005320 f   LIBCMTD:env_mode.obj
 0001:00004330       _initialize_denormal_control 0000000140005330 f   LIBCMTD:denormal_control.obj
 0001:00004330       _initialize_invalid_parameter_handler 0000000140005330 f   LIBCMTD:invalid_parameter_handler.obj
 0001:00004340       __local_stdio_printf_options 0000000140005340 f i LIBCMTD:default_local_stdio_options.obj
 0001:00004350       __local_stdio_scanf_options 0000000140005350 f i LIBCMTD:default_local_stdio_options.obj
 0001:00004360       __scrt_initialize_default_local_stdio_options 0000000140005360 f   LIBCMTD:default_local_stdio_options.obj
 0001:000043b0       __scrt_is_user_matherr_present 00000001400053b0 f   LIBCMTD:matherr_detection.obj
 0001:000043e0       __scrt_get_dyn_tls_init_callback 00000001400053e0 f   LIBCMTD:dyn_tls_init.obj
 0001:000043f0       __scrt_get_dyn_tls_dtor_callback 00000001400053f0 f   LIBCMTD:dyn_tls_dtor.obj
 0001:00004400       __crt_debugger_hook        0000000140005400 f   LIBCMTD:utility_desktop.obj
 0001:00004410       __scrt_fastfail            0000000140005410 f   LIBCMTD:utility_desktop.obj
 0001:000045b0       __scrt_get_show_window_mode 00000001400055b0 f   LIBCMTD:utility_desktop.obj
 0001:00004610       __scrt_initialize_mta      0000000140005610 f   LIBCMTD:utility_desktop.obj
 0001:00004620       __scrt_is_managed_app      0000000140005620 f   LIBCMTD:utility_desktop.obj
 0001:000046d0       __scrt_set_unhandled_exception_filter 00000001400056d0 f   LIBCMTD:utility_desktop.obj
 0001:000046f0       __scrt_unhandled_exception_filter 00000001400056f0 f   LIBCMTD:utility_desktop.obj
 0001:00004790       _RTC_Initialize            0000000140005790 f   LIBCMTD:initsect.obj
 0001:000047e0       _RTC_Terminate             00000001400057e0 f   LIBCMTD:initsect.obj
 0001:00004830       ??1?$__crt_simd_cleanup_guard@$0A@@@QEAA@XZ 0000000140005830 f i libucrtd:strnlen.obj
 0001:00004830       ??1scoped_global_state_reset@__crt_state_management@@QEAA@XZ 0000000140005830 f i libucrtd:onexit.obj
 0001:00004830       _guard_check_icall_nop     0000000140005830 f i LIBCMTD:guard_support.obj
 0001:00004840       ReadNoFence64              0000000140005840 f i LIBCMTD:guard_support.obj
 0001:00004860       ReadPointerNoFence         0000000140005860 f i LIBCMTD:guard_support.obj
 0001:00004880       _guard_icall_checks_enforced 0000000140005880 f i LIBCMTD:guard_support.obj
 0001:000048c0       __isa_available_init       00000001400058c0 f   LIBCMTD:cpu_disp.obj
 0001:00004c60       __scrt_is_ucrt_dll_in_use  0000000140005c60 f   LIBCMTD:ucrt_detection.obj
 0001:00004c90       __C_specific_handler       0000000140005c90 f   libvcruntimed:riscchandler.obj
 0001:00005100       __vcrt_initialize          0000000140006100 f   libvcruntimed:initialization.obj
 0001:00005140       __vcrt_uninitialize        0000000140006140 f   libvcruntimed:initialization.obj
 0001:00005160       ??$?RU__crt_lowio_handle_data@@@__crt_internal_free_policy@@QEBAXQEBU__crt_lowio_handle_data@@@Z 0000000140006160 f i libucrtd:osfinfo.obj
 0001:00005160       ??$?RU__crt_multibyte_data@@@__crt_internal_free_policy@@QEBAXQEBU__crt_multibyte_data@@@Z 0000000140006160 f i libucrtd:wsetlocale.obj
 0001:00005160       ??$?RU__acrt_ptd@@@__crt_internal_free_policy@@QEBAXQEBU__acrt_ptd@@@Z 0000000140006160 f i libucrtd:per_thread_data.obj
 0001:00005160       ??$?RPEAD@__crt_internal_free_policy@@QEBAXQEBQEAD@Z 0000000140006160 f i libucrtd:argv_parsing.obj
 0001:00005160       ??$?RU__vcrt_ptd@@@__crt_internal_free_policy@@QEBAXQEBU__vcrt_ptd@@@Z 0000000140006160 f i libvcruntimed:per_thread_data.obj
 0001:00005160       ??$?RP6AXXZ@__crt_internal_free_policy@@QEBAXQEBQ6AXXZ@Z 0000000140006160 f i libucrtd:onexit.obj
 0001:00005160       ??$?RD@__crt_internal_free_policy@@QEBAXQEBD@Z 0000000140006160 f i libvcruntimed:std_type_info.obj
 0001:00005160       ??$?RE@__crt_internal_free_policy@@QEBAXQEBE@Z 0000000140006160 f i libucrtd:argv_parsing.obj
 0001:00005160       ??$?RPEAU__crt_stdio_stream_data@@@__crt_internal_free_policy@@QEBAXQEBQEAU__crt_stdio_stream_data@@@Z 0000000140006160 f i libucrtd:_file.obj
 0001:00005190       ??0__crt_stdio_stream@@QEAA@QEAU__crt_stdio_stream_data@@@Z 0000000140006190 f i libucrtd:fflush.obj
 0001:00005190       ??0?$__crt_scoped_stack_ptr@_W@@QEAA@U?$__crt_scoped_stack_ptr_tag@_W@@@Z 0000000140006190 f i libucrtd:getstringtypea.obj
 0001:00005190       ??0__crt_stdio_stream@@QEAA@QEAU_iobuf@@@Z 0000000140006190 f i libucrtd:output.obj
 0001:00005190       ??0?$__crt_unique_heap_ptr@DU__crt_public_free_policy@@@@QEAA@QEAD@Z 0000000140006190 f i libvcruntimed:std_exception.obj
 0001:00005190       ??0?$__crt_scoped_stack_ptr_tag@_W@@QEAA@QEA_W@Z 0000000140006190 f i libucrtd:getstringtypea.obj
 0001:00005190       ??0?$__crt_unique_heap_ptr@U__acrt_ptd@@U__crt_internal_free_policy@@@@QEAA@QEAU__acrt_ptd@@@Z 0000000140006190 f i libucrtd:per_thread_data.obj
 0001:00005190       ??0?$__crt_unique_heap_ptr@PEAU__crt_stdio_stream_data@@U__crt_internal_free_policy@@@@QEAA@QEAPEAU__crt_stdio_stream_data@@@Z 0000000140006190 f i libucrtd:_file.obj
 0001:00005190       ??0?$__crt_unique_heap_ptr@P6AXXZU__crt_internal_free_policy@@@@QEAA@QEAP6AXXZ@Z 0000000140006190 f i libucrtd:onexit.obj
 0001:00005190       ??0?$__crt_unique_handle_t@U__crt_findfile_traits@@@@QEAA@QEAX@Z 0000000140006190 f i libucrtd:argv_wildcards.obj
 0001:00005190       ??0?$__crt_unique_heap_ptr@U__crt_lowio_handle_data@@U__crt_internal_free_policy@@@@QEAA@QEAU__crt_lowio_handle_data@@@Z 0000000140006190 f i libucrtd:osfinfo.obj
 0001:00005190       ??0?$__crt_unique_heap_ptr@U__vcrt_ptd@@U__crt_internal_free_policy@@@@QEAA@QEAU__vcrt_ptd@@@Z 0000000140006190 f i libvcruntimed:per_thread_data.obj
 0001:00005190       ??0?$__crt_unique_heap_ptr@PEADU__crt_internal_free_policy@@@@QEAA@QEAPEAD@Z 0000000140006190 f i libucrtd:argv_parsing.obj
 0001:00005190       ??0?$string_output_adapter@D@__crt_stdio_output@@QEAA@QEAU?$string_output_adapter_context@D@1@@Z 0000000140006190 f i libucrtd:output.obj
 0001:00005190       ??0?$__crt_unique_heap_ptr@DU__crt_internal_free_policy@@@@QEAA@QEAD@Z 0000000140006190 f i libvcruntimed:std_type_info.obj
 0001:00005190       ??0?$string_output_adapter@_W@__crt_stdio_output@@QEAA@QEAU?$string_output_adapter_context@_W@1@@Z 0000000140006190 f i libucrtd:output.obj
 0001:00005190       ??0?$__crt_unique_heap_ptr@U__crt_multibyte_data@@U__crt_internal_free_policy@@@@QEAA@QEAU__crt_multibyte_data@@@Z 0000000140006190 f i libucrtd:wsetlocale.obj
 0001:00005190       ??0?$__crt_unique_heap_ptr@EU__crt_internal_free_policy@@@@QEAA@QEAE@Z 0000000140006190 f i libucrtd:argv_parsing.obj
 0001:00005190       ??0?$__crt_unique_handle_t@U__crt_hmodule_traits@@@@QEAA@QEAUHINSTANCE__@@@Z 0000000140006190 f i libucrtd:exit.obj
 0001:000051b0       ??1?$__crt_unique_heap_ptr@U__crt_multibyte_data@@U__crt_internal_free_policy@@@@QEAA@XZ 00000001400061b0 f i libucrtd:wsetlocale.obj
 0001:000051b0       ??1?$__crt_unique_heap_ptr@U__acrt_ptd@@U__crt_internal_free_policy@@@@QEAA@XZ 00000001400061b0 f i libucrtd:per_thread_data.obj
 0001:000051b0       ??1?$__crt_unique_heap_ptr@PEADU__crt_internal_free_policy@@@@QEAA@XZ 00000001400061b0 f i libucrtd:argv_parsing.obj
 0001:000051b0       ??1?$__crt_unique_heap_ptr@U__vcrt_ptd@@U__crt_internal_free_policy@@@@QEAA@XZ 00000001400061b0 f i libvcruntimed:per_thread_data.obj
 0001:000051b0       ??1?$__crt_unique_heap_ptr@U__crt_lowio_handle_data@@U__crt_internal_free_policy@@@@QEAA@XZ 00000001400061b0 f i libucrtd:osfinfo.obj
 0001:000051b0       ??1?$__crt_unique_heap_ptr@EU__crt_internal_free_policy@@@@QEAA@XZ 00000001400061b0 f i libucrtd:argv_parsing.obj
 0001:000051b0       ??1?$__crt_unique_heap_ptr@DU__crt_internal_free_policy@@@@QEAA@XZ 00000001400061b0 f i libvcruntimed:std_type_info.obj
 0001:000051b0       ??1?$__crt_unique_heap_ptr@P6AXXZU__crt_internal_free_policy@@@@QEAA@XZ 00000001400061b0 f i libucrtd:onexit.obj
 0001:000051b0       ??1?$__crt_unique_heap_ptr@PEAU__crt_stdio_stream_data@@U__crt_internal_free_policy@@@@QEAA@XZ 00000001400061b0 f i libucrtd:_file.obj
 0001:000051d0       ??B?$__crt_unique_heap_ptr@DU__crt_public_free_policy@@@@QEBA_NXZ 00000001400061d0 f i libvcruntimed:std_exception.obj
 0001:000051d0       ??B?$__crt_unique_heap_ptr@U__acrt_ptd@@U__crt_internal_free_policy@@@@QEBA_NXZ 00000001400061d0 f i libucrtd:per_thread_data.obj
 0001:000051d0       ??B?$__crt_unique_heap_ptr@U__vcrt_ptd@@U__crt_internal_free_policy@@@@QEBA_NXZ 00000001400061d0 f i libvcruntimed:per_thread_data.obj
 0001:000051d0       ??B?$__crt_unique_heap_ptr@U__crt_lowio_handle_data@@U__crt_internal_free_policy@@@@QEBA_NXZ 00000001400061d0 f i libucrtd:osfinfo.obj
 0001:000051d0       ??B?$__crt_unique_heap_ptr@DU__crt_internal_free_policy@@@@QEBA_NXZ 00000001400061d0 f i libvcruntimed:std_type_info.obj
 0001:000051d0       ??B?$__crt_unique_heap_ptr@U__crt_multibyte_data@@U__crt_internal_free_policy@@@@QEBA_NXZ 00000001400061d0 f i libucrtd:wsetlocale.obj
 0001:000051d0       ??B?$__crt_unique_heap_ptr@EU__crt_internal_free_policy@@@@QEBA_NXZ 00000001400061d0 f i libucrtd:argv_parsing.obj
 0001:000051f0       ?__crt_interlocked_read_64@@YA_JPED_J@Z 00000001400061f0 f i libvcruntimed:std_type_info.obj
 0001:00005210       ?get@?$__crt_unique_heap_ptr@U__acrt_ptd@@U__crt_internal_free_policy@@@@QEBAPEAU__acrt_ptd@@XZ 0000000140006210 f i libucrtd:per_thread_data.obj
 0001:00005210       ?public_stream@__crt_stdio_stream@@QEBAPEAU_iobuf@@XZ 0000000140006210 f i libucrtd:output.obj
 0001:00005210       ?save_state@?$c_string_character_source@D@__crt_strtox@@QEBAPEBDXZ 0000000140006210 f i libucrtd:atox.obj
 0001:00005210       ?save_state@?$c_string_character_source@_W@__crt_strtox@@QEBAPEB_WXZ 0000000140006210 f i libucrtd:atox.obj
 0001:00005210       ?get@?$__crt_scoped_stack_ptr@_W@@QEBAPEA_WXZ 0000000140006210 f i libucrtd:getstringtypea.obj
 0001:00005210       ?get@?$__crt_unique_handle_t@U__crt_hmodule_traits@@@@QEBAPEAUHINSTANCE__@@XZ 0000000140006210 f i libucrtd:exit.obj
 0001:00005210       ?get@?$__crt_unique_heap_ptr@U__vcrt_ptd@@U__crt_internal_free_policy@@@@QEBAPEAU__vcrt_ptd@@XZ 0000000140006210 f i libvcruntimed:per_thread_data.obj
 0001:00005210       ??C__crt_stdio_stream@@QEBAPEAU__crt_stdio_stream_data@@XZ 0000000140006210 f i libucrtd:output.obj
 0001:00005210       ?get@?$__crt_unique_heap_ptr@DU__crt_internal_free_policy@@@@QEBAPEADXZ 0000000140006210 f i libvcruntimed:std_type_info.obj
 0001:00005210       ?get@?$__crt_unique_heap_ptr@U__crt_lowio_handle_data@@U__crt_internal_free_policy@@@@QEBAPEAU__crt_lowio_handle_data@@XZ 0000000140006210 f i libucrtd:osfinfo.obj
 0001:00005210       ?get@?$__crt_unique_handle_t@U__crt_findfile_traits@@@@QEBAPEAXXZ 0000000140006210 f i libucrtd:argv_wildcards.obj
 0001:00005210       ?get@?$__crt_unique_heap_ptr@U__crt_multibyte_data@@U__crt_internal_free_policy@@@@QEBAPEAU__crt_multibyte_data@@XZ 0000000140006210 f i libucrtd:wsetlocale.obj
 0001:00005210       ?get@?$__crt_unique_heap_ptr@PEADU__crt_internal_free_policy@@@@QEBAPEAPEADXZ 0000000140006210 f i libucrtd:argv_parsing.obj
 0001:00005210       ?get@?$__crt_unique_heap_ptr@EU__crt_internal_free_policy@@@@QEBAPEAEXZ 0000000140006210 f i libucrtd:argv_parsing.obj
 0001:00005210       ?get@?$__crt_unique_heap_ptr@DU__crt_public_free_policy@@@@QEBAPEADXZ 0000000140006210 f i libvcruntimed:std_exception.obj
 0001:00005220       ?is_valid@?$__crt_unique_heap_ptr@U__crt_lowio_handle_data@@U__crt_internal_free_policy@@@@QEBA_NXZ 0000000140006220 f i libucrtd:osfinfo.obj
 0001:00005220       ?valid@__crt_stdio_stream@@QEBA_NXZ 0000000140006220 f i libucrtd:output.obj
 0001:00005220       ?is_valid@?$__crt_unique_heap_ptr@DU__crt_internal_free_policy@@@@QEBA_NXZ 0000000140006220 f i libvcruntimed:std_type_info.obj
 0001:00005220       ?is_valid@?$__crt_unique_heap_ptr@EU__crt_internal_free_policy@@@@QEBA_NXZ 0000000140006220 f i libucrtd:argv_parsing.obj
 0001:00005220       ?is_valid@?$__crt_unique_heap_ptr@DU__crt_public_free_policy@@@@QEBA_NXZ 0000000140006220 f i libvcruntimed:std_exception.obj
 0001:00005220       ?is_valid@?$__crt_unique_heap_ptr@U__crt_multibyte_data@@U__crt_internal_free_policy@@@@QEBA_NXZ 0000000140006220 f i libucrtd:wsetlocale.obj
 0001:00005220       ?is_valid@?$__crt_unique_heap_ptr@U__acrt_ptd@@U__crt_internal_free_policy@@@@QEBA_NXZ 0000000140006220 f i libucrtd:per_thread_data.obj
 0001:00005220       ??B?$__crt_scoped_stack_ptr@_W@@QEBA_NXZ 0000000140006220 f i libucrtd:lcmapstringa.obj
 0001:00005220       ?is_valid@?$__crt_unique_heap_ptr@U__vcrt_ptd@@U__crt_internal_free_policy@@@@QEBA_NXZ 0000000140006220 f i libvcruntimed:per_thread_data.obj
 0001:00005250       ?release@?$__crt_unique_heap_ptr@U__crt_multibyte_data@@U__crt_internal_free_policy@@@@QEAAXXZ 0000000140006250 f i libucrtd:wsetlocale.obj
 0001:00005250       ?release@?$__crt_unique_heap_ptr@U__crt_lowio_handle_data@@U__crt_internal_free_policy@@@@QEAAXXZ 0000000140006250 f i libucrtd:osfinfo.obj
 0001:00005250       ?release@?$__crt_unique_heap_ptr@EU__crt_internal_free_policy@@@@QEAAXXZ 0000000140006250 f i libucrtd:argv_parsing.obj
 0001:00005250       ?release@?$__crt_unique_heap_ptr@U__acrt_ptd@@U__crt_internal_free_policy@@@@QEAAXXZ 0000000140006250 f i libucrtd:per_thread_data.obj
 0001:00005250       ?release@?$__crt_unique_heap_ptr@PEAU__crt_stdio_stream_data@@U__crt_internal_free_policy@@@@QEAAXXZ 0000000140006250 f i libucrtd:_file.obj
 0001:00005250       ?release@?$__crt_unique_heap_ptr@PEADU__crt_internal_free_policy@@@@QEAAXXZ 0000000140006250 f i libucrtd:argv_parsing.obj
 0001:00005250       ?release@?$__crt_unique_heap_ptr@DU__crt_internal_free_policy@@@@QEAAXXZ 0000000140006250 f i libvcruntimed:std_type_info.obj
 0001:00005250       ?release@?$__crt_unique_heap_ptr@U__vcrt_ptd@@U__crt_internal_free_policy@@@@QEAAXXZ 0000000140006250 f i libvcruntimed:per_thread_data.obj
 0001:00005250       ?release@?$__crt_unique_heap_ptr@P6AXXZU__crt_internal_free_policy@@@@QEAAXXZ 0000000140006250 f i libucrtd:onexit.obj
 0001:00005280       __std_type_info_compare    0000000140006280 f   libvcruntimed:std_type_info.obj
 0001:000052c0       __DestructExceptionObject  00000001400062c0 f   libvcruntimed:ehhelpers.obj
 0001:000053c0       ?_CallMemberFunction0@@YAXQEAX0@Z 00000001400063c0 f i libvcruntimed:ehhelpers.obj
 0001:00005490       _IsExceptionObjectToBeDestroyed 0000000140006490 f   libvcruntimed:ehhelpers.obj
 0001:000054e0       __AdjustPointer            00000001400064e0 f   libvcruntimed:ehhelpers.obj
 0001:00005560       __FrameUnwindFilter        0000000140006560 f   libvcruntimed:ehhelpers.obj
 0001:00005610       __current_exception        0000000140006610 f   libvcruntimed:ehhelpers.obj
 0001:00005630       __current_exception_context 0000000140006630 f   libvcruntimed:ehhelpers.obj
 0001:00005660       _NLG_Notify                0000000140006660 f   libvcruntimed:notify.obj
 0001:00005680       __NLG_Dispatch2            0000000140006680 f   libvcruntimed:notify.obj
 0001:00005690       __NLG_Return2              0000000140006690 f   libvcruntimed:notify.obj
 0001:000056a0       __except_validate_context_record 00000001400066a0 f   libvcruntimed:jbcxrval.obj
 0001:00005740       ?detach@?$__crt_unique_heap_ptr@EU__crt_internal_free_policy@@@@QEAAPEAEXZ 0000000140006740 f i libucrtd:argv_parsing.obj
 0001:00005740       ?detach@?$__crt_unique_heap_ptr@U__vcrt_ptd@@U__crt_internal_free_policy@@@@QEAAPEAU__vcrt_ptd@@XZ 0000000140006740 f i libvcruntimed:per_thread_data.obj
 0001:00005740       ?detach@?$__crt_unique_heap_ptr@PEAU__crt_stdio_stream_data@@U__crt_internal_free_policy@@@@QEAAPEAPEAU__crt_stdio_stream_data@@XZ 0000000140006740 f i libucrtd:_file.obj
 0001:00005740       ?detach@?$__crt_unique_heap_ptr@P6AXXZU__crt_internal_free_policy@@@@QEAAPEAP6AXXZXZ 0000000140006740 f i libucrtd:onexit.obj
 0001:00005740       ?detach@?$__crt_unique_heap_ptr@DU__crt_public_free_policy@@@@QEAAPEADXZ 0000000140006740 f i libvcruntimed:std_exception.obj
 0001:00005740       ?detach@?$__crt_unique_heap_ptr@PEADU__crt_internal_free_policy@@@@QEAAPEAPEADXZ 0000000140006740 f i libucrtd:argv_parsing.obj
 0001:00005740       ?detach@?$__crt_unique_heap_ptr@U__acrt_ptd@@U__crt_internal_free_policy@@@@QEAAPEAU__acrt_ptd@@XZ 0000000140006740 f i libucrtd:per_thread_data.obj
 0001:00005740       ?detach@?$__crt_unique_heap_ptr@U__crt_multibyte_data@@U__crt_internal_free_policy@@@@QEAAPEAU__crt_multibyte_data@@XZ 0000000140006740 f i libucrtd:wsetlocale.obj
 0001:00005740       ?detach@?$__crt_unique_heap_ptr@U__crt_lowio_handle_data@@U__crt_internal_free_policy@@@@QEAAPEAU__crt_lowio_handle_data@@XZ 0000000140006740 f i libucrtd:osfinfo.obj
 0001:000057b0       __vcrt_freefls             00000001400067b0 f   libvcruntimed:per_thread_data.obj
 0001:000057f0       __vcrt_getptd              00000001400067f0 f   libvcruntimed:per_thread_data.obj
 0001:00005820       __vcrt_getptd_noexit       0000000140006820 f   libvcruntimed:per_thread_data.obj
 0001:000059c0       __vcrt_initialize_ptd      00000001400069c0 f   libvcruntimed:per_thread_data.obj
 0001:00005a10       __vcrt_uninitialize_ptd    0000000140006a10 f   libvcruntimed:per_thread_data.obj
 0001:00005a40       __vcrt_initialize_locks    0000000140006a40 f   libvcruntimed:locks.obj
 0001:00005ab0       __vcrt_uninitialize_locks  0000000140006ab0 f   libvcruntimed:locks.obj
 0001:00005b10       _vsprintf_s_l              0000000140006b10 f i libvcruntimed:undname.obj
 0001:00005b80       sprintf_s                  0000000140006b80 f i libvcruntimed:undname.obj
 0001:00005be0       ??$__crt_interlocked_exchange_pointer@UHINSTANCE__@@PEAX@@YAPEAUHINSTANCE__@@PEDSEAU0@QEAX@Z 0000000140006be0 f i libvcruntimed:winapi_downlevel.obj
 0001:00005be0       ??$__crt_interlocked_exchange_pointer@UHINSTANCE__@@PEAU1@@@YAPEAUHINSTANCE__@@PEDSEAU0@QEAU0@@Z 0000000140006be0 f i libvcruntimed:winapi_downlevel.obj
 0001:00005be0       ??$__crt_interlocked_exchange_pointer@XPEAX@@YAPEAXPEDSEAXQEAX@Z 0000000140006be0 f i libvcruntimed:winapi_downlevel.obj
 0001:00005c00       ??$__crt_interlocked_read_pointer@UHINSTANCE__@@@@YAPEAUHINSTANCE__@@PEDSEAU0@@Z 0000000140006c00 f i libvcruntimed:winapi_downlevel.obj
 0001:00005c00       ??$__crt_interlocked_read_pointer@X@@YAPEAXPEDSEAX@Z 0000000140006c00 f i libvcruntimed:winapi_downlevel.obj
 0001:00005c20       ?get_invalid_value@__crt_findfile_traits@@SAPEAXXZ 0000000140006c20 f   libucrtd:argv_wildcards.obj
 0001:00006110       __vcrt_FlsAlloc            0000000140007110 f   libvcruntimed:winapi_downlevel.obj
 0001:00006160       __vcrt_FlsFree             0000000140007160 f   libvcruntimed:winapi_downlevel.obj
 0001:000061b0       __vcrt_FlsGetValue         00000001400071b0 f   libvcruntimed:winapi_downlevel.obj
 0001:00006200       __vcrt_FlsSetValue         0000000140007200 f   libvcruntimed:winapi_downlevel.obj
 0001:00006260       __vcrt_InitializeCriticalSectionEx 0000000140007260 f   libvcruntimed:winapi_downlevel.obj
 0001:000062e0       memcpy_repmovs             00000001400072e0 f   libvcruntimed:memcpy.obj
 0001:00006300       memmove                    0000000140007300 f   libvcruntimed:memcpy.obj
 0001:00006300       memcpy                     0000000140007300 f   libvcruntimed:memcpy.obj
 0001:00006980       ??$?0AEAViterator@TryBlockMap@__FrameHandler3@@AEAV012@$0A@@?$pair@Viterator@TryBlockMap@__FrameHandler3@@V123@@std@@QEAA@AEAViterator@TryBlockMap@__FrameHandler3@@0@Z 0000000140007980 f i libvcruntimed:risctrnsctrl.obj
 0001:00006a90       ??$_CallSETranslator@V__FrameHandler3@@@@YAHPEAUEHExceptionRecord@@PEA_KPEAU_CONTEXT@@PEAU_xDISPATCHER_CONTEXT@@PEBU_s_FuncInfo@@K1H@Z 0000000140007a90 f i libvcruntimed:risctrnsctrl.obj
 0001:00006b20       ?dangerous_get_state_array@?$dual_state_global@P6AXPEB_W00I_K@Z@__crt_state_management@@QEAAPEAP6AXPEB_W00I_K@ZXZ 0000000140007b20 f i libucrtd:invalid_parameter.obj
 0001:00006b20       ?debug_info@?$__crt_win32_buffer@_WU__crt_win32_buffer_internal_dynamic_resizing@@@@QEBAAEBV__crt_win32_buffer_empty_debug_info@@XZ 0000000140007b20 f i libucrtd:argv_wildcards.obj
 0001:00006b20       ?get_address_of@?$__crt_unique_handle_t@U__crt_hmodule_traits@@@@QEAAPEAPEAUHINSTANCE__@@XZ 0000000140007b20 f i libucrtd:exit.obj
 0001:00006b20       ?dangerous_get_state_array@?$dual_state_global@PEAE@__crt_state_management@@QEAAPEAPEAEXZ 0000000140007b20 f i libucrtd:mbctype.obj
 0001:00006b20       ?dangerous_get_state_array@?$dual_state_global@PEAU__crt_multibyte_data@@@__crt_state_management@@QEAAPEAPEAU__crt_multibyte_data@@XZ 0000000140007b20 f i libucrtd:mbctype.obj
 0001:00006b20       ?debug_info@?$__crt_win32_buffer@DU__crt_win32_buffer_no_resizing@@@@QEBAAEBV__crt_win32_buffer_empty_debug_info@@XZ 0000000140007b20 f i libucrtd:getmodulefilenamea.obj
 0001:00006b20       ?debug_info@?$__crt_win32_buffer@DU__crt_win32_buffer_internal_dynamic_resizing@@@@QEBAAEBV__crt_win32_buffer_empty_debug_info@@XZ 0000000140007b20 f i libucrtd:argv_wildcards.obj
 0001:00006b20       ??$forward@AEAViterator@TryBlockMap@__FrameHandler3@@@std@@YAAEAViterator@TryBlockMap@__FrameHandler3@@AEAV123@@Z 0000000140007b20 f i libvcruntimed:risctrnsctrl.obj
 0001:00006b20       ?get_address_of@?$__crt_unique_heap_ptr@PEADU__crt_internal_free_policy@@@@QEAAPEAPEAPEADXZ 0000000140007b20 f i libucrtd:argv_parsing.obj
 0001:00006b20       ?dangerous_get_state_array@?$dual_state_global@PEAU__crt_locale_data@@@__crt_state_management@@QEAAPEAPEAU__crt_locale_data@@XZ 0000000140007b20 f i libucrtd:per_thread_data.obj
 0001:00006b20       ?dangerous_get_state_array@?$dual_state_global@H@__crt_state_management@@QEAAPEAHXZ 0000000140007b20 f i libucrtd:txtmode.obj
 0001:00006b30       ??0iterator@HandlerMap@__FrameHandler3@@QEAA@AEAV12@I@Z 0000000140007b30 f i libvcruntimed:frame.obj
 0001:00006b30       ??0iterator@TryBlockMap@__FrameHandler3@@QEAA@AEAV12@I@Z 0000000140007b30 f i libvcruntimed:risctrnsctrl.obj
 0001:00006b60       ?CatchTryBlock@__FrameHandler3@@SAPEBU_s_TryBlockMapEntry@@PEBU_s_FuncInfo@@H@Z 0000000140007b60 f   libvcruntimed:risctrnsctrl.obj
 0001:00006bf0       ?ExecutionInCatch@__FrameHandler3@@SA_NPEAU_xDISPATCHER_CONTEXT@@PEBU_s_FuncInfo@@@Z 0000000140007bf0 f   libvcruntimed:risctrnsctrl.obj
 0001:00006c40       ?FrameUnwindToEmptyState@__FrameHandler3@@SAXPEA_KPEAU_xDISPATCHER_CONTEXT@@PEBU_s_FuncInfo@@@Z 0000000140007c40 f   libvcruntimed:risctrnsctrl.obj
 0001:00006ce0       ?GetEstablisherFrame@__FrameHandler3@@SAPEA_KPEA_KPEAU_xDISPATCHER_CONTEXT@@PEBU_s_FuncInfo@@0@Z 0000000140007ce0 f   libvcruntimed:risctrnsctrl.obj
 0001:00006e50       ?GetRangeOfTrysToCheck@__FrameHandler3@@SA?AU?$pair@Viterator@TryBlockMap@__FrameHandler3@@V123@@std@@AEAVTryBlockMap@1@HPEAU_xDISPATCHER_CONTEXT@@PEBU_s_FuncInfo@@H@Z 0000000140007e50 f   libvcruntimed:risctrnsctrl.obj
 0001:00007090       ?UnwindNestedFrames@__FrameHandler3@@SAXPEA_KPEAUEHExceptionRecord@@PEAU_CONTEXT@@0PEAXPEBU_s_FuncInfo@@HHPEBU_s_HandlerType@@PEAU_xDISPATCHER_CONTEXT@@E@Z 0000000140008090 f   libvcruntimed:risctrnsctrl.obj
 0001:00007200       _CreateFrameInfo           0000000140008200 f   libvcruntimed:risctrnsctrl.obj
 0001:00007270       _FindAndUnlinkFrame        0000000140008270 f   libvcruntimed:risctrnsctrl.obj
 0001:000072f0       _GetImageBase              00000001400082f0 f   libvcruntimed:risctrnsctrl.obj
 0001:00007310       _GetThrowImageBase         0000000140008310 f   libvcruntimed:risctrnsctrl.obj
 0001:00007330       _SetImageBase              0000000140008330 f   libvcruntimed:risctrnsctrl.obj
 0001:00007350       _SetThrowImageBase         0000000140008350 f   libvcruntimed:risctrnsctrl.obj
 0001:00007370       __CxxFrameHandler3         0000000140008370 f   libvcruntimed:risctrnsctrl.obj
 0001:00007450       ?GetCurrentState@__FrameHandler3@@SAHPEA_KPEAU_xDISPATCHER_CONTEXT@@PEBU_s_FuncInfo@@@Z 0000000140008450 f   libvcruntimed:ehstate.obj
 0001:000074b0       ?GetUnwindTryBlock@__FrameHandler3@@SAHPEA_KPEAU_xDISPATCHER_CONTEXT@@PEBU_s_FuncInfo@@@Z 00000001400084b0 f   libvcruntimed:ehstate.obj
 0001:00007500       ?SetState@__FrameHandler3@@SAXPEA_KPEBU_s_FuncInfo@@H@Z 0000000140008500 f   libvcruntimed:ehstate.obj
 0001:00007530       ?SetUnwindTryBlock@__FrameHandler3@@SAXPEA_KPEAU_xDISPATCHER_CONTEXT@@PEBU_s_FuncInfo@@H@Z 0000000140008530 f   libvcruntimed:ehstate.obj
 0001:000075a0       ?StateFromControlPc@__FrameHandler3@@SAHPEBU_s_FuncInfo@@PEAU_xDISPATCHER_CONTEXT@@@Z 00000001400085a0 f   libvcruntimed:ehstate.obj
 0001:000075e0       ?StateFromIp@__FrameHandler3@@SAHPEBU_s_FuncInfo@@PEAU_xDISPATCHER_CONTEXT@@_K@Z 00000001400085e0 f   libvcruntimed:ehstate.obj
 0001:000076d0       ?__RVAtoRealOffset@@YA_KPEAU_xDISPATCHER_CONTEXT@@H@Z 00000001400086d0 f i libvcruntimed:ehstate.obj
 0001:000088a0       ??$TypeMatchHelper@V__FrameHandler3@@@@YAHPEBU_s_HandlerType@@PEBU_s_CatchableType@@PEBU_s_ThrowInfo@@@Z 00000001400098a0 f i libvcruntimed:frame.obj
 0001:00008aa0       ??$__InternalCxxFrameHandler@V__FrameHandler3@@@@YA?AW4_EXCEPTION_DISPOSITION@@PEAUEHExceptionRecord@@PEA_KPEAU_CONTEXT@@PEAU_xDISPATCHER_CONTEXT@@PEBU_s_FuncInfo@@H1E@Z 0000000140009aa0 f i libvcruntimed:frame.obj
 0001:00008f10       ??0HandlerMap@__FrameHandler3@@QEAA@PEBU_s_TryBlockMapEntry@@_KI@Z 0000000140009f10 f i libvcruntimed:frame.obj
 0001:00008f60       ??0TryBlockMap@__FrameHandler3@@QEAA@PEBU_s_FuncInfo@@_K@Z 0000000140009f60 f i libvcruntimed:frame.obj
 0001:00008f90       ??0bad_exception@std@@QEAA@AEBV01@@Z 0000000140009f90 f i libvcruntimed:frame.obj
 0001:00008fd0       ??0bad_exception@std@@QEAA@XZ 0000000140009fd0 f i libvcruntimed:frame.obj
 0001:00009010       ??0exception@std@@QEAA@AEBV01@@Z 000000014000a010 f i libvcruntimed:frame.obj
 0001:00009070       ??0exception@std@@QEAA@QEBDH@Z 000000014000a070 f i libvcruntimed:frame.obj
 0001:000090c0       ??1bad_exception@std@@UEAA@XZ 000000014000a0c0 f i libvcruntimed:frame.obj
 0001:000090e0       ??1exception@std@@UEAA@XZ  000000014000a0e0 f i libvcruntimed:frame.obj
 0001:00009110       ??8iterator@HandlerMap@__FrameHandler3@@QEBA_NAEBV012@@Z 000000014000a110 f i libvcruntimed:frame.obj
 0001:00009150       ??8type_info@@QEBA_NAEBV0@@Z 000000014000a150 f i libvcruntimed:frame.obj
 0001:000091a0       ??9iterator@HandlerMap@__FrameHandler3@@QEBA_NAEBV012@@Z 000000014000a1a0 f i libvcruntimed:frame.obj
 0001:000091e0       ??Diterator@HandlerMap@__FrameHandler3@@QEAA?BU_s_HandlerType@@XZ 000000014000a1e0 f i libvcruntimed:frame.obj
 0001:00009220       ??Diterator@TryBlockMap@__FrameHandler3@@QEAA?BU_s_TryBlockMapEntry@@XZ 000000014000a220 f i libvcruntimed:frame.obj
 0001:00009270       ??Eiterator@HandlerMap@__FrameHandler3@@QEAAAEAV012@XZ 000000014000a270 f i libvcruntimed:frame.obj
 0001:00009270       ??Eiterator@TryBlockMap@__FrameHandler3@@QEAAAEAV012@XZ 000000014000a270 f i libvcruntimed:frame.obj
 0001:00009290       ??Miterator@TryBlockMap@__FrameHandler3@@QEBA_NAEBV012@@Z 000000014000a290 f i libvcruntimed:frame.obj
 0001:000092d0       ??_Ebad_exception@std@@UEAAPEAXI@Z 000000014000a2d0 f i libvcruntimed:frame.obj
 0001:000092d0       ??_Gbad_exception@std@@UEAAPEAXI@Z 000000014000a2d0 f i libvcruntimed:frame.obj
 0001:00009310       ??_Gexception@std@@UEAAPEAXI@Z 000000014000a310 f i libvcruntimed:frame.obj
 0001:00009310       ??_Eexception@std@@UEAAPEAXI@Z 000000014000a310 f i libvcruntimed:frame.obj
 0001:00009350       ?BuildCatchObject@__FrameHandler3@@SAXPEAUEHExceptionRecord@@PEAXPEBU_s_HandlerType@@PEBU_s_CatchableType@@@Z 000000014000a350 f   libvcruntimed:frame.obj
 0001:00009390       ?CxxCallCatchBlock@__FrameHandler3@@SAPEAXPEAU_EXCEPTION_RECORD@@@Z 000000014000a390 f   libvcruntimed:frame.obj
 0001:000096f0       ?FrameUnwindToState@__FrameHandler3@@SAXPEA_KPEAU_xDISPATCHER_CONTEXT@@PEBU_s_FuncInfo@@H@Z 000000014000a6f0 f   libvcruntimed:frame.obj
 0001:00009940       ?GetHandlerSearchState@__FrameHandler3@@SAHPEA_KPEAU_xDISPATCHER_CONTEXT@@PEBU_s_FuncInfo@@@Z 000000014000a940 f i libvcruntimed:frame.obj
 0001:000099f0       ?GetMaxState@__FrameHandler3@@SAHPEAU_xDISPATCHER_CONTEXT@@PEBU_s_FuncInfo@@@Z 000000014000a9f0 f i libvcruntimed:frame.obj
 0001:00009bf0       __TypeMatch                000000014000abf0 f   libvcruntimed:frame.obj
 0001:00009bf0       ?TypeMatch@__FrameHandler3@@SAHPEBU_s_HandlerType@@PEBU_s_CatchableType@@PEBU_s_ThrowInfo@@@Z 000000014000abf0 f   libvcruntimed:frame.obj
 0001:00009c20       ?_CallMemberFunction1@@YAXQEAX00@Z 000000014000ac20 f i libvcruntimed:frame.obj
 0001:00009c60       ?_CallMemberFunction2@@YAXQEAX00H@Z 000000014000ac60 f i libvcruntimed:frame.obj
 0001:00009cf0       ?begin@HandlerMap@__FrameHandler3@@QEAA?AViterator@12@XZ 000000014000acf0 f i libvcruntimed:frame.obj
 0001:00009d20       ?end@HandlerMap@__FrameHandler3@@QEAA?AViterator@12@XZ 000000014000ad20 f i libvcruntimed:frame.obj
 0001:00009d50       ?getESTypes@__FrameHandler3@@SAPEBU_s_ESTypeList@@PEBU_s_FuncInfo@@@Z 000000014000ad50 f i libvcruntimed:frame.obj
 0001:00009d90       ?getLastEntry@HandlerMap@__FrameHandler3@@QEAAPEBU_s_HandlerType@@XZ 000000014000ad90 f i libvcruntimed:frame.obj
 0001:00009db0       ?getMagicNum@__FrameHandler3@@SAIPEBU_s_FuncInfo@@@Z 000000014000adb0 f i libvcruntimed:frame.obj
 0001:00009dd0       ?getNumTryBlocks@TryBlockMap@__FrameHandler3@@QEAAIXZ 000000014000add0 f i libvcruntimed:frame.obj
 0001:00009df0       ?isEHs@__FrameHandler3@@SA_NPEBU_s_FuncInfo@@@Z 000000014000adf0 f i libvcruntimed:frame.obj
 0001:00009e30       ?isNoExcept@__FrameHandler3@@SA_NPEBU_s_FuncInfo@@@Z 000000014000ae30 f i libvcruntimed:frame.obj
 0001:00009e70       ?what@exception@std@@UEBAPEBDXZ 000000014000ae70 f i libvcruntimed:frame.obj
 0001:00009eb0       __vcrt_EncodePointer       000000014000aeb0 f i libvcruntimed:frame.obj
 0001:00009ee0       memset_repmovs             000000014000aee0 f   libvcruntimed:memset.obj
 0001:00009f00       memset                     000000014000af00 f   libvcruntimed:memset.obj
 0001:0000a0a0       _CallSettingFrame          000000014000b0a0 f   libvcruntimed:handlers.obj
 0001:0000a0f0       _CallSettingFrame_LookupContinuationIndex 000000014000b0f0 f   libvcruntimed:handlers.obj
 0001:0000a120       _CallSettingFrame_NotifyContinuationAddr 000000014000b120 f   libvcruntimed:handlers.obj
 0001:0000a150       _CallSettingFrameEncoded   000000014000b150 f   libvcruntimed:handlers.obj
 0001:0000a1a0       ??$?RD@__crt_public_free_policy@@QEBAXQEBD@Z 000000014000b1a0 f i libvcruntimed:std_exception.obj
 0001:0000a1c0       ??1?$__crt_unique_heap_ptr@DU__crt_public_free_policy@@@@QEAA@XZ 000000014000b1c0 f i libvcruntimed:std_exception.obj
 0001:0000a1e0       ?release@?$__crt_unique_heap_ptr@DU__crt_public_free_policy@@@@QEAAXXZ 000000014000b1e0 f i libvcruntimed:std_exception.obj
 0001:0000a210       __std_exception_copy       000000014000b210 f   libvcruntimed:std_exception.obj
 0001:0000a350       __std_exception_destroy    000000014000b350 f   libvcruntimed:std_exception.obj
 0001:0000a390       _CxxThrowException         000000014000b390 f   libvcruntimed:throw.obj
 0001:0000a530       _seh_filter_exe            000000014000b530 f   libucrtd:exception_filter.obj
 0001:0000a9a0       __acrt_report_runtime_error 000000014000b9a0 f   libucrtd:report_runtime_error.obj
 0001:0000ac20       _invoke_watson_if_error    000000014000bc20 f i libucrtd:report_runtime_error.obj
 0001:0000ac70       _query_app_type            000000014000bc70 f   libucrtd:report_runtime_error.obj
 0001:0000ac80       _set_app_type              000000014000bc80 f   libucrtd:report_runtime_error.obj
 0001:0000ac90       ??$__crt_fast_decode_pointer@P6AXXZ@@YAP6AXXZQ6AXXZ@Z 000000014000bc90 f i libucrtd:onexit.obj
 0001:0000ac90       ??$__crt_fast_decode_pointer@P6AHPEAU_exception@@@Z@@YAP6AHPEAU_exception@@@ZQ6AH0@Z@Z 000000014000bc90 f i libucrtd:matherr.obj
 0001:0000ac90       ??$__crt_fast_decode_pointer@PEAP6AXXZ@@YAPEAP6AXXZQEAP6AXXZ@Z 000000014000bc90 f i libucrtd:onexit.obj
 0001:0000ac90       ??$__crt_fast_decode_pointer@P6AXPEB_W00I_K@Z@@YAP6AXPEB_W00I_K@ZQ6AX000I1@Z@Z 000000014000bc90 f i libucrtd:invalid_parameter.obj
 0001:0000ac90       ??$__crt_fast_decode_pointer@P6AXPEAXK0@Z@@YAP6AXPEAXK0@ZQ6AX0K0@Z@Z 000000014000bc90 f i libucrtd:exit.obj
 0001:0000ac90       ??$__crt_fast_decode_pointer@PEAX@@YAPEAXQEAX@Z 000000014000bc90 f i libucrtd:winapi_thunks.obj
 0001:0000ac90       ??$__crt_fast_decode_pointer@P6AXH@Z@@YAP6AXH@ZQ6AXH@Z@Z 000000014000bc90 f i libucrtd:signal.obj
 0001:0000ac90       ??$__crt_fast_decode_pointer@P6AH_K@Z@@YAP6AH_K@ZQ6AH0@Z@Z 000000014000bc90 f i libucrtd:new_handler.obj
 0001:0000acd0       ??$__crt_fast_encode_pointer@P6AXPEAXK0@Z@@YAP6AXPEAXK0@ZQ6AX0K0@Z@Z 000000014000bcd0 f i libucrtd:exit.obj
 0001:0000acd0       ??$__crt_fast_encode_pointer@PEAP6AXXZ@@YAPEAP6AXXZQEAP6AXXZ@Z 000000014000bcd0 f i libucrtd:onexit.obj
 0001:0000acd0       ??$__crt_fast_encode_pointer@P6AXXZ@@YAP6AXXZQ6AXXZ@Z 000000014000bcd0 f i libucrtd:onexit.obj
 0001:0000acd0       ??$__crt_fast_encode_pointer@PEAX@@YAPEAXQEAX@Z 000000014000bcd0 f i libucrtd:initialization.obj
 0001:0000acd0       ??$__crt_fast_encode_pointer@P6AHPEAU_exception@@@Z@@YAP6AHPEAU_exception@@@ZQ6AH0@Z@Z 000000014000bcd0 f i libucrtd:matherr.obj
 0001:0000acd0       ??$__crt_fast_encode_pointer@P6AXH@Z@@YAP6AXH@ZQ6AXH@Z@Z 000000014000bcd0 f i libucrtd:signal.obj
 0001:0000acd0       ??$__crt_fast_encode_pointer@P6AHXZ@@YAP6AHXZQ6AHXZ@Z 000000014000bcd0 f i libucrtd:onexit.obj
 0001:0000ad10       ?__crt_rotate_pointer_value@@YA_K_KH@Z 000000014000bd10 f i libucrtd:matherr.obj
 0001:0000ad30       ?initialize@?$dual_state_global@PEAU__crt_multibyte_data@@@__crt_state_management@@QEAAXQEAU__crt_multibyte_data@@@Z 000000014000bd30 f i libucrtd:mbctype.obj
 0001:0000ad30       ?initialize@?$dual_state_global@P6AH_K@Z@__crt_state_management@@QEAAXQ6AH_K@Z@Z 000000014000bd30 f i libucrtd:new_handler.obj
 0001:0000ad30       ?initialize@?$dual_state_global@P6AHPEAU_exception@@@Z@__crt_state_management@@QEAAXQ6AHPEAU_exception@@@Z@Z 000000014000bd30 f i libucrtd:matherr.obj
 0001:0000ad30       ?initialize@?$dual_state_global@PEAU__crt_locale_data@@@__crt_state_management@@QEAAXQEAU__crt_locale_data@@@Z 000000014000bd30 f i libucrtd:initialization.obj
 0001:0000ad30       ?initialize@?$dual_state_global@P6AXH@Z@__crt_state_management@@QEAAXQ6AXH@Z@Z 000000014000bd30 f i libucrtd:signal.obj
 0001:0000ad80       ?value@?$dual_state_global@PEAU__crt_multibyte_data@@@__crt_state_management@@QEAAAEAPEAU__crt_multibyte_data@@XZ 000000014000bd80 f i libucrtd:mbctype.obj
 0001:0000ad80       ?value@?$dual_state_global@P6AXPEB_W00I_K@Z@__crt_state_management@@QEAAAEAP6AXPEB_W00I_K@ZXZ 000000014000bd80 f i libucrtd:invalid_parameter.obj
 0001:0000ad80       ?value@?$dual_state_global@PEAE@__crt_state_management@@QEAAAEAPEAEXZ 000000014000bd80 f i libucrtd:mbctype.obj
 0001:0000ad80       ?value@?$dual_state_global@P6AXH@Z@__crt_state_management@@QEAAAEAP6AXH@ZXZ 000000014000bd80 f i libucrtd:signal.obj
 0001:0000ad80       ?value@?$dual_state_global@PEAU__crt_locale_data@@@__crt_state_management@@QEAAAEAPEAU__crt_locale_data@@XZ 000000014000bd80 f i libucrtd:wsetlocale.obj
 0001:0000ad80       ?value@?$dual_state_global@P6AH_K@Z@__crt_state_management@@QEAAAEAP6AH_K@ZXZ 000000014000bd80 f i libucrtd:new_handler.obj
 0001:0000ad80       ?value@?$dual_state_global@P6AHPEAU_exception@@@Z@__crt_state_management@@QEAAAEAP6AHPEAU_exception@@@ZXZ 000000014000bd80 f i libucrtd:matherr.obj
 0001:0000ada0       __acrt_has_user_matherr    000000014000bda0 f   libucrtd:matherr.obj
 0001:0000ade0       __acrt_initialize_user_matherr 000000014000bde0 f   libucrtd:matherr.obj
 0001:0000ae00       __acrt_invoke_user_matherr 000000014000be00 f   libucrtd:matherr.obj
 0001:0000ae50       __setusermatherr           000000014000be50 f   libucrtd:matherr.obj
 0001:0000b220       ??$get_module_file_name@$$TAEAY0BAF@DH@?$__crt_char_traits@D@@SAK$$QEA$$TAEAY0BAF@D$$QEAH@Z 000000014000c220 f i libucrtd:argv_parsing.obj
 0001:0000b220       ??$get_module_file_name@AEAPEAUHINSTANCE__@@AEAY0BAF@DK@?$__crt_char_traits@D@@SAKAEAPEAUHINSTANCE__@@AEAY0BAF@D$$QEAK@Z 000000014000c220 f i libucrtd:dbgrpt.obj
 0001:0000b6f0       ??$set_program_name@PEAD@?$__crt_char_traits@D@@SAX$$QEAPEAD@Z 000000014000c6f0 f i libucrtd:argv_parsing.obj
 0001:0000b820       __acrt_allocate_buffer_for_argv 000000014000c820 f   libucrtd:argv_parsing.obj
 0001:0000b940       _configure_narrow_argv     000000014000c940 f   libucrtd:argv_parsing.obj
 0001:0000b960       _set_pgmptr                000000014000c960 f i libucrtd:argv_parsing.obj
 0001:0000bb90       ??$tcslen@AEAPEAD@?$__crt_char_traits@D@@SA_KAEAPEAD@Z 000000014000cb90 f i libucrtd:environment_initialization.obj
 0001:0000bbdc       ??B?$__crt_unique_heap_ptr@PEADU__crt_internal_free_policy@@@@QEBA_NXZ 000000014000cbdc f i libucrtd:environment_initialization.obj
 0001:0000bbe4       ?detach@?$__crt_unique_heap_ptr@DU__crt_internal_free_policy@@@@QEAAPEADXZ 000000014000cbe4 f i libucrtd:environment_initialization.obj
 0001:0000bbec       __dcrt_uninitialize_environments_nolock 000000014000cbec f   libucrtd:environment_initialization.obj
 0001:0000bc24       _initialize_narrow_environment 000000014000cc24 f   libucrtd:environment_initialization.obj
 0001:0000bd70       _get_narrow_winmain_command_line 000000014000cd70 f   libucrtd:argv_winmain.obj
 0001:0000bd80       _initterm                  000000014000cd80 f   libucrtd:initterm.obj
 0001:0000bde0       _initterm_e                000000014000cde0 f   libucrtd:initterm.obj
 0001:0000be60       ??$?B$$A6AXPEAXK0@Z@__crt_fast_encoded_nullptr_t@@QEBAP6AXPEAXK0@ZXZ 000000014000ce60 f i libucrtd:exit.obj
 0001:0000be60       ??$?B$$A6AXXZ@__crt_fast_encoded_nullptr_t@@QEBAP6AXXZXZ 000000014000ce60 f i libucrtd:onexit.obj
 0001:0000be60       ??$?BP6AXXZ@__crt_fast_encoded_nullptr_t@@QEBAPEAP6AXXZXZ 000000014000ce60 f i libucrtd:onexit.obj
 0001:0000be60       ??$?BX@__crt_fast_encoded_nullptr_t@@QEBAPEAXXZ 000000014000ce60 f i libucrtd:initialization.obj
 0001:0000be60       ??$?B$$A6AXH@Z@__crt_fast_encoded_nullptr_t@@QEBAP6AXH@ZXZ 000000014000ce60 f i libucrtd:signal.obj
 0001:0000bf10       ??$__crt_get_proc_address@P6AXI@Z@@YAP6AXI@ZQEAUHINSTANCE__@@QEBD@Z 000000014000cf10 f i libucrtd:exit.obj
 0001:0000bf40       ??$__crt_interlocked_read@J@@YAJPEDJ@Z 000000014000cf40 f i libucrtd:exit.obj
 0001:0000bfd0       ??1?$__crt_unique_handle_t@U__crt_hmodule_traits@@@@QEAA@XZ 000000014000cfd0 f i libucrtd:exit.obj
 0001:0000c130       ?__acrt_select_exit_lock@@YA?AW4__acrt_lock_id@@XZ 000000014000d130 f i libucrtd:exit.obj
 0001:0000c140       ?__crt_fast_encode_pointer@@YA?AU__crt_fast_encoded_nullptr_t@@$$T@Z 000000014000d140 f i libucrtd:exit.obj
 0001:0000c160       ?__crt_interlocked_read_32@@YAHPEDH@Z 000000014000d160 f i libucrtd:exit.obj
 0001:0000c1a0       ?close@?$__crt_unique_handle_t@U__crt_hmodule_traits@@@@QEAAXXZ 000000014000d1a0 f i libucrtd:exit.obj
 0001:0000c1e0       ?close@__crt_hmodule_traits@@SA_NPEAUHINSTANCE__@@@Z 000000014000d1e0 f i libucrtd:exit.obj
 0001:0000c4a0       __acrt_initialize_thread_local_exit_callback 000000014000d4a0 f   libucrtd:exit.obj
 0001:0000c4c0       _c_exit                    000000014000d4c0 f   libucrtd:exit.obj
 0001:0000c4e0       _cexit                     000000014000d4e0 f   libucrtd:exit.obj
 0001:0000c500       _exit                      000000014000d500 f   libucrtd:exit.obj
 0001:0000c520       _register_thread_local_exe_atexit_callback 000000014000d520 f   libucrtd:exit.obj
 0001:0000c570       exit                       000000014000d570 f   libucrtd:exit.obj
 0001:0000c590       ?value@?$dual_state_global@H@__crt_state_management@@QEAAAEAHXZ 000000014000d590 f i libucrtd:setmode.obj
 0001:0000c590       ?value@?$dual_state_global@J@__crt_state_management@@QEAAAEAJXZ 000000014000d590 f i libucrtd:new_mode.obj
 0001:0000c5b0       _set_fmode                 000000014000d5b0 f   libucrtd:setmode.obj
 0001:0000c7f0       __acrt_disable_global_locale_sync 000000014000d7f0 f i libucrtd:wsetlocale.obj
 0001:0000c820       __acrt_enable_global_locale_sync 000000014000d820 f i libucrtd:wsetlocale.obj
 0001:0000c850       __acrt_set_locale_changed  000000014000d850 f   libucrtd:wsetlocale.obj
 0001:0000c860       __acrt_uninitialize_locale 000000014000d860 f   libucrtd:wsetlocale.obj
 0001:0000c890       __ascii_tolower            000000014000d890 f i libucrtd:wsetlocale.obj
 0001:0000c8b0       __ascii_towlower           000000014000d8b0 f i libucrtd:wsetlocale.obj
 0001:0000c8d0       _configthreadlocale        000000014000d8d0 f   libucrtd:wsetlocale.obj
 0001:0000ca30       _query_new_mode            000000014000da30 f   libucrtd:new_mode.obj
 0001:0000ca50       _set_new_mode              000000014000da50 f   libucrtd:new_mode.obj
 0001:0000cb20       __p__commode               000000014000db20 f   libucrtd:ncommode.obj
 0001:0000d1b0       _crt_atexit                000000014000e1b0 f   libucrtd:onexit.obj
 0001:0000d1d0       _execute_onexit_table      000000014000e1d0 f   libucrtd:onexit.obj
 0001:0000d210       _initialize_onexit_table   000000014000e210 f   libucrtd:onexit.obj
 0001:0000d290       _register_onexit_function  000000014000e290 f   libucrtd:onexit.obj
 0001:0000d320       __acrt_uninitialize_command_line 000000014000e320 f   libucrtd:argv_data.obj
 0001:0000d580       __acrt_initialize          000000014000e580 f   libucrtd:initialization.obj
 0001:0000d5b0       __acrt_uninitialize        000000014000e5b0 f   libucrtd:initialization.obj
 0001:0000d5e0       terminate                  000000014000e5e0 f   libucrtd:terminate.obj
 0001:0000d620       ??0_LocaleUpdate@@QEAA@QEAU__crt_locale_pointers@@@Z 000000014000e620 f i libucrtd:debug_heap.obj
 0001:0000d740       ??1_LocaleUpdate@@QEAA@XZ  000000014000e740 f i libucrtd:debug_heap.obj
 0001:0000d770       ?GetLocaleT@_LocaleUpdate@@QEAAPEAU__crt_locale_pointers@@XZ 000000014000e770 f i libucrtd:debug_heap.obj
 0001:0000f750       _CrtCheckMemory            0000000140010750 f   libucrtd:debug_heap.obj
 0001:0000f8e0       _CrtDumpMemoryLeaks        00000001400108e0 f   libucrtd:debug_heap.obj
 0001:0000f9a0       _CrtIsValidHeapPointer     00000001400109a0 f   libucrtd:debug_heap.obj
 0001:0000f9e0       _CrtIsValidPointer         00000001400109e0 f   libucrtd:debug_heap.obj
 0001:0000fa20       _CrtMemCheckpoint          0000000140010a20 f   libucrtd:debug_heap.obj
 0001:0000fca0       _CrtMemDumpAllObjectsSince 0000000140010ca0 f   libucrtd:debug_heap.obj
 0001:0000fd00       _CrtSetDbgFlag             0000000140010d00 f   libucrtd:debug_heap.obj
 0001:0000fe60       _CrtSetDumpClient          0000000140010e60 f   libucrtd:debug_heap.obj
 0001:0000fe90       __acrt_get_locale_data_prefix 0000000140010e90 f i libucrtd:debug_heap.obj
 0001:0000feb0       __acrt_locale_changed      0000000140010eb0 f i libucrtd:debug_heap.obj
 0001:0000fee0       _calloc_dbg                0000000140010ee0 f   libucrtd:debug_heap.obj
 0001:0000ff80       _chvalidchk_l              0000000140010f80 f i libucrtd:debug_heap.obj
 0001:0000ffb0       _free_dbg                  0000000140010fb0 f   libucrtd:debug_heap.obj
 0001:00010020       _invoke_watson_if_oneof    0000000140011020 f i libucrtd:debug_heap.obj
 0001:00010080       _ischartype_l              0000000140011080 f i libucrtd:debug_heap.obj
 0001:00010110       _malloc_dbg                0000000140011110 f   libucrtd:debug_heap.obj
 0001:00010150       _msize_dbg                 0000000140011150 f   libucrtd:debug_heap.obj
 0001:000102f0       _realloc_dbg               00000001400112f0 f   libucrtd:debug_heap.obj
 0001:00010360       _recalloc_dbg              0000000140011360 f   libucrtd:debug_heap.obj
 0001:00010930       strcpy_s                   0000000140011930 f   libucrtd:strcpy_s.obj
 0001:00010970       strcmp                     0000000140011970 f   libucrtd:strcmp.obj
 0001:000109f0       strlen                     00000001400119f0 f   libucrtd:strlen.obj
 0001:00010aa0       abort                      0000000140011aa0 f   libucrtd:abort.obj
 0001:00010b20       ??$initialize_from_array@$$BY00Q6AXPEB_W00I_K@Z@?$dual_state_global@P6AXPEB_W00I_K@Z@__crt_state_management@@QEAAXAEAY00Q6AXPEB_W00I_K@Z@Z 0000000140011b20 f i libucrtd:invalid_parameter.obj
 0001:00010b80       __acrt_call_reportfault    0000000140011b80 f   libucrtd:invalid_parameter.obj
 0001:00010cb0       __acrt_initialize_invalid_parameter_handler 0000000140011cb0 f   libucrtd:invalid_parameter.obj
 0001:00010ce0       _invalid_parameter         0000000140011ce0 f   libucrtd:invalid_parameter.obj
 0001:00010de0       _invalid_parameter_noinfo  0000000140011de0 f   libucrtd:invalid_parameter.obj
 0001:00010e10       _invoke_watson             0000000140011e10 f   libucrtd:invalid_parameter.obj
 0001:00010e70       ??$?0AEBV?$string_output_adapter@D@__crt_stdio_output@@AEB_KAEBQEBDAEBQEAU__crt_locale_pointers@@AEBQEAD@?$format_validation_base@DV?$string_output_adapter@D@__crt_stdio_output@@@__crt_stdio_output@@IEAA@AEBV?$string_output_adapter@D@1@AEB_KAEBQEBDAEBQEAU__crt_locale_pointers@@AEBQEAD@Z 0000000140011e70 f i libucrtd:output.obj
 0001:00010ec0       ??$?0AEBV?$string_output_adapter@D@__crt_stdio_output@@AEB_KAEBQEBDAEBQEAU__crt_locale_pointers@@AEBQEAD@?$standard_base@DV?$string_output_adapter@D@__crt_stdio_output@@@__crt_stdio_output@@IEAA@AEBV?$string_output_adapter@D@1@AEB_KAEBQEBDAEBQEAU__crt_locale_pointers@@AEBQEAD@Z 0000000140011ec0 f i libucrtd:output.obj
 0001:00010f30       ??$?0AEBV?$string_output_adapter@_W@__crt_stdio_output@@AEB_KAEBQEB_WAEBQEAU__crt_locale_pointers@@AEBQEAD@?$format_validation_base@_WV?$string_output_adapter@_W@__crt_stdio_output@@@__crt_stdio_output@@IEAA@AEBV?$string_output_adapter@_W@1@AEB_KAEBQEB_WAEBQEAU__crt_locale_pointers@@AEBQEAD@Z 0000000140011f30 f i libucrtd:output.obj
 0001:00010f80       ??$?0AEBV?$string_output_adapter@_W@__crt_stdio_output@@AEB_KAEBQEB_WAEBQEAU__crt_locale_pointers@@AEBQEAD@?$standard_base@_WV?$string_output_adapter@_W@__crt_stdio_output@@@__crt_stdio_output@@IEAA@AEBV?$string_output_adapter@_W@1@AEB_KAEBQEB_WAEBQEAU__crt_locale_pointers@@AEBQEAD@Z 0000000140011f80 f i libucrtd:output.obj
 0001:00012900       ??$count@D@formatting_buffer@__crt_stdio_output@@QEBA_KXZ 0000000140013900 f i libucrtd:output.obj
 0001:00012950       ??$count@_W@formatting_buffer@__crt_stdio_output@@QEBA_KXZ 0000000140013950 f i libucrtd:output.obj
 0001:000129a0       ??$data@_W@formatting_buffer@__crt_stdio_output@@QEAAPEA_WXZ 00000001400139a0 f i libucrtd:output.obj
 0001:000129a0       ??$data@D@formatting_buffer@__crt_stdio_output@@QEAAPEADXZ 00000001400139a0 f i libucrtd:output.obj
 0001:000129f0       ??$ensure_buffer_is_big_enough@D@formatting_buffer@__crt_stdio_output@@QEAA_N_K@Z 00000001400139f0 f i libucrtd:output.obj
 0001:00012b20       ??$ensure_buffer_is_big_enough@_W@formatting_buffer@__crt_stdio_output@@QEAA_N_K@Z 0000000140013b20 f i libucrtd:output.obj
 0001:00012c50       ??$extract_argument_from_va_list@C_J@?$standard_base@_WV?$string_output_adapter@_W@__crt_stdio_output@@@__crt_stdio_output@@IEAA_NAEA_J@Z 0000000140013c50 f i libucrtd:output.obj
 0001:00012c50       ??$extract_argument_from_va_list@C_J@?$standard_base@DV?$string_output_adapter@D@__crt_stdio_output@@@__crt_stdio_output@@IEAA_NAEA_J@Z 0000000140013c50 f i libucrtd:output.obj
 0001:00012c90       ??$extract_argument_from_va_list@E_J@?$standard_base@DV?$string_output_adapter@D@__crt_stdio_output@@@__crt_stdio_output@@IEAA_NAEA_J@Z 0000000140013c90 f i libucrtd:output.obj
 0001:00012c90       ??$extract_argument_from_va_list@E_J@?$standard_base@_WV?$string_output_adapter@_W@__crt_stdio_output@@@__crt_stdio_output@@IEAA_NAEA_J@Z 0000000140013c90 f i libucrtd:output.obj
 0001:00012cd0       ??$extract_argument_from_va_list@F_J@?$standard_base@_WV?$string_output_adapter@_W@__crt_stdio_output@@@__crt_stdio_output@@IEAA_NAEA_J@Z 0000000140013cd0 f i libucrtd:output.obj
 0001:00012cd0       ??$extract_argument_from_va_list@F_J@?$standard_base@DV?$string_output_adapter@D@__crt_stdio_output@@@__crt_stdio_output@@IEAA_NAEA_J@Z 0000000140013cd0 f i libucrtd:output.obj
 0001:00012d10       ??$extract_argument_from_va_list@GD@?$standard_base@DV?$string_output_adapter@D@__crt_stdio_output@@@__crt_stdio_output@@IEAA_NAEAD@Z 0000000140013d10 f i libucrtd:output.obj
 0001:00012d40       ??$extract_argument_from_va_list@G_J@?$standard_base@_WV?$string_output_adapter@_W@__crt_stdio_output@@@__crt_stdio_output@@IEAA_NAEA_J@Z 0000000140013d40 f i libucrtd:output.obj
 0001:00012d40       ??$extract_argument_from_va_list@G_J@?$standard_base@DV?$string_output_adapter@D@__crt_stdio_output@@@__crt_stdio_output@@IEAA_NAEA_J@Z 0000000140013d40 f i libucrtd:output.obj
 0001:00012d80       ??$extract_argument_from_va_list@H_J@?$standard_base@DV?$string_output_adapter@D@__crt_stdio_output@@@__crt_stdio_output@@IEAA_NAEA_J@Z 0000000140013d80 f i libucrtd:output.obj
 0001:00012d80       ??$extract_argument_from_va_list@H_J@?$standard_base@_WV?$string_output_adapter@_W@__crt_stdio_output@@@__crt_stdio_output@@IEAA_NAEA_J@Z 0000000140013d80 f i libucrtd:output.obj
 0001:00012db0       ??$extract_argument_from_va_list@I_J@?$standard_base@DV?$string_output_adapter@D@__crt_stdio_output@@@__crt_stdio_output@@IEAA_NAEA_J@Z 0000000140013db0 f i libucrtd:output.obj
 0001:00012db0       ??$extract_argument_from_va_list@I_J@?$standard_base@_WV?$string_output_adapter@_W@__crt_stdio_output@@@__crt_stdio_output@@IEAA_NAEA_J@Z 0000000140013db0 f i libucrtd:output.obj
 0001:00012de0       ??$extract_argument_from_va_list@_J_J@?$standard_base@DV?$string_output_adapter@D@__crt_stdio_output@@@__crt_stdio_output@@IEAA_NAEA_J@Z 0000000140013de0 f i libucrtd:output.obj
 0001:00012de0       ??$extract_argument_from_va_list@PEADPEAD@?$standard_base@_WV?$string_output_adapter@_W@__crt_stdio_output@@@__crt_stdio_output@@IEAA_NAEAPEAD@Z 0000000140013de0 f i libucrtd:output.obj
 0001:00012de0       ??$extract_argument_from_va_list@PEAXPEAX@?$standard_base@DV?$string_output_adapter@D@__crt_stdio_output@@@__crt_stdio_output@@IEAA_NAEAPEAX@Z 0000000140013de0 f i libucrtd:output.obj
 0001:00012de0       ??$extract_argument_from_va_list@PEAUansi_string@?1??type_case_Z@?$output_processor@_WV?$string_output_adapter@_W@__crt_stdio_output@@V?$format_validation_base@_WV?$string_output_adapter@_W@__crt_stdio_output@@@2@@__crt_stdio_output@@AEAA_NXZ@PEAU1?1??234@AEAA_NXZ@@?$standard_base@_WV?$string_output_adapter@_W@__crt_stdio_output@@@__crt_stdio_output@@IEAA_NAEAPEAUansi_string@?1??type_case_Z@?$output_processor@_WV?$string_output_adapter@_W@__crt_stdio_output@@V?$format_validation_base@_WV?$string_output_adapter@_W@__crt_stdio_output@@@2@@1@AEAA_NXZ@@Z 0000000140013de0 f i libucrtd:output.obj
 0001:00012de0       ??$extract_argument_from_va_list@PEAUansi_string@?1??type_case_Z@?$output_processor@DV?$string_output_adapter@D@__crt_stdio_output@@V?$format_validation_base@DV?$string_output_adapter@D@__crt_stdio_output@@@2@@__crt_stdio_output@@AEAA_NXZ@PEAU1?1??234@AEAA_NXZ@@?$standard_base@DV?$string_output_adapter@D@__crt_stdio_output@@@__crt_stdio_output@@IEAA_NAEAPEAUansi_string@?1??type_case_Z@?$output_processor@DV?$string_output_adapter@D@__crt_stdio_output@@V?$format_validation_base@DV?$string_output_adapter@D@__crt_stdio_output@@@2@@1@AEAA_NXZ@@Z 0000000140013de0 f i libucrtd:output.obj
 0001:00012de0       ??$extract_argument_from_va_list@PEADPEAD@?$standard_base@DV?$string_output_adapter@D@__crt_stdio_output@@@__crt_stdio_output@@IEAA_NAEAPEAD@Z 0000000140013de0 f i libucrtd:output.obj
 0001:00012de0       ??$extract_argument_from_va_list@PEAXPEAX@?$standard_base@_WV?$string_output_adapter@_W@__crt_stdio_output@@@__crt_stdio_output@@IEAA_NAEAPEAX@Z 0000000140013de0 f i libucrtd:output.obj
 0001:00012de0       ??$extract_argument_from_va_list@_K_J@?$standard_base@DV?$string_output_adapter@D@__crt_stdio_output@@@__crt_stdio_output@@IEAA_NAEA_J@Z 0000000140013de0 f i libucrtd:output.obj
 0001:00012de0       ??$extract_argument_from_va_list@_K_J@?$standard_base@_WV?$string_output_adapter@_W@__crt_stdio_output@@@__crt_stdio_output@@IEAA_NAEA_J@Z 0000000140013de0 f i libucrtd:output.obj
 0001:00012de0       ??$extract_argument_from_va_list@_J_J@?$standard_base@_WV?$string_output_adapter@_W@__crt_stdio_output@@@__crt_stdio_output@@IEAA_NAEA_J@Z 0000000140013de0 f i libucrtd:output.obj
 0001:00012e10       ??$extract_argument_from_va_list@U_CRT_DOUBLE@@U1@@?$standard_base@DV?$string_output_adapter@D@__crt_stdio_output@@@__crt_stdio_output@@IEAA_NAEAU_CRT_DOUBLE@@@Z 0000000140013e10 f i libucrtd:output.obj
 0001:00012e10       ??$extract_argument_from_va_list@U_CRT_DOUBLE@@U1@@?$standard_base@_WV?$string_output_adapter@_W@__crt_stdio_output@@@__crt_stdio_output@@IEAA_NAEAU_CRT_DOUBLE@@@Z 0000000140013e10 f i libucrtd:output.obj
 0001:00012e60       ??$extract_argument_from_va_list@_W_W@?$standard_base@DV?$string_output_adapter@D@__crt_stdio_output@@@__crt_stdio_output@@IEAA_NAEA_W@Z 0000000140013e60 f i libucrtd:output.obj
 0001:00012e60       ??$extract_argument_from_va_list@_W_W@?$standard_base@_WV?$string_output_adapter@_W@__crt_stdio_output@@@__crt_stdio_output@@IEAA_NAEA_W@Z 0000000140013e60 f i libucrtd:output.obj
 0001:00012e90       ??$is_wide_character_specifier@D@__crt_stdio_output@@YA_N_KDW4length_modifier@0@@Z 0000000140013e90 f i libucrtd:output.obj
 0001:00012f30       ??$is_wide_character_specifier@_W@__crt_stdio_output@@YA_N_K_WW4length_modifier@0@@Z 0000000140013f30 f i libucrtd:output.obj
 0001:00013000       ??$read_va_arg@E@__crt_stdio_output@@YAEAEAPEAD@Z 0000000140014000 f i libucrtd:output.obj
 0001:00013000       ??$read_va_arg@C@__crt_stdio_output@@YACAEAPEAD@Z 0000000140014000 f i libucrtd:output.obj
 0001:00013070       ??$read_va_arg@_W@__crt_stdio_output@@YA_WAEAPEAD@Z 0000000140014070 f i libucrtd:output.obj
 0001:00013070       ??$read_va_arg@F@__crt_stdio_output@@YAFAEAPEAD@Z 0000000140014070 f i libucrtd:output.obj
 0001:00013070       ??$read_va_arg@G@__crt_stdio_output@@YAGAEAPEAD@Z 0000000140014070 f i libucrtd:output.obj
 0001:000130e0       ??$read_va_arg@I@__crt_stdio_output@@YAIAEAPEAD@Z 00000001400140e0 f i libucrtd:output.obj
 0001:000130e0       ??$read_va_arg@H@__crt_stdio_output@@YAHAEAPEAD@Z 00000001400140e0 f i libucrtd:output.obj
 0001:00013140       ??$read_va_arg@PEAUansi_string@?1??type_case_Z@?$output_processor@DV?$string_output_adapter@D@__crt_stdio_output@@V?$format_validation_base@DV?$string_output_adapter@D@__crt_stdio_output@@@2@@__crt_stdio_output@@AEAA_NXZ@@__crt_stdio_output@@YAPEAUansi_string@?1??type_case_Z@?$output_processor@DV?$string_output_adapter@D@__crt_stdio_output@@V?$format_validation_base@DV?$string_output_adapter@D@__crt_stdio_output@@@2@@0@AEAA_NXZ@AEAPEAD@Z 0000000140014140 f i libucrtd:output.obj
 0001:00013140       ??$read_va_arg@U_CRT_DOUBLE@@@__crt_stdio_output@@YA?AU_CRT_DOUBLE@@AEAPEAD@Z 0000000140014140 f i libucrtd:output.obj
 0001:00013140       ??$read_va_arg@PEAX@__crt_stdio_output@@YAPEAXAEAPEAD@Z 0000000140014140 f i libucrtd:output.obj
 0001:00013140       ??$read_va_arg@_K@__crt_stdio_output@@YA_KAEAPEAD@Z 0000000140014140 f i libucrtd:output.obj
 0001:00013140       ??$read_va_arg@PEAUansi_string@?1??type_case_Z@?$output_processor@_WV?$string_output_adapter@_W@__crt_stdio_output@@V?$format_validation_base@_WV?$string_output_adapter@_W@__crt_stdio_output@@@2@@__crt_stdio_output@@AEAA_NXZ@@__crt_stdio_output@@YAPEAUansi_string@?1??type_case_Z@?$output_processor@_WV?$string_output_adapter@_W@__crt_stdio_output@@V?$format_validation_base@_WV?$string_output_adapter@_W@__crt_stdio_output@@@2@@0@AEAA_NXZ@AEAPEAD@Z 0000000140014140 f i libucrtd:output.obj
 0001:00013140       ??$read_va_arg@_J@__crt_stdio_output@@YA_JAEAPEAD@Z 0000000140014140 f i libucrtd:output.obj
 0001:00013140       ??$read_va_arg@PEAD@__crt_stdio_output@@YAPEADAEAPEAD@Z 0000000140014140 f i libucrtd:output.obj
 0001:000131b0       ??$scratch_count@D@formatting_buffer@__crt_stdio_output@@QEBA_KXZ 00000001400141b0 f i libucrtd:output.obj
 0001:000131d0       ??$scratch_data@D@formatting_buffer@__crt_stdio_output@@QEAAPEADXZ 00000001400141d0 f i libucrtd:output.obj
 0001:00013240       ??$tcstol@PEBDPEAPEADH@?$__crt_char_traits@D@@SAJ$$QEAPEBD$$QEAPEAPEAD$$QEAH@Z 0000000140014240 f i libucrtd:output.obj
 0001:00013280       ??$tcstol@PEB_WPEAPEA_WH@?$__crt_char_traits@_W@@SAJ$$QEAPEB_W$$QEAPEAPEA_W$$QEAH@Z 0000000140014280 f i libucrtd:output.obj
 0001:000132c0       ??$type_case_integer_parse_into_buffer@I@?$output_processor@DV?$string_output_adapter@D@__crt_stdio_output@@V?$format_validation_base@DV?$string_output_adapter@D@__crt_stdio_output@@@2@@__crt_stdio_output@@AEAAXII_N@Z 00000001400142c0 f i libucrtd:output.obj
 0001:000133f0       ??$type_case_integer_parse_into_buffer@I@?$output_processor@_WV?$string_output_adapter@_W@__crt_stdio_output@@V?$format_validation_base@_WV?$string_output_adapter@_W@__crt_stdio_output@@@2@@__crt_stdio_output@@AEAAXII_N@Z 00000001400143f0 f i libucrtd:output.obj
 0001:00013530       ??$type_case_integer_parse_into_buffer@_K@?$output_processor@DV?$string_output_adapter@D@__crt_stdio_output@@V?$format_validation_base@DV?$string_output_adapter@D@__crt_stdio_output@@@2@@__crt_stdio_output@@AEAAX_KI_N@Z 0000000140014530 f i libucrtd:output.obj
 0001:00013680       ??$type_case_integer_parse_into_buffer@_K@?$output_processor@_WV?$string_output_adapter@_W@__crt_stdio_output@@V?$format_validation_base@_WV?$string_output_adapter@_W@__crt_stdio_output@@@2@@__crt_stdio_output@@AEAAX_KI_N@Z 0000000140014680 f i libucrtd:output.obj
 0001:000137e0       ??$write_multiple_characters@V?$string_output_adapter@D@__crt_stdio_output@@D@__crt_stdio_output@@YAXAEBV?$string_output_adapter@D@0@DHQEAH@Z 00000001400147e0 f i libucrtd:output.obj
 0001:00013840       ??$write_multiple_characters@V?$string_output_adapter@_W@__crt_stdio_output@@D@__crt_stdio_output@@YAXAEBV?$string_output_adapter@_W@0@DHQEAH@Z 0000000140014840 f i libucrtd:output.obj
 0001:000138a0       ??0?$common_data@D@__crt_stdio_output@@IEAA@XZ 00000001400148a0 f i libucrtd:output.obj
 0001:00013970       ??0?$common_data@_W@__crt_stdio_output@@IEAA@XZ 0000000140014970 f i libucrtd:output.obj
 0001:00013a40       ??0?$output_adapter_data@DV?$string_output_adapter@D@__crt_stdio_output@@@__crt_stdio_output@@IEAA@AEBV?$string_output_adapter@D@1@_KQEBDQEAU__crt_locale_pointers@@QEAD@Z 0000000140014a40 f i libucrtd:output.obj
 0001:00013ac0       ??0?$output_adapter_data@_WV?$string_output_adapter@_W@__crt_stdio_output@@@__crt_stdio_output@@IEAA@AEBV?$string_output_adapter@_W@1@_KQEB_WQEAU__crt_locale_pointers@@QEAD@Z 0000000140014ac0 f i libucrtd:output.obj
 0001:00013b40       ??0?$output_processor@DV?$string_output_adapter@D@__crt_stdio_output@@V?$format_validation_base@DV?$string_output_adapter@D@__crt_stdio_output@@@2@@__crt_stdio_output@@QEAA@AEBV?$string_output_adapter@D@1@_KQEBDQEAU__crt_locale_pointers@@QEAD@Z 0000000140014b40 f i libucrtd:output.obj
 0001:00013b90       ??0?$output_processor@_WV?$string_output_adapter@_W@__crt_stdio_output@@V?$format_validation_base@_WV?$string_output_adapter@_W@__crt_stdio_output@@@2@@__crt_stdio_output@@QEAA@AEBV?$string_output_adapter@_W@1@_KQEB_WQEAU__crt_locale_pointers@@QEAD@Z 0000000140014b90 f i libucrtd:output.obj
 0001:00013be0       ??0__crt_deferred_errno_cache@@QEAA@XZ 0000000140014be0 f i libucrtd:output.obj
 0001:00013c00       ??0__crt_errno_guard@@QEAA@QEAH@Z 0000000140014c00 f i libucrtd:output.obj
 0001:00013c40       ??0formatting_buffer@__crt_stdio_output@@QEAA@XZ 0000000140014c40 f i libucrtd:output.obj
 0001:00013c80       ??1?$common_data@D@__crt_stdio_output@@QEAA@XZ 0000000140014c80 f i libucrtd:output.obj
 0001:00013c80       ??1?$common_data@_W@__crt_stdio_output@@QEAA@XZ 0000000140014c80 f i libucrtd:output.obj
 0001:00013ca0       ??1?$format_validation_base@_WV?$string_output_adapter@_W@__crt_stdio_output@@@__crt_stdio_output@@QEAA@XZ 0000000140014ca0 f i libucrtd:output.obj
 0001:00013ca0       ??1?$format_validation_base@DV?$string_output_adapter@D@__crt_stdio_output@@@__crt_stdio_output@@QEAA@XZ 0000000140014ca0 f i libucrtd:output.obj
 0001:00013cc0       ??1?$output_adapter_data@_WV?$string_output_adapter@_W@__crt_stdio_output@@@__crt_stdio_output@@QEAA@XZ 0000000140014cc0 f i libucrtd:output.obj
 0001:00013cc0       ??1?$output_adapter_data@DV?$string_output_adapter@D@__crt_stdio_output@@@__crt_stdio_output@@QEAA@XZ 0000000140014cc0 f i libucrtd:output.obj
 0001:00013ce0       ??1?$output_processor@DV?$string_output_adapter@D@__crt_stdio_output@@V?$format_validation_base@DV?$string_output_adapter@D@__crt_stdio_output@@@2@@__crt_stdio_output@@QEAA@XZ 0000000140014ce0 f i libucrtd:output.obj
 0001:00013ce0       ??1?$output_processor@_WV?$string_output_adapter@_W@__crt_stdio_output@@V?$format_validation_base@_WV?$string_output_adapter@_W@__crt_stdio_output@@@2@@__crt_stdio_output@@QEAA@XZ 0000000140014ce0 f i libucrtd:output.obj
 0001:00013d00       ??1?$standard_base@DV?$string_output_adapter@D@__crt_stdio_output@@@__crt_stdio_output@@QEAA@XZ 0000000140014d00 f i libucrtd:output.obj
 0001:00013d00       ??1?$standard_base@_WV?$string_output_adapter@_W@__crt_stdio_output@@@__crt_stdio_output@@QEAA@XZ 0000000140014d00 f i libucrtd:output.obj
 0001:00013d20       ??1__crt_errno_guard@@QEAA@XZ 0000000140014d20 f i libucrtd:output.obj
 0001:00013d50       ??1formatting_buffer@__crt_stdio_output@@QEAA@XZ 0000000140014d50 f i libucrtd:output.obj
 0001:00013d80       ??4?$__crt_unique_heap_ptr@DU__crt_internal_free_policy@@@@QEAAAEAV0@$$QEAV0@@Z 0000000140014d80 f i libucrtd:output.obj
 0001:00013dc0       ??A?$spectre_mitigated_lookup_table@Ustate_transition_pair@__crt_stdio_output@@$0IA@@__crt_stdio_output@@QEBAAEBUstate_transition_pair@1@_K@Z 0000000140014dc0 f i libucrtd:output.obj
 0001:00013de0       ?adjust_hexit@?$output_processor@_WV?$string_output_adapter@_W@__crt_stdio_output@@V?$format_validation_base@_WV?$string_output_adapter@_W@__crt_stdio_output@@@2@@__crt_stdio_output@@CADH_N@Z 0000000140014de0 f i libucrtd:output.obj
 0001:00013de0       ?adjust_hexit@?$output_processor@DV?$string_output_adapter@D@__crt_stdio_output@@V?$format_validation_base@DV?$string_output_adapter@D@__crt_stdio_output@@@2@@__crt_stdio_output@@CADH_N@Z 0000000140014de0 f i libucrtd:output.obj
 0001:00013e30       ?advance_to_next_pass@?$standard_base@DV?$string_output_adapter@D@__crt_stdio_output@@@__crt_stdio_output@@IEAA_NXZ 0000000140014e30 f i libucrtd:output.obj
 0001:00013e30       ?advance_to_next_pass@?$standard_base@_WV?$string_output_adapter@_W@__crt_stdio_output@@@__crt_stdio_output@@IEAA_NXZ 0000000140014e30 f i libucrtd:output.obj
 0001:00013e80       ?crop_zeroes@__crt_stdio_output@@YAXPEADQEAU__crt_locale_pointers@@@Z 0000000140014e80 f i libucrtd:output.obj
 0001:00013fc0       ?find_next_state@?$output_processor@DV?$string_output_adapter@D@__crt_stdio_output@@V?$format_validation_base@DV?$string_output_adapter@D@__crt_stdio_output@@@2@@__crt_stdio_output@@AEBA?AW4state@2@DW432@@Z 0000000140014fc0 f i libucrtd:output.obj
 0001:00014050       ?find_next_state@?$output_processor@_WV?$string_output_adapter@_W@__crt_stdio_output@@V?$format_validation_base@_WV?$string_output_adapter@_W@__crt_stdio_output@@@2@@__crt_stdio_output@@AEBA?AW4state@2@_WW432@@Z 0000000140015050 f i libucrtd:output.obj
 0001:000140e0       ?force_decimal_point@__crt_stdio_output@@YAXPEADQEAU__crt_locale_pointers@@@Z 00000001400150e0 f i libucrtd:output.obj
 0001:000141e0       ?get@__crt_deferred_errno_cache@@QEAAAEAHXZ 00000001400151e0 f i libucrtd:output.obj
 0001:00014210       ?get_flags@__crt_stdio_stream@@QEBAJXZ 0000000140015210 f i libucrtd:output.obj
 0001:00014240       ?has_flag@?$output_processor@_WV?$string_output_adapter@_W@__crt_stdio_output@@V?$format_validation_base@_WV?$string_output_adapter@_W@__crt_stdio_output@@@2@@__crt_stdio_output@@AEBA_NI@Z 0000000140015240 f i libucrtd:output.obj
 0001:00014240       ?has_flag@?$output_processor@DV?$string_output_adapter@D@__crt_stdio_output@@V?$format_validation_base@DV?$string_output_adapter@D@__crt_stdio_output@@@2@@__crt_stdio_output@@AEBA_NI@Z 0000000140015240 f i libucrtd:output.obj
 0001:00014280       ?is_string_backed@__crt_stdio_stream@@QEBA_NXZ 0000000140015280 f i libucrtd:output.obj
 0001:000142c0       ?narrow_null_string@?$output_processor@DV?$string_output_adapter@D@__crt_stdio_output@@V?$format_validation_base@DV?$string_output_adapter@D@__crt_stdio_output@@@2@@__crt_stdio_output@@CAPEADXZ 00000001400152c0 f i libucrtd:output.obj
 0001:000142c0       ?narrow_null_string@?$output_processor@_WV?$string_output_adapter@_W@__crt_stdio_output@@V?$format_validation_base@_WV?$string_output_adapter@_W@__crt_stdio_output@@@2@@__crt_stdio_output@@CAPEADXZ 00000001400152c0 f i libucrtd:output.obj
 0001:000142d0       ?parse_int_from_format_string@?$output_processor@DV?$string_output_adapter@D@__crt_stdio_output@@V?$format_validation_base@DV?$string_output_adapter@D@__crt_stdio_output@@@2@@__crt_stdio_output@@AEAA_NQEAH@Z 00000001400152d0 f i libucrtd:output.obj
 0001:000143c0       ?parse_int_from_format_string@?$output_processor@_WV?$string_output_adapter@_W@__crt_stdio_output@@V?$format_validation_base@_WV?$string_output_adapter@_W@__crt_stdio_output@@@2@@__crt_stdio_output@@AEAA_NQEAH@Z 00000001400153c0 f i libucrtd:output.obj
 0001:000144b0       ?process@?$output_processor@DV?$string_output_adapter@D@__crt_stdio_output@@V?$format_validation_base@DV?$string_output_adapter@D@__crt_stdio_output@@@2@@__crt_stdio_output@@QEAAHXZ 00000001400154b0 f i libucrtd:output.obj
 0001:00014810       ?process@?$output_processor@_WV?$string_output_adapter@_W@__crt_stdio_output@@V?$format_validation_base@_WV?$string_output_adapter@_W@__crt_stdio_output@@@2@@__crt_stdio_output@@QEAAHXZ 0000000140015810 f i libucrtd:output.obj
 0001:00014b70       ?set_flag@?$output_processor@_WV?$string_output_adapter@_W@__crt_stdio_output@@V?$format_validation_base@_WV?$string_output_adapter@_W@__crt_stdio_output@@@2@@__crt_stdio_output@@AEAAXI@Z 0000000140015b70 f i libucrtd:output.obj
 0001:00014b70       ?set_flag@?$output_processor@DV?$string_output_adapter@D@__crt_stdio_output@@V?$format_validation_base@DV?$string_output_adapter@D@__crt_stdio_output@@@2@@__crt_stdio_output@@AEAAXI@Z 0000000140015b70 f i libucrtd:output.obj
 0001:00014b90       ?validate_state_for_type_case_a@?$standard_base@_WV?$string_output_adapter@_W@__crt_stdio_output@@@__crt_stdio_output@@IEBA_NXZ 0000000140015b90 f i libucrtd:output.obj
 0001:00014b90       ?should_format@?$standard_base@DV?$string_output_adapter@D@__crt_stdio_output@@@__crt_stdio_output@@IEAA_NXZ 0000000140015b90 f i libucrtd:output.obj
 0001:00014b90       ?validate_and_update_state_at_beginning_of_format_character@?$standard_base@_WV?$string_output_adapter@_W@__crt_stdio_output@@@__crt_stdio_output@@IEAA_NXZ 0000000140015b90 f i libucrtd:output.obj
 0001:00014b90       ?validate_state_for_type_case_a@?$standard_base@DV?$string_output_adapter@D@__crt_stdio_output@@@__crt_stdio_output@@IEBA_NXZ 0000000140015b90 f i libucrtd:output.obj
 0001:00014b90       ?validate_and_update_state_at_beginning_of_format_character@?$standard_base@DV?$string_output_adapter@D@__crt_stdio_output@@@__crt_stdio_output@@IEAA_NXZ 0000000140015b90 f i libucrtd:output.obj
 0001:00014b90       ?should_format@?$standard_base@_WV?$string_output_adapter@_W@__crt_stdio_output@@@__crt_stdio_output@@IEAA_NXZ 0000000140015b90 f i libucrtd:output.obj
 0001:00014ba0       ?should_skip_normal_state_processing@?$standard_base@DV?$string_output_adapter@D@__crt_stdio_output@@@__crt_stdio_output@@IEAA_NXZ 0000000140015ba0 f i libucrtd:output.obj
 0001:00014ba0       ?should_skip_normal_state_processing@?$standard_base@_WV?$string_output_adapter@_W@__crt_stdio_output@@@__crt_stdio_output@@IEAA_NXZ 0000000140015ba0 f i libucrtd:output.obj
 0001:00014ba0       ?should_skip_type_state_output@?$standard_base@DV?$string_output_adapter@D@__crt_stdio_output@@@__crt_stdio_output@@IEBA_NXZ 0000000140015ba0 f i libucrtd:output.obj
 0001:00014ba0       ?should_skip_type_state_output@?$standard_base@_WV?$string_output_adapter@_W@__crt_stdio_output@@@__crt_stdio_output@@IEBA_NXZ 0000000140015ba0 f i libucrtd:output.obj
 0001:00014bb0       ?state_case_dot@?$output_processor@DV?$string_output_adapter@D@__crt_stdio_output@@V?$format_validation_base@DV?$string_output_adapter@D@__crt_stdio_output@@@2@@__crt_stdio_output@@AEAA_NXZ 0000000140015bb0 f i libucrtd:output.obj
 0001:00014bb0       ?state_case_dot@?$output_processor@_WV?$string_output_adapter@_W@__crt_stdio_output@@V?$format_validation_base@_WV?$string_output_adapter@_W@__crt_stdio_output@@@2@@__crt_stdio_output@@AEAA_NXZ 0000000140015bb0 f i libucrtd:output.obj
 0001:00014bd0       ?state_case_flag@?$output_processor@DV?$string_output_adapter@D@__crt_stdio_output@@V?$format_validation_base@DV?$string_output_adapter@D@__crt_stdio_output@@@2@@__crt_stdio_output@@AEAA_NXZ 0000000140015bd0 f i libucrtd:output.obj
 0001:00014c70       ?state_case_flag@?$output_processor@_WV?$string_output_adapter@_W@__crt_stdio_output@@V?$format_validation_base@_WV?$string_output_adapter@_W@__crt_stdio_output@@@2@@__crt_stdio_output@@AEAA_NXZ 0000000140015c70 f i libucrtd:output.obj
 0001:00014d10       ?state_case_normal@?$output_processor@DV?$string_output_adapter@D@__crt_stdio_output@@V?$format_validation_base@DV?$string_output_adapter@D@__crt_stdio_output@@@2@@__crt_stdio_output@@AEAA_NXZ 0000000140015d10 f i libucrtd:output.obj
 0001:00014df0       ?state_case_normal@?$output_processor@_WV?$string_output_adapter@_W@__crt_stdio_output@@V?$format_validation_base@_WV?$string_output_adapter@_W@__crt_stdio_output@@@2@@__crt_stdio_output@@AEAA_NXZ 0000000140015df0 f i libucrtd:output.obj
[...]
 0002:00012160       $unwind$__acrt_GetStringTypeA 000000014004e160     libucrtd:getstringtypea.obj
 0002:00012168       $unwind$__acrt_update_thread_locale_data 000000014004e168     libucrtd:locale_refcounting.obj
 0002:00012188       $unwind$__acrt_get_parent_window 000000014004e188     libucrtd:winapi_thunks.obj
 0002:00012188       $unwind$__acrt_initialize_winapi_thunks 000000014004e188     libucrtd:winapi_thunks.obj
 0002:00012188       $unwind$__acrt_initialize_stdio 000000014004e188     libucrtd:_file.obj
 0002:00012190       $unwind$__acrt_InitializeCriticalSectionEx 000000014004e190     libucrtd:winapi_thunks.obj
 0002:00012198       $unwind$??$common_xtox@KD@@YAHKQEAD_KI_N@Z 000000014004e198     libucrtd:xtoa.obj
 0002:00012198       $unwind$??$common_xtox@K_W@@YAHKQEA_W_KI_N@Z 000000014004e198     libucrtd:xtoa.obj
 0002:00012198       $unwind$__acrt_LCMapStringEx 000000014004e198     libucrtd:winapi_thunks.obj
 0002:000121a0       $unwind$__acrt_is_interactive 000000014004e1a0     libucrtd:winapi_thunks.obj
 0002:000121b0       $unwind$_query_new_handler 000000014004e1b0     libucrtd:new_handler.obj
 0002:000121d0       $unwind$raise              000000014004e1d0     libucrtd:signal.obj
 0002:000121f0       $unwind$??$?RV<lambda_450d765d439847d4c735a33c368b5fc0>@@AEAV<lambda_44731a7d0e6d81c3e6aa82d741081786>@@V<lambda_601a2a7da3b7a96e9554ac7215c4b07c>@@@?$__crt_seh_guarded_call@P6AXH@Z@@QEAAP6AXH@Z$$QEAV<lambda_450d765d439847d4c735a33c368b5fc0>@@AEAV<lambda_44731a7d0e6d81c3e6aa82d741081786>@@$$QEAV<lambda_601a2a7da3b7a96e9554ac7215c4b07c>@@@Z 000000014004e1f0     libucrtd:signal.obj
 0002:00012210       $unwind$_expand_base       000000014004e210     libucrtd:expand.obj
 0002:00012218       $unwind$?fp_format_g@@YAHQEBNQEAD_K12H_NIW4__acrt_rounding_mode@@QEAU__crt_locale_pointers@@@Z 000000014004e218     libucrtd:cvt.obj
 0002:00012218       $unwind$_mbtowc_l          000000014004e218     libucrtd:mbtowc.obj
 0002:00012224       $unwind$_wctomb_s_l        000000014004e224     libucrtd:wctomb.obj
 0002:00012230       $unwind$?fp_format_nan_or_infinity@@YAHW4__acrt_fp_class@@_NPEAD_K1@Z 000000014004e230     libucrtd:cvt.obj
 0002:00012238       $unwind$?fe_to_nearest@@YA_NQEBN_KF@Z 000000014004e238     libucrtd:cvt.obj
 0002:00012240       $unwind$?should_round_up@@YA_NQEBN_KFW4__acrt_rounding_mode@@@Z 000000014004e240     libucrtd:cvt.obj
 0002:00012248       $unwind$?fp_format_a@@YAHQEBNPEAD_KQEAD2H_NIQEAU__crt_locale_pointers@@W4__acrt_rounding_mode@@@Z 000000014004e248     libucrtd:cvt.obj
 0002:00012258       $stateUnwindMap$?fp_format_a@@YAHQEBNPEAD_KQEAD2H_NIQEAU__crt_locale_pointers@@W4__acrt_rounding_mode@@@Z 000000014004e258     libucrtd:cvt.obj
 0002:00012260       $ip2state$?fp_format_a@@YAHQEBNPEAD_KQEAD2H_NIQEAU__crt_locale_pointers@@W4__acrt_rounding_mode@@@Z 000000014004e260     libucrtd:cvt.obj
 0002:000122a8       $unwind$?fp_format_f@@YAHQEBNQEAD_K12HQEAU__crt_locale_pointers@@W4__acrt_rounding_mode@@@Z 000000014004e2a8     libucrtd:cvt.obj
 0002:000122b0       $unwind$_VCrtDbgReportA    000000014004e2b0     libucrtd:dbgrptt.obj
 0002:000122e8       $unwind$_VCrtDbgReportW    000000014004e2e8     libucrtd:dbgrptt.obj
 0002:00012320       $unwind$__acrt_OutputDebugStringA 000000014004e320     libucrtd:outputdebugstringa.obj
 0002:00012334       $unwind$qsort              000000014004e334     libucrtd:qsort.obj
 0002:00012344       $unwind$?shortsort@@YAXPEAD0_KP6AHPEBX2@Z@Z 000000014004e344     libucrtd:qsort.obj
 0002:00012354       $stateUnwindMap$?shortsort@@YAXPEAD0_KP6AHPEBX2@Z@Z 000000014004e354     libucrtd:qsort.obj
 0002:00012360       $ip2state$?shortsort@@YAXPEAD0_KP6AHPEBX2@Z@Z 000000014004e360     libucrtd:qsort.obj
 0002:00012378       $unwind$strpbrk            000000014004e378     libucrtd:strpbrk.obj
 0002:00012380       $unwind$fallbackMethod     000000014004e380     libucrtd:strpbrk.obj
 0002:00012390       $unwind$_mbsdec_l          000000014004e390     libucrtd:mbsdec.obj
 0002:0001239c       $unwind$__acrt_LCMapStringA 000000014004e39c     libucrtd:lcmapstringa.obj
 0002:000123a4       $unwind$_mbstowcs_s_l      000000014004e3a4     libucrtd:mbstowcs.obj
 0002:000123a4       $unwind$?__acrt_LCMapStringA_stat@@YAHPEAU__crt_locale_pointers@@PEB_WKPEBDHPEADHHH@Z 000000014004e3a4     libucrtd:lcmapstringa.obj
 0002:000123ac       $unwind$??$common_xtox_s@KD@@YAHKQEAD_KI_N@Z 000000014004e3ac     libucrtd:xtoa.obj
 0002:000123ac       $unwind$??$common_xtox_s@K_W@@YAHKQEA_W_KI_N@Z 000000014004e3ac     libucrtd:xtoa.obj
 0002:000123b4       $unwind$??R<lambda_ab61a845afdef5b7c387490eaf3616ee>@@QEBA@XZ 000000014004e3b4     libucrtd:fflush.obj
 0002:000123bc       $unwind$??$?RV<lambda_842d9ff0dc9ef11c61343bbaebe7f885>@@AEAV<lambda_c5860995281e5c4ce005b3de8f5874ee>@@V<lambda_d90129c13df834fdcbf8d2b88dafcf2d>@@@?$__crt_seh_guarded_call@X@@QEAAX$$QEAV<lambda_842d9ff0dc9ef11c61343bbaebe7f885>@@AEAV<lambda_c5860995281e5c4ce005b3de8f5874ee>@@$$QEAV<lambda_d90129c13df834fdcbf8d2b88dafcf2d>@@@Z 000000014004e3bc     libucrtd:fflush.obj
 0002:000123dc       $unwind$??$?RV<lambda_886d6c58226a84441f68b9f2b8217b83>@@AEAV<lambda_ab61a845afdef5b7c387490eaf3616ee>@@V<lambda_f7f22ab5edc0698d5f6905b0d3f44752>@@@?$__crt_seh_guarded_call@X@@QEAAX$$QEAV<lambda_886d6c58226a84441f68b9f2b8217b83>@@AEAV<lambda_ab61a845afdef5b7c387490eaf3616ee>@@$$QEAV<lambda_f7f22ab5edc0698d5f6905b0d3f44752>@@@Z 000000014004e3dc     libucrtd:fflush.obj
 0002:000123fc       $unwind$_isleadbyte_l      000000014004e3fc     libucrtd:_wctype.obj
 0002:00012404       $unwind$?__mbsrtowcs_utf8@__crt_mbstring@@YA_KPEA_WPEAPEBD_KPEAU_Mbstatet@@@Z 000000014004e404     libucrtd:mbrtowc.obj
 0002:0001240c       $unwind$?__c32rtomb_utf8@__crt_mbstring@@YA_KPEAD_UPEAU_Mbstatet@@@Z 000000014004e40c     libucrtd:c32rtomb.obj
 0002:00012414       $unwind$?reset_and_return@__crt_mbstring@@YA_K_KPEAU_Mbstatet@@@Z 000000014004e414     libucrtd:c32rtomb.obj
 0002:0001241c       $unwind$__acrt_fltout      000000014004e41c     libucrtd:cfout.obj
 0002:00012424       $unwind$?make_big_integer@__crt_strtox@@YA?AUbig_integer@1@_K@Z 000000014004e424     libucrtd:cfout.obj
 0002:00012434       $unwind$?make_big_integer_power_of_two@__crt_strtox@@YA?AUbig_integer@1@I@Z 000000014004e434     libucrtd:cfout.obj
 0002:00012444       $unwind$?shift_left@__crt_strtox@@YA_NAEAUbig_integer@1@I@Z 000000014004e444     libucrtd:cfout.obj
 0002:00012454       $unwind$?add_multiply_carry@__crt_strtox@@YAIAEAIIII@Z 000000014004e454     libucrtd:cfout.obj
 0002:0001245c       $unwind$?multiply@__crt_strtox@@YA_NAEAUbig_integer@1@I@Z 000000014004e45c     libucrtd:cfout.obj
 0002:0001246c       $unwind$?multiply@__crt_strtox@@YA_NAEAUbig_integer@1@AEBU21@@Z 000000014004e46c     libucrtd:cfout.obj
 0002:0001247c       $unwind$?multiply_by_power_of_ten@__crt_strtox@@YA_NAEAUbig_integer@1@I@Z 000000014004e47c     libucrtd:cfout.obj
 0002:0001248c       $unwind$?divide@__crt_strtox@@YA_KAEAUbig_integer@1@AEBU21@@Z 000000014004e48c     libucrtd:cfout.obj
 0002:0001249c       $unwind$??$convert_to_fos_high_precision@N@@YA?AW4__acrt_has_trailing_digits@@NIQEAHQEAD_K@Z 000000014004e49c     libucrtd:cfout.obj
 0002:000124ac       $unwind$_fcloseall         000000014004e4ac     libucrtd:closeall.obj
 0002:000124cc       $unwind$?_mbstowcs_l_helper@@YA_KPEA_WPEBD_KPEAU__crt_locale_pointers@@@Z 000000014004e4cc     libucrtd:mbstowcs.obj
 0002:000124d8       $unwind$?_wcstombs_l_helper@@YA_KPEADPEB_W_KPEAU__crt_locale_pointers@@@Z 000000014004e4d8     libucrtd:wcstombs.obj
 0002:000124f0       $stateUnwindMap$?_wcstombs_l_helper@@YA_KPEADPEB_W_KPEAU__crt_locale_pointers@@@Z 000000014004e4f0     libucrtd:wcstombs.obj
 0002:00012500       $ip2state$?_wcstombs_l_helper@@YA_KPEADPEB_W_KPEAU__crt_locale_pointers@@@Z 000000014004e500     libucrtd:wcstombs.obj
 0002:00012618       $unwind$??$?RV<lambda_4e3dbe6921bc0b5a1a6bc6573fdc859e>@@AEAV<lambda_5533cddd4bda0037814beee657757329>@@V<lambda_47cffbaa968af5c721c38a4a6f8da44d>@@@?$__crt_seh_guarded_call@H@@QEAAH$$QEAV<lambda_4e3dbe6921bc0b5a1a6bc6573fdc859e>@@AEAV<lambda_5533cddd4bda0037814beee657757329>@@$$QEAV<lambda_47cffbaa968af5c721c38a4a6f8da44d>@@@Z 000000014004e618     libucrtd:commit.obj
 0002:00012638       $unwind$_write             000000014004e638     libucrtd:write.obj
 0002:00012658       $unwind$_write_nolock      000000014004e658     libucrtd:write.obj
 0002:0001266c       $unwind$?write_double_translated_ansi_nolock@@YA?AUwrite_result@?A0x17268360@@HQEBDI@Z 000000014004e66c     libucrtd:write.obj
 0002:00012680       $unwind$?write_double_translated_unicode_nolock@@YA?AUwrite_result@?A0x17268360@@QEBDI@Z 000000014004e680     libucrtd:write.obj
 0002:00012694       $unwind$?write_text_ansi_nolock@@YA?AUwrite_result@?A0x17268360@@HQEBDI@Z 000000014004e694     libucrtd:write.obj
 0002:00012694       $unwind$?write_text_utf16le_nolock@@YA?AUwrite_result@?A0x17268360@@HQEBDI@Z 000000014004e694     libucrtd:write.obj
 0002:000126a8       $unwind$?write_text_utf8_nolock@@YA?AUwrite_result@?A0x17268360@@HQEBDI@Z 000000014004e6a8     libucrtd:write.obj
 0002:000126bc       $unwind$?write_binary_nolock@@YA?AUwrite_result@?A0x17268360@@HQEBDI@Z 000000014004e6bc     libucrtd:write.obj
 0002:000126d0       $unwind$?__mbrtoc32_utf8@__crt_mbstring@@YA_KPEA_UPEBD_KPEAU_Mbstatet@@@Z 000000014004e6d0     libucrtd:mbrtoc32.obj
 0002:000126e0       $xdatasym                  000000014004e6e0     libucrtd:log10.obj
 0002:000126ec       $unwind$ceil               000000014004e6ec     libucrtd:ceil.obj
 0002:000126f4       $unwind$fclose             000000014004e6f4     libucrtd:fclose.obj
 0002:00012714       $unwind$?__wcsrtombs_utf8@__crt_mbstring@@YA_KPEADPEAPEB_W_KPEAU_Mbstatet@@@Z 000000014004e714     libucrtd:wcrtomb.obj
 0002:00012724       $unwind$__acrt_initialize_fma3 000000014004e724     libucrtd:fma3_available.obj
 0002:00012734       $unwind$_log_special_common 000000014004e734     libucrtd:log_special.obj
 0002:00012744       $unwind$_log10_special     000000014004e744     libucrtd:log_special.obj
 0002:0001274c       $unwind$_handle_error      000000014004e74c     libucrtd:libm_error.obj
 0002:0001275c       $unwind$common_control87   000000014004e75c     libucrtd:ieee.obj
 0002:0001277c       $unwind$??$?RV<lambda_53fc7fc888e23d815d7080162c0aeeb2>@@AEAV<lambda_4e7105787b7b0e0227fbf2b2d883fa65>@@V<lambda_8ddc48ad9d26c778cb15812d1d88fc8a>@@@?$__crt_seh_guarded_call@H@@QEAAH$$QEAV<lambda_53fc7fc888e23d815d7080162c0aeeb2>@@AEAV<lambda_4e7105787b7b0e0227fbf2b2d883fa65>@@$$QEAV<lambda_8ddc48ad9d26c778cb15812d1d88fc8a>@@@Z 000000014004e77c     libucrtd:close.obj
 0002:0001279c       $unwind$?__c16rtomb_utf8@__crt_mbstring@@YA_KPEAD_SPEAU_Mbstatet@@@Z 000000014004e79c     libucrtd:c16rtomb.obj
 0002:000127a4       $unwind$__dcrt_lowio_ensure_console_output_initialized 000000014004e7a4     libucrtd:initcon.obj
 0002:000127ac       $unwind$__dcrt_write_console 000000014004e7ac     libucrtd:initcon.obj
 0002:000127c0       $unwind$_ctrlfp            000000014004e7c0     libucrtd:fpctrl.obj
 0002:000127e0       $xdatasym                  000000014004e7e0     libucrtd:fpsr.obj
 0002:000127e8       $unwind$_IsNonwritableInCurrentImage 000000014004e7e8     LIBCMTD:pesect.obj
 0002:00012808       $xdatasym                  000000014004e808     libvcruntimed:memcmp.obj
 0002:0001280c       $unwind$strrchr            000000014004e80c     libvcruntimed:strrchr.obj
 0002:00012d48       .idata$6                   000000014004ed48     user32:USER32.dll
 0002:00012d7e       .idata$6                   000000014004ed7e     gdi32:GDI32.dll
 0002:00012d9a       .idata$6                   000000014004ed9a     winmm:WINMM.dll
 0002:00013036       .idata$6                   000000014004f036     kernel32:KERNEL32.dll
 0003:00000000       ?XInputGetState_@@3P6AKKPEAU_XINPUT_STATE@@@ZEA 0000000140050000     win32_made.obj
 0003:00000008       ?XInputSetState_@@3P6AKKPEAU_XINPUT_VIBRATION@@@ZEA 0000000140050008     win32_made.obj
 0003:00000050       ?__vcrt_flsindex@@3KA      0000000140050050     libvcruntimed:per_thread_data.obj
 0003:00000060       ?__acrt_current_request_number@@3JA 0000000140050060     libucrtd:debug_heap.obj
 0003:00000080       ?__acrt_flsindex@@3KA      0000000140050080     libucrtd:per_thread_data.obj
 0003:00000084       ?errno_no_memory@@3HA      0000000140050084     libucrtd:errno.obj
 0003:00000088       ?doserrno_no_memory@@3KA   0000000140050088     libucrtd:errno.obj
 0003:000002c0       _mbctypes                  00000001400502c0     libucrtd:mbctype.obj
 0003:000003d0       _mbcasemaps                00000001400503d0     libucrtd:mbctype.obj
 0003:000004d0       ?__rgctypeflag@@3PADA      00000001400504d0     libucrtd:mbctype.obj
 0003:000004e0       ?__rgcode_page_info@@3PAUcode_page_info@@A 00000001400504e0     libucrtd:mbctype.obj
 0003:00000800       ?__acrt_debug_fill_threshold@@3_KA 0000000140050800     libucrtd:debug_fill_threshold.obj
 0003:00000a50       ?dazSupported@?1??common_control87@@9@9 0000000140050a50     libucrtd:ieee.obj
 0003:00000a58       ?__dcrt_lowio_console_output_handle@@3PEAXEA 0000000140050a58     libucrtd:initcon.obj
 0003:00000a60       ?dazSupported@?1??_ctrlfp@@9@9 0000000140050a60     libucrtd:fpctrl.obj
 0003:00000ae0       ?GlobalRunning@@3HA        0000000140050ae0     win32_made.obj
 0003:00000ae4       ?GlobalPause@@3HA          0000000140050ae4     win32_made.obj
 0003:00000ae8       ?GlobalSecondaryBuffer@@3PEAUIDirectSoundBuffer@@EA 0000000140050ae8     win32_made.obj
 0003:00000af0       ?GlobalBackbuffer@@3Uwin32_offscreen_buffer@@A 0000000140050af0     win32_made.obj
 0003:00000b38       ?GlobalPerfCountFrequency@@3_JA 0000000140050b38     win32_made.obj
 0003:00000b40       GS_ExceptionRecord         0000000140050b40     LIBCMTD:gs_report.obj
 0003:00000be0       GS_ContextRecord           0000000140050be0     LIBCMTD:gs_report.obj
 0003:000010c0       ?is_initialized_as_dll@@3_NA 00000001400510c0     LIBCMTD:utility.obj
 0003:000010c1       ?module_local_atexit_table_initialized@@3_NA 00000001400510c1     LIBCMTD:utility.obj
 0003:000010c8       ?module_local_atexit_table@@3U_onexit_table_t@@A 00000001400510c8     LIBCMTD:utility.obj
 0003:000010e0       ?module_local_at_quick_exit_table@@3U_onexit_table_t@@A 00000001400510e0     LIBCMTD:utility.obj
 0003:00001140       ?__vcrt_startup_thread_ptd@@3U__vcrt_ptd@@A 0000000140051140     libvcruntimed:per_thread_data.obj
 0003:000011c0       __vcrt_lock_table          00000001400511c0     libvcruntimed:locks.obj
 0003:000011e8       __vcrt_locks_initialized   00000001400511e8     libvcruntimed:locks.obj
 0003:00001230       ?heap@@3V_HeapManager@@A   0000000140051230     libvcruntimed:undname.obj
 0003:00001258       ?module_handles@@3PAPEAUHINSTANCE__@@A 0000000140051258     libvcruntimed:winapi_downlevel.obj
 0003:00001270       ?function_pointers@@3PAPEAXA 0000000140051270     libvcruntimed:winapi_downlevel.obj
 0003:000012a0       ?__acrt_app_type@@3W4_crt_app_type@@A 00000001400512a0     libucrtd:report_runtime_error.obj
 0003:000012b0       ?outmsg@?9??__acrt_report_runtime_error@@9@4PA_WA 00000001400512b0     libucrtd:report_runtime_error.obj
 0003:000018d8       ?user_matherr@@3V?$dual_state_global@P6AHPEAU_exception@@@Z@__crt_state_management@@A 00000001400518d8     libucrtd:matherr.obj
 0003:000018e0       ?program_name@?1???$common_configure_argv@D@@YAHW4_crt_argv_mode@@@Z@4PADA 00000001400518e0     libucrtd:argv_parsing.obj
 0003:00001a08       ?empty_string@?1???$common_wincmdln@E@@YAPEAEXZ@4PAEA 0000000140051a08     libucrtd:argv_winmain.obj
 0003:00001a0c       ?c_termination_complete@@3JA 0000000140051a0c     libucrtd:exit.obj
 0003:00001a10       ?thread_local_exit_callback_func@@3P6AXPEAXK0@ZEA 0000000140051a10     libucrtd:exit.obj
 0003:00001a20       ?__acrt_global_new_mode@@3V?$dual_state_global@J@__crt_state_management@@A 0000000140051a20     libucrtd:new_mode.obj
 0003:00001a58       ?__acrt_first_block@@3PEAU_CrtMemBlockHeader@@EA 0000000140051a58     libucrtd:debug_heap.obj
 0003:00001a60       ?__acrt_last_block@@3PEAU_CrtMemBlockHeader@@EA 0000000140051a60     libucrtd:debug_heap.obj
 0003:00001a68       ?__acrt_total_allocations@@3_KA 0000000140051a68     libucrtd:debug_heap.obj
 0003:00001a70       ?__acrt_current_allocations@@3_KA 0000000140051a70     libucrtd:debug_heap.obj
 0003:00001a78       ?__acrt_max_allocations@@3_KA 0000000140051a78     libucrtd:debug_heap.obj
 0003:00001a80       ?__acrt_check_frequency@@3IA 0000000140051a80     libucrtd:debug_heap.obj
 0003:00001a84       ?__acrt_check_counter@@3IA 0000000140051a84     libucrtd:debug_heap.obj
 0003:00001a90       ?heap_validation_pending@@3_NA 0000000140051a90     libucrtd:debug_heap.obj
 0003:00001a98       ?__acrt_invalid_parameter_handler@@3V?$dual_state_global@P6AXPEB_W00I_K@Z@__crt_state_management@@A 0000000140051a98     libucrtd:invalid_parameter.obj
 0003:00001aa0       __acrt_error_mode          0000000140051aa0     libucrtd:set_error_mode.obj
 0003:00001ac0       ?fSystemSet@@3HA           0000000140051ac0     libucrtd:mbctype.obj
 0003:00001ac4       ?initialized@?1??__acrt_initialize_multibyte@@9@4_NA 0000000140051ac4     libucrtd:mbctype.obj
 0003:00001b00       ?__acrt_lock_table@@3PAU_RTL_CRITICAL_SECTION@@A 0000000140051b00     libucrtd:locks.obj
 0003:00001d30       ?__acrt_locks_initialized@@3IA 0000000140051d30     libucrtd:locks.obj
 0003:00001d34       ?state_cache@?1???$get_cached_win_policy@Udeveloper_information_policy_properties@?1??__acrt_get_developer_information_policy@@YA?AW4developer_information_policy@@XZ@@@YA?AW4developer_information_policy@@W4AppPolicyShowDeveloperDiagnostic@@@Z@4JA 0000000140051d34     libucrtd:win_policies.obj
 0003:00001d38       ?state_cache@?1???$get_cached_win_policy@Uwindowing_model_policy_properties@?1??__acrt_get_windowing_model_policy@@YA?AW4windowing_model_policy@@XZ@@@YA?AW4windowing_model_policy@@W4AppPolicyWindowingModel@@@Z@4JA 0000000140051d38     libucrtd:win_policies.obj
 0003:00002150       ?module_handles@@3PAPEAUHINSTANCE__@@A 0000000140052150     libucrtd:winapi_thunks.obj
 0003:000021f0       ?encoded_function_pointers@@3PAPEAXA 00000001400521f0     libucrtd:winapi_thunks.obj
 0003:00002310       ?__acrt_new_handler@@3V?$dual_state_global@P6AH_K@Z@__crt_state_management@@A 0000000140052310     libucrtd:new_handler.obj
 0003:00002318       ?ctrlc_action@@3V?$dual_state_global@P6AXH@Z@__crt_state_management@@A 0000000140052318     libucrtd:signal.obj
 0003:00002320       ?ctrlbreak_action@@3V?$dual_state_global@P6AXH@Z@__crt_state_management@@A 0000000140052320     libucrtd:signal.obj
 0003:00002328       ?abort_action@@3V?$dual_state_global@P6AXH@Z@__crt_state_management@@A 0000000140052328     libucrtd:signal.obj
 0003:00002330       ?term_action@@3V?$dual_state_global@P6AXH@Z@__crt_state_management@@A 0000000140052330     libucrtd:signal.obj
 0003:00002348       ?internal_state@?1??_mbtowc_l@@9@4U_Mbstatet@@A 0000000140052348     libucrtd:mbtowc.obj
 0003:00002360       ?enable_percent_n@@3_KA    0000000140052360     libucrtd:printf_count_output.obj
 0003:00002380       ?internal_pst@?1??__mbrtoc32_utf8@__crt_mbstring@@YA_KPEA_UPEBD_KPEAU_Mbstatet@@@Z@4U3@A 0000000140052380     libucrtd:mbrtoc32.obj
 0003:00002390       ?internal_pst@?1??__c16rtomb_utf8@__crt_mbstring@@YA_KPEAD_SPEAU_Mbstatet@@@Z@4U3@A 0000000140052390     libucrtd:c16rtomb.obj
 0005:00000000       MoveSmall                  0000000140056000     libvcruntimed:memcpy.obj
 0005:00000040       MoveSmallYmm               0000000140056040     libvcruntimed:memcpy.obj
 0005:00000064       MoveSmallYmmNT             0000000140056064     libvcruntimed:memcpy.obj
 0005:00000088       MoveSmallXmm               0000000140056088     libvcruntimed:memcpy.obj
 0005:000000b0       MsetTab                    00000001400560b0     libvcruntimed:memset.obj
