 win32_made

 Timestamp is 61018c85 (Wed Jul 28 19:57:41 2021)

 Preferred load address is 0000000140000000

 Start         Length     Name                   Class
 0001:00000000 00013270H .text$mn                CODE
 0001:00013270 00000040H .text$mn$00             CODE
 0001:000132b0 00000290H .text$x                 CODE
 0002:00000000 000002c8H .idata$5                DATA
 0002:000002c8 00000028H .00cfg                  DATA
 0002:000002f0 00000008H .CRT$XCA                DATA
 0002:000002f8 00000008H .CRT$XCAA               DATA
 0002:00000300 00000008H .CRT$XCZ                DATA
 0002:00000308 00000008H .CRT$XIA                DATA
 0002:00000310 00000008H .CRT$XIAA               DATA
 0002:00000318 00000008H .CRT$XIAC               DATA
 0002:00000320 00000020H .CRT$XIC                DATA
 0002:00000340 00000008H .CRT$XIZ                DATA
 0002:00000348 00000008H .CRT$XPA                DATA
 0002:00000350 00000010H .CRT$XPX                DATA
 0002:00000360 00000008H .CRT$XPXA               DATA
 0002:00000368 00000008H .CRT$XPZ                DATA
 0002:00000370 00000008H .CRT$XTA                DATA
 0002:00000378 00000008H .CRT$XTZ                DATA
 0002:00000380 00000000H .gehcont$y              DATA
 0002:00000380 00000000H .gfids$y                DATA
 0002:00000380 00008880H .rdata                  DATA
 0002:00008c00 00000000H .rdata$CastGuardVftablesA DATA
 0002:00008c00 00000000H .rdata$CastGuardVftablesC DATA
 0002:00008c00 00000000H .rdata$r                DATA
 0002:00008c00 00000104H .rdata$voltmd           DATA
 0002:00008d04 000002fcH .rdata$zzzdbg           DATA
 0002:00009000 00000008H .rtc$IAA                DATA
 0002:00009008 00000008H .rtc$IZZ                DATA
 0002:00009010 00000008H .rtc$TAA                DATA
 0002:00009018 00000008H .rtc$TZZ                DATA
 0002:00009020 00000dc8H .xdata                  DATA
 0002:00009de8 00000000H .xdata$x                DATA
 0002:00009de8 00000000H .edata                  DATA
 0002:00009de8 00000050H .idata$2                DATA
 0002:00009e38 00000018H .idata$3                DATA
 0002:00009e50 000002c8H .idata$4                DATA
 0002:0000a118 00000628H .idata$6                DATA
 0003:00000000 00000a20H .data                   DATA
 0003:00000a20 00000000H .data$r                 DATA
 0003:00000a20 00000000H .data$rs                DATA
 0003:00000a20 00001258H .bss                    DATA
 0004:00000000 000010b0H .pdata                  DATA
 0005:00000000 000000fcH _RDATA                  DATA

  Address         Publics by Value              Rva+Base               Lib:Object

 0000:00000000       __guard_longjmp_table      0000000000000000     <absolute>
 0000:00000000       ___safe_se_handler_table   0000000000000000     <absolute>
 0000:00000000       __x64_code_ranges_to_entry_points_count 0000000000000000     <absolute>
 0000:00000000       __guard_fids_count         0000000000000000     <absolute>
 0000:00000000       __arm64x_redirection_metadata 0000000000000000     <absolute>
 0000:00000000       __arm64x_extra_rfe_table   0000000000000000     <absolute>
 0000:00000000       __guard_iat_table          0000000000000000     <absolute>
 0000:00000000       __hybrid_code_map          0000000000000000     <absolute>
 0000:00000000       __guard_iat_count          0000000000000000     <absolute>
 0000:00000000       __guard_longjmp_count      0000000000000000     <absolute>
 0000:00000000       __arm64x_extra_rfe_table_size 0000000000000000     <absolute>
 0000:00000000       __x64_code_ranges_to_entry_points 0000000000000000     <absolute>
 0000:00000000       __dynamic_value_reloc_table 0000000000000000     <absolute>
 0000:00000000       ___safe_se_handler_count   0000000000000000     <absolute>
 0000:00000000       __hybrid_auxiliary_iat     0000000000000000     <absolute>
 0000:00000000       __hybrid_auxiliary_iat_copy 0000000000000000     <absolute>
 0000:00000000       __AbsoluteZero             0000000000000000     <absolute>
 0000:00000000       __guard_check_icall_a64n_fptr 0000000000000000     <absolute>
 0000:00000000       __guard_eh_cont_count      0000000000000000     <absolute>
 0000:00000000       __guard_fids_table         0000000000000000     <absolute>
 0000:00000000       __arm64x_redirection_metadata_count 0000000000000000     <absolute>
 0000:00000000       __enclave_config           0000000000000000     <absolute>
 0000:00000000       __guard_eh_cont_table      0000000000000000     <absolute>
 0000:00000000       __arm64x_native_entrypoint 0000000000000000     <absolute>
 0000:00000000       __hybrid_code_map_count    0000000000000000     <absolute>
 0000:00000100       __guard_flags              0000000000000100     <absolute>
 0000:00000000       __ImageBase                0000000140000000     <linker-defined>
 0001:00000680       WinMain                    0000000140001680 f   win32_made.obj
 0001:000016d0       ?XInputGetStateStub@@YAKKPEAU_XINPUT_STATE@@@Z 00000001400026d0 f   win32_made.obj
 0001:000016f0       ?XInputSetStateStub@@YAKKPEAU_XINPUT_VIBRATION@@@Z 00000001400026f0 f   win32_made.obj
 0001:00001c30       ?Win32MainWindowCallback@@YA_JPEAUHWND__@@I_K_J@Z 0000000140002c30 f   win32_made.obj
 0001:00002760       ??$_snprintf_s@$0BAA@@@YAHAEAY0BAA@D_KPEBDZZ 0000000140003760 f i win32_made.obj
 0001:000027b0       ?GetController@@YAPEAUgame_controller_input@@PEAUgame_input@@I@Z 00000001400037b0 f i win32_made.obj
 0001:00002800       ?SafeTruncateUInt64@@YAI_K@Z 0000000140003800 f i win32_made.obj
 0001:00002830       ?Win32DrawSoundBufferMarker@@YAXPEAUwin32_offscreen_buffer@@PEAUwin32_sound_output@@MHHHKI@Z 0000000140003830 f i win32_made.obj
 0001:000028c0       ?Win32GetSecondsElapsed@@YAMT_LARGE_INTEGER@@0@Z 00000001400038c0 f i win32_made.obj
 0001:00002900       ?Win32GetWallClock@@YA?AT_LARGE_INTEGER@@XZ 0000000140003900 f i win32_made.obj
 0001:00002920       __local_stdio_printf_options 0000000140003920 f i win32_made.obj
 0001:00002930       _vsnprintf_s               0000000140003930 f i win32_made.obj
 0001:00002980       _vsnprintf_s_l             0000000140003980 f i win32_made.obj
 0001:00002a00       __GSHandlerCheck           0000000140003a00 f   LIBCMT:gshandler.obj
 0001:00002a20       __GSHandlerCheckCommon     0000000140003a20 f   LIBCMT:gshandler.obj
 0001:00002a90       __security_check_cookie    0000000140003a90 f   LIBCMT:amdsecgs.obj
 0001:00002d08       WinMainCRTStartup          0000000140003d08 f   LIBCMT:exe_winmain.obj
 0001:00002d1c       __raise_securityfailure    0000000140003d1c f   LIBCMT:gs_report.obj
 0001:00002d50       __report_gsfailure         0000000140003d50 f   LIBCMT:gs_report.obj
 0001:00002e24       __report_rangecheckfailure 0000000140003e24 f   LIBCMT:gs_report.obj
 0001:00002e38       __report_securityfailure   0000000140003e38 f   LIBCMT:gs_report.obj
 0001:00002fb8       __scrt_acquire_startup_lock 0000000140003fb8 f   LIBCMT:utility.obj
 0001:00002ff4       __scrt_initialize_crt      0000000140003ff4 f   LIBCMT:utility.obj
 0001:00003040       __scrt_initialize_onexit_tables 0000000140004040 f   LIBCMT:utility.obj
 0001:000030cc       __scrt_is_nonwritable_in_current_image 00000001400040cc f   LIBCMT:utility.obj
 0001:00003164       __scrt_release_startup_lock 0000000140004164 f   LIBCMT:utility.obj
 0001:00003188       __scrt_uninitialize_crt    0000000140004188 f   LIBCMT:utility.obj
 0001:000031b4       _onexit                    00000001400041b4 f   LIBCMT:utility.obj
 0001:000031f0       atexit                     00000001400041f0 f   LIBCMT:utility.obj
 0001:00003208       __security_init_cookie     0000000140004208 f   LIBCMT:gs_support.obj
 0001:000032b4       _get_startup_new_mode      00000001400042b4 f   LIBCMT:new_mode.obj
 0001:000032b4       _matherr                   00000001400042b4 f   LIBCMT:matherr.obj
 0001:000032b4       _get_startup_thread_locale_mode 00000001400042b4 f   LIBCMT:thread_locale.obj
 0001:000032b4       __scrt_stub_for_initialize_mta 00000001400042b4 f   LIBCMT:utility_desktop.obj
 0001:000032b4       __scrt_initialize_winrt    00000001400042b4 f   LIBCMT:utility_desktop.obj
 0001:000032b4       _get_startup_commit_mode   00000001400042b4 f   LIBCMT:commit_mode.obj
 0001:000032b4       __scrt_exe_initialize_mta  00000001400042b4 f   LIBCMT:utility_desktop.obj
 0001:000032b8       _get_startup_argv_mode     00000001400042b8 f   LIBCMT:argv_mode.obj
 0001:000032c0       _get_startup_file_mode     00000001400042c0 f   LIBCMT:file_mode.obj
 0001:000032c8       ?__scrt_initialize_type_info@@YAXXZ 00000001400042c8 f   LIBCMT:tncleanup.obj
 0001:000032d8       _should_initialize_environment 00000001400042d8 f   LIBCMT:env_mode.obj
 0001:000032d8       __acrt_uninitialize_command_line 00000001400042d8 f   libucrt:argv_data.obj
 0001:000032dc       _initialize_invalid_parameter_handler 00000001400042dc f   LIBCMT:invalid_parameter_handler.obj
 0001:000032dc       _guard_check_icall_nop     00000001400042dc f   LIBCMT:guard_support.obj
 0001:000032dc       _initialize_denormal_control 00000001400042dc f   LIBCMT:denormal_control.obj
 0001:000032e0       __local_stdio_scanf_options 00000001400042e0 f i LIBCMT:default_local_stdio_options.obj
 0001:000032e8       __scrt_initialize_default_local_stdio_options 00000001400042e8 f   LIBCMT:default_local_stdio_options.obj
 0001:00003304       __scrt_is_user_matherr_present 0000000140004304 f   LIBCMT:matherr_detection.obj
 0001:00003310       __scrt_get_dyn_tls_init_callback 0000000140004310 f   LIBCMT:dyn_tls_init.obj
 0001:00003318       __scrt_get_dyn_tls_dtor_callback 0000000140004318 f   LIBCMT:dyn_tls_dtor.obj
 0001:00003320       __crt_debugger_hook        0000000140004320 f   LIBCMT:utility_desktop.obj
 0001:00003328       __scrt_fastfail            0000000140004328 f   LIBCMT:utility_desktop.obj
 0001:00003474       __scrt_get_show_window_mode 0000000140004474 f   LIBCMT:utility_desktop.obj
 0001:000034b0       __scrt_initialize_mta      00000001400044b0 f   LIBCMT:utility_desktop.obj
 0001:000034b8       __scrt_is_managed_app      00000001400044b8 f   LIBCMT:utility_desktop.obj
 0001:0000350c       __scrt_set_unhandled_exception_filter 000000014000450c f   LIBCMT:utility_desktop.obj
 0001:0000351c       __scrt_unhandled_exception_filter 000000014000451c f   LIBCMT:utility_desktop.obj
 0001:00003578       _RTC_Initialize            0000000140004578 f   LIBCMT:initsect.obj
 0001:000035b4       _RTC_Terminate             00000001400045b4 f   LIBCMT:initsect.obj
 0001:000035f0       __isa_available_init       00000001400045f0 f   LIBCMT:cpu_disp.obj
 0001:00003794       __scrt_is_ucrt_dll_in_use  0000000140004794 f   LIBCMT:ucrt_detection.obj
 0001:000037a0       __C_specific_handler       00000001400047a0 f   libvcruntime:riscchandler.obj
 0001:000039ac       __vcrt_initialize          00000001400049ac f   libvcruntime:initialization.obj
 0001:000039d4       __vcrt_uninitialize        00000001400049d4 f   libvcruntime:initialization.obj
 0001:000039f0       __DestructExceptionObject  00000001400049f0 f   libvcruntime:ehhelpers.obj
 0001:00003a60       ?_CallMemberFunction0@@YAXQEAX0@Z 0000000140004a60 f i libvcruntime:ehhelpers.obj
 0001:00003a64       __current_exception        0000000140004a64 f   libvcruntime:ehhelpers.obj
 0001:00003a78       __current_exception_context 0000000140004a78 f   libvcruntime:ehhelpers.obj
 0001:00003aa0       memset_repmovs             0000000140004aa0 f   libvcruntime:memset.obj
 0001:00003ac0       memset                     0000000140004ac0 f   libvcruntime:memset.obj
 0001:00003c60       _NLG_Notify                0000000140004c60 f   libvcruntime:notify.obj
 0001:00003c80       __NLG_Dispatch2            0000000140004c80 f   libvcruntime:notify.obj
 0001:00003c90       __NLG_Return2              0000000140004c90 f   libvcruntime:notify.obj
 0001:00003c94       __except_validate_context_record 0000000140004c94 f   libvcruntime:jbcxrval.obj
 0001:00003ccc       __vcrt_freefls             0000000140004ccc f   libvcruntime:per_thread_data.obj
 0001:00003cec       __vcrt_getptd              0000000140004cec f   libvcruntime:per_thread_data.obj
 0001:00003d08       __vcrt_getptd_noexit       0000000140004d08 f   libvcruntime:per_thread_data.obj
 0001:00003dc8       __vcrt_initialize_ptd      0000000140004dc8 f   libvcruntime:per_thread_data.obj
 0001:00003e10       __vcrt_uninitialize_ptd    0000000140004e10 f   libvcruntime:per_thread_data.obj
 0001:00003e34       __vcrt_initialize_locks    0000000140004e34 f   libvcruntime:locks.obj
 0001:00003e68       __vcrt_uninitialize_locks  0000000140004e68 f   libvcruntime:locks.obj
 0001:00003ff0       __vcrt_FlsAlloc            0000000140004ff0 f   libvcruntime:winapi_downlevel.obj
 0001:00004038       __vcrt_FlsFree             0000000140005038 f   libvcruntime:winapi_downlevel.obj
 0001:00004080       __vcrt_FlsGetValue         0000000140005080 f   libvcruntime:winapi_downlevel.obj
 0001:000040c8       __vcrt_FlsSetValue         00000001400050c8 f   libvcruntime:winapi_downlevel.obj
 0001:0000411c       __vcrt_InitializeCriticalSectionEx 000000014000511c f   libvcruntime:winapi_downlevel.obj
 0001:00004190       memcpy_repmovs             0000000140005190 f   libvcruntime:memcpy.obj
 0001:000041b0       memcpy                     00000001400051b0 f   libvcruntime:memcpy.obj
 0001:000041b0       memmove                    00000001400051b0 f   libvcruntime:memcpy.obj
 0001:00004840       _CallSettingFrame          0000000140005840 f   libvcruntime:handlers.obj
 0001:00004890       _CallSettingFrame_LookupContinuationIndex 0000000140005890 f   libvcruntime:handlers.obj
 0001:000048c0       _CallSettingFrame_NotifyContinuationAddr 00000001400058c0 f   libvcruntime:handlers.obj
 0001:000048f0       _CallSettingFrameEncoded   00000001400058f0 f   libvcruntime:handlers.obj
 0001:00004b04       ??$ensure_buffer_is_big_enough@D@formatting_buffer@__crt_stdio_output@@QEAA_N_K@Z 0000000140005b04 f i libucrt:output.obj
 0001:00004bac       ??$type_case_integer_parse_into_buffer@I@?$output_processor@DV?$string_output_adapter@D@__crt_stdio_output@@V?$format_validation_base@DV?$string_output_adapter@D@__crt_stdio_output@@@2@@__crt_stdio_output@@AEAAXII_N@Z 0000000140005bac f i libucrt:output.obj
 0001:00004c34       ??$type_case_integer_parse_into_buffer@_K@?$output_processor@DV?$string_output_adapter@D@__crt_stdio_output@@V?$format_validation_base@DV?$string_output_adapter@D@__crt_stdio_output@@@2@@__crt_stdio_output@@AEAAX_KI_N@Z 0000000140005c34 f i libucrt:output.obj
 0001:00004cc4       ??$write_multiple_characters@V?$string_output_adapter@D@__crt_stdio_output@@D@__crt_stdio_output@@YAXAEBV?$string_output_adapter@D@0@DHQEAH@Z 0000000140005cc4 f i libucrt:output.obj
 0001:00004d3c       ??0_LocaleUpdate@@QEAA@QEAU__crt_locale_pointers@@@Z 0000000140005d3c f i libucrt:output.obj
 0001:00004de0       ?crop_zeroes@__crt_stdio_output@@YAXPEADQEAU__crt_locale_pointers@@@Z 0000000140005de0 f i libucrt:output.obj
 0001:00004e80       ?force_decimal_point@__crt_stdio_output@@YAXPEADQEAU__crt_locale_pointers@@@Z 0000000140005e80 f i libucrt:output.obj
 0001:00004ef8       ?parse_int_from_format_string@?$output_processor@DV?$string_output_adapter@D@__crt_stdio_output@@V?$format_validation_base@DV?$string_output_adapter@D@__crt_stdio_output@@@2@@__crt_stdio_output@@AEAA_NQEAH@Z 0000000140005ef8 f i libucrt:output.obj
 0001:00004f9c       ?process@?$output_processor@DV?$string_output_adapter@D@__crt_stdio_output@@V?$format_validation_base@DV?$string_output_adapter@D@__crt_stdio_output@@@2@@__crt_stdio_output@@QEAAHXZ 0000000140005f9c f i libucrt:output.obj
 0001:000051b0       ?state_case_normal@?$output_processor@DV?$string_output_adapter@D@__crt_stdio_output@@V?$format_validation_base@DV?$string_output_adapter@D@__crt_stdio_output@@@2@@__crt_stdio_output@@AEAA_NXZ 00000001400061b0 f i libucrt:output.obj
 0001:00005224       ?state_case_normal_tchar@?$output_processor@DV?$string_output_adapter@D@__crt_stdio_output@@V?$format_validation_base@DV?$string_output_adapter@D@__crt_stdio_output@@@2@@__crt_stdio_output@@AEAA_ND@Z 0000000140006224 f i libucrt:output.obj
 0001:000052cc       ?state_case_size@?$output_processor@DV?$string_output_adapter@D@__crt_stdio_output@@V?$format_validation_base@DV?$string_output_adapter@D@__crt_stdio_output@@@2@@__crt_stdio_output@@AEAA_NXZ 00000001400062cc f i libucrt:output.obj
 0001:0000543c       ?state_case_type@?$output_processor@DV?$string_output_adapter@D@__crt_stdio_output@@V?$format_validation_base@DV?$string_output_adapter@D@__crt_stdio_output@@@2@@__crt_stdio_output@@AEAA_NXZ 000000014000643c f i libucrt:output.obj
 0001:000056b0       ?to_integer_size@__crt_stdio_output@@YA_KW4length_modifier@1@@Z 00000001400066b0 f i libucrt:output.obj
 0001:00005718       ?type_case_Z@?$output_processor@DV?$string_output_adapter@D@__crt_stdio_output@@V?$format_validation_base@DV?$string_output_adapter@D@__crt_stdio_output@@@2@@__crt_stdio_output@@AEAA_NXZ 0000000140006718 f i libucrt:output.obj
 0001:0000578c       ?type_case_a@?$output_processor@DV?$string_output_adapter@D@__crt_stdio_output@@V?$format_validation_base@DV?$string_output_adapter@D@__crt_stdio_output@@@2@@__crt_stdio_output@@AEAA_NXZ 000000014000678c f i libucrt:output.obj
 0001:00005948       ?type_case_c_tchar@?$output_processor@DV?$string_output_adapter@D@__crt_stdio_output@@V?$format_validation_base@DV?$string_output_adapter@D@__crt_stdio_output@@@2@@__crt_stdio_output@@AEAA_ND@Z 0000000140006948 f i libucrt:output.obj
 0001:00005a10       ?type_case_integer@?$output_processor@DV?$string_output_adapter@D@__crt_stdio_output@@V?$format_validation_base@DV?$string_output_adapter@D@__crt_stdio_output@@@2@@__crt_stdio_output@@AEAA_NI_N@Z 0000000140006a10 f i libucrt:output.obj
 0001:00005b90       ?type_case_n@?$output_processor@DV?$string_output_adapter@D@__crt_stdio_output@@V?$format_validation_base@DV?$string_output_adapter@D@__crt_stdio_output@@@2@@__crt_stdio_output@@AEAA_NXZ 0000000140006b90 f i libucrt:output.obj
 0001:00005c18       ?type_case_s@?$output_processor@DV?$string_output_adapter@D@__crt_stdio_output@@V?$format_validation_base@DV?$string_output_adapter@D@__crt_stdio_output@@@2@@__crt_stdio_output@@AEAA_NXZ 0000000140006c18 f i libucrt:output.obj
 0001:00005cb0       ?write_stored_string_tchar@?$output_processor@DV?$string_output_adapter@D@__crt_stdio_output@@V?$format_validation_base@DV?$string_output_adapter@D@__crt_stdio_output@@@2@@__crt_stdio_output@@AEAA_ND@Z 0000000140006cb0 f i libucrt:output.obj
 0001:00005d8c       ?write_string@?$string_output_adapter@D@__crt_stdio_output@@QEBAXQEBDHQEAHAEAV__crt_deferred_errno_cache@@@Z 0000000140006d8c f i libucrt:output.obj
 0001:00005e30       __stdio_common_vsnprintf_s 0000000140006e30 f   libucrt:output.obj
 0001:00005f80       sinf                       0000000140006f80 f   libucrt:sinf.obj
 0001:00006678       _seh_filter_exe            0000000140007678 f   libucrt:exception_filter.obj
 0001:000067fc       _query_app_type            00000001400077fc f   libucrt:report_runtime_error.obj
 0001:00006804       _set_app_type              0000000140007804 f   libucrt:report_runtime_error.obj
 0001:0000680c       __acrt_has_user_matherr    000000014000780c f   libucrt:matherr.obj
 0001:0000682c       __acrt_initialize_user_matherr 000000014000782c f   libucrt:matherr.obj
 0001:00006834       __acrt_invoke_user_matherr 0000000140007834 f   libucrt:matherr.obj
 0001:00006864       __setusermatherr           0000000140007864 f   libucrt:matherr.obj
 0001:00006a4c       __acrt_allocate_buffer_for_argv 0000000140007a4c f   libucrt:argv_parsing.obj
 0001:00006aac       _configure_narrow_argv     0000000140007aac f   libucrt:argv_parsing.obj
 0001:00006e24       __dcrt_uninitialize_environments_nolock 0000000140007e24 f   libucrt:environment_initialization.obj
 0001:00006e5c       _initialize_narrow_environment 0000000140007e5c f   libucrt:environment_initialization.obj
 0001:00006e64       _get_narrow_winmain_command_line 0000000140007e64 f   libucrt:argv_winmain.obj
 0001:00006ed4       _initterm                  0000000140007ed4 f   libucrt:initterm.obj
 0001:00006f38       _initterm_e                0000000140007f38 f   libucrt:initterm.obj
 0001:000071e4       __acrt_initialize_thread_local_exit_callback 00000001400081e4 f   libucrt:exit.obj
 0001:000071ec       _c_exit                    00000001400081ec f   libucrt:exit.obj
 0001:000071fc       _cexit                     00000001400081fc f   libucrt:exit.obj
 0001:0000720c       _exit                      000000014000820c f   libucrt:exit.obj
 0001:00007218       _register_thread_local_exe_atexit_callback 0000000140008218 f   libucrt:exit.obj
 0001:00007254       exit                       0000000140008254 f   libucrt:exit.obj
 0001:00007260       _set_fmode                 0000000140008260 f   libucrt:setmode.obj
 0001:00007310       __acrt_set_locale_changed  0000000140008310 f   libucrt:wsetlocale.obj
 0001:0000731c       __acrt_uninitialize_locale 000000014000831c f   libucrt:wsetlocale.obj
 0001:0000734c       _configthreadlocale        000000014000834c f   libucrt:wsetlocale.obj
 0001:000073b8       _query_new_mode            00000001400083b8 f   libucrt:new_mode.obj
 0001:000073c0       _set_new_mode              00000001400083c0 f   libucrt:new_mode.obj
 0001:000073ec       __p__commode               00000001400083ec f   libucrt:ncommode.obj
 0001:00007734       _crt_atexit                0000000140008734 f   libucrt:onexit.obj
 0001:00007744       _execute_onexit_table      0000000140008744 f   libucrt:onexit.obj
 0001:00007780       _initialize_onexit_table   0000000140008780 f   libucrt:onexit.obj
 0001:000077a8       _register_onexit_function  00000001400087a8 f   libucrt:onexit.obj
 0001:0000791c       __acrt_initialize          000000014000891c f   libucrt:initialization.obj
 0001:00007930       __acrt_uninitialize        0000000140008930 f   libucrt:initialization.obj
 0001:00007968       terminate                  0000000140008968 f   libucrt:terminate.obj
 0001:00007988       free                       0000000140008988 f   libucrt:free.obj
 0001:0000799c       strcpy_s                   000000014000899c f   libucrt:strcpy_s.obj
 0001:000079fc       abort                      00000001400089fc f   libucrt:abort.obj
 0001:00007a54       calloc                     0000000140008a54 f   libucrt:calloc.obj
 0001:00007a5c       ??$parse_integer@KV?$c_string_character_source@D@__crt_strtox@@@__crt_strtox@@YAKQEAU__crt_locale_pointers@@V?$c_string_character_source@D@0@H_N@Z 0000000140008a5c f i libucrt:atox.obj
 0001:00007d60       _ischartype_l              0000000140008d60 f i libucrt:atox.obj
 0001:00007df0       strncmp                    0000000140008df0 f   libucrt:strncmp.obj
 0001:00007e70       wcsncmp                    0000000140008e70 f   libucrt:wcsncmp.obj
 0001:00007e9c       __acrt_call_reportfault    0000000140008e9c f   libucrt:invalid_parameter.obj
 0001:00007ff8       __acrt_initialize_invalid_parameter_handler 0000000140008ff8 f   libucrt:invalid_parameter.obj
 0001:00008000       _invalid_parameter         0000000140009000 f   libucrt:invalid_parameter.obj
 0001:000080b0       _invalid_parameter_noinfo  00000001400090b0 f   libucrt:invalid_parameter.obj
 0001:000080d0       _invoke_watson             00000001400090d0 f   libucrt:invalid_parameter.obj
 0001:00008118       __acrt_errno_from_os_error 0000000140009118 f   libucrt:errno.obj
 0001:00008160       __acrt_errno_map_os_error  0000000140009160 f   libucrt:errno.obj
 0001:000081b0       __doserrno                 00000001400091b0 f   libucrt:errno.obj
 0001:000081d0       _errno                     00000001400091d0 f   libucrt:errno.obj
 0001:000081f0       _free_base                 00000001400091f0 f   libucrt:free_base.obj
 0001:00008230       _malloc_base               0000000140009230 f   libucrt:malloc_base.obj
 0001:00008290       strtol                     0000000140009290 f   libucrt:strtox.obj
 0001:000082bc       _mbtowc_l                  00000001400092bc f   libucrt:mbtowc.obj
 0001:0000843c       mbtowc                     000000014000943c f   libucrt:mbtowc.obj
 0001:00008444       _wctomb_s_l                0000000140009444 f   libucrt:wctomb.obj
 0001:000085e0       strnlen                    00000001400095e0 f   libucrt:strnlen.obj
 0001:00008730       wcsnlen                    0000000140009730 f   libucrt:strnlen.obj
 0001:00008c80       __acrt_getptd              0000000140009c80 f   libucrt:per_thread_data.obj
 0001:00008d54       __acrt_getptd_head         0000000140009d54 f   libucrt:per_thread_data.obj
 0001:00008dfc       __acrt_getptd_noexit       0000000140009dfc f   libucrt:per_thread_data.obj
 0001:00008ec8       __acrt_initialize_ptd      0000000140009ec8 f   libucrt:per_thread_data.obj
 0001:00008f04       __acrt_uninitialize_ptd    0000000140009f04 f   libucrt:per_thread_data.obj
 0001:00008f28       __acrt_update_locale_info  0000000140009f28 f   libucrt:locale_update.obj
 0001:00008f5c       __acrt_update_multibyte_info 0000000140009f5c f   libucrt:locale_update.obj
 0001:0000999c       __acrt_fp_format           000000014000a99c f   libucrt:cvt.obj
 0001:00009cd4       _fileno                    000000014000acd4 f   libucrt:fileno.obj
 0001:00009cfc       __acrt_initialize_stdio    000000014000acfc f   libucrt:_file.obj
 0001:00009e1c       __acrt_uninitialize_stdio  000000014000ae1c f   libucrt:_file.obj
 0001:00009e78       _lock_file                 000000014000ae78 f   libucrt:_file.obj
 0001:00009e84       _unlock_file               000000014000ae84 f   libucrt:_file.obj
 0001:00009e90       _get_printf_count_output   000000014000ae90 f   libucrt:printf_count_output.obj
 0001:0000a0a4       __acrt_initialize_lowio    000000014000b0a4 f   libucrt:ioinit.obj
 0001:0000a0e0       __acrt_uninitialize_lowio  000000014000b0e0 f   libucrt:ioinit.obj
 0001:0000a120       __acrt_initialize_fma3     000000014000b120 f   libucrt:fma3_available.obj
 0001:0000a190       __remainder_piby2d2f_forC  000000014000b190 f   libucrt:remainder_piby2f_forc.obj
 0001:0000a3a8       _sinf_special              000000014000b3a8 f   libucrt:sincos_special.obj
 0001:0000a3bc       _calloc_base               000000014000b3bc f   libucrt:calloc_base.obj
 0001:0000a448       ??$__acrt_mbs_to_wcs_cp@U__crt_win32_buffer_internal_dynamic_resizing@@@@YAHQEBDAEAV?$__crt_win32_buffer@_WU__crt_win32_buffer_internal_dynamic_resizing@@@@I@Z 000000014000b448 f i libucrt:argv_wildcards.obj
 0001:0000a5c0       ??$__acrt_wcs_to_mbs_cp@U__crt_win32_buffer_internal_dynamic_resizing@@@@YAHQEB_WAEAV?$__crt_win32_buffer@DU__crt_win32_buffer_internal_dynamic_resizing@@@@I@Z 000000014000b5c0 f i libucrt:argv_wildcards.obj
 0001:0000adf0       __acrt_expand_narrow_argv_wildcards 000000014000bdf0 f   libucrt:argv_wildcards.obj
 0001:0000adf8       ??$__acrt_wcs_to_mbs_cp@U__crt_win32_buffer_no_resizing@@@@YAHQEB_WAEAV?$__crt_win32_buffer@DU__crt_win32_buffer_no_resizing@@@@I@Z 000000014000bdf8 f i libucrt:getmodulefilenamea.obj
 0001:0000af0c       __acrt_GetModuleFileNameA  000000014000bf0c f   libucrt:getmodulefilenamea.obj
 0001:0000b754       __acrt_initialize_multibyte 000000014000c754 f   libucrt:mbctype.obj
 0001:0000b7b4       __acrt_update_thread_multibyte_data 000000014000c7b4 f   libucrt:mbctype.obj
 0001:0000b7d0       _setmbcp_nolock            000000014000c7d0 f   libucrt:mbctype.obj
 0001:0000bb04       _ismbblead                 000000014000cb04 f   libucrt:ismbbyte.obj
 0001:0000bb18       __acrt_initialize_command_line 000000014000cb18 f   libucrt:argv_data.obj
 0001:0000bb40       __acrt_MultiByteToWideChar 000000014000cb40 f   libucrt:multibytetowidechar.obj
 0001:0000bb9c       __acrt_WideCharToMultiByte 000000014000cb9c f   libucrt:widechartomultibyte.obj
 0001:0000bc4c       __dcrt_get_narrow_environment_from_os 000000014000cc4c f   libucrt:get_environment_from_os.obj
 0001:0000bd50       __acrt_initialize_locks    000000014000cd50 f   libucrt:locks.obj
 0001:0000bd98       __acrt_lock                000000014000cd98 f   libucrt:locks.obj
 0001:0000bdb4       __acrt_uninitialize_locks  000000014000cdb4 f   libucrt:locks.obj
 0001:0000bdec       __acrt_unlock              000000014000cdec f   libucrt:locks.obj
 0001:0000be08       __acrt_get_process_end_policy 000000014000ce08 f   libucrt:win_policies.obj
 0001:0000be44       __acrt_lowio_create_handle_array 000000014000ce44 f   libucrt:osfinfo.obj
 0001:0000beec       __acrt_lowio_destroy_handle_array 000000014000ceec f   libucrt:osfinfo.obj
 0001:0000bf3c       __acrt_lowio_ensure_fh_exists 000000014000cf3c f   libucrt:osfinfo.obj
 0001:0000bfe4       __acrt_lowio_lock_fh       000000014000cfe4 f   libucrt:osfinfo.obj
 0001:0000c00c       __acrt_lowio_unlock_fh     000000014000d00c f   libucrt:osfinfo.obj
 0001:0000c034       _free_osfhnd               000000014000d034 f   libucrt:osfinfo.obj
 0001:0000c0f0       _get_osfhandle             000000014000d0f0 f   libucrt:osfinfo.obj
 0001:0000c168       __acrt_initialize_fmode    000000014000d168 f   libucrt:txtmode.obj
 0001:0000c184       __acrt_locale_free_monetary 000000014000d184 f   libucrt:initmon.obj
 0001:0000c290       __acrt_locale_free_numeric 000000014000d290 f   libucrt:initnum.obj
 0001:0000c354       __acrt_locale_free_time    000000014000d354 f   libucrt:inittime.obj
 0001:0000c45c       __pctype_func              000000014000d45c f   libucrt:ctype.obj
 0001:0000c48c       __acrt_GetStringTypeA      000000014000d48c f   libucrt:getstringtypea.obj
 0001:0000c61c       __acrt_add_locale_ref      000000014000d61c f   libucrt:locale_refcounting.obj
 0001:0000c6a8       __acrt_free_locale         000000014000d6a8 f   libucrt:locale_refcounting.obj
 0001:0000c820       __acrt_locale_add_lc_time_reference 000000014000d820 f   libucrt:locale_refcounting.obj
 0001:0000c848       __acrt_locale_free_lc_time_if_unreferenced 000000014000d848 f   libucrt:locale_refcounting.obj
 0001:0000c880       __acrt_locale_release_lc_time_reference 000000014000d880 f   libucrt:locale_refcounting.obj
 0001:0000c8a8       __acrt_release_locale_ref  000000014000d8a8 f   libucrt:locale_refcounting.obj
 0001:0000c950       __acrt_update_thread_locale_data 000000014000d950 f   libucrt:locale_refcounting.obj
 0001:0000c9c0       _updatetlocinfoEx_nolock   000000014000d9c0 f   libucrt:locale_refcounting.obj
 0001:0000cc00       __acrt_AppPolicyGetProcessTerminationMethodInternal 000000014000dc00 f   libucrt:winapi_thunks.obj
 0001:0000cc50       __acrt_AreFileApisANSI     000000014000dc50 f   libucrt:winapi_thunks.obj
 0001:0000cc8c       __acrt_FlsAlloc            000000014000dc8c f   libucrt:winapi_thunks.obj
 0001:0000ccd4       __acrt_FlsFree             000000014000dcd4 f   libucrt:winapi_thunks.obj
 0001:0000cd1c       __acrt_FlsGetValue         000000014000dd1c f   libucrt:winapi_thunks.obj
 0001:0000cd64       __acrt_FlsSetValue         000000014000dd64 f   libucrt:winapi_thunks.obj
 0001:0000cdb8       __acrt_InitializeCriticalSectionEx 000000014000ddb8 f   libucrt:winapi_thunks.obj
 0001:0000ce1c       __acrt_LCMapStringEx       000000014000de1c f   libucrt:winapi_thunks.obj
 0001:0000cef8       __acrt_LocaleNameToLCID    000000014000def8 f   libucrt:winapi_thunks.obj
 0001:0000cf48       __acrt_initialize_winapi_thunks 000000014000df48 f   libucrt:winapi_thunks.obj
 0001:0000cf7c       __acrt_uninitialize_winapi_thunks 000000014000df7c f   libucrt:winapi_thunks.obj
 0001:0000cfc0       _recalloc_base             000000014000dfc0 f   libucrt:recalloc.obj
 0001:0000d058       __acrt_initialize_heap     000000014000e058 f   libucrt:heap_handle.obj
 0001:0000d074       __acrt_uninitialize_heap   000000014000e074 f   libucrt:heap_handle.obj
 0001:0000d080       __acrt_execute_initializers 000000014000e080 f   libucrt:shared_initialization.obj
 0001:0000d100       __acrt_execute_uninitializers 000000014000e100 f   libucrt:shared_initialization.obj
 0001:0000d13c       __acrt_initialize_new_handler 000000014000e13c f   libucrt:new_handler.obj
 0001:0000d144       _callnewh                  000000014000e144 f   libucrt:new_handler.obj
 0001:0000d174       _query_new_handler         000000014000e174 f   libucrt:new_handler.obj
 0001:0000d1f0       __acrt_get_sigabrt_handler 000000014000e1f0 f   libucrt:signal.obj
 0001:0000d220       __acrt_initialize_signal_handlers 000000014000e220 f   libucrt:signal.obj
 0001:0000d240       raise                      000000014000e240 f   libucrt:signal.obj
 0001:0000d688       __acrt_stdio_flush_nolock  000000014000e688 f   libucrt:fflush.obj
 0001:0000d704       _fflush_nolock             000000014000e704 f   libucrt:fflush.obj
 0001:0000d750       _flushall                  000000014000e750 f   libucrt:fflush.obj
 0001:0000d758       _isctype_l                 000000014000e758 f   libucrt:isctype.obj
 0001:0000d860       _isleadbyte_l              000000014000e860 f i libucrt:_wctype.obj
 0001:0000d8ac       ?__mbrtowc_utf8@__crt_mbstring@@YA_KPEA_WPEBD_KPEAU_Mbstatet@@@Z 000000014000e8ac f   libucrt:mbrtowc.obj
 0001:0000d8e8       ?__mbsrtowcs_utf8@__crt_mbstring@@YA_KPEA_WPEAPEBD_KPEAU_Mbstatet@@@Z 000000014000e8e8 f   libucrt:mbrtowc.obj
 0001:0000da60       ?__c32rtomb_utf8@__crt_mbstring@@YA_KPEAD_UPEAU_Mbstatet@@@Z 000000014000ea60 f   libucrt:c32rtomb.obj
 0001:0000db14       __acrt_fp_strflt_to_string 000000014000eb14 f   libucrt:_fptostr.obj
 0001:0000dc70       ?divide@__crt_strtox@@YA_KAEAUbig_integer@1@AEBU21@@Z 000000014000ec70 f i libucrt:cfout.obj
 0001:0000e09c       __acrt_fltout              000000014000f09c f   libucrt:cfout.obj
 0001:0000f368       fegetround                 0000000140010368 f   libucrt:fegetround.obj
 0001:0000f37c       _fcloseall                 000000014001037c f   libucrt:closeall.obj
 0001:0000f430       __acrt_stdio_free_buffer_nolock 0000000140010430 f   libucrt:_freebuf.obj
 0001:0000f470       _isatty                    0000000140010470 f   libucrt:isatty.obj
 0001:0000f5f4       _handle_error              00000001400105f4 f   libucrt:libm_error.obj
 0001:0000f71c       _handle_errorf             000000014001071c f   libucrt:libm_error.obj
 0001:0000f850       _handle_nan                0000000140010850 f   libucrt:libm_error.obj
 0001:0000f870       qsort                      0000000140010870 f   libucrt:qsort.obj
 0001:0000fc10       strncpy_s                  0000000140010c10 f   libucrt:strncpy_s.obj
 0001:0000fd90       strpbrk                    0000000140010d90 f   libucrt:strpbrk.obj
 0001:00010158       _mbsdec                    0000000140011158 f   libucrt:mbsdec.obj
 0001:00010160       _mbsdec_l                  0000000140011160 f   libucrt:mbsdec.obj
 0001:0001050c       __acrt_LCMapStringA        000000014001150c f   libucrt:lcmapstringa.obj
 0001:000105bc       __ascii_wcsnicmp           00000001400115bc f   libucrt:wcsnicmp.obj
 0001:00010608       __acrt_DownlevelLocaleNameToLCID 0000000140011608 f   libucrt:lcidtoname_downlevel.obj
 0001:000106b8       _msize_base                00000001400116b8 f   libucrt:msize.obj
 0001:000106f4       _realloc_base              00000001400116f4 f   libucrt:realloc_base.obj
 0001:000107fc       _commit                    00000001400117fc f   libucrt:commit.obj
 0001:0001110c       _write                     000000014001210c f   libucrt:write.obj
 0001:000111f8       _write_nolock              00000001400121f8 f   libucrt:write.obj
 0001:000114dc       ?__mbrtoc32_utf8@__crt_mbstring@@YA_KPEA_UPEBD_KPEAU_Mbstatet@@@Z 00000001400124dc f   libucrt:mbrtoc32.obj
 0001:000116b4       _controlfp_s               00000001400126b4 f   libucrt:contrlfp.obj
 0001:00011718       fegetenv                   0000000140012718 f   libucrt:fegetenv.obj
 0001:00011738       fesetenv                   0000000140012738 f   libucrt:fesetenv.obj
 0001:00011784       feholdexcept               0000000140012784 f   libucrt:feholdexcept.obj
 0001:000117d4       ceil                       00000001400127d4 f   libucrt:ceil.obj
 0001:000118a0       log10                      00000001400128a0 f   libucrt:log10.obj
 0001:00011e4c       __acrt_fenv_get_common_round_control 0000000140012e4c f   libucrt:_fenvutils.obj
 0001:00011e58       __acrt_fenv_get_control    0000000140012e58 f   libucrt:_fenvutils.obj
 0001:00011f4c       __acrt_fenv_get_status     0000000140012f4c f   libucrt:_fenvutils.obj
 0001:00011fa0       __acrt_fenv_set_control    0000000140012fa0 f   libucrt:_fenvutils.obj
 0001:000120e8       __acrt_fenv_set_status     00000001400130e8 f   libucrt:_fenvutils.obj
 0001:00012208       _lseeki64_nolock           0000000140013208 f   libucrt:lseek.obj
 0001:00012210       _fclose_nolock             0000000140013210 f   libucrt:fclose.obj
 0001:00012294       fclose                     0000000140013294 f   libucrt:fclose.obj
 0001:000122f8       _raise_exc                 00000001400132f8 f   libucrt:fpexcept.obj
 0001:00012320       _raise_exc_ex              0000000140013320 f   libucrt:fpexcept.obj
 0001:00012630       _raise_excf                0000000140013630 f   libucrt:fpexcept.obj
 0001:0001265c       _set_errno_from_matherr    000000014001365c f   libucrt:fpexcept.obj
 0001:0001268c       _clrfp                     000000014001368c f   libucrt:fpctrl.obj
 0001:000126ac       _ctrlfp                    00000001400136ac f   libucrt:fpctrl.obj
 0001:00012728       _set_statfp                0000000140013728 f   libucrt:fpctrl.obj
 0001:00012748       _statfp                    0000000140013748 f   libucrt:fpctrl.obj
 0001:0001275c       __strncnt                  000000014001375c f   libucrt:strncnt.obj
 0001:00012774       _putwch_nolock             0000000140013774 f   libucrt:putwch.obj
 0001:000127b0       _clearfp                   00000001400137b0 f   libucrt:ieee.obj
 0001:00012820       _control87                 0000000140013820 f   libucrt:ieee.obj
 0001:00012af0       _log10_special             0000000140013af0 f   libucrt:log_special.obj
 0001:00012c1c       _close                     0000000140013c1c f   libucrt:close.obj
 0001:00012cc0       _close_nolock              0000000140013cc0 f   libucrt:close.obj
 0001:00012d80       ?__acrt_stdio_free_stream@@YAXV__crt_stdio_stream@@@Z 0000000140013d80 f   libucrt:stream.obj
 0001:00012db0       _get_fpsr                  0000000140013db0 f   libucrt:fpsr.obj
 0001:00012dc0       _set_fpsr                  0000000140013dc0 f   libucrt:fpsr.obj
 0001:00012dca       _fclrf                     0000000140013dca f   libucrt:fpsr.obj
 0001:00012dde       _frnd                      0000000140013dde f   libucrt:fpsr.obj
 0001:00012e00       __dcrt_lowio_ensure_console_output_initialized 0000000140013e00 f   libucrt:initcon.obj
 0001:00012e54       __dcrt_terminate_console_output 0000000140013e54 f   libucrt:initcon.obj
 0001:00012e70       __dcrt_write_console       0000000140013e70 f   libucrt:initcon.obj
 0001:00012f30       _FindPESection             0000000140013f30 f   LIBCMT:pesect.obj
 0001:00012f80       _IsNonwritableInCurrentImage 0000000140013f80 f   LIBCMT:pesect.obj
 0001:00012fd0       _ValidateImageBase         0000000140013fd0 f   LIBCMT:pesect.obj
 0001:00013010       __chkstk                   0000000140014010 f   LIBCMT:chkstk.obj
 0001:00013010       _alloca_probe              0000000140014010 f   LIBCMT:chkstk.obj
 0001:00013070       memcmp                     0000000140014070 f   libvcruntime:memcmp.obj
 0001:00013138       strrchr                    0000000140014138 f   libvcruntime:strrchr.obj
 0001:00013280       _guard_dispatch_icall_nop  0000000140014280 f   LIBCMT:guard_dispatch.obj
 0001:000132a0       _guard_xfg_dispatch_icall_nop 00000001400142a0 f   LIBCMT:guard_xfg_dispatch.obj
 0002:00000000       __imp_StretchDIBits        0000000140015000     gdi32:GDI32.dll
 0002:00000008       \177GDI32_NULL_THUNK_DATA  0000000140015008     gdi32:GDI32.dll
 0002:00000010       __imp_CreateFileW          0000000140015010     kernel32:KERNEL32.dll
 0002:00000018       __imp_GetConsoleMode       0000000140015018     kernel32:KERNEL32.dll
 0002:00000020       __imp_GetConsoleOutputCP   0000000140015020     kernel32:KERNEL32.dll
 0002:00000028       __imp_WriteConsoleW        0000000140015028     kernel32:KERNEL32.dll
 0002:00000030       __imp_HeapReAlloc          0000000140015030     kernel32:KERNEL32.dll
 0002:00000038       __imp_HeapSize             0000000140015038     kernel32:KERNEL32.dll
 0002:00000040       __imp_SetFilePointerEx     0000000140015040     kernel32:KERNEL32.dll
 0002:00000048       __imp_FlushFileBuffers     0000000140015048     kernel32:KERNEL32.dll
 0002:00000050       __imp_TlsGetValue          0000000140015050     kernel32:KERNEL32.dll
 0002:00000058       __imp_GetProcessHeap       0000000140015058     kernel32:KERNEL32.dll
 0002:00000060       __imp_LCMapStringW         0000000140015060     kernel32:KERNEL32.dll
 0002:00000068       __imp_CreateFileA          0000000140015068     kernel32:KERNEL32.dll
 0002:00000070       __imp_GetFileSizeEx        0000000140015070     kernel32:KERNEL32.dll
 0002:00000078       __imp_ReadFile             0000000140015078     kernel32:KERNEL32.dll
 0002:00000080       __imp_WriteFile            0000000140015080     kernel32:KERNEL32.dll
 0002:00000088       __imp_OutputDebugStringA   0000000140015088     kernel32:KERNEL32.dll
 0002:00000090       __imp_CloseHandle          0000000140015090     kernel32:KERNEL32.dll
 0002:00000098       __imp_QueryPerformanceCounter 0000000140015098     kernel32:KERNEL32.dll
 0002:000000a0       __imp_Sleep                00000001400150a0     kernel32:KERNEL32.dll
 0002:000000a8       __imp_VirtualAlloc         00000001400150a8     kernel32:KERNEL32.dll
 0002:000000b0       __imp_VirtualFree          00000001400150b0     kernel32:KERNEL32.dll
 0002:000000b8       __imp_GetProcAddress       00000001400150b8     kernel32:KERNEL32.dll
 0002:000000c0       __imp_LoadLibraryA         00000001400150c0     kernel32:KERNEL32.dll
 0002:000000c8       __imp_RtlCaptureContext    00000001400150c8     kernel32:KERNEL32.dll
 0002:000000d0       __imp_RtlLookupFunctionEntry 00000001400150d0     kernel32:KERNEL32.dll
 0002:000000d8       __imp_RtlVirtualUnwind     00000001400150d8     kernel32:KERNEL32.dll
 0002:000000e0       __imp_UnhandledExceptionFilter 00000001400150e0     kernel32:KERNEL32.dll
 0002:000000e8       __imp_SetUnhandledExceptionFilter 00000001400150e8     kernel32:KERNEL32.dll
 0002:000000f0       __imp_GetCurrentProcess    00000001400150f0     kernel32:KERNEL32.dll
 0002:000000f8       __imp_TerminateProcess     00000001400150f8     kernel32:KERNEL32.dll
 0002:00000100       __imp_IsProcessorFeaturePresent 0000000140015100     kernel32:KERNEL32.dll
 0002:00000108       __imp_GetCurrentProcessId  0000000140015108     kernel32:KERNEL32.dll
 0002:00000110       __imp_GetCurrentThreadId   0000000140015110     kernel32:KERNEL32.dll
 0002:00000118       __imp_GetSystemTimeAsFileTime 0000000140015118     kernel32:KERNEL32.dll
 0002:00000120       __imp_InitializeSListHead  0000000140015120     kernel32:KERNEL32.dll
 0002:00000128       __imp_IsDebuggerPresent    0000000140015128     kernel32:KERNEL32.dll
 0002:00000130       __imp_GetStartupInfoW      0000000140015130     kernel32:KERNEL32.dll
 0002:00000138       __imp_GetModuleHandleW     0000000140015138     kernel32:KERNEL32.dll
 0002:00000140       __imp_RtlUnwindEx          0000000140015140     kernel32:KERNEL32.dll
 0002:00000148       __imp_GetLastError         0000000140015148     kernel32:KERNEL32.dll
 0002:00000150       __imp_SetLastError         0000000140015150     kernel32:KERNEL32.dll
 0002:00000158       __imp_EnterCriticalSection 0000000140015158     kernel32:KERNEL32.dll
 0002:00000160       __imp_LeaveCriticalSection 0000000140015160     kernel32:KERNEL32.dll
 0002:00000168       __imp_DeleteCriticalSection 0000000140015168     kernel32:KERNEL32.dll
 0002:00000170       __imp_InitializeCriticalSectionAndSpinCount 0000000140015170     kernel32:KERNEL32.dll
 0002:00000178       __imp_TlsAlloc             0000000140015178     kernel32:KERNEL32.dll
 0002:00000180       __imp_TlsSetValue          0000000140015180     kernel32:KERNEL32.dll
 0002:00000188       __imp_TlsFree              0000000140015188     kernel32:KERNEL32.dll
 0002:00000190       __imp_FreeLibrary          0000000140015190     kernel32:KERNEL32.dll
 0002:00000198       __imp_LoadLibraryExW       0000000140015198     kernel32:KERNEL32.dll
 0002:000001a0       __imp_RaiseException       00000001400151a0     kernel32:KERNEL32.dll
 0002:000001a8       __imp_GetStdHandle         00000001400151a8     kernel32:KERNEL32.dll
 0002:000001b0       __imp_GetModuleFileNameW   00000001400151b0     kernel32:KERNEL32.dll
 0002:000001b8       __imp_ExitProcess          00000001400151b8     kernel32:KERNEL32.dll
 0002:000001c0       __imp_GetModuleHandleExW   00000001400151c0     kernel32:KERNEL32.dll
 0002:000001c8       __imp_HeapFree             00000001400151c8     kernel32:KERNEL32.dll
 0002:000001d0       __imp_HeapAlloc            00000001400151d0     kernel32:KERNEL32.dll
 0002:000001d8       __imp_GetFileType          00000001400151d8     kernel32:KERNEL32.dll
 0002:000001e0       __imp_FindClose            00000001400151e0     kernel32:KERNEL32.dll
 0002:000001e8       __imp_FindFirstFileExW     00000001400151e8     kernel32:KERNEL32.dll
 0002:000001f0       __imp_FindNextFileW        00000001400151f0     kernel32:KERNEL32.dll
 0002:000001f8       __imp_IsValidCodePage      00000001400151f8     kernel32:KERNEL32.dll
 0002:00000200       __imp_GetACP               0000000140015200     kernel32:KERNEL32.dll
 0002:00000208       __imp_GetOEMCP             0000000140015208     kernel32:KERNEL32.dll
 0002:00000210       __imp_GetCPInfo            0000000140015210     kernel32:KERNEL32.dll
 0002:00000218       __imp_GetCommandLineA      0000000140015218     kernel32:KERNEL32.dll
 0002:00000220       __imp_GetCommandLineW      0000000140015220     kernel32:KERNEL32.dll
 0002:00000228       __imp_MultiByteToWideChar  0000000140015228     kernel32:KERNEL32.dll
 0002:00000230       __imp_WideCharToMultiByte  0000000140015230     kernel32:KERNEL32.dll
 0002:00000238       __imp_GetEnvironmentStringsW 0000000140015238     kernel32:KERNEL32.dll
 0002:00000240       __imp_FreeEnvironmentStringsW 0000000140015240     kernel32:KERNEL32.dll
 0002:00000248       __imp_SetStdHandle         0000000140015248     kernel32:KERNEL32.dll
 0002:00000250       __imp_GetStringTypeW       0000000140015250     kernel32:KERNEL32.dll
 0002:00000258       \177KERNEL32_NULL_THUNK_DATA 0000000140015258     kernel32:KERNEL32.dll
 0002:00000260       __imp_DispatchMessageA     0000000140015260     user32:USER32.dll
 0002:00000268       __imp_PeekMessageA         0000000140015268     user32:USER32.dll
 0002:00000270       __imp_DefWindowProcA       0000000140015270     user32:USER32.dll
 0002:00000278       __imp_GetClientRect        0000000140015278     user32:USER32.dll
 0002:00000280       __imp_EndPaint             0000000140015280     user32:USER32.dll
 0002:00000288       __imp_BeginPaint           0000000140015288     user32:USER32.dll
 0002:00000290       __imp_GetDC                0000000140015290     user32:USER32.dll
 0002:00000298       __imp_CreateWindowExA      0000000140015298     user32:USER32.dll
 0002:000002a0       __imp_RegisterClassA       00000001400152a0     user32:USER32.dll
 0002:000002a8       __imp_TranslateMessage     00000001400152a8     user32:USER32.dll
 0002:000002b0       \177USER32_NULL_THUNK_DATA 00000001400152b0     user32:USER32.dll
 0002:000002b8       __imp_timeBeginPeriod      00000001400152b8     winmm:WINMM.dll
 0002:000002c0       \177WINMM_NULL_THUNK_DATA  00000001400152c0     winmm:WINMM.dll
 0002:000002c8       __guard_check_icall_fptr   00000001400152c8     LIBCMT:guard_support.obj
 0002:000002d0       __guard_xfg_check_icall_fptr 00000001400152d0     LIBCMT:guard_support.obj
 0002:000002d8       __guard_dispatch_icall_fptr 00000001400152d8     LIBCMT:guard_support.obj
 0002:000002e0       __guard_xfg_dispatch_icall_fptr 00000001400152e0     LIBCMT:guard_support.obj
 0002:000002e8       __guard_xfg_table_dispatch_icall_fptr 00000001400152e8     LIBCMT:guard_support.obj
 0002:000002f0       __xc_a                     00000001400152f0     LIBCMT:initializers.obj
 0002:00000300       __xc_z                     0000000140015300     LIBCMT:initializers.obj
 0002:00000308       __xi_a                     0000000140015308     LIBCMT:initializers.obj
 0002:00000320       __acrt_stdio_initializer   0000000140015320     libucrt:stdio_initializer.obj
 0002:00000328       __acrt_tran_fma3_initializer 0000000140015328     libucrt:fma3_initializer.obj
 0002:00000330       __acrt_multibyte_initializer 0000000140015330     libucrt:multibyte_initializer.obj
 0002:00000338       __acrt_fmode_initializer   0000000140015338     libucrt:fmode_initializer.obj
 0002:00000340       __xi_z                     0000000140015340     LIBCMT:initializers.obj
 0002:00000348       __xp_a                     0000000140015348     LIBCMT:initializers.obj
 0002:00000350       __acrt_locale_terminator   0000000140015350     libucrt:locale_initializer.obj
 0002:00000358       __dcrt_console_output_terminator 0000000140015358     libucrt:console_output_initializer.obj
 0002:00000360       __acrt_stdio_terminator    0000000140015360     libucrt:stdio_initializer.obj
 0002:00000368       __xp_z                     0000000140015368     LIBCMT:initializers.obj
 0002:00000370       __xt_a                     0000000140015370     LIBCMT:initializers.obj
 0002:00000378       __xt_z                     0000000140015378     LIBCMT:initializers.obj
 0002:00000518       __real@00000000            0000000140015518     win32_made.obj
 0002:0000051c       __real@3d088889            000000014001551c     win32_made.obj
 0002:00000520       __real@3f000000            0000000140015520     win32_made.obj
 0002:00000524       __real@3f800000            0000000140015524     win32_made.obj
 0002:00000528       __real@40800000            0000000140015528     win32_made.obj
 0002:0000052c       __real@40c90fdb            000000014001552c     win32_made.obj
 0002:00000530       __real@412e848000000000    0000000140015530     win32_made.obj
 0002:00000538       __real@43000000            0000000140015538     win32_made.obj
 0002:0000053c       __real@447a0000            000000014001553c     win32_made.obj
 0002:00000540       __real@47000000            0000000140015540     win32_made.obj
 0002:00000544       __real@bf800000            0000000140015544     win32_made.obj
 0002:00000550       __xmm@80000000800000008000000080000000 0000000140015550     win32_made.obj
 0002:00000570       __xmm@ffffffffffffffffffffffffffffffff 0000000140015570     LIBCMT:utility.obj
 0002:00000580       _pDestructExceptionObject  0000000140015580     libvcruntime:ehhelpers.obj
 0002:00000c90       ??_C@_08EHJDFFNH@__based?$CI@ 0000000140015c90     libvcruntime:undname.obj
 0002:00000ca0       ??_C@_07KOLFKCDI@__cdecl@  0000000140015ca0     libvcruntime:undname.obj
 0002:00000ca8       ??_C@_08GHMPAG@__pascal@   0000000140015ca8     libvcruntime:undname.obj
 0002:00000cb8       ??_C@_09IFJBGAPI@__stdcall@ 0000000140015cb8     libvcruntime:undname.obj
 0002:00000cc8       ??_C@_0L@NPHFGOKO@__thiscall@ 0000000140015cc8     libvcruntime:undname.obj
 0002:00000cd8       ??_C@_0L@JMKHOMEK@__fastcall@ 0000000140015cd8     libvcruntime:undname.obj
 0002:00000ce8       ??_C@_0N@BCKKPABJ@__vectorcall@ 0000000140015ce8     libvcruntime:undname.obj
 0002:00000cf8       ??_C@_09HIJEGCPM@__clrcall@ 0000000140015cf8     libvcruntime:undname.obj
 0002:00000d04       ??_C@_06GHPCKEAG@__eabi@   0000000140015d04     libvcruntime:undname.obj
 0002:00000d10       ??_C@_09IOPIDJLG@__swift_1@ 0000000140015d10     libvcruntime:undname.obj
 0002:00000d20       ??_C@_09KFNFGKHF@__swift_2@ 0000000140015d20     libvcruntime:undname.obj
 0002:00000d30       ??_C@_07JOMMBBKO@__ptr64@  0000000140015d30     libvcruntime:undname.obj
 0002:00000d38       ??_C@_0L@PILCLIHE@__restrict@ 0000000140015d38     libvcruntime:undname.obj
 0002:00000d48       ??_C@_0M@GFIIJFMG@__unaligned@ 0000000140015d48     libvcruntime:undname.obj
 0002:00000d58       ??_C@_09DHDLOLLB@restrict?$CI@ 0000000140015d58     libvcruntime:undname.obj
 0002:00000d62       ??_C@_00CNPNBAHC@@         0000000140015d62     libvcruntime:undname.obj
 0002:00000d64       ??_C@_04NIHEBCM@?5new@     0000000140015d64     libvcruntime:undname.obj
 0002:00000d70       ??_C@_07FPCDHGMM@?5delete@ 0000000140015d70     libvcruntime:undname.obj
 0002:00000d78       ??_C@_01NEMOKFLO@?$DN@     0000000140015d78     libvcruntime:undname.obj
 0002:00000d7c       ??_C@_02GPIOPFAK@?$DO?$DO@ 0000000140015d7c     libvcruntime:undname.obj
 0002:00000d80       ??_C@_02FODMEDOG@?$DM?$DM@ 0000000140015d80     libvcruntime:undname.obj
 0002:00000d84       ??_C@_01DCLJPIOD@?$CB@     0000000140015d84     libvcruntime:undname.obj
 0002:00000d88       ??_C@_02EGOFBIJA@?$DN?$DN@ 0000000140015d88     libvcruntime:undname.obj
 0002:00000d8c       ??_C@_02FDNJECIE@?$CB?$DN@ 0000000140015d8c     libvcruntime:undname.obj
 0002:00000d90       ??_C@_02GPECMEKF@?$FL?$FN@ 0000000140015d90     libvcruntime:undname.obj
 0002:00000d98       ??_C@_08LHJFAFGD@operator@ 0000000140015d98     libvcruntime:undname.obj
 0002:00000da4       ??_C@_02HBOOOICD@?9?$DO@   0000000140015da4     libvcruntime:undname.obj
 0002:00000da8       ??_C@_01NBENCBCI@?$CK@     0000000140015da8     libvcruntime:undname.obj
 0002:00000dac       ??_C@_02ECNGHCIF@?$CL?$CL@ 0000000140015dac     libvcruntime:undname.obj
 0002:00000db0       ??_C@_02BAABKJLB@?9?9@     0000000140015db0     libvcruntime:undname.obj
 0002:00000db4       ??_C@_01JOAMLHOP@?9@       0000000140015db4     libvcruntime:undname.obj
 0002:00000db8       ??_C@_01MIFGBAGJ@?$CL@     0000000140015db8     libvcruntime:undname.obj
 0002:00000dbc       ??_C@_01HNPIGOCE@?$CG@     0000000140015dbc     libvcruntime:undname.obj
 0002:00000dc0       ??_C@_03MNHNFDLC@?9?$DO?$CK@ 0000000140015dc0     libvcruntime:undname.obj
 0002:00000dc4       ??_C@_01KMDKNFGN@?1@       0000000140015dc4     libvcruntime:undname.obj
 0002:00000dc8       ??_C@_01FGNFDNOH@?$CF@     0000000140015dc8     libvcruntime:undname.obj
 0002:00000dcc       ??_C@_01MNNFJEPP@?$DM@     0000000140015dcc     libvcruntime:undname.obj
 0002:00000dd0       ??_C@_02EHCHHCKH@?$DM?$DN@ 0000000140015dd0     libvcruntime:undname.obj
 0002:00000dd4       ??_C@_01PPODPGHN@?$DO@     0000000140015dd4     libvcruntime:undname.obj
 0002:00000dd8       ??_C@_02EEKDKGMJ@?$DO?$DN@ 0000000140015dd8     libvcruntime:undname.obj
 0002:00000ddc       ??_C@_01IHBHIGKO@?0@       0000000140015ddc     libvcruntime:undname.obj
 0002:00000de0       ??_C@_02HCKGKOFO@?$CI?$CJ@ 0000000140015de0     libvcruntime:undname.obj
 0002:00000de4       ??_C@_01PJKLJHI@?$HO@      0000000140015de4     libvcruntime:undname.obj
 0002:00000de8       ??_C@_01JKBOJNNK@?$FO@     0000000140015de8     libvcruntime:undname.obj
 0002:00000dec       ??_C@_01DNKMNLPK@?$HM@     0000000140015dec     libvcruntime:undname.obj
 0002:00000df0       ??_C@_02PPKAJPJL@?$CG?$CG@ 0000000140015df0     libvcruntime:undname.obj
 0002:00000df4       ??_C@_02NONPIBCD@?$HM?$HM@ 0000000140015df4     libvcruntime:undname.obj
 0002:00000df8       ??_C@_02FPIMKNGF@?$CK?$DN@ 0000000140015df8     libvcruntime:undname.obj
 0002:00000dfc       ??_C@_02FOEOMHFC@?$CL?$DN@ 0000000140015dfc     libvcruntime:undname.obj
 0002:00000e00       ??_C@_02FKMDLLOA@?9?$DN@   0000000140015e00     libvcruntime:undname.obj
 0002:00000e04       ??_C@_02FJEHGPIO@?1?$DN@   0000000140015e04     libvcruntime:undname.obj
 0002:00000e08       ??_C@_02FENAOKFI@?$CF?$DN@ 0000000140015e08     libvcruntime:undname.obj
 0002:00000e0c       ??_C@_03IKFCCPFF@?$DO?$DO?$DN@ 0000000140015e0c     libvcruntime:undname.obj
 0002:00000e10       ??_C@_03CDNPDDLA@?$DM?$DM?$DN@ 0000000140015e10     libvcruntime:undname.obj
 0002:00000e14       ??_C@_02FGJGFEAB@?$CG?$DN@ 0000000140015e14     libvcruntime:undname.obj
 0002:00000e18       ??_C@_02DHLNPPGH@?$HM?$DN@ 0000000140015e18     libvcruntime:undname.obj
 0002:00000e1c       ??_C@_02MHEGNOJ@?$FO?$DN@  0000000140015e1c     libvcruntime:undname.obj
 0002:00000e20       ??_C@_09IFPLHPGF@?$GAvftable?8@ 0000000140015e20     libvcruntime:undname.obj
 0002:00000e30       ??_C@_09BLBHBJP@?$GAvbtable?8@ 0000000140015e30     libvcruntime:undname.obj
 0002:00000e40       ??_C@_07FEEIOKP@?$GAvcall?8@ 0000000140015e40     libvcruntime:undname.obj
 0002:00000e48       ??_C@_08LLFFHHDJ@?$GAtypeof?8@ 0000000140015e48     libvcruntime:undname.obj
 0002:00000e58       ??_C@_0BF@KDPPACIK@?$GAlocal?5static?5guard?8@ 0000000140015e58     libvcruntime:undname.obj
 0002:00000e70       ??_C@_08OBABFOLI@?$GAstring?8@ 0000000140015e70     libvcruntime:undname.obj
 0002:00000e80       ??_C@_0BD@JDLKDPAB@?$GAvbase?5destructor?8@ 0000000140015e80     libvcruntime:undname.obj
 0002:00000e98       ??_C@_0BN@DEGPLNFK@?$GAvector?5deleting?5destructor?8@ 0000000140015e98     libvcruntime:undname.obj
 0002:00000eb8       ??_C@_0BO@OBMKPJIG@?$GAdefault?5constructor?5closure?8@ 0000000140015eb8     libvcruntime:undname.obj
 0002:00000ed8       ??_C@_0BN@IMDCHIKM@?$GAscalar?5deleting?5destructor?8@ 0000000140015ed8     libvcruntime:undname.obj
 0002:00000ef8       ??_C@_0BO@PFGOCPJJ@?$GAvector?5constructor?5iterator?8@ 0000000140015ef8     libvcruntime:undname.obj
 0002:00000f18       ??_C@_0BN@LFPFMEDL@?$GAvector?5destructor?5iterator?8@ 0000000140015f18     libvcruntime:undname.obj
 0002:00000f38       ??_C@_0CE@IKBNEHA@?$GAvector?5vbase?5constructor?5itera@ 0000000140015f38     libvcruntime:undname.obj
 0002:00000f60       ??_C@_0BL@NILFHHPC@?$GAvirtual?5displacement?5map?8@ 0000000140015f60     libvcruntime:undname.obj
 0002:00000f80       ??_C@_0CB@JONCMFFK@?$GAeh?5vector?5constructor?5iterator@ 0000000140015f80     libvcruntime:undname.obj
 0002:00000fa8       ??_C@_0CA@GCEOPDGL@?$GAeh?5vector?5destructor?5iterator?8@ 0000000140015fa8     libvcruntime:undname.obj
 0002:00000fc8       ??_C@_0CH@OOJPLCPH@?$GAeh?5vector?5vbase?5constructor?5it@ 0000000140015fc8     libvcruntime:undname.obj
 0002:00000ff0       ??_C@_0BL@LLKPOHJI@?$GAcopy?5constructor?5closure?8@ 0000000140015ff0     libvcruntime:undname.obj
 0002:00001010       ??_C@_0BA@KBCDOMBN@?$GAudt?5returning?8@ 0000000140016010     libvcruntime:undname.obj
 0002:00001020       ??_C@_03KLGMFNMG@?$GAEH@   0000000140016020     libvcruntime:undname.obj
 0002:00001024       ??_C@_05KHLCHHI@?$GARTTI@  0000000140016024     libvcruntime:undname.obj
 0002:00001030       ??_C@_0BA@KKLDJDLB@?$GAlocal?5vftable?8@ 0000000140016030     libvcruntime:undname.obj
 0002:00001040       ??_C@_0CE@IIHCMGGL@?$GAlocal?5vftable?5constructor?5clos@ 0000000140016040     libvcruntime:undname.obj
 0002:00001064       ??_C@_06FHBGPFGH@?5new?$FL?$FN@ 0000000140016064     libvcruntime:undname.obj
 0002:00001070       ??_C@_09LBNFPBCA@?5delete?$FL?$FN@ 0000000140016070     libvcruntime:undname.obj
 0002:00001080       ??_C@_0P@HJKNJFNN@?$GAomni?5callsig?8@ 0000000140016080     libvcruntime:undname.obj
 0002:00001090       ??_C@_0BL@CNOONJFP@?$GAplacement?5delete?5closure?8@ 0000000140016090     libvcruntime:undname.obj
 0002:000010b0       ??_C@_0BN@CKNJLHMB@?$GAplacement?5delete?$FL?$FN?5closure?8@ 00000001400160b0     libvcruntime:undname.obj
 0002:000010d0       ??_C@_0CG@CFDHKGGD@?$GAmanaged?5vector?5constructor?5ite@ 00000001400160d0     libvcruntime:undname.obj
 0002:000010f8       ??_C@_0CF@IMGKMJNO@?$GAmanaged?5vector?5destructor?5iter@ 00000001400160f8     libvcruntime:undname.obj
 0002:00001120       ??_C@_0CG@HLDDJMAG@?$GAeh?5vector?5copy?5constructor?5ite@ 0000000140016120     libvcruntime:undname.obj
 0002:00001148       ??_C@_0CM@FCBBDIGB@?$GAeh?5vector?5vbase?5copy?5construct@ 0000000140016148     libvcruntime:undname.obj
 0002:00001178       ??_C@_0BL@CLIPGLGB@?$GAdynamic?5initializer?5for?5?8@ 0000000140016178     libvcruntime:undname.obj
 0002:00001198       ??_C@_0CB@PDBIFEP@?$GAdynamic?5atexit?5destructor?5for?5@ 0000000140016198     libvcruntime:undname.obj
 0002:000011c0       ??_C@_0CD@CGAJBKEJ@?$GAvector?5copy?5constructor?5iterat@ 00000001400161c0     libvcruntime:undname.obj
 0002:000011e8       ??_C@_0CJ@GJELGAMM@?$GAvector?5vbase?5copy?5constructor?5@ 00000001400161e8     libvcruntime:undname.obj
 0002:00001218       ??_C@_0CL@FGIJHLCE@?$GAmanaged?5vector?5copy?5constructo@ 0000000140016218     libvcruntime:undname.obj
 0002:00001248       ??_C@_0BM@PMGGMLDN@?$GAlocal?5static?5thread?5guard?8@ 0000000140016248     libvcruntime:undname.obj
 0002:00001268       ??_C@_0N@BDNMDMOL@operator?5?$CC?$CC?5@ 0000000140016268     libvcruntime:undname.obj
 0002:00001278       ??_C@_0BC@GGEBGALA@operator?5co_await@ 0000000140016278     libvcruntime:undname.obj
 0002:00001290       ??_C@_0M@GAAIMMOH@operator?$DM?$DN?$DO@ 0000000140016290     libvcruntime:undname.obj
 0002:000012a0       ??_C@_0BC@DAFEJGAK@?5Type?5Descriptor?8@ 00000001400162a0     libvcruntime:undname.obj
 0002:000012b8       ??_C@_0BM@LDKODKLH@?5Base?5Class?5Descriptor?5at?5?$CI@ 00000001400162b8     libvcruntime:undname.obj
 0002:000012d8       ??_C@_0BD@LGICGFMM@?5Base?5Class?5Array?8@ 00000001400162d8     libvcruntime:undname.obj
 0002:000012f0       ??_C@_0BN@MECKDCOJ@?5Class?5Hierarchy?5Descriptor?8@ 00000001400162f0     libvcruntime:undname.obj
 0002:00001310       ??_C@_0BK@CFCOFLF@?5Complete?5Object?5Locator?8@ 0000000140016310     libvcruntime:undname.obj
 0002:00001330       ??_C@_0BG@JNJLAMPM@?$GAanonymous?5namespace?8@ 0000000140016330     libvcruntime:undname.obj
 0002:00001360       ??_C@_1DM@KHCHBNEB@?$AAa?$AAp?$AAi?$AA?9?$AAm?$AAs?$AA?9?$AAw?$AAi?$AAn?$AA?9?$AAc?$AAo?$AAr?$AAe@ 0000000140016360     libvcruntime:winapi_downlevel.obj
 0002:000013a0       ??_C@_1DK@LPPGFMPP@?$AAa?$AAp?$AAi?$AA?9?$AAm?$AAs?$AA?9?$AAw?$AAi?$AAn?$AA?9?$AAc?$AAo?$AAr?$AAe@ 00000001400163a0     libvcruntime:winapi_downlevel.obj
 0002:000013e0       ??_C@_1BC@GDMECMAK@?$AAk?$AAe?$AAr?$AAn?$AAe?$AAl?$AA3?$AA2@ 00000001400163e0     libvcruntime:winapi_downlevel.obj
 0002:000013f8       ??_C@_1BA@PFFKHIOG@?$AAa?$AAp?$AAi?$AA?9?$AAm?$AAs?$AA?9@ 00000001400163f8     libvcruntime:winapi_downlevel.obj
 0002:00001410       ??_C@_08KNHFBNJ@FlsAlloc@  0000000140016410     libvcruntime:winapi_downlevel.obj
 0002:00001428       ??_C@_07PEJMOBNF@FlsFree@  0000000140016428     libvcruntime:winapi_downlevel.obj
 0002:00001438       ??_C@_0M@GDNOONDI@FlsGetValue@ 0000000140016438     libvcruntime:winapi_downlevel.obj
 0002:00001450       ??_C@_0M@JCPCPOEF@FlsSetValue@ 0000000140016450     libvcruntime:winapi_downlevel.obj
 0002:00001468       ??_C@_0BM@HCFOFFN@InitializeCriticalSectionEx@ 0000000140016468     libvcruntime:winapi_downlevel.obj
 0002:00001490       ?format_validation_lookup_table_spectre@__crt_stdio_output@@3V?$spectre_mitigated_lookup_table@Ustate_transition_pair@__crt_stdio_output@@$0IA@@1@B 0000000140016490     libucrt:output.obj
 0002:00001890       ??_C@_1O@CEDCILHN@?$AA?$CI?$AAn?$AAu?$AAl?$AAl?$AA?$CJ@ 0000000140016890     libucrt:output.obj
 0002:000018a0       ??_C@_06OJHGLDPL@?$CInull?$CJ@ 00000001400168a0     libucrt:output.obj
 0002:000019e0       __acrt_exception_action_table 00000001400169e0     libucrt:exception_filter.obj
 0002:00001aa0       __acrt_signal_action_table_count 0000000140016aa0     libucrt:exception_filter.obj
 0002:00001aa8       __acrt_signal_action_first_fpe_index 0000000140016aa8     libucrt:exception_filter.obj
 0002:00001ab0       __acrt_signal_action_fpe_count 0000000140016ab0     libucrt:exception_filter.obj
 0002:00001ab8       ??_C@_1BI@BGOHAHKC@?$AAm?$AAs?$AAc?$AAo?$AAr?$AAe?$AAe?$AA?4?$AAd?$AAl?$AAl@ 0000000140016ab8     libucrt:exit.obj
 0002:00001ad0       ??_C@_0P@MIGLKIOC@CorExitProcess@ 0000000140016ad0     libucrt:exit.obj
 0002:00001dd0       ??_C@_03OEIAHPBN@INF@      0000000140016dd0     libucrt:cvt.obj
 0002:00001dd4       ??_C@_03OJHLLCGB@inf@      0000000140016dd4     libucrt:cvt.obj
 0002:00001dd8       ??_C@_03LKNCIKJB@NAN@      0000000140016dd8     libucrt:cvt.obj
 0002:00001ddc       ??_C@_03LHCJEHON@nan@      0000000140016ddc     libucrt:cvt.obj
 0002:00001de0       ??_C@_09OFJJIMPC@NAN?$CISNAN?$CJ@ 0000000140016de0     libucrt:cvt.obj
 0002:00001df0       ??_C@_09IPFBKMDL@nan?$CIsnan?$CJ@ 0000000140016df0     libucrt:cvt.obj
 0002:00001e00       ??_C@_08IKHNHAJ@NAN?$CIIND?$CJ@ 0000000140016e00     libucrt:cvt.obj
 0002:00001e10       ??_C@_08OFCDMILK@nan?$CIind?$CJ@ 0000000140016e10     libucrt:cvt.obj
 0002:00001e1c       ??_C@_05KLBDPFGC@e?$CL000@ 0000000140016e1c     libucrt:cvt.obj
 0002:00001e30       __lc_time_c                0000000140016e30     libucrt:nlsdata.obj
 0002:000020f0       ??_C@_03KOEHGMDN@Sun@      00000001400170f0     libucrt:nlsdata.obj
 0002:000020f4       ??_C@_03PDAGKDH@Mon@       00000001400170f4     libucrt:nlsdata.obj
 0002:000020f8       ??_C@_03NAGEINEP@Tue@      00000001400170f8     libucrt:nlsdata.obj
 0002:000020fc       ??_C@_03MHOMLAJA@Wed@      00000001400170fc     libucrt:nlsdata.obj
 0002:00002100       ??_C@_03IOFIKPDN@Thu@      0000000140017100     libucrt:nlsdata.obj
 0002:00002104       ??_C@_03IDIOELNC@Fri@      0000000140017104     libucrt:nlsdata.obj
 0002:00002108       ??_C@_03FEFJNEK@Sat@       0000000140017108     libucrt:nlsdata.obj
 0002:0000210c       ??_C@_06OOPIFAJ@Sunday@    000000014001710c     libucrt:nlsdata.obj
 0002:00002114       ??_C@_06JLEDEDGH@Monday@   0000000140017114     libucrt:nlsdata.obj
 0002:00002120       ??_C@_07BAAGCFCM@Tuesday@  0000000140017120     libucrt:nlsdata.obj
 0002:00002128       ??_C@_09DLIGFAKA@Wednesday@ 0000000140017128     libucrt:nlsdata.obj
 0002:00002138       ??_C@_08HACCIKIA@Thursday@ 0000000140017138     libucrt:nlsdata.obj
 0002:00002144       ??_C@_06JECMNKMI@Friday@   0000000140017144     libucrt:nlsdata.obj
 0002:00002150       ??_C@_08INBOOONO@Saturday@ 0000000140017150     libucrt:nlsdata.obj
 0002:0000215c       ??_C@_03JIHJHPIE@Jan@      000000014001715c     libucrt:nlsdata.obj
 0002:00002160       ??_C@_03HJBDCHOM@Feb@      0000000140017160     libucrt:nlsdata.obj
 0002:00002164       ??_C@_03ODNJBKGA@Mar@      0000000140017164     libucrt:nlsdata.obj
 0002:00002168       ??_C@_03LEOLGMJP@Apr@      0000000140017168     libucrt:nlsdata.obj
 0002:0000216c       ??_C@_03CNMDKL@May@        000000014001716c     libucrt:nlsdata.obj
 0002:00002170       ??_C@_03IDFGHECI@Jun@      0000000140017170     libucrt:nlsdata.obj
 0002:00002174       ??_C@_03LBGABGKK@Jul@      0000000140017174     libucrt:nlsdata.obj
 0002:00002178       ??_C@_03IFJFEIGA@Aug@      0000000140017178     libucrt:nlsdata.obj
 0002:0000217c       ??_C@_03GGCAPAJC@Sep@      000000014001717c     libucrt:nlsdata.obj
 0002:00002180       ??_C@_03BMAOKBAD@Oct@      0000000140017180     libucrt:nlsdata.obj
 0002:00002184       ??_C@_03JPJOFNIA@Nov@      0000000140017184     libucrt:nlsdata.obj
 0002:00002188       ??_C@_03MKABNOCG@Dec@      0000000140017188     libucrt:nlsdata.obj
 0002:00002190       ??_C@_07CGJPFGJA@January@  0000000140017190     libucrt:nlsdata.obj
 0002:00002198       ??_C@_08GNJGEPFN@February@ 0000000140017198     libucrt:nlsdata.obj
 0002:000021a4       ??_C@_05HPCKOFNC@March@    00000001400171a4     libucrt:nlsdata.obj
 0002:000021ac       ??_C@_05DMJDNLEJ@April@    00000001400171ac     libucrt:nlsdata.obj
 0002:000021b4       ??_C@_04CNLMGBGM@June@     00000001400171b4     libucrt:nlsdata.obj
 0002:000021bc       ??_C@_04MIEPOIFP@July@     00000001400171bc     libucrt:nlsdata.obj
 0002:000021c4       ??_C@_06LBBHFDDG@August@   00000001400171c4     libucrt:nlsdata.obj
 0002:000021d0       ??_C@_09BHHEALKD@September@ 00000001400171d0     libucrt:nlsdata.obj
 0002:000021e0       ??_C@_07JJNFCEND@October@  00000001400171e0     libucrt:nlsdata.obj
 0002:000021e8       ??_C@_08HCHEGEOA@November@ 00000001400171e8     libucrt:nlsdata.obj
 0002:000021f8       ??_C@_08EDHMEBNP@December@ 00000001400171f8     libucrt:nlsdata.obj
 0002:00002204       ??_C@_02DEDBPAFC@AM@       0000000140017204     libucrt:nlsdata.obj
 0002:00002208       ??_C@_02CJNFDJBF@PM@       0000000140017208     libucrt:nlsdata.obj
 0002:00002210       ??_C@_08BPBNCDIB@MM?1dd?1yy@ 0000000140017210     libucrt:nlsdata.obj
 0002:00002220       ??_C@_0BE@CKGJFCPC@dddd?0?5MMMM?5dd?0?5yyyy@ 0000000140017220     libucrt:nlsdata.obj
 0002:00002238       ??_C@_08JCCMCCIL@HH?3mm?3ss@ 0000000140017238     libucrt:nlsdata.obj
 0002:00002248       ??_C@_17MBGCMIPB@?$AAS?$AAu?$AAn@ 0000000140017248     libucrt:nlsdata.obj
 0002:00002250       ??_C@_17KBOMKBF@?$AAM?$AAo?$AAn@ 0000000140017250     libucrt:nlsdata.obj
 0002:00002258       ??_C@_17BMKGEGOJ@?$AAT?$AAu?$AAe@ 0000000140017258     libucrt:nlsdata.obj
 0002:00002260       ??_C@_17CJEDCEPE@?$AAW?$AAe?$AAd@ 0000000140017260     libucrt:nlsdata.obj
 0002:00002268       ??_C@_17PDPHAADD@?$AAT?$AAh?$AAu@ 0000000140017268     libucrt:nlsdata.obj
 0002:00002270       ??_C@_17HFOLPPLP@?$AAF?$AAr?$AAi@ 0000000140017270     libucrt:nlsdata.obj
 0002:00002278       ??_C@_17GGIBDPIH@?$AAS?$AAa?$AAt@ 0000000140017278     libucrt:nlsdata.obj
 0002:00002280       ??_C@_1O@IHNHDHPB@?$AAS?$AAu?$AAn?$AAd?$AAa?$AAy@ 0000000140017280     libucrt:nlsdata.obj
 0002:00002290       ??_C@_1O@MMNBFLIA@?$AAM?$AAo?$AAn?$AAd?$AAa?$AAy@ 0000000140017290     libucrt:nlsdata.obj
 0002:000022a0       ??_C@_1BA@ENFBFFEK@?$AAT?$AAu?$AAe?$AAs?$AAd?$AAa?$AAy@ 00000001400172a0     libucrt:nlsdata.obj
 0002:000022b0       ??_C@_1BE@EBOGMDOH@?$AAW?$AAe?$AAd?$AAn?$AAe?$AAs?$AAd?$AAa?$AAy@ 00000001400172b0     libucrt:nlsdata.obj
 0002:000022c8       ??_C@_1BC@HHMNLIHE@?$AAT?$AAh?$AAu?$AAr?$AAs?$AAd?$AAa?$AAy@ 00000001400172c8     libucrt:nlsdata.obj
 0002:000022e0       ??_C@_1O@PDICJHAG@?$AAF?$AAr?$AAi?$AAd?$AAa?$AAy@ 00000001400172e0     libucrt:nlsdata.obj
 0002:000022f0       ??_C@_1BC@ENMNNPAJ@?$AAS?$AAa?$AAt?$AAu?$AAr?$AAd?$AAa?$AAy@ 00000001400172f0     libucrt:nlsdata.obj
 0002:00002308       ??_C@_17DKNBKCHM@?$AAJ?$AAa?$AAn@ 0000000140017308     libucrt:nlsdata.obj
 0002:00002310       ??_C@_17LMDJEKJN@?$AAF?$AAe?$AAb@ 0000000140017310     libucrt:nlsdata.obj
 0002:00002318       ??_C@_17CKNLEDEC@?$AAM?$AAa?$AAr@ 0000000140017318     libucrt:nlsdata.obj
 0002:00002320       ??_C@_17LFPOIHDD@?$AAA?$AAp?$AAr@ 0000000140017320     libucrt:nlsdata.obj
 0002:00002328       ??_C@_17PNNKMEED@?$AAM?$AAa?$AAy@ 0000000140017328     libucrt:nlsdata.obj
 0002:00002330       ??_C@_17KCJGOCPB@?$AAJ?$AAu?$AAn@ 0000000140017330     libucrt:nlsdata.obj
 0002:00002338       ??_C@_17IJPCKHK@?$AAJ?$AAu?$AAl@ 0000000140017338     libucrt:nlsdata.obj
 0002:00002340       ??_C@_17ICPELBCN@?$AAA?$AAu?$AAg@ 0000000140017340     libucrt:nlsdata.obj
 0002:00002348       ??_C@_17HCHCOKMG@?$AAS?$AAe?$AAp@ 0000000140017348     libucrt:nlsdata.obj
 0002:00002350       ??_C@_17FNLKOI@?$AAO?$AAc?$AAt@ 0000000140017350     libucrt:nlsdata.obj
 0002:00002358       ??_C@_17BBDMLCIG@?$AAN?$AAo?$AAv@ 0000000140017358     libucrt:nlsdata.obj
 0002:00002360       ??_C@_17EGKACKIF@?$AAD?$AAe?$AAc@ 0000000140017360     libucrt:nlsdata.obj
 0002:00002368       ??_C@_1BA@EFMEIEBA@?$AAJ?$AAa?$AAn?$AAu?$AAa?$AAr?$AAy@ 0000000140017368     libucrt:nlsdata.obj
 0002:00002378       ??_C@_1BC@JGDDFFAM@?$AAF?$AAe?$AAb?$AAr?$AAu?$AAa?$AAr?$AAy@ 0000000140017378     libucrt:nlsdata.obj
 0002:00002390       ??_C@_1M@IKEENEDF@?$AAM?$AAa?$AAr?$AAc?$AAh@ 0000000140017390     libucrt:nlsdata.obj
 0002:000023a0       ??_C@_1M@GJNLMHFD@?$AAA?$AAp?$AAr?$AAi?$AAl@ 00000001400173a0     libucrt:nlsdata.obj
 0002:000023b0       ??_C@_19EPFLPGAP@?$AAJ?$AAu?$AAn?$AAe@ 00000001400173b0     libucrt:nlsdata.obj
 0002:000023c0       ??_C@_19BIFMLPCD@?$AAJ?$AAu?$AAl?$AAy@ 00000001400173c0     libucrt:nlsdata.obj
 0002:000023d0       ??_C@_1O@PAHLKOAC@?$AAA?$AAu?$AAg?$AAu?$AAs?$AAt@ 00000001400173d0     libucrt:nlsdata.obj
 0002:000023e0       ??_C@_1BE@DKAAMBJL@?$AAS?$AAe?$AAp?$AAt?$AAe?$AAm?$AAb?$AAe?$AAr@ 00000001400173e0     libucrt:nlsdata.obj
 0002:000023f8       ??_C@_1BA@EPANDLNG@?$AAO?$AAc?$AAt?$AAo?$AAb?$AAe?$AAr@ 00000001400173f8     libucrt:nlsdata.obj
 0002:00002408       ??_C@_1BC@BGLIFPF@?$AAN?$AAo?$AAv?$AAe?$AAm?$AAb?$AAe?$AAr@ 0000000140017408     libucrt:nlsdata.obj
 0002:00002420       ??_C@_1BC@FEMKIFH@?$AAD?$AAe?$AAc?$AAe?$AAm?$AAb?$AAe?$AAr@ 0000000140017420     libucrt:nlsdata.obj
 0002:00002434       ??_C@_15ODEHAHHF@?$AAA?$AAM@ 0000000140017434     libucrt:nlsdata.obj
 0002:0000243c       ??_C@_15CLMNNGEL@?$AAP?$AAM@ 000000014001743c     libucrt:nlsdata.obj
 0002:00002448       ??_C@_1BC@IEBCMHCM@?$AAM?$AAM?$AA?1?$AAd?$AAd?$AA?1?$AAy?$AAy@ 0000000140017448     libucrt:nlsdata.obj
 0002:00002460       ??_C@_1CI@KNAKOEBC@?$AAd?$AAd?$AAd?$AAd?$AA?0?$AA?5?$AAM?$AAM?$AAM?$AAM?$AA?5?$AAd?$AAd?$AA?0?$AA?5@ 0000000140017460     libucrt:nlsdata.obj
 0002:00002488       ??_C@_1BC@GDGBMEMK@?$AAH?$AAH?$AA?3?$AAm?$AAm?$AA?3?$AAs?$AAs@ 0000000140017488     libucrt:nlsdata.obj
 0002:000024a0       ??_C@_1M@BMHNFIME@?$AAe?$AAn?$AA?9?$AAU?$AAS@ 00000001400174a0     libucrt:nlsdata.obj
 0002:000024b0       __Lcosfarray               00000001400174b0     libucrt:lsincosf_array.obj
 0002:000024e0       __Lsinfarray               00000001400174e0     libucrt:lsincosf_array.obj
 0002:00002500       __L_2_by_pi_bits           0000000140017500     libucrt:l2_by_pi_bits.obj
 0002:00002650       ??_C@_04LAGPAAHP@sinf@     0000000140017650     libucrt:sincos_special.obj
 0002:00002678       ??_C@_1M@HPNHIDJI@?$AAj?$AAa?$AA?9?$AAJ?$AAP@ 0000000140017678     libucrt:mbctype.obj
 0002:00002688       ??_C@_1M@BIBDDEMK@?$AAz?$AAh?$AA?9?$AAC?$AAN@ 0000000140017688     libucrt:mbctype.obj
 0002:00002698       ??_C@_1M@JLOOOEGK@?$AAk?$AAo?$AA?9?$AAK?$AAR@ 0000000140017698     libucrt:mbctype.obj
 0002:000026a8       ??_C@_1M@CLNBBOPM@?$AAz?$AAh?$AA?9?$AAT?$AAW@ 00000001400176a8     libucrt:mbctype.obj
 0002:000026c0       __newctype                 00000001400176c0     libucrt:ctype.obj
 0002:000029c0       __newclmap                 00000001400179c0     libucrt:ctype.obj
 0002:00002b40       __newcumap                 0000000140017b40     libucrt:ctype.obj
 0002:00002cc0       ??_C@_15PJPFLCCM@?$AAu?$AAk@ 0000000140017cc0     libucrt:get_qualified_locale.obj
 0002:00002d70       ??_C@_1EA@JGEFHKEI@?$AAa?$AAp?$AAi?$AA?9?$AAm?$AAs?$AA?9?$AAw?$AAi?$AAn?$AA?9?$AAc?$AAo?$AAr?$AAe@ 0000000140017d70     libucrt:winapi_thunks.obj
 0002:00002db0       ??_C@_1DI@IJCEHOCB@?$AAa?$AAp?$AAi?$AA?9?$AAm?$AAs?$AA?9?$AAw?$AAi?$AAn?$AA?9?$AAc?$AAo?$AAr?$AAe@ 0000000140017db0     libucrt:winapi_thunks.obj
 0002:00002df0       ??_C@_1EI@MPIAOHOC@?$AAa?$AAp?$AAi?$AA?9?$AAm?$AAs?$AA?9?$AAw?$AAi?$AAn?$AA?9?$AAc?$AAo?$AAr?$AAe@ 0000000140017df0     libucrt:winapi_thunks.obj
 0002:00002e40       ??_C@_1FK@FPHCKFIE@?$AAa?$AAp?$AAi?$AA?9?$AAm?$AAs?$AA?9?$AAw?$AAi?$AAn?$AA?9?$AAc?$AAo?$AAr?$AAe@ 0000000140017e40     libucrt:winapi_thunks.obj
 0002:00002ea0       ??_C@_1EM@DILCGIIO@?$AAa?$AAp?$AAi?$AA?9?$AAm?$AAs?$AA?9?$AAw?$AAi?$AAn?$AA?9?$AAc?$AAo?$AAr?$AAe@ 0000000140017ea0     libucrt:winapi_thunks.obj
 0002:00002ef0       ??_C@_1DM@LNCGDDPN@?$AAa?$AAp?$AAi?$AA?9?$AAm?$AAs?$AA?9?$AAw?$AAi?$AAn?$AA?9?$AAc?$AAo?$AAr?$AAe@ 0000000140017ef0     libucrt:winapi_thunks.obj
 0002:00002f30       ??_C@_1DO@FPAPJEMD@?$AAa?$AAp?$AAi?$AA?9?$AAm?$AAs?$AA?9?$AAw?$AAi?$AAn?$AA?9?$AAc?$AAo?$AAr?$AAe@ 0000000140017f30     libucrt:winapi_thunks.obj
 0002:00002f70       ??_C@_1DK@NDHNAHIO@?$AAa?$AAp?$AAi?$AA?9?$AAm?$AAs?$AA?9?$AAw?$AAi?$AAn?$AA?9?$AAc?$AAo?$AAr?$AAe@ 0000000140017f70     libucrt:winapi_thunks.obj
 0002:00002fb0       ??_C@_1DM@KGHDGBCM@?$AAa?$AAp?$AAi?$AA?9?$AAm?$AAs?$AA?9?$AAw?$AAi?$AAn?$AA?9?$AAc?$AAo?$AAr?$AAe@ 0000000140017fb0     libucrt:winapi_thunks.obj
 0002:00002ff0       ??_C@_1EO@IJIOEFOH@?$AAa?$AAp?$AAi?$AA?9?$AAm?$AAs?$AA?9?$AAw?$AAi?$AAn?$AA?9?$AAr?$AAt?$AAc?$AAo@ 0000000140017ff0     libucrt:winapi_thunks.obj
 0002:00003040       ??_C@_1FG@HHGEKANL@?$AAa?$AAp?$AAi?$AA?9?$AAm?$AAs?$AA?9?$AAw?$AAi?$AAn?$AA?9?$AAs?$AAe?$AAc?$AAu@ 0000000140018040     libucrt:winapi_thunks.obj
 0002:000030a0       ??_C@_1EG@DBIOJECG@?$AAe?$AAx?$AAt?$AA?9?$AAm?$AAs?$AA?9?$AAw?$AAi?$AAn?$AA?9?$AAn?$AAt?$AAu?$AAs@ 00000001400180a0     libucrt:winapi_thunks.obj
 0002:000030f0       ??_C@_1EO@FIHMJCLF@?$AAe?$AAx?$AAt?$AA?9?$AAm?$AAs?$AA?9?$AAw?$AAi?$AAn?$AA?9?$AAn?$AAt?$AAu?$AAs@ 00000001400180f0     libucrt:winapi_thunks.obj
 0002:00003140       ??_C@_1BC@DNHGCMLG@?$AAa?$AAd?$AAv?$AAa?$AAp?$AAi?$AA3?$AA2@ 0000000140018140     libucrt:winapi_thunks.obj
 0002:00003158       ??_C@_1M@OAIMIKLP@?$AAn?$AAt?$AAd?$AAl?$AAl@ 0000000140018158     libucrt:winapi_thunks.obj
 0002:00003170       ??_C@_1EG@DPGNFKGC@?$AAa?$AAp?$AAi?$AA?9?$AAm?$AAs?$AA?9?$AAw?$AAi?$AAn?$AA?9?$AAa?$AAp?$AAp?$AAm@ 0000000140018170     libucrt:winapi_thunks.obj
 0002:000031b8       ??_C@_1O@BCCLBEOE@?$AAu?$AAs?$AAe?$AAr?$AA3?$AA2@ 00000001400181b8     libucrt:winapi_thunks.obj
 0002:000031c8       ??_C@_1BA@IAIFMGEF@?$AAe?$AAx?$AAt?$AA?9?$AAm?$AAs?$AA?9@ 00000001400181c8     libucrt:winapi_thunks.obj
 0002:000031e0       ??_C@_0BA@FHFNEAED@AreFileApisANSI@ 00000001400181e0     libucrt:winapi_thunks.obj
 0002:00003220       ??_C@_0O@KKBNKAPF@LCMapStringEx@ 0000000140018220     libucrt:winapi_thunks.obj
 0002:00003238       ??_C@_0BB@HBDEELFH@LocaleNameToLCID@ 0000000140018238     libucrt:winapi_thunks.obj
 0002:00003250       ??_C@_0CF@OJOFEIGO@AppPolicyGetProcessTerminationM@ 0000000140018250     libucrt:winapi_thunks.obj
 0002:00003280       ?large_power_data@?1??multiply_by_power_of_ten@__crt_strtox@@YA_NAEAUbig_integer@2@I@Z@4QBIB 0000000140018280     libucrt:cfout.obj
 0002:00003b90       ?large_power_indices@?1??multiply_by_power_of_ten@__crt_strtox@@YA_NAEAUbig_integer@2@I@Z@4QBUunpack_index@?1??12@YA_N0I@Z@B 0000000140018b90     libucrt:cfout.obj
 0002:00003c28       ?small_powers_of_ten@?1??multiply_by_power_of_ten@__crt_strtox@@YA_NAEAUbig_integer@2@I@Z@4QBIB 0000000140018c28     libucrt:cfout.obj
 0002:00003c4c       ??_C@_01GBGANLPD@0@        0000000140018c4c     libucrt:cfout.obj
 0002:00003c50       ??_C@_05DNEBIAHO@1?$CDINF@ 0000000140018c50     libucrt:cfout.obj
 0002:00003c58       ??_C@_06IMKFLFPG@1?$CDQNAN@ 0000000140018c58     libucrt:cfout.obj
 0002:00003c60       ??_C@_06PGGFOGJG@1?$CDSNAN@ 0000000140018c60     libucrt:cfout.obj
 0002:00003c68       ??_C@_05PHHOCPM@1?$CDIND@  0000000140018c68     libucrt:cfout.obj
 0002:00004ab0       ??_C@_15EMKDOKLE@?$AAa?$AAr@ 0000000140019ab0     libucrt:lcidtoname_downlevel.obj
 0002:00004ab8       ??_C@_15KNPADPLH@?$AAb?$AAg@ 0000000140019ab8     libucrt:lcidtoname_downlevel.obj
 0002:00004ac0       ??_C@_15EDMHLDMO@?$AAc?$AAa@ 0000000140019ac0     libucrt:lcidtoname_downlevel.obj
 0002:00004ac8       ??_C@_1O@BPEAJADD@?$AAz?$AAh?$AA?9?$AAC?$AAH?$AAS@ 0000000140019ac8     libucrt:lcidtoname_downlevel.obj
 0002:00004ad8       ??_C@_15LJNHCMNK@?$AAc?$AAs@ 0000000140019ad8     libucrt:lcidtoname_downlevel.obj
 0002:00004ae0       ??_C@_15FOMCIDHG@?$AAd?$AAa@ 0000000140019ae0     libucrt:lcidtoname_downlevel.obj
 0002:00004ae8       ??_C@_15NBKABECB@?$AAd?$AAe@ 0000000140019ae8     libucrt:lcidtoname_downlevel.obj
 0002:00004af0       ??_C@_15GHPEIIAO@?$AAe?$AAl@ 0000000140019af0     libucrt:lcidtoname_downlevel.obj
 0002:00004af8       ??_C@_15MNPNEAIF@?$AAe?$AAn@ 0000000140019af8     libucrt:lcidtoname_downlevel.obj
 0002:00004b00       ??_C@_15GPIOMPMH@?$AAe?$AAs@ 0000000140019b00     libucrt:lcidtoname_downlevel.obj
 0002:00004b08       ??_C@_15NGLOAKJC@?$AAf?$AAi@ 0000000140019b08     libucrt:lcidtoname_downlevel.obj
[...]
 0002:000095c8       $unwind$?fp_format_e@@YAHQEBNQEAD_K12H_NIQEAU__crt_locale_pointers@@W4__acrt_rounding_mode@@@Z 000000014001e5c8     libucrt:cvt.obj
 0002:000095c8       $unwind$_mbtowc_l          000000014001e5c8     libucrt:mbtowc.obj
 0002:000095c8       $unwind$__acrt_LCMapStringEx 000000014001e5c8     libucrt:winapi_thunks.obj
 0002:000095dc       $unwind$_wctomb_s_l        000000014001e5dc     libucrt:wctomb.obj
 0002:000095ec       $unwind$?construct_ptd_array@@YAXQEAU__acrt_ptd@@@Z 000000014001e5ec     libucrt:per_thread_data.obj
 0002:000095f4       $unwind$?destroy_ptd_array@@YAXQEAU__acrt_ptd@@@Z 000000014001e5f4     libucrt:per_thread_data.obj
 0002:000095fc       $unwind$??$?RV<lambda_0ae27a3a962d80f24befdcbee591983d>@@AEAV<lambda_8d0ee55de4b1038c4002e0adecdf1839>@@V<lambda_dc504788e8f1664fe9b84e20bfb512f2>@@@?$__crt_seh_guarded_call@X@@QEAAX$$QEAV<lambda_0ae27a3a962d80f24befdcbee591983d>@@AEAV<lambda_8d0ee55de4b1038c4002e0adecdf1839>@@$$QEAV<lambda_dc504788e8f1664fe9b84e20bfb512f2>@@@Z 000000014001e5fc     libucrt:per_thread_data.obj
 0002:00009620       $unwind$??$?RV<lambda_aa87e3671a710a21b5dc78c0bdf72e11>@@AEAV<lambda_92619d2358a28f41a33ba319515a20b9>@@V<lambda_6992ecaafeb10aed2b74cb1fae11a551>@@@?$__crt_seh_guarded_call@X@@QEAAX$$QEAV<lambda_aa87e3671a710a21b5dc78c0bdf72e11>@@AEAV<lambda_92619d2358a28f41a33ba319515a20b9>@@$$QEAV<lambda_6992ecaafeb10aed2b74cb1fae11a551>@@@Z 000000014001e620     libucrt:per_thread_data.obj
 0002:00009644       $unwind$??$?RV<lambda_f2e299630e499de9f9a165e60fcd3db5>@@AEAV<lambda_2ae9d31cdba2644fcbeaf08da7c24588>@@V<lambda_40d01ff24d0e7b3814fdbdcee8eab3c7>@@@?$__crt_seh_guarded_call@X@@QEAAX$$QEAV<lambda_f2e299630e499de9f9a165e60fcd3db5>@@AEAV<lambda_2ae9d31cdba2644fcbeaf08da7c24588>@@$$QEAV<lambda_40d01ff24d0e7b3814fdbdcee8eab3c7>@@@Z 000000014001e644     libucrt:per_thread_data.obj
 0002:00009668       $unwind$??$?RV<lambda_2d41944a1d46af3157314b8a01080d33>@@AEAV<lambda_8f455de75cd7d7f24b4096f044d8b9e6>@@V<lambda_aa500f224e6afead328df44964fe2772>@@@?$__crt_seh_guarded_call@X@@QEAAX$$QEAV<lambda_2d41944a1d46af3157314b8a01080d33>@@AEAV<lambda_8f455de75cd7d7f24b4096f044d8b9e6>@@$$QEAV<lambda_aa500f224e6afead328df44964fe2772>@@@Z 000000014001e668     libucrt:per_thread_data.obj
 0002:0000968c       $unwind$__acrt_fp_format   000000014001e68c     libucrt:cvt.obj
 0002:000096a4       $unwind$?fp_format_e_internal@@YAHQEAD_KH_NIQEAU_strflt@@2QEAU__crt_locale_pointers@@@Z 000000014001e6a4     libucrt:cvt.obj
 0002:000096bc       $unwind$?fp_format_a@@YAHQEBNPEAD_KQEAD2H_NIQEAU__crt_locale_pointers@@W4__acrt_rounding_mode@@@Z 000000014001e6bc     libucrt:cvt.obj
 0002:000096d8       $unwind$__dcrt_get_narrow_environment_from_os 000000014001e6d8     libucrt:get_environment_from_os.obj
 0002:000096d8       $unwind$?fp_format_f_internal@@YAHQEAD_KHQEAU_strflt@@_NQEAU__crt_locale_pointers@@@Z 000000014001e6d8     libucrt:cvt.obj
 0002:000096d8       $unwind$??$__acrt_wcs_to_mbs_cp@U__crt_win32_buffer_internal_dynamic_resizing@@@@YAHQEB_WAEAV?$__crt_win32_buffer@DU__crt_win32_buffer_internal_dynamic_resizing@@@@I@Z 000000014001e6d8     libucrt:argv_wildcards.obj
 0002:000096f0       $unwind$?fp_format_g@@YAHQEBNQEAD_K12H_NIW4__acrt_rounding_mode@@QEAU__crt_locale_pointers@@@Z 000000014001e6f0     libucrt:cvt.obj
 0002:00009704       $unwind$__acrt_initialize_lowio 000000014001e704     libucrt:ioinit.obj
 0002:00009724       $unwind$?initialize_inherited_file_handles_nolock@@YAXXZ 000000014001e724     libucrt:ioinit.obj
 0002:00009740       $unwind$__acrt_initialize_fma3 000000014001e740     libucrt:fma3_available.obj
 0002:00009748       $xdatasym                  000000014001e748     libucrt:remainder_piby2f_forc.obj
 0002:00009758       $unwind$_sincosf_special   000000014001e758     libucrt:sincos_special.obj
 0002:00009760       $unwind$??$__acrt_mbs_to_wcs_cp@U__crt_win32_buffer_internal_dynamic_resizing@@@@YAHQEBDAEAV?$__crt_win32_buffer@_WU__crt_win32_buffer_internal_dynamic_resizing@@@@I@Z 000000014001e760     libucrt:argv_wildcards.obj
 0002:00009778       $unwind$??$common_expand_argv_wildcards@D@@YAHQEAPEADQEAPEAPEAD@Z 000000014001e778     libucrt:argv_wildcards.obj
 0002:00009790       $unwind$??$copy_and_add_argument_to_buffer@D@@YAHQEBD0_KAEAV?$argument_list@D@?A0x5f5c8891@@@Z 000000014001e790     libucrt:argv_wildcards.obj
 0002:000097ac       $unwind$??$expand_argument_wildcards@D@@YAHQEAD0AEAV?$argument_list@D@?A0x5f5c8891@@@Z 000000014001e7ac     libucrt:argv_wildcards.obj
 0002:000097d0       $unwind$__acrt_GetModuleFileNameA 000000014001e7d0     libucrt:getmodulefilenamea.obj
 0002:000097ec       $unwind$__dcrt_write_console 000000014001e7ec     libucrt:initcon.obj
 0002:000097ec       $unwind$??$__acrt_wcs_to_mbs_cp@U__crt_win32_buffer_no_resizing@@@@YAHQEB_WAEAV?$__crt_win32_buffer@DU__crt_win32_buffer_no_resizing@@@@I@Z 000000014001e7ec     libucrt:getmodulefilenamea.obj
 0002:00009800       $unwind$_setmbcp_nolock    000000014001e800     libucrt:mbctype.obj
 0002:00009820       $unwind$__dcrt_lowio_ensure_console_output_initialized 000000014001e820     libucrt:initcon.obj
 0002:00009820       $unwind$_isleadbyte_l      000000014001e820     libucrt:_wctype.obj
 0002:00009820       $unwind$?getSystemCP@@YAHH@Z 000000014001e820     libucrt:mbctype.obj
 0002:00009828       $unwind$?update_thread_multibyte_data_internal@@YAPEAU__crt_multibyte_data@@QEAU__acrt_ptd@@QEAPEAU1@@Z 000000014001e828     libucrt:mbctype.obj
 0002:00009850       $unwind$?setmbcp_internal@@YAHH_NQEAU__acrt_ptd@@QEAPEAU__crt_multibyte_data@@@Z 000000014001e850     libucrt:mbctype.obj
 0002:00009860       $unwind$?setSBUpLow@@YAXPEAU__crt_multibyte_data@@@Z 000000014001e860     libucrt:mbctype.obj
 0002:0000987c       $unwind$??$?RV<lambda_efdfa57d1f175319df784efa44bb7b81>@@AEAV<lambda_5f0a4c1567f8adc6734073e5d1e1b35c>@@V<lambda_2e8a7d3640ea6ccb4c2413664c2db6fd>@@@?$__crt_seh_guarded_call@X@@QEAAX$$QEAV<lambda_efdfa57d1f175319df784efa44bb7b81>@@AEAV<lambda_5f0a4c1567f8adc6734073e5d1e1b35c>@@$$QEAV<lambda_2e8a7d3640ea6ccb4c2413664c2db6fd>@@@Z 000000014001e87c     libucrt:mbctype.obj
 0002:000098a0       $unwind$?x_ismbbtype_l@@YAHPEAU__crt_locale_pointers@@IHH@Z 000000014001e8a0     libucrt:ismbbyte.obj
 0002:000098b0       $unwind$__acrt_WideCharToMultiByte 000000014001e8b0     libucrt:widechartomultibyte.obj
 0002:000098bc       $unwind$__acrt_lowio_destroy_handle_array 000000014001e8bc     libucrt:osfinfo.obj
 0002:000098cc       $unwind$__acrt_lowio_ensure_fh_exists 000000014001e8cc     libucrt:osfinfo.obj
 0002:000098f8       $unwind$__acrt_locale_free_monetary 000000014001e8f8     libucrt:initmon.obj
 0002:00009900       $unwind$__acrt_locale_free_time 000000014001e900     libucrt:inittime.obj
 0002:00009910       $unwind$__acrt_GetStringTypeA 000000014001e910     libucrt:getstringtypea.obj
 0002:00009938       $unwind$__acrt_update_thread_locale_data 000000014001e938     libucrt:locale_refcounting.obj
 0002:0000995c       $unwind$__acrt_initialize_winapi_thunks 000000014001e95c     libucrt:winapi_thunks.obj
 0002:00009964       $unwind$_query_new_handler 000000014001e964     libucrt:new_handler.obj
 0002:00009984       $unwind$raise              000000014001e984     libucrt:signal.obj
 0002:000099c0       $unwind$??$?RV<lambda_450d765d439847d4c735a33c368b5fc0>@@AEAV<lambda_44731a7d0e6d81c3e6aa82d741081786>@@V<lambda_601a2a7da3b7a96e9554ac7215c4b07c>@@@?$__crt_seh_guarded_call@P6AXH@Z@@QEAAP6AXH@Z$$QEAV<lambda_450d765d439847d4c735a33c368b5fc0>@@AEAV<lambda_44731a7d0e6d81c3e6aa82d741081786>@@$$QEAV<lambda_601a2a7da3b7a96e9554ac7215c4b07c>@@@Z 000000014001e9c0     libucrt:signal.obj
 0002:000099e4       $unwind$?common_flush_all@@YAH_N@Z 000000014001e9e4     libucrt:fflush.obj
 0002:000099ec       $unwind$??$?RV<lambda_842d9ff0dc9ef11c61343bbaebe7f885>@@AEAV<lambda_c5860995281e5c4ce005b3de8f5874ee>@@V<lambda_d90129c13df834fdcbf8d2b88dafcf2d>@@@?$__crt_seh_guarded_call@X@@QEAAX$$QEAV<lambda_842d9ff0dc9ef11c61343bbaebe7f885>@@AEAV<lambda_c5860995281e5c4ce005b3de8f5874ee>@@$$QEAV<lambda_d90129c13df834fdcbf8d2b88dafcf2d>@@@Z 000000014001e9ec     libucrt:fflush.obj
 0002:00009a10       $unwind$??$?RV<lambda_886d6c58226a84441f68b9f2b8217b83>@@AEAV<lambda_ab61a845afdef5b7c387490eaf3616ee>@@V<lambda_f7f22ab5edc0698d5f6905b0d3f44752>@@@?$__crt_seh_guarded_call@X@@QEAAX$$QEAV<lambda_886d6c58226a84441f68b9f2b8217b83>@@AEAV<lambda_ab61a845afdef5b7c387490eaf3616ee>@@$$QEAV<lambda_f7f22ab5edc0698d5f6905b0d3f44752>@@@Z 000000014001ea10     libucrt:fflush.obj
 0002:00009a38       $unwind$_isctype_l         000000014001ea38     libucrt:isctype.obj
 0002:00009a54       $unwind$?__mbsrtowcs_utf8@__crt_mbstring@@YA_KPEA_WPEAPEBD_KPEAU_Mbstatet@@@Z 000000014001ea54     libucrt:mbrtowc.obj
 0002:00009a6c       $unwind$__acrt_fltout      000000014001ea6c     libucrt:cfout.obj
 0002:00009a8c       $unwind$?divide@__crt_strtox@@YA_KAEAUbig_integer@1@AEBU21@@Z 000000014001ea8c     libucrt:cfout.obj
 0002:00009aa4       $chain$0$?divide@__crt_strtox@@YA_KAEAUbig_integer@1@AEBU21@@Z 000000014001eaa4     libucrt:cfout.obj
 0002:00009ab8       $chain$1$?divide@__crt_strtox@@YA_KAEAUbig_integer@1@AEBU21@@Z 000000014001eab8     libucrt:cfout.obj
 0002:00009ac8       $unwind$_fcloseall         000000014001eac8     libucrt:closeall.obj
 0002:00009aec       $unwind$_call_matherr      000000014001eaec     libucrt:libm_error.obj
 0002:00009af4       $unwind$_handle_error      000000014001eaf4     libucrt:libm_error.obj
 0002:00009af4       $unwind$_handle_errorf     000000014001eaf4     libucrt:libm_error.obj
 0002:00009b14       $unwind$qsort              000000014001eb14     libucrt:qsort.obj
 0002:00009b2c       $chain$4$qsort             000000014001eb2c     libucrt:qsort.obj
 0002:00009b50       $chain$5$qsort             000000014001eb50     libucrt:qsort.obj
 0002:00009b60       $unwind$strpbrk            000000014001eb60     libucrt:strpbrk.obj
 0002:00009b70       $unwind$fallbackMethod     000000014001eb70     libucrt:strpbrk.obj
 0002:00009b80       $unwind$_mbsdec_l          000000014001eb80     libucrt:mbsdec.obj
 0002:00009b8c       $unwind$__acrt_LCMapStringA 000000014001eb8c     libucrt:lcmapstringa.obj
 0002:00009b9c       $unwind$?__acrt_LCMapStringA_stat@@YAHPEAU__crt_locale_pointers@@PEB_WKPEBDHPEADHHH@Z 000000014001eb9c     libucrt:lcmapstringa.obj
 0002:00009bc4       $unwind$_close             000000014001ebc4     libucrt:close.obj
 0002:00009bc4       $unwind$_commit            000000014001ebc4     libucrt:commit.obj
 0002:00009bcc       $unwind$??$?RV<lambda_a37b2b86f63e897a80ea819b0eb08c01>@@AEAV<lambda_38ce7e780aa69e748d6df282ebc68efe>@@V<lambda_99fb1378e971ab6e7edea83e3a7a83a2>@@@?$__crt_seh_guarded_call@H@@QEAAH$$QEAV<lambda_a37b2b86f63e897a80ea819b0eb08c01>@@AEAV<lambda_38ce7e780aa69e748d6df282ebc68efe>@@$$QEAV<lambda_99fb1378e971ab6e7edea83e3a7a83a2>@@@Z 000000014001ebcc     libucrt:commit.obj
 0002:00009bf0       $unwind$_write             000000014001ebf0     libucrt:write.obj
 0002:00009c20       $unwind$_write_nolock      000000014001ec20     libucrt:write.obj
 0002:00009c38       $unwind$?write_double_translated_ansi_nolock@@YA?AUwrite_result@?A0x17268360@@HQEBDI@Z 000000014001ec38     libucrt:write.obj
 0002:00009c5c       $unwind$?write_text_ansi_nolock@@YA?AUwrite_result@?A0x17268360@@HQEBDI@Z 000000014001ec5c     libucrt:write.obj
 0002:00009c5c       $unwind$?write_text_utf16le_nolock@@YA?AUwrite_result@?A0x17268360@@HQEBDI@Z 000000014001ec5c     libucrt:write.obj
 0002:00009c7c       $unwind$?write_text_utf8_nolock@@YA?AUwrite_result@?A0x17268360@@HQEBDI@Z 000000014001ec7c     libucrt:write.obj
 0002:00009ca0       $unwind$?__mbrtoc32_utf8@__crt_mbstring@@YA_KPEA_UPEBD_KPEAU_Mbstatet@@@Z 000000014001eca0     libucrt:mbrtoc32.obj
 0002:00009cc0       $xdatasym                  000000014001ecc0     libucrt:log10.obj
 0002:00009ccc       $unwind$__acrt_fenv_set_control 000000014001eccc     libucrt:_fenvutils.obj
 0002:00009cdc       $unwind$fclose             000000014001ecdc     libucrt:fclose.obj
 0002:00009d00       $unwind$_raise_exc         000000014001ed00     libucrt:fpexcept.obj
 0002:00009d00       $unwind$_raise_excf        000000014001ed00     libucrt:fpexcept.obj
 0002:00009d08       $unwind$_raise_exc_ex      000000014001ed08     libucrt:fpexcept.obj
 0002:00009d1c       $unwind$_ctrlfp            000000014001ed1c     libucrt:fpctrl.obj
 0002:00009d44       $unwind$_putwch_nolock     000000014001ed44     libucrt:putwch.obj
 0002:00009d4c       $unwind$common_control87   000000014001ed4c     libucrt:ieee.obj
 0002:00009d78       $unwind$_log_special_common 000000014001ed78     libucrt:log_special.obj
 0002:00009d84       $unwind$??$?RV<lambda_751a882b2c74d4b022dec766aa51a29a>@@AEAV<lambda_628dfdc04ba53c8bfc02c9951375f3f5>@@V<lambda_f6c7be5f7998530c34de24c7437d6b54>@@@?$__crt_seh_guarded_call@H@@QEAAH$$QEAV<lambda_751a882b2c74d4b022dec766aa51a29a>@@AEAV<lambda_628dfdc04ba53c8bfc02c9951375f3f5>@@$$QEAV<lambda_f6c7be5f7998530c34de24c7437d6b54>@@@Z 000000014001ed84     libucrt:close.obj
 0002:00009da8       $xdatasym                  000000014001eda8     libucrt:fpsr.obj
 0002:00009db0       $unwind$_IsNonwritableInCurrentImage 000000014001edb0     LIBCMT:pesect.obj
 0002:00009dd8       $xdatasym                  000000014001edd8     LIBCMT:chkstk.obj
 0002:00009de0       $xdatasym                  000000014001ede0     libvcruntime:memcmp.obj
 0002:0000a1b8       .idata$6                   000000014001f1b8     user32:USER32.dll
 0002:0000a1d4       .idata$6                   000000014001f1d4     gdi32:GDI32.dll
 0002:0000a1f0       .idata$6                   000000014001f1f0     winmm:WINMM.dll
 0002:0000a40c       .idata$6                   000000014001f40c     kernel32:KERNEL32.dll
 0003:00000000       ?XInputGetState_@@3P6AKKPEAU_XINPUT_STATE@@@ZEA 0000000140020000     win32_made.obj
 0003:00000008       ?XInputSetState_@@3P6AKKPEAU_XINPUT_VIBRATION@@@ZEA 0000000140020008     win32_made.obj
 0003:00000050       ?__vcrt_flsindex@@3KA      0000000140020050     libvcruntime:per_thread_data.obj
 0003:00000070       ?errno_no_memory@@3HA      0000000140020070     libucrt:errno.obj
 0003:00000074       ?doserrno_no_memory@@3KA   0000000140020074     libucrt:errno.obj
 0003:00000078       ?__acrt_flsindex@@3KA      0000000140020078     libucrt:per_thread_data.obj
 0003:00000530       _mbctypes                  0000000140020530     libucrt:mbctype.obj
 0003:00000640       _mbcasemaps                0000000140020640     libucrt:mbctype.obj
 0003:00000740       ?__rgctypeflag@@3PADA      0000000140020740     libucrt:mbctype.obj
 0003:00000750       ?__rgcode_page_info@@3PAUcode_page_info@@A 0000000140020750     libucrt:mbctype.obj
 0003:000008f0       ?dazSupported@?1??_ctrlfp@@9@9 00000001400208f0     libucrt:fpctrl.obj
 0003:00000a00       ?dazSupported@?1??common_control87@@9@9 0000000140020a00     libucrt:ieee.obj
 0003:00000a10       ?__dcrt_lowio_console_output_handle@@3PEAXEA 0000000140020a10     libucrt:initcon.obj
 0003:00000a20       ?tSine@?1??GameOutputSound@@YAXPEAUgame_sound_output_buffer@@H@Z@4MA 0000000140020a20     win32_made.obj
 0003:00000a30       ?GlobalRunning@@3HA        0000000140020a30     win32_made.obj
 0003:00000a40       ?GlobalBackbuffer@@3Uwin32_offscreen_buffer@@A 0000000140020a40     win32_made.obj
 0003:00000a88       ?GlobalSecondaryBuffer@@3PEAUIDirectSoundBuffer@@EA 0000000140020a88     win32_made.obj
 0003:00000a90       ?GlobalPerfCountFrequency@@3_JA 0000000140020a90     win32_made.obj
 0003:00000aa0       GS_ExceptionRecord         0000000140020aa0     LIBCMT:gs_report.obj
 0003:00000b40       GS_ContextRecord           0000000140020b40     LIBCMT:gs_report.obj
 0003:00001020       ?is_initialized_as_dll@@3_NA 0000000140021020     LIBCMT:utility.obj
 0003:00001021       ?module_local_atexit_table_initialized@@3_NA 0000000140021021     LIBCMT:utility.obj
 0003:00001028       ?module_local_atexit_table@@3U_onexit_table_t@@A 0000000140021028     LIBCMT:utility.obj
 0003:00001040       ?module_local_at_quick_exit_table@@3U_onexit_table_t@@A 0000000140021040     LIBCMT:utility.obj
 0003:000010a0       ?__vcrt_startup_thread_ptd@@3U__vcrt_ptd@@A 00000001400210a0     libvcruntime:per_thread_data.obj
 0003:00001120       __vcrt_lock_table          0000000140021120     libvcruntime:locks.obj
 0003:00001148       __vcrt_locks_initialized   0000000140021148     libvcruntime:locks.obj
 0003:00001190       ?heap@@3V_HeapManager@@A   0000000140021190     libvcruntime:undname.obj
 0003:000011b8       ?module_handles@@3PAPEAUHINSTANCE__@@A 00000001400211b8     libvcruntime:winapi_downlevel.obj
 0003:000011d0       ?function_pointers@@3PAPEAXA 00000001400211d0     libvcruntime:winapi_downlevel.obj
 0003:00001200       ?__acrt_app_type@@3W4_crt_app_type@@A 0000000140021200     libucrt:report_runtime_error.obj
 0003:00001208       ?user_matherr@@3V?$dual_state_global@P6AHPEAU_exception@@@Z@__crt_state_management@@A 0000000140021208     libucrt:matherr.obj
 0003:00001210       ?program_name@?1???$common_configure_argv@D@@YAHW4_crt_argv_mode@@@Z@4PADA 0000000140021210     libucrt:argv_parsing.obj
 0003:00001338       ?empty_string@?1???$common_wincmdln@E@@YAPEAEXZ@4PAEA 0000000140021338     libucrt:argv_winmain.obj
 0003:0000133c       ?c_termination_complete@@3JA 000000014002133c     libucrt:exit.obj
 0003:00001340       ?thread_local_exit_callback_func@@3P6AXPEAXK0@ZEA 0000000140021340     libucrt:exit.obj
 0003:00001350       ?__acrt_global_new_mode@@3V?$dual_state_global@J@__crt_state_management@@A 0000000140021350     libucrt:new_mode.obj
 0003:00001388       ?__acrt_invalid_parameter_handler@@3V?$dual_state_global@P6AXPEB_W00I_K@Z@__crt_state_management@@A 0000000140021388     libucrt:invalid_parameter.obj
 0003:00001390       ?internal_state@?1??_mbtowc_l@@9@4U_Mbstatet@@A 0000000140021390     libucrt:mbtowc.obj
 0003:000013a8       ?enable_percent_n@@3_KA    00000001400213a8     libucrt:printf_count_output.obj
 0003:000017f8       ?fSystemSet@@3HA           00000001400217f8     libucrt:mbctype.obj
 0003:000017fc       ?initialized@?1??__acrt_initialize_multibyte@@9@4_NA 00000001400217fc     libucrt:mbctype.obj
 0003:00001830       ?__acrt_lock_table@@3PAU_RTL_CRITICAL_SECTION@@A 0000000140021830     libucrt:locks.obj
 0003:00001a60       ?__acrt_locks_initialized@@3IA 0000000140021a60     libucrt:locks.obj
 0003:00001a70       ?module_handles@@3PAPEAUHINSTANCE__@@A 0000000140021a70     libucrt:winapi_thunks.obj
 0003:00001b10       ?encoded_function_pointers@@3PAPEAXA 0000000140021b10     libucrt:winapi_thunks.obj
 0003:00001c30       ?__acrt_new_handler@@3V?$dual_state_global@P6AH_K@Z@__crt_state_management@@A 0000000140021c30     libucrt:new_handler.obj
 0003:00001c38       ?ctrlc_action@@3V?$dual_state_global@P6AXH@Z@__crt_state_management@@A 0000000140021c38     libucrt:signal.obj
 0003:00001c40       ?ctrlbreak_action@@3V?$dual_state_global@P6AXH@Z@__crt_state_management@@A 0000000140021c40     libucrt:signal.obj
 0003:00001c48       ?abort_action@@3V?$dual_state_global@P6AXH@Z@__crt_state_management@@A 0000000140021c48     libucrt:signal.obj
 0003:00001c50       ?term_action@@3V?$dual_state_global@P6AXH@Z@__crt_state_management@@A 0000000140021c50     libucrt:signal.obj
 0003:00001c58       ?internal_pst@?1??__mbrtoc32_utf8@__crt_mbstring@@YA_KPEA_UPEBD_KPEAU_Mbstatet@@@Z@4U3@A 0000000140021c58     libucrt:mbrtoc32.obj
 0005:00000000       MsetTab                    0000000140024000     libvcruntime:memset.obj
 0005:00000050       MoveSmall                  0000000140024050     libvcruntime:memcpy.obj
 0005:00000090       MoveSmallYmm               0000000140024090     libvcruntime:memcpy.obj
 0005:000000b4       MoveSmallYmmNT             00000001400240b4     libvcruntime:memcpy.obj
 0005:000000d8       MoveSmallXmm               00000001400240d8     libvcruntime:memcpy.obj
